[ T-Track ]
    title = [t-track] in region mesh
     mesh =  reg            # mesh type is region-wise
      reg = 6
   e-type =    1            # e-mesh is given by the below data
       ne =    250          # number of e-mesh points
#    data = ( e(i), i = 1, ne + 1 )
            0.00000E+00  1.00000E+00  2.00000E+00  3.00000E+00  4.00000E+00
            5.00000E+00  6.00000E+00  7.00000E+00  8.00000E+00  9.00000E+00
            1.00000E+01  1.10000E+01  1.20000E+01  1.30000E+01  1.40000E+01
            1.50000E+01  1.60000E+01  1.70000E+01  1.80000E+01  1.90000E+01
            2.00000E+01  2.10000E+01  2.20000E+01  2.30000E+01  2.40000E+01
            2.50000E+01  2.60000E+01  2.70000E+01  2.80000E+01  2.90000E+01
            3.00000E+01  3.10000E+01  3.20000E+01  3.30000E+01  3.40000E+01
            3.50000E+01  3.60000E+01  3.70000E+01  3.80000E+01  3.90000E+01
            4.00000E+01  4.10000E+01  4.20000E+01  4.30000E+01  4.40000E+01
            4.50000E+01  4.60000E+01  4.70000E+01  4.80000E+01  4.90000E+01
            5.00000E+01  5.10000E+01  5.20000E+01  5.30000E+01  5.40000E+01
            5.50000E+01  5.60000E+01  5.70000E+01  5.80000E+01  5.90000E+01
            6.00000E+01  6.10000E+01  6.20000E+01  6.30000E+01  6.40000E+01
            6.50000E+01  6.60000E+01  6.70000E+01  6.80000E+01  6.90000E+01
            7.00000E+01  7.10000E+01  7.20000E+01  7.30000E+01  7.40000E+01
            7.50000E+01  7.60000E+01  7.70000E+01  7.80000E+01  7.90000E+01
            8.00000E+01  8.10000E+01  8.20000E+01  8.30000E+01  8.40000E+01
            8.50000E+01  8.60000E+01  8.70000E+01  8.80000E+01  8.90000E+01
            9.00000E+01  9.10000E+01  9.20000E+01  9.30000E+01  9.40000E+01
            9.50000E+01  9.60000E+01  9.70000E+01  9.80000E+01  9.90000E+01
            1.00000E+02  1.01000E+02  1.02000E+02  1.03000E+02  1.04000E+02
            1.05000E+02  1.06000E+02  1.07000E+02  1.08000E+02  1.09000E+02
            1.10000E+02  1.11000E+02  1.12000E+02  1.13000E+02  1.14000E+02
            1.15000E+02  1.16000E+02  1.17000E+02  1.18000E+02  1.19000E+02
            1.20000E+02  1.21000E+02  1.22000E+02  1.23000E+02  1.24000E+02
            1.25000E+02  1.26000E+02  1.27000E+02  1.28000E+02  1.29000E+02
            1.30000E+02  1.31000E+02  1.32000E+02  1.33000E+02  1.34000E+02
            1.35000E+02  1.36000E+02  1.37000E+02  1.38000E+02  1.39000E+02
            1.40000E+02  1.41000E+02  1.42000E+02  1.43000E+02  1.44000E+02
            1.45000E+02  1.46000E+02  1.47000E+02  1.48000E+02  1.49000E+02
            1.50000E+02  1.51000E+02  1.52000E+02  1.53000E+02  1.54000E+02
            1.55000E+02  1.56000E+02  1.57000E+02  1.58000E+02  1.59000E+02
            1.60000E+02  1.61000E+02  1.62000E+02  1.63000E+02  1.64000E+02
            1.65000E+02  1.66000E+02  1.67000E+02  1.68000E+02  1.69000E+02
            1.70000E+02  1.71000E+02  1.72000E+02  1.73000E+02  1.74000E+02
            1.75000E+02  1.76000E+02  1.77000E+02  1.78000E+02  1.79000E+02
            1.80000E+02  1.81000E+02  1.82000E+02  1.83000E+02  1.84000E+02
            1.85000E+02  1.86000E+02  1.87000E+02  1.88000E+02  1.89000E+02
            1.90000E+02  1.91000E+02  1.92000E+02  1.93000E+02  1.94000E+02
            1.95000E+02  1.96000E+02  1.97000E+02  1.98000E+02  1.99000E+02
            2.00000E+02  2.01000E+02  2.02000E+02  2.03000E+02  2.04000E+02
            2.05000E+02  2.06000E+02  2.07000E+02  2.08000E+02  2.09000E+02
            2.10000E+02  2.11000E+02  2.12000E+02  2.13000E+02  2.14000E+02
            2.15000E+02  2.16000E+02  2.17000E+02  2.18000E+02  2.19000E+02
            2.20000E+02  2.21000E+02  2.22000E+02  2.23000E+02  2.24000E+02
            2.25000E+02  2.26000E+02  2.27000E+02  2.28000E+02  2.29000E+02
            2.30000E+02  2.31000E+02  2.32000E+02  2.33000E+02  2.34000E+02
            2.35000E+02  2.36000E+02  2.37000E+02  2.38000E+02  2.39000E+02
            2.40000E+02  2.41000E+02  2.42000E+02  2.43000E+02  2.44000E+02
            2.45000E+02  2.46000E+02  2.47000E+02  2.48000E+02  2.49000E+02
            2.50000E+02
     unit =    2            # unit is [1/cm^2/(MeV/n)/source]
 material =  all            # (D=all) number of specific material
     axis =     eng            # axis of output
     file = neutral_particles_shield1_HE.out  # file name of output for the above axis
     part =  neutron    photon   
# kf/name :  2112       22       
#    used :        main (  %)        temp (  %)       total (  %)
#  memory :         257 (  0)           0 (  0)         257 (  0)

#------------------------------------------------------------------------------
#newpage:
#   no. =  1   reg =      6

x: Energy [MeV/n]
y: Flux [1/cm^2/(MeV/n)/source]      
p: xlin ylog afac(0.8) form(0.9)
h: n            x            y(neutron ),hh0l   n y(photon  ),hh0dr  n 
#  e-lower      e-upper      neutron     r.err    photon      r.err 
   0.0000E+00   1.0000E+00   7.7046E-04  0.0534   2.7367E-02  0.0098
   1.0000E+00   2.0000E+00   3.3184E-04  0.0833   4.1767E-03  0.0204
   2.0000E+00   3.0000E+00   1.7066E-04  0.1093   2.7005E-03  0.0249
   3.0000E+00   4.0000E+00   1.9996E-04  0.1033   1.8190E-03  0.0301
   4.0000E+00   5.0000E+00   1.8886E-04  0.1013   1.8850E-03  0.0303
   5.0000E+00   6.0000E+00   1.8577E-04  0.1053   9.7534E-04  0.0403
   6.0000E+00   7.0000E+00   1.7110E-04  0.1097   1.0858E-03  0.0385
   7.0000E+00   8.0000E+00   1.5748E-04  0.1128   1.0739E-03  0.0370
   8.0000E+00   9.0000E+00   1.4030E-04  0.1205   1.3441E-04  0.1117
   9.0000E+00   1.0000E+01   1.4218E-04  0.1172   1.2069E-04  0.1124
   1.0000E+01   1.1000E+01   1.5784E-04  0.1120   1.6765E-05  0.3037
   1.1000E+01   1.2000E+01   1.0742E-04  0.1347   3.5951E-07  1.0000
   1.2000E+01   1.3000E+01   1.3166E-04  0.1212   1.3735E-06  1.0000
   1.3000E+01   1.4000E+01   1.5743E-04  0.1115   0.0000E+00  0.0000
   1.4000E+01   1.5000E+01   1.3939E-04  0.1206   0.0000E+00  0.0000
   1.5000E+01   1.6000E+01   1.2715E-04  0.1242   0.0000E+00  0.0000
   1.6000E+01   1.7000E+01   1.1729E-04  0.1271   0.0000E+00  0.0000
   1.7000E+01   1.8000E+01   9.7743E-05  0.1367   0.0000E+00  0.0000
   1.8000E+01   1.9000E+01   1.2868E-04  0.1218   0.0000E+00  0.0000
   1.9000E+01   2.0000E+01   1.0139E-04  0.1368   0.0000E+00  0.0000
   2.0000E+01   2.1000E+01   1.1148E-04  0.1249   0.0000E+00  0.0000
   2.1000E+01   2.2000E+01   1.3357E-04  0.1222   0.0000E+00  0.0000
   2.2000E+01   2.3000E+01   1.5129E-04  0.1107   0.0000E+00  0.0000
   2.3000E+01   2.4000E+01   1.0734E-04  0.1288   0.0000E+00  0.0000
   2.4000E+01   2.5000E+01   1.1102E-04  0.1262   0.0000E+00  0.0000
   2.5000E+01   2.6000E+01   1.3398E-04  0.1153   0.0000E+00  0.0000
   2.6000E+01   2.7000E+01   1.3868E-04  0.1173   0.0000E+00  0.0000
   2.7000E+01   2.8000E+01   1.3214E-04  0.1166   0.0000E+00  0.0000
   2.8000E+01   2.9000E+01   1.0295E-04  0.1285   0.0000E+00  0.0000
   2.9000E+01   3.0000E+01   1.0535E-04  0.1271   0.0000E+00  0.0000
   3.0000E+01   3.1000E+01   1.1264E-04  0.1249   0.0000E+00  0.0000
   3.1000E+01   3.2000E+01   1.3592E-04  0.1136   0.0000E+00  0.0000
   3.2000E+01   3.3000E+01   1.2643E-04  0.1204   0.0000E+00  0.0000
   3.3000E+01   3.4000E+01   1.1685E-04  0.1224   0.0000E+00  0.0000
   3.4000E+01   3.5000E+01   1.5446E-04  0.1086   0.0000E+00  0.0000
   3.5000E+01   3.6000E+01   1.3227E-04  0.1113   0.0000E+00  0.0000
   3.6000E+01   3.7000E+01   1.2368E-04  0.1152   0.0000E+00  0.0000
   3.7000E+01   3.8000E+01   1.7050E-04  0.1023   0.0000E+00  0.0000
   3.8000E+01   3.9000E+01   1.4950E-04  0.1085   0.0000E+00  0.0000
   3.9000E+01   4.0000E+01   1.1205E-04  0.1247   0.0000E+00  0.0000
   4.0000E+01   4.1000E+01   1.2790E-04  0.1179   0.0000E+00  0.0000
   4.1000E+01   4.2000E+01   1.5029E-04  0.1063   0.0000E+00  0.0000
   4.2000E+01   4.3000E+01   1.3815E-04  0.1132   0.0000E+00  0.0000
   4.3000E+01   4.4000E+01   1.3419E-04  0.1130   0.0000E+00  0.0000
   4.4000E+01   4.5000E+01   1.1483E-04  0.1177   0.0000E+00  0.0000
   4.5000E+01   4.6000E+01   1.6450E-04  0.1002   0.0000E+00  0.0000
   4.6000E+01   4.7000E+01   1.3741E-04  0.1090   0.0000E+00  0.0000
   4.7000E+01   4.8000E+01   1.6142E-04  0.1026   0.0000E+00  0.0000
   4.8000E+01   4.9000E+01   1.2513E-04  0.1143   0.0000E+00  0.0000
   4.9000E+01   5.0000E+01   1.2080E-04  0.1161   0.0000E+00  0.0000
   5.0000E+01   5.1000E+01   1.4393E-04  0.1050   0.0000E+00  0.0000
   5.1000E+01   5.2000E+01   1.2816E-04  0.1111   0.0000E+00  0.0000
   5.2000E+01   5.3000E+01   1.4425E-04  0.1093   0.0000E+00  0.0000
   5.3000E+01   5.4000E+01   1.4877E-04  0.1044   0.0000E+00  0.0000
   5.4000E+01   5.5000E+01   1.5851E-04  0.0998   0.0000E+00  0.0000
   5.5000E+01   5.6000E+01   1.4363E-04  0.1037   0.0000E+00  0.0000
   5.6000E+01   5.7000E+01   1.5175E-04  0.1074   0.0000E+00  0.0000
   5.7000E+01   5.8000E+01   1.7324E-04  0.0972   0.0000E+00  0.0000
   5.8000E+01   5.9000E+01   1.4991E-04  0.1031   0.0000E+00  0.0000
   5.9000E+01   6.0000E+01   1.4343E-04  0.1062   0.0000E+00  0.0000
   6.0000E+01   6.1000E+01   1.4848E-04  0.1027   0.0000E+00  0.0000
   6.1000E+01   6.2000E+01   1.1821E-04  0.1160   0.0000E+00  0.0000
   6.2000E+01   6.3000E+01   1.2516E-04  0.1105   0.0000E+00  0.0000
   6.3000E+01   6.4000E+01   1.4547E-04  0.1046   0.0000E+00  0.0000
   6.4000E+01   6.5000E+01   1.7436E-04  0.0949   0.0000E+00  0.0000
   6.5000E+01   6.6000E+01   1.2398E-04  0.1134   0.0000E+00  0.0000
   6.6000E+01   6.7000E+01   1.5291E-04  0.1010   0.0000E+00  0.0000
   6.7000E+01   6.8000E+01   1.4531E-04  0.1050   0.0000E+00  0.0000
   6.8000E+01   6.9000E+01   1.5268E-04  0.1008   0.0000E+00  0.0000
   6.9000E+01   7.0000E+01   1.4147E-04  0.1050   0.0000E+00  0.0000
   7.0000E+01   7.1000E+01   1.4962E-04  0.1025   0.0000E+00  0.0000
   7.1000E+01   7.2000E+01   1.5337E-04  0.1014   0.0000E+00  0.0000
   7.2000E+01   7.3000E+01   1.4919E-04  0.1028   0.0000E+00  0.0000
   7.3000E+01   7.4000E+01   1.2325E-04  0.1101   0.0000E+00  0.0000
   7.4000E+01   7.5000E+01   1.5520E-04  0.0994   0.0000E+00  0.0000
   7.5000E+01   7.6000E+01   1.2909E-04  0.1078   0.0000E+00  0.0000
   7.6000E+01   7.7000E+01   1.5154E-04  0.0998   0.0000E+00  0.0000
   7.7000E+01   7.8000E+01   1.4633E-04  0.1044   0.0000E+00  0.0000
   7.8000E+01   7.9000E+01   1.6298E-04  0.0981   0.0000E+00  0.0000
   7.9000E+01   8.0000E+01   1.8926E-04  0.0916   0.0000E+00  0.0000
   8.0000E+01   8.1000E+01   1.4751E-04  0.1024   0.0000E+00  0.0000
   8.1000E+01   8.2000E+01   1.0660E-04  0.1211   0.0000E+00  0.0000
   8.2000E+01   8.3000E+01   1.6091E-04  0.0972   0.0000E+00  0.0000
   8.3000E+01   8.4000E+01   1.5140E-04  0.0998   0.0000E+00  0.0000
   8.4000E+01   8.5000E+01   1.4987E-04  0.1010   0.0000E+00  0.0000
   8.5000E+01   8.6000E+01   1.3344E-04  0.1065   0.0000E+00  0.0000
   8.6000E+01   8.7000E+01   1.5626E-04  0.0982   0.0000E+00  0.0000
   8.7000E+01   8.8000E+01   1.3904E-04  0.1037   0.0000E+00  0.0000
   8.8000E+01   8.9000E+01   1.4912E-04  0.1006   0.0000E+00  0.0000
   8.9000E+01   9.0000E+01   1.1598E-04  0.1157   0.0000E+00  0.0000
   9.0000E+01   9.1000E+01   1.2869E-04  0.1067   0.0000E+00  0.0000
   9.1000E+01   9.2000E+01   1.5914E-04  0.0968   0.0000E+00  0.0000
   9.2000E+01   9.3000E+01   1.1637E-04  0.1129   0.0000E+00  0.0000
   9.3000E+01   9.4000E+01   1.4470E-04  0.1015   0.0000E+00  0.0000
   9.4000E+01   9.5000E+01   1.3816E-04  0.1033   0.0000E+00  0.0000
   9.5000E+01   9.6000E+01   1.2411E-04  0.1097   0.0000E+00  0.0000
   9.6000E+01   9.7000E+01   1.5044E-04  0.1004   0.0000E+00  0.0000
   9.7000E+01   9.8000E+01   1.3678E-04  0.1039   0.0000E+00  0.0000
   9.8000E+01   9.9000E+01   1.4198E-04  0.1021   0.0000E+00  0.0000
   9.9000E+01   1.0000E+02   1.3538E-04  0.1048   0.0000E+00  0.0000
   1.0000E+02   1.0100E+02   1.2218E-04  0.1105   0.0000E+00  0.0000
   1.0100E+02   1.0200E+02   1.4657E-04  0.1003   0.0000E+00  0.0000
   1.0200E+02   1.0300E+02   1.2232E-04  0.1120   0.0000E+00  0.0000
   1.0300E+02   1.0400E+02   1.2272E-04  0.1092   0.0000E+00  0.0000
   1.0400E+02   1.0500E+02   1.3445E-04  0.1054   0.0000E+00  0.0000
   1.0500E+02   1.0600E+02   1.3001E-04  0.1058   0.0000E+00  0.0000
   1.0600E+02   1.0700E+02   1.6484E-04  0.0948   0.0000E+00  0.0000
   1.0700E+02   1.0800E+02   1.2027E-04  0.1110   0.0000E+00  0.0000
   1.0800E+02   1.0900E+02   1.1261E-04  0.1133   0.0000E+00  0.0000
   1.0900E+02   1.1000E+02   1.4020E-04  0.1022   0.0000E+00  0.0000
   1.1000E+02   1.1100E+02   9.4832E-05  0.1249   0.0000E+00  0.0000
   1.1100E+02   1.1200E+02   9.6558E-05  0.1234   0.0000E+00  0.0000
   1.1200E+02   1.1300E+02   9.8171E-05  0.1224   0.0000E+00  0.0000
   1.1300E+02   1.1400E+02   1.0448E-04  0.1165   0.0000E+00  0.0000
   1.1400E+02   1.1500E+02   1.1583E-04  0.1122   0.0000E+00  0.0000
   1.1500E+02   1.1600E+02   1.0801E-04  0.1155   0.0000E+00  0.0000
   1.1600E+02   1.1700E+02   9.8741E-05  0.1212   0.0000E+00  0.0000
   1.1700E+02   1.1800E+02   1.2297E-04  0.1076   0.0000E+00  0.0000
   1.1800E+02   1.1900E+02   1.3483E-04  0.1040   0.0000E+00  0.0000
   1.1900E+02   1.2000E+02   1.3781E-04  0.1029   0.0000E+00  0.0000
   1.2000E+02   1.2100E+02   1.1087E-04  0.1138   0.0000E+00  0.0000
   1.2100E+02   1.2200E+02   1.0395E-04  0.1182   0.0000E+00  0.0000
   1.2200E+02   1.2300E+02   1.1811E-04  0.1114   0.0000E+00  0.0000
   1.2300E+02   1.2400E+02   1.0847E-04  0.1154   0.0000E+00  0.0000
   1.2400E+02   1.2500E+02   1.0140E-04  0.1194   0.0000E+00  0.0000
   1.2500E+02   1.2600E+02   1.0043E-04  0.1195   0.0000E+00  0.0000
   1.2600E+02   1.2700E+02   9.8685E-05  0.1209   0.0000E+00  0.0000
   1.2700E+02   1.2800E+02   1.2948E-04  0.1051   0.0000E+00  0.0000
   1.2800E+02   1.2900E+02   1.0311E-04  0.1187   0.0000E+00  0.0000
   1.2900E+02   1.3000E+02   7.1028E-05  0.1398   0.0000E+00  0.0000
   1.3000E+02   1.3100E+02   8.5189E-05  0.1300   0.0000E+00  0.0000
   1.3100E+02   1.3200E+02   9.1707E-05  0.1253   0.0000E+00  0.0000
   1.3200E+02   1.3300E+02   9.1155E-05  0.1270   0.0000E+00  0.0000
   1.3300E+02   1.3400E+02   9.5133E-05  0.1218   0.0000E+00  0.0000
   1.3400E+02   1.3500E+02   6.9401E-05  0.1462   0.0000E+00  0.0000
   1.3500E+02   1.3600E+02   9.0587E-05  0.1255   0.0000E+00  0.0000
   1.3600E+02   1.3700E+02   1.0242E-04  0.1180   0.0000E+00  0.0000
   1.3700E+02   1.3800E+02   8.4407E-05  0.1296   0.0000E+00  0.0000
   1.3800E+02   1.3900E+02   5.8870E-05  0.1549   0.0000E+00  0.0000
   1.3900E+02   1.4000E+02   7.8351E-05  0.1332   0.0000E+00  0.0000
   1.4000E+02   1.4100E+02   7.1820E-05  0.1420   0.0000E+00  0.0000
   1.4100E+02   1.4200E+02   6.6897E-05  0.1450   0.0000E+00  0.0000
   1.4200E+02   1.4300E+02   9.0114E-05  0.1256   0.0000E+00  0.0000
   1.4300E+02   1.4400E+02   8.5477E-05  0.1280   0.0000E+00  0.0000
   1.4400E+02   1.4500E+02   8.6123E-05  0.1302   0.0000E+00  0.0000
   1.4500E+02   1.4600E+02   5.9840E-05  0.1553   0.0000E+00  0.0000
   1.4600E+02   1.4700E+02   6.5637E-05  0.1468   0.0000E+00  0.0000
   1.4700E+02   1.4800E+02   7.1046E-05  0.1404   0.0000E+00  0.0000
   1.4800E+02   1.4900E+02   7.3185E-05  0.1393   0.0000E+00  0.0000
   1.4900E+02   1.5000E+02   7.1608E-05  0.1400   0.0000E+00  0.0000
   1.5000E+02   1.5100E+02   7.6720E-05  0.1359   0.0000E+00  0.0000
   1.5100E+02   1.5200E+02   6.7619E-05  0.1447   0.0000E+00  0.0000
   1.5200E+02   1.5300E+02   6.1044E-05  0.1513   0.0000E+00  0.0000
   1.5300E+02   1.5400E+02   8.4378E-05  0.1292   0.0000E+00  0.0000
   1.5400E+02   1.5500E+02   6.7778E-05  0.1445   0.0000E+00  0.0000
   1.5500E+02   1.5600E+02   6.9244E-05  0.1415   0.0000E+00  0.0000
   1.5600E+02   1.5700E+02   4.1178E-05  0.1828   0.0000E+00  0.0000
   1.5700E+02   1.5800E+02   6.8166E-05  0.1447   0.0000E+00  0.0000
   1.5800E+02   1.5900E+02   7.9266E-05  0.1328   0.0000E+00  0.0000
   1.5900E+02   1.6000E+02   6.4517E-05  0.1468   0.0000E+00  0.0000
   1.6000E+02   1.6100E+02   5.7477E-05  0.1556   0.0000E+00  0.0000
   1.6100E+02   1.6200E+02   6.9136E-05  0.1419   0.0000E+00  0.0000
   1.6200E+02   1.6300E+02   5.6975E-05  0.1576   0.0000E+00  0.0000
   1.6300E+02   1.6400E+02   4.8495E-05  0.1701   0.0000E+00  0.0000
   1.6400E+02   1.6500E+02   4.3199E-05  0.1778   0.0000E+00  0.0000
   1.6500E+02   1.6600E+02   5.3626E-05  0.1625   0.0000E+00  0.0000
   1.6600E+02   1.6700E+02   5.3217E-05  0.1627   0.0000E+00  0.0000
   1.6700E+02   1.6800E+02   5.1358E-05  0.1650   0.0000E+00  0.0000
   1.6800E+02   1.6900E+02   5.8057E-05  0.1567   0.0000E+00  0.0000
   1.6900E+02   1.7000E+02   3.8815E-05  0.1885   0.0000E+00  0.0000
   1.7000E+02   1.7100E+02   4.3887E-05  0.1773   0.0000E+00  0.0000
   1.7100E+02   1.7200E+02   5.0027E-05  0.1670   0.0000E+00  0.0000
   1.7200E+02   1.7300E+02   3.3368E-05  0.2063   0.0000E+00  0.0000
   1.7300E+02   1.7400E+02   3.9872E-05  0.1862   0.0000E+00  0.0000
   1.7400E+02   1.7500E+02   3.4681E-05  0.2003   0.0000E+00  0.0000
   1.7500E+02   1.7600E+02   3.9824E-05  0.1859   0.0000E+00  0.0000
   1.7600E+02   1.7700E+02   4.6210E-05  0.1743   0.0000E+00  0.0000
   1.7700E+02   1.7800E+02   2.8528E-05  0.2212   0.0000E+00  0.0000
   1.7800E+02   1.7900E+02   4.1949E-05  0.1829   0.0000E+00  0.0000
   1.7900E+02   1.8000E+02   2.6447E-05  0.2261   0.0000E+00  0.0000
   1.8000E+02   1.8100E+02   3.8643E-05  0.1891   0.0000E+00  0.0000
   1.8100E+02   1.8200E+02   3.4679E-05  0.2060   0.0000E+00  0.0000
   1.8200E+02   1.8300E+02   3.8466E-05  0.1893   0.0000E+00  0.0000
   1.8300E+02   1.8400E+02   3.8532E-05  0.1892   0.0000E+00  0.0000
   1.8400E+02   1.8500E+02   3.4513E-05  0.2003   0.0000E+00  0.0000
   1.8500E+02   1.8600E+02   3.9905E-05  0.1859   0.0000E+00  0.0000
   1.8600E+02   1.8700E+02   4.8239E-05  0.1698   0.0000E+00  0.0000
   1.8700E+02   1.8800E+02   3.5284E-05  0.1963   0.0000E+00  0.0000
   1.8800E+02   1.8900E+02   2.8167E-05  0.2246   0.0000E+00  0.0000
   1.8900E+02   1.9000E+02   3.0901E-05  0.2122   0.0000E+00  0.0000
   1.9000E+02   1.9100E+02   3.0966E-05  0.2099   0.0000E+00  0.0000
   1.9100E+02   1.9200E+02   1.9349E-05  0.2675   0.0000E+00  0.0000
   1.9200E+02   1.9300E+02   2.5044E-05  0.2361   0.0000E+00  0.0000
   1.9300E+02   1.9400E+02   1.7174E-05  0.2798   0.0000E+00  0.0000
   1.9400E+02   1.9500E+02   3.0764E-05  0.2135   0.0000E+00  0.0000
   1.9500E+02   1.9600E+02   3.4091E-05  0.2002   0.0000E+00  0.0000
   1.9600E+02   1.9700E+02   2.7989E-05  0.2240   0.0000E+00  0.0000
   1.9700E+02   1.9800E+02   1.7651E-05  0.2774   0.0000E+00  0.0000
   1.9800E+02   1.9900E+02   2.5805E-05  0.2295   0.0000E+00  0.0000
   1.9900E+02   2.0000E+02   2.8369E-05  0.2183   0.0000E+00  0.0000
   2.0000E+02   2.0100E+02   1.7858E-05  0.2776   0.0000E+00  0.0000
   2.0100E+02   2.0200E+02   1.8097E-05  0.2776   0.0000E+00  0.0000
   2.0200E+02   2.0300E+02   1.6436E-05  0.2889   0.0000E+00  0.0000
   2.0300E+02   2.0400E+02   1.8947E-05  0.2673   0.0000E+00  0.0000
   2.0400E+02   2.0500E+02   1.3705E-05  0.3164   0.0000E+00  0.0000
   2.0500E+02   2.0600E+02   1.6270E-05  0.2888   0.0000E+00  0.0000
   2.0600E+02   2.0700E+02   1.3713E-05  0.3166   0.0000E+00  0.0000
   2.0700E+02   2.0800E+02   2.0339E-05  0.2589   0.0000E+00  0.0000
   2.0800E+02   2.0900E+02   1.3291E-05  0.3190   0.0000E+00  0.0000
   2.0900E+02   2.1000E+02   1.7872E-05  0.2776   0.0000E+00  0.0000
   2.1000E+02   2.1100E+02   1.4046E-05  0.3169   0.0000E+00  0.0000
   2.1100E+02   2.1200E+02   1.6286E-05  0.2887   0.0000E+00  0.0000
   2.1200E+02   2.1300E+02   1.5016E-05  0.3016   0.0000E+00  0.0000
   2.1300E+02   2.1400E+02   1.7798E-05  0.2776   0.0000E+00  0.0000
   2.1400E+02   2.1500E+02   2.0826E-05  0.2590   0.0000E+00  0.0000
   2.1500E+02   2.1600E+02   1.2340E-05  0.3335   0.0000E+00  0.0000
   2.1600E+02   2.1700E+02   5.4122E-06  0.5000   0.0000E+00  0.0000
   2.1700E+02   2.1800E+02   1.7470E-05  0.2774   0.0000E+00  0.0000
   2.1800E+02   2.1900E+02   1.6239E-05  0.2889   0.0000E+00  0.0000
   2.1900E+02   2.2000E+02   2.4713E-05  0.2310   0.0000E+00  0.0000
   2.2000E+02   2.2100E+02   9.4868E-06  0.3780   0.0000E+00  0.0000
   2.2100E+02   2.2200E+02   5.3978E-06  0.5001   0.0000E+00  0.0000
   2.2200E+02   2.2300E+02   8.3881E-06  0.4088   0.0000E+00  0.0000
   2.2300E+02   2.2400E+02   1.3306E-05  0.3186   0.0000E+00  0.0000
   2.2400E+02   2.2500E+02   5.3732E-06  0.5000   0.0000E+00  0.0000
   2.2500E+02   2.2600E+02   1.9060E-05  0.2675   0.0000E+00  0.0000
   2.2600E+02   2.2700E+02   2.6866E-06  0.7072   0.0000E+00  0.0000
   2.2700E+02   2.2800E+02   5.3502E-06  0.5000   0.0000E+00  0.0000
   2.2800E+02   2.2900E+02   1.0850E-05  0.3537   0.0000E+00  0.0000
   2.2900E+02   2.3000E+02   1.4892E-05  0.3016   0.0000E+00  0.0000
   2.3000E+02   2.3100E+02   1.0185E-05  0.3627   0.0000E+00  0.0000
   2.3100E+02   2.3200E+02   8.0008E-06  0.4083   0.0000E+00  0.0000
   2.3200E+02   2.3300E+02   2.7469E-06  0.7072   0.0000E+00  0.0000
   2.3300E+02   2.3400E+02   5.3918E-06  0.5000   0.0000E+00  0.0000
   2.3400E+02   2.3500E+02   8.0511E-06  0.4083   0.0000E+00  0.0000
   2.3500E+02   2.3600E+02   9.5986E-06  0.3782   0.0000E+00  0.0000
   2.3600E+02   2.3700E+02   5.3925E-06  0.5000   0.0000E+00  0.0000
   2.3700E+02   2.3800E+02   5.3526E-06  0.5000   0.0000E+00  0.0000
   2.3800E+02   2.3900E+02   6.7608E-06  0.4473   0.0000E+00  0.0000
   2.3900E+02   2.4000E+02   9.7032E-06  0.3782   0.0000E+00  0.0000
   2.4000E+02   2.4100E+02   1.0718E-05  0.3536   0.0000E+00  0.0000
   2.4100E+02   2.4200E+02   9.4031E-06  0.3780   0.0000E+00  0.0000
   2.4200E+02   2.4300E+02   6.7186E-06  0.4472   0.0000E+00  0.0000
   2.4300E+02   2.4400E+02   1.0766E-05  0.3536   0.0000E+00  0.0000
   2.4400E+02   2.4500E+02   1.2059E-05  0.3333   0.0000E+00  0.0000
   2.4500E+02   2.4600E+02   5.4477E-06  0.5000   0.0000E+00  0.0000
   2.4600E+02   2.4700E+02   1.0851E-05  0.3538   0.0000E+00  0.0000
   2.4700E+02   2.4800E+02   2.6800E-06  0.7071   0.0000E+00  0.0000
   2.4800E+02   2.4900E+02   3.9948E-06  0.5774   0.0000E+00  0.0000
   2.4900E+02   2.5000E+02   0.0000E+00  0.0000   0.0000E+00  0.0000

#   sum over                 9.0874E-05           1.6543E-04

'no. =  1,  reg  =      6'
msuc: {\huge [t-track] in region mesh}
msdr: {\it plotted by \ANGEL \version}
msdl: {\it calculated by \PHITS  3.26}
wt: s(0.7)
\vspace{-3}
   vol  &=&   1.0000E+00 [cm^3]
e:
 
# Information for Restart Calculation
# This calculation was restarted using neutral_particles_shield1_HE.out
# istdev =  2 # 1:Batch variance, 2:History variance
# resc2  = 3.77000080000000000E+07 # Total source weight or Total source weight / maxcas
# resc3  = 3.77000000000000000E+07 # Total history number or Total batch number
# maxcas =       10000 # History / Batch, only used for istdev=1
# bitrseed = 1100111110000110111010101011001011100001101111110000100110110010 # bit data of rseed
