[ T-Track ]
    title = [t-track] in region mesh
     mesh =  reg            # mesh type is region-wise
      reg = 5
   e-type =    1            # e-mesh is given by the below data
       ne =    250          # number of e-mesh points
#    data = ( e(i), i = 1, ne + 1 )
            0.00000E+00  1.00000E+00  2.00000E+00  3.00000E+00  4.00000E+00
            5.00000E+00  6.00000E+00  7.00000E+00  8.00000E+00  9.00000E+00
            1.00000E+01  1.10000E+01  1.20000E+01  1.30000E+01  1.40000E+01
            1.50000E+01  1.60000E+01  1.70000E+01  1.80000E+01  1.90000E+01
            2.00000E+01  2.10000E+01  2.20000E+01  2.30000E+01  2.40000E+01
            2.50000E+01  2.60000E+01  2.70000E+01  2.80000E+01  2.90000E+01
            3.00000E+01  3.10000E+01  3.20000E+01  3.30000E+01  3.40000E+01
            3.50000E+01  3.60000E+01  3.70000E+01  3.80000E+01  3.90000E+01
            4.00000E+01  4.10000E+01  4.20000E+01  4.30000E+01  4.40000E+01
            4.50000E+01  4.60000E+01  4.70000E+01  4.80000E+01  4.90000E+01
            5.00000E+01  5.10000E+01  5.20000E+01  5.30000E+01  5.40000E+01
            5.50000E+01  5.60000E+01  5.70000E+01  5.80000E+01  5.90000E+01
            6.00000E+01  6.10000E+01  6.20000E+01  6.30000E+01  6.40000E+01
            6.50000E+01  6.60000E+01  6.70000E+01  6.80000E+01  6.90000E+01
            7.00000E+01  7.10000E+01  7.20000E+01  7.30000E+01  7.40000E+01
            7.50000E+01  7.60000E+01  7.70000E+01  7.80000E+01  7.90000E+01
            8.00000E+01  8.10000E+01  8.20000E+01  8.30000E+01  8.40000E+01
            8.50000E+01  8.60000E+01  8.70000E+01  8.80000E+01  8.90000E+01
            9.00000E+01  9.10000E+01  9.20000E+01  9.30000E+01  9.40000E+01
            9.50000E+01  9.60000E+01  9.70000E+01  9.80000E+01  9.90000E+01
            1.00000E+02  1.01000E+02  1.02000E+02  1.03000E+02  1.04000E+02
            1.05000E+02  1.06000E+02  1.07000E+02  1.08000E+02  1.09000E+02
            1.10000E+02  1.11000E+02  1.12000E+02  1.13000E+02  1.14000E+02
            1.15000E+02  1.16000E+02  1.17000E+02  1.18000E+02  1.19000E+02
            1.20000E+02  1.21000E+02  1.22000E+02  1.23000E+02  1.24000E+02
            1.25000E+02  1.26000E+02  1.27000E+02  1.28000E+02  1.29000E+02
            1.30000E+02  1.31000E+02  1.32000E+02  1.33000E+02  1.34000E+02
            1.35000E+02  1.36000E+02  1.37000E+02  1.38000E+02  1.39000E+02
            1.40000E+02  1.41000E+02  1.42000E+02  1.43000E+02  1.44000E+02
            1.45000E+02  1.46000E+02  1.47000E+02  1.48000E+02  1.49000E+02
            1.50000E+02  1.51000E+02  1.52000E+02  1.53000E+02  1.54000E+02
            1.55000E+02  1.56000E+02  1.57000E+02  1.58000E+02  1.59000E+02
            1.60000E+02  1.61000E+02  1.62000E+02  1.63000E+02  1.64000E+02
            1.65000E+02  1.66000E+02  1.67000E+02  1.68000E+02  1.69000E+02
            1.70000E+02  1.71000E+02  1.72000E+02  1.73000E+02  1.74000E+02
            1.75000E+02  1.76000E+02  1.77000E+02  1.78000E+02  1.79000E+02
            1.80000E+02  1.81000E+02  1.82000E+02  1.83000E+02  1.84000E+02
            1.85000E+02  1.86000E+02  1.87000E+02  1.88000E+02  1.89000E+02
            1.90000E+02  1.91000E+02  1.92000E+02  1.93000E+02  1.94000E+02
            1.95000E+02  1.96000E+02  1.97000E+02  1.98000E+02  1.99000E+02
            2.00000E+02  2.01000E+02  2.02000E+02  2.03000E+02  2.04000E+02
            2.05000E+02  2.06000E+02  2.07000E+02  2.08000E+02  2.09000E+02
            2.10000E+02  2.11000E+02  2.12000E+02  2.13000E+02  2.14000E+02
            2.15000E+02  2.16000E+02  2.17000E+02  2.18000E+02  2.19000E+02
            2.20000E+02  2.21000E+02  2.22000E+02  2.23000E+02  2.24000E+02
            2.25000E+02  2.26000E+02  2.27000E+02  2.28000E+02  2.29000E+02
            2.30000E+02  2.31000E+02  2.32000E+02  2.33000E+02  2.34000E+02
            2.35000E+02  2.36000E+02  2.37000E+02  2.38000E+02  2.39000E+02
            2.40000E+02  2.41000E+02  2.42000E+02  2.43000E+02  2.44000E+02
            2.45000E+02  2.46000E+02  2.47000E+02  2.48000E+02  2.49000E+02
            2.50000E+02
     unit =    2            # unit is [1/cm^2/(MeV/n)/source]
 material =  all            # (D=all) number of specific material
     axis =     eng            # axis of output
     file = neutral_particles_shield1_HE.out  # file name of output for the above axis
     part =  neutron    photon   
# kf/name :  2112       22       
#    used :        main (  %)        temp (  %)       total (  %)
#  memory :         257 (  0)           0 (  0)         257 (  0)

#------------------------------------------------------------------------------
#newpage:
#   no. =  1   reg =      5

x: Energy [MeV/n]
y: Flux [1/cm^2/(MeV/n)/source]      
p: xlin ylog afac(0.8) form(0.9)
h: n            x            y(neutron ),hh0l   n y(photon  ),hh0dr  n 
#  e-lower      e-upper      neutron     r.err    photon      r.err 
   0.0000E+00   1.0000E+00   1.0479E-02  0.0251   3.2581E-01  0.0049
   1.0000E+00   2.0000E+00   3.9217E-03  0.0407   4.2635E-02  0.0112
   2.0000E+00   3.0000E+00   3.4674E-03  0.0432   2.7672E-02  0.0137
   3.0000E+00   4.0000E+00   2.7778E-03  0.0475   1.6975E-02  0.0173
   4.0000E+00   5.0000E+00   2.7075E-03  0.0479   2.1295E-02  0.0161
   5.0000E+00   6.0000E+00   2.5145E-03  0.0500   7.6941E-03  0.0252
   6.0000E+00   7.0000E+00   2.2151E-03  0.0528   1.0020E-02  0.0223
   7.0000E+00   8.0000E+00   2.2068E-03  0.0533   4.9267E-03  0.0318
   8.0000E+00   9.0000E+00   2.2882E-03  0.0516   1.1992E-03  0.0656
   9.0000E+00   1.0000E+01   2.0579E-03  0.0544   8.6900E-04  0.0790
   1.0000E+01   1.1000E+01   2.1424E-03  0.0529   1.6771E-04  0.1687
   1.1000E+01   1.2000E+01   1.8834E-03  0.0550   5.4580E-05  0.2896
   1.2000E+01   1.3000E+01   1.8730E-03  0.0550   1.4187E-05  0.5803
   1.3000E+01   1.4000E+01   1.7672E-03  0.0580   0.0000E+00  0.0000
   1.4000E+01   1.5000E+01   1.6356E-03  0.0599   0.0000E+00  0.0000
   1.5000E+01   1.6000E+01   1.6193E-03  0.0599   0.0000E+00  0.0000
   1.6000E+01   1.7000E+01   1.6955E-03  0.0597   0.0000E+00  0.0000
   1.7000E+01   1.8000E+01   1.5857E-03  0.0616   0.0000E+00  0.0000
   1.8000E+01   1.9000E+01   1.7872E-03  0.0574   0.0000E+00  0.0000
   1.9000E+01   2.0000E+01   1.4059E-03  0.0636   0.0000E+00  0.0000
   2.0000E+01   2.1000E+01   1.7981E-03  0.0563   0.0000E+00  0.0000
   2.1000E+01   2.2000E+01   1.9022E-03  0.0546   0.0000E+00  0.0000
   2.2000E+01   2.3000E+01   1.9300E-03  0.0543   0.0000E+00  0.0000
   2.3000E+01   2.4000E+01   1.7700E-03  0.0562   0.0000E+00  0.0000
   2.4000E+01   2.5000E+01   1.9762E-03  0.0529   0.0000E+00  0.0000
   2.5000E+01   2.6000E+01   1.7427E-03  0.0562   0.0000E+00  0.0000
   2.6000E+01   2.7000E+01   1.8815E-03  0.0538   0.0000E+00  0.0000
   2.7000E+01   2.8000E+01   1.8909E-03  0.0537   0.0000E+00  0.0000
   2.8000E+01   2.9000E+01   1.8177E-03  0.0542   0.0000E+00  0.0000
   2.9000E+01   3.0000E+01   1.9330E-03  0.0525   0.0000E+00  0.0000
   3.0000E+01   3.1000E+01   1.8370E-03  0.0541   0.0000E+00  0.0000
   3.1000E+01   3.2000E+01   1.9195E-03  0.0530   0.0000E+00  0.0000
   3.2000E+01   3.3000E+01   1.9209E-03  0.0528   0.0000E+00  0.0000
   3.3000E+01   3.4000E+01   1.9536E-03  0.0521   0.0000E+00  0.0000
   3.4000E+01   3.5000E+01   1.9568E-03  0.0521   0.0000E+00  0.0000
   3.5000E+01   3.6000E+01   1.9865E-03  0.0513   0.0000E+00  0.0000
   3.6000E+01   3.7000E+01   2.1313E-03  0.0498   0.0000E+00  0.0000
   3.7000E+01   3.8000E+01   2.1076E-03  0.0497   0.0000E+00  0.0000
   3.8000E+01   3.9000E+01   2.1695E-03  0.0492   0.0000E+00  0.0000
   3.9000E+01   4.0000E+01   2.1693E-03  0.0497   0.0000E+00  0.0000
   4.0000E+01   4.1000E+01   2.1379E-03  0.0492   0.0000E+00  0.0000
   4.1000E+01   4.2000E+01   2.1208E-03  0.0495   0.0000E+00  0.0000
   4.2000E+01   4.3000E+01   2.2936E-03  0.0474   0.0000E+00  0.0000
   4.3000E+01   4.4000E+01   2.1973E-03  0.0482   0.0000E+00  0.0000
   4.4000E+01   4.5000E+01   2.1411E-03  0.0497   1.1428E-06  1.0000
   4.5000E+01   4.6000E+01   2.1431E-03  0.0485   0.0000E+00  0.0000
   4.6000E+01   4.7000E+01   2.2592E-03  0.0470   0.0000E+00  0.0000
   4.7000E+01   4.8000E+01   2.2744E-03  0.0472   0.0000E+00  0.0000
   4.8000E+01   4.9000E+01   2.2174E-03  0.0480   0.0000E+00  0.0000
   4.9000E+01   5.0000E+01   2.1874E-03  0.0479   0.0000E+00  0.0000
   5.0000E+01   5.1000E+01   2.1438E-03  0.0484   0.0000E+00  0.0000
   5.1000E+01   5.2000E+01   2.2227E-03  0.0472   0.0000E+00  0.0000
   5.2000E+01   5.3000E+01   2.4283E-03  0.0452   0.0000E+00  0.0000
   5.3000E+01   5.4000E+01   2.2191E-03  0.0473   0.0000E+00  0.0000
   5.4000E+01   5.5000E+01   2.2434E-03  0.0463   0.0000E+00  0.0000
   5.5000E+01   5.6000E+01   2.1924E-03  0.0470   0.0000E+00  0.0000
   5.6000E+01   5.7000E+01   2.3813E-03  0.0453   0.0000E+00  0.0000
   5.7000E+01   5.8000E+01   1.9998E-03  0.0492   0.0000E+00  0.0000
   5.8000E+01   5.9000E+01   2.2453E-03  0.0462   0.0000E+00  0.0000
   5.9000E+01   6.0000E+01   2.2800E-03  0.0461   0.0000E+00  0.0000
   6.0000E+01   6.1000E+01   2.4007E-03  0.0449   0.0000E+00  0.0000
   6.1000E+01   6.2000E+01   2.2897E-03  0.0458   0.0000E+00  0.0000
   6.2000E+01   6.3000E+01   2.4157E-03  0.0446   0.0000E+00  0.0000
   6.3000E+01   6.4000E+01   2.2097E-03  0.0468   0.0000E+00  0.0000
   6.4000E+01   6.5000E+01   2.0170E-03  0.0486   0.0000E+00  0.0000
   6.5000E+01   6.6000E+01   2.2957E-03  0.0457   0.0000E+00  0.0000
   6.6000E+01   6.7000E+01   2.2786E-03  0.0455   0.0000E+00  0.0000
   6.7000E+01   6.8000E+01   2.2082E-03  0.0461   0.0000E+00  0.0000
   6.8000E+01   6.9000E+01   2.3103E-03  0.0454   0.0000E+00  0.0000
   6.9000E+01   7.0000E+01   2.1856E-03  0.0459   0.0000E+00  0.0000
   7.0000E+01   7.1000E+01   2.1774E-03  0.0464   0.0000E+00  0.0000
   7.1000E+01   7.2000E+01   2.2668E-03  0.0455   0.0000E+00  0.0000
   7.2000E+01   7.3000E+01   2.0604E-03  0.0476   0.0000E+00  0.0000
   7.3000E+01   7.4000E+01   2.1358E-03  0.0467   0.0000E+00  0.0000
   7.4000E+01   7.5000E+01   2.0942E-03  0.0470   0.0000E+00  0.0000
   7.5000E+01   7.6000E+01   2.0924E-03  0.0475   0.0000E+00  0.0000
   7.6000E+01   7.7000E+01   2.0797E-03  0.0473   0.0000E+00  0.0000
   7.7000E+01   7.8000E+01   2.1342E-03  0.0466   0.0000E+00  0.0000
   7.8000E+01   7.9000E+01   2.0270E-03  0.0473   0.0000E+00  0.0000
   7.9000E+01   8.0000E+01   2.0410E-03  0.0475   0.0000E+00  0.0000
   8.0000E+01   8.1000E+01   1.9404E-03  0.0492   0.0000E+00  0.0000
   8.1000E+01   8.2000E+01   1.9877E-03  0.0481   0.0000E+00  0.0000
   8.2000E+01   8.3000E+01   1.9641E-03  0.0487   0.0000E+00  0.0000
   8.3000E+01   8.4000E+01   2.0736E-03  0.0475   0.0000E+00  0.0000
   8.4000E+01   8.5000E+01   1.9467E-03  0.0486   0.0000E+00  0.0000
   8.5000E+01   8.6000E+01   1.9743E-03  0.0479   0.0000E+00  0.0000
   8.6000E+01   8.7000E+01   1.9680E-03  0.0480   0.0000E+00  0.0000
   8.7000E+01   8.8000E+01   1.9565E-03  0.0480   0.0000E+00  0.0000
   8.8000E+01   8.9000E+01   1.7809E-03  0.0505   0.0000E+00  0.0000
   8.9000E+01   9.0000E+01   1.7725E-03  0.0505   0.0000E+00  0.0000
   9.0000E+01   9.1000E+01   1.8496E-03  0.0495   0.0000E+00  0.0000
   9.1000E+01   9.2000E+01   1.6161E-03  0.0530   0.0000E+00  0.0000
   9.2000E+01   9.3000E+01   1.7284E-03  0.0512   0.0000E+00  0.0000
   9.3000E+01   9.4000E+01   1.7701E-03  0.0504   0.0000E+00  0.0000
   9.4000E+01   9.5000E+01   1.7157E-03  0.0512   0.0000E+00  0.0000
   9.5000E+01   9.6000E+01   1.8316E-03  0.0493   0.0000E+00  0.0000
   9.6000E+01   9.7000E+01   1.7162E-03  0.0511   0.0000E+00  0.0000
   9.7000E+01   9.8000E+01   1.8510E-03  0.0495   0.0000E+00  0.0000
   9.8000E+01   9.9000E+01   1.5757E-03  0.0529   0.0000E+00  0.0000
   9.9000E+01   1.0000E+02   1.4352E-03  0.0552   0.0000E+00  0.0000
   1.0000E+02   1.0100E+02   1.3974E-03  0.0563   0.0000E+00  0.0000
   1.0100E+02   1.0200E+02   1.4835E-03  0.0549   0.0000E+00  0.0000
   1.0200E+02   1.0300E+02   1.4112E-03  0.0561   0.0000E+00  0.0000
   1.0300E+02   1.0400E+02   1.4575E-03  0.0549   0.0000E+00  0.0000
   1.0400E+02   1.0500E+02   1.4282E-03  0.0555   0.0000E+00  0.0000
   1.0500E+02   1.0600E+02   1.3529E-03  0.0572   0.0000E+00  0.0000
   1.0600E+02   1.0700E+02   1.4474E-03  0.0552   0.0000E+00  0.0000
   1.0700E+02   1.0800E+02   1.5857E-03  0.0523   0.0000E+00  0.0000
   1.0800E+02   1.0900E+02   1.5483E-03  0.0532   0.0000E+00  0.0000
   1.0900E+02   1.1000E+02   1.3281E-03  0.0581   0.0000E+00  0.0000
   1.1000E+02   1.1100E+02   1.3185E-03  0.0579   0.0000E+00  0.0000
   1.1100E+02   1.1200E+02   1.1131E-03  0.0627   0.0000E+00  0.0000
   1.1200E+02   1.1300E+02   1.1431E-03  0.0616   0.0000E+00  0.0000
   1.1300E+02   1.1400E+02   1.3779E-03  0.0562   0.0000E+00  0.0000
   1.1400E+02   1.1500E+02   1.2205E-03  0.0597   0.0000E+00  0.0000
   1.1500E+02   1.1600E+02   1.2912E-03  0.0582   0.0000E+00  0.0000
   1.1600E+02   1.1700E+02   1.3080E-03  0.0577   0.0000E+00  0.0000
   1.1700E+02   1.1800E+02   1.2201E-03  0.0597   0.0000E+00  0.0000
   1.1800E+02   1.1900E+02   1.2369E-03  0.0592   0.0000E+00  0.0000
   1.1900E+02   1.2000E+02   1.2049E-03  0.0598   3.8870E-06  1.0000
   1.2000E+02   1.2100E+02   1.1789E-03  0.0607   0.0000E+00  0.0000
   1.2100E+02   1.2200E+02   1.1543E-03  0.0613   0.0000E+00  0.0000
   1.2200E+02   1.2300E+02   1.1086E-03  0.0623   0.0000E+00  0.0000
   1.2300E+02   1.2400E+02   1.0089E-03  0.0650   0.0000E+00  0.0000
   1.2400E+02   1.2500E+02   9.2338E-04  0.0688   0.0000E+00  0.0000
   1.2500E+02   1.2600E+02   9.3595E-04  0.0681   0.0000E+00  0.0000
   1.2600E+02   1.2700E+02   1.0279E-03  0.0648   0.0000E+00  0.0000
   1.2700E+02   1.2800E+02   9.0035E-04  0.0690   0.0000E+00  0.0000
   1.2800E+02   1.2900E+02   9.8843E-04  0.0662   0.0000E+00  0.0000
   1.2900E+02   1.3000E+02   9.1544E-04  0.0688   0.0000E+00  0.0000
   1.3000E+02   1.3100E+02   1.1260E-03  0.0622   0.0000E+00  0.0000
   1.3100E+02   1.3200E+02   1.0089E-03  0.0653   0.0000E+00  0.0000
   1.3200E+02   1.3300E+02   9.6627E-04  0.0666   0.0000E+00  0.0000
   1.3300E+02   1.3400E+02   9.4372E-04  0.0676   0.0000E+00  0.0000
   1.3400E+02   1.3500E+02   9.8889E-04  0.0658   0.0000E+00  0.0000
   1.3500E+02   1.3600E+02   8.5427E-04  0.0711   0.0000E+00  0.0000
   1.3600E+02   1.3700E+02   9.1452E-04  0.0683   0.0000E+00  0.0000
   1.3700E+02   1.3800E+02   8.0138E-04  0.0733   0.0000E+00  0.0000
   1.3800E+02   1.3900E+02   7.8994E-04  0.0729   0.0000E+00  0.0000
   1.3900E+02   1.4000E+02   7.9385E-04  0.0733   0.0000E+00  0.0000
   1.4000E+02   1.4100E+02   7.7955E-04  0.0741   0.0000E+00  0.0000
   1.4100E+02   1.4200E+02   7.8177E-04  0.0743   0.0000E+00  0.0000
   1.4200E+02   1.4300E+02   8.0226E-04  0.0728   0.0000E+00  0.0000
   1.4300E+02   1.4400E+02   8.7302E-04  0.0696   0.0000E+00  0.0000
   1.4400E+02   1.4500E+02   7.5775E-04  0.0758   0.0000E+00  0.0000
   1.4500E+02   1.4600E+02   7.3494E-04  0.0759   0.0000E+00  0.0000
   1.4600E+02   1.4700E+02   7.9695E-04  0.0724   0.0000E+00  0.0000
   1.4700E+02   1.4800E+02   7.7011E-04  0.0740   0.0000E+00  0.0000
   1.4800E+02   1.4900E+02   6.5101E-04  0.0805   0.0000E+00  0.0000
   1.4900E+02   1.5000E+02   6.6808E-04  0.0795   0.0000E+00  0.0000
   1.5000E+02   1.5100E+02   7.1038E-04  0.0770   0.0000E+00  0.0000
   1.5100E+02   1.5200E+02   5.9078E-04  0.0840   0.0000E+00  0.0000
   1.5200E+02   1.5300E+02   7.4256E-04  0.0754   0.0000E+00  0.0000
   1.5300E+02   1.5400E+02   7.5738E-04  0.0747   0.0000E+00  0.0000
   1.5400E+02   1.5500E+02   6.8052E-04  0.0789   0.0000E+00  0.0000
   1.5500E+02   1.5600E+02   6.7538E-04  0.0796   0.0000E+00  0.0000
   1.5600E+02   1.5700E+02   5.6923E-04  0.0864   0.0000E+00  0.0000
   1.5700E+02   1.5800E+02   5.2310E-04  0.0905   0.0000E+00  0.0000
   1.5800E+02   1.5900E+02   5.5085E-04  0.0872   0.0000E+00  0.0000
   1.5900E+02   1.6000E+02   5.8830E-04  0.0844   0.0000E+00  0.0000
   1.6000E+02   1.6100E+02   5.3537E-04  0.0888   0.0000E+00  0.0000
   1.6100E+02   1.6200E+02   6.1116E-04  0.0837   0.0000E+00  0.0000
   1.6200E+02   1.6300E+02   5.6973E-04  0.0859   0.0000E+00  0.0000
   1.6300E+02   1.6400E+02   6.3669E-04  0.0808   0.0000E+00  0.0000
   1.6400E+02   1.6500E+02   4.9127E-04  0.0922   0.0000E+00  0.0000
   1.6500E+02   1.6600E+02   5.0616E-04  0.0905   0.0000E+00  0.0000
   1.6600E+02   1.6700E+02   5.5036E-04  0.0882   0.0000E+00  0.0000
   1.6700E+02   1.6800E+02   5.0280E-04  0.0911   0.0000E+00  0.0000
   1.6800E+02   1.6900E+02   4.5645E-04  0.0963   0.0000E+00  0.0000
   1.6900E+02   1.7000E+02   5.4949E-04  0.0881   0.0000E+00  0.0000
   1.7000E+02   1.7100E+02   4.5616E-04  0.0956   0.0000E+00  0.0000
   1.7100E+02   1.7200E+02   4.7950E-04  0.0930   0.0000E+00  0.0000
   1.7200E+02   1.7300E+02   4.5363E-04  0.0959   0.0000E+00  0.0000
   1.7300E+02   1.7400E+02   4.1699E-04  0.1002   0.0000E+00  0.0000
   1.7400E+02   1.7500E+02   4.3737E-04  0.0973   0.0000E+00  0.0000
   1.7500E+02   1.7600E+02   3.8376E-04  0.1038   0.0000E+00  0.0000
   1.7600E+02   1.7700E+02   3.8776E-04  0.1033   0.0000E+00  0.0000
   1.7700E+02   1.7800E+02   4.9492E-04  0.0918   0.0000E+00  0.0000
   1.7800E+02   1.7900E+02   3.6735E-04  0.1061   0.0000E+00  0.0000
   1.7900E+02   1.8000E+02   4.4654E-04  0.0964   0.0000E+00  0.0000
   1.8000E+02   1.8100E+02   3.9812E-04  0.1016   0.0000E+00  0.0000
   1.8100E+02   1.8200E+02   3.7424E-04  0.1049   0.0000E+00  0.0000
   1.8200E+02   1.8300E+02   3.7659E-04  0.1057   0.0000E+00  0.0000
   1.8300E+02   1.8400E+02   3.5359E-04  0.1087   0.0000E+00  0.0000
   1.8400E+02   1.8500E+02   3.9210E-04  0.1021   0.0000E+00  0.0000
   1.8500E+02   1.8600E+02   4.6131E-04  0.0946   0.0000E+00  0.0000
   1.8600E+02   1.8700E+02   2.9466E-04  0.1179   0.0000E+00  0.0000
   1.8700E+02   1.8800E+02   3.0956E-04  0.1157   0.0000E+00  0.0000
   1.8800E+02   1.8900E+02   3.0828E-04  0.1156   0.0000E+00  0.0000
   1.8900E+02   1.9000E+02   3.4375E-04  0.1107   0.0000E+00  0.0000
   1.9000E+02   1.9100E+02   2.6633E-04  0.1250   0.0000E+00  0.0000
   1.9100E+02   1.9200E+02   2.7579E-04  0.1234   0.0000E+00  0.0000
   1.9200E+02   1.9300E+02   2.2279E-04  0.1362   0.0000E+00  0.0000
   1.9300E+02   1.9400E+02   2.3847E-04  0.1314   0.0000E+00  0.0000
   1.9400E+02   1.9500E+02   2.8354E-04  0.1206   0.0000E+00  0.0000
   1.9500E+02   1.9600E+02   2.1746E-04  0.1375   0.0000E+00  0.0000
   1.9600E+02   1.9700E+02   2.3102E-04  0.1337   0.0000E+00  0.0000
   1.9700E+02   1.9800E+02   2.0789E-04  0.1417   0.0000E+00  0.0000
   1.9800E+02   1.9900E+02   2.6643E-04  0.1241   0.0000E+00  0.0000
   1.9900E+02   2.0000E+02   2.6919E-04  0.1231   0.0000E+00  0.0000
   2.0000E+02   2.0100E+02   2.0428E-04  0.1415   0.0000E+00  0.0000
   2.0100E+02   2.0200E+02   1.8223E-04  0.1511   0.0000E+00  0.0000
   2.0200E+02   2.0300E+02   1.9598E-04  0.1444   0.0000E+00  0.0000
   2.0300E+02   2.0400E+02   1.8419E-04  0.1492   0.0000E+00  0.0000
   2.0400E+02   2.0500E+02   1.4831E-04  0.1668   0.0000E+00  0.0000
   2.0500E+02   2.0600E+02   1.9419E-04  0.1460   0.0000E+00  0.0000
   2.0600E+02   2.0700E+02   1.1278E-04  0.1930   0.0000E+00  0.0000
   2.0700E+02   2.0800E+02   1.9334E-04  0.1460   0.0000E+00  0.0000
   2.0800E+02   2.0900E+02   1.8523E-04  0.1492   0.0000E+00  0.0000
   2.0900E+02   2.1000E+02   1.6095E-04  0.1603   0.0000E+00  0.0000
   2.1000E+02   2.1100E+02   1.9922E-04  0.1429   0.0000E+00  0.0000
   2.1100E+02   2.1200E+02   2.1691E-04  0.1374   0.0000E+00  0.0000
   2.1200E+02   2.1300E+02   2.1388E-04  0.1388   0.0000E+00  0.0000
   2.1300E+02   2.1400E+02   1.9891E-04  0.1432   0.0000E+00  0.0000
   2.1400E+02   2.1500E+02   1.6096E-04  0.1588   0.0000E+00  0.0000
   2.1500E+02   2.1600E+02   1.0999E-04  0.1925   0.0000E+00  0.0000
   2.1600E+02   2.1700E+02   6.0872E-05  0.2582   0.0000E+00  0.0000
   2.1700E+02   2.1800E+02   1.4642E-04  0.1667   0.0000E+00  0.0000
   2.1800E+02   2.1900E+02   2.0696E-04  0.1400   0.0000E+00  0.0000
   2.1900E+02   2.2000E+02   1.9577E-04  0.1444   0.0000E+00  0.0000
   2.2000E+02   2.2100E+02   1.6367E-04  0.1582   0.0000E+00  0.0000
   2.2100E+02   2.2200E+02   1.3862E-04  0.1716   0.0000E+00  0.0000
   2.2200E+02   2.2300E+02   1.3821E-04  0.1715   0.0000E+00  0.0000
   2.2300E+02   2.2400E+02   1.4603E-04  0.1667   0.0000E+00  0.0000
   2.2400E+02   2.2500E+02   1.4376E-04  0.1681   0.0000E+00  0.0000
   2.2500E+02   2.2600E+02   1.2978E-04  0.1768   0.0000E+00  0.0000
   2.2600E+02   2.2700E+02   7.3510E-05  0.2358   0.0000E+00  0.0000
   2.2700E+02   2.2800E+02   6.9597E-05  0.2426   0.0000E+00  0.0000
   2.2800E+02   2.2900E+02   1.3441E-04  0.1741   0.0000E+00  0.0000
   2.2900E+02   2.3000E+02   1.2176E-04  0.1826   0.0000E+00  0.0000
   2.3000E+02   2.3100E+02   1.2963E-04  0.1768   0.0000E+00  0.0000
   2.3100E+02   2.3200E+02   8.0666E-05  0.2236   0.0000E+00  0.0000
   2.3200E+02   2.3300E+02   8.5571E-05  0.2183   0.0000E+00  0.0000
   2.3300E+02   2.3400E+02   7.7246E-05  0.2294   0.0000E+00  0.0000
   2.3400E+02   2.3500E+02   1.0537E-04  0.1961   0.0000E+00  0.0000
   2.3500E+02   2.3600E+02   1.2122E-04  0.1826   0.0000E+00  0.0000
   2.3600E+02   2.3700E+02   9.2933E-05  0.2085   0.0000E+00  0.0000
   2.3700E+02   2.3800E+02   8.5351E-05  0.2183   0.0000E+00  0.0000
   2.3800E+02   2.3900E+02   1.0535E-04  0.1961   0.0000E+00  0.0000
   2.3900E+02   2.4000E+02   1.0559E-04  0.1962   0.0000E+00  0.0000
   2.4000E+02   2.4100E+02   1.0145E-04  0.2000   0.0000E+00  0.0000
   2.4100E+02   2.4200E+02   8.9750E-05  0.2133   0.0000E+00  0.0000
   2.4200E+02   2.4300E+02   6.4669E-05  0.2500   0.0000E+00  0.0000
   2.4300E+02   2.4400E+02   1.0931E-04  0.1925   0.0000E+00  0.0000
   2.4400E+02   2.4500E+02   9.7370E-05  0.2041   0.0000E+00  0.0000
   2.4500E+02   2.4600E+02   8.4914E-05  0.2182   0.0000E+00  0.0000
   2.4600E+02   2.4700E+02   5.6733E-05  0.2673   0.0000E+00  0.0000
   2.4700E+02   2.4800E+02   5.2718E-05  0.2774   0.0000E+00  0.0000
   2.4800E+02   2.4900E+02   2.8149E-05  0.3780   0.0000E+00  0.0000
   2.4900E+02   2.5000E+02   0.0000E+00  0.0000   0.0000E+00  0.0000

#   sum over                 1.1911E-03           1.8373E-03

'no. =  1,  reg  =      5'
msuc: {\huge [t-track] in region mesh}
msdr: {\it plotted by \ANGEL \version}
msdl: {\it calculated by \PHITS  3.26}
wt: s(0.7)
\vspace{-3}
   vol  &=&   1.0000E+00 [cm^3]
e:
 
# Information for Restart Calculation
# This calculation was newly started
# istdev =  2 # 1:Batch variance, 2:History variance
# resc2  = 1.24500030000000000E+07 # Total source weight or Total source weight / maxcas
# resc3  = 1.24500000000000000E+07 # Total history number or Total batch number
# maxcas =       10000 # History / Batch, only used for istdev=1
# bitrseed = 1110011001111011011101000110101010111000100010101101110100100111 # bit data of rseed
