[ T-Track ]
    title = [t-track] in region mesh
     mesh =  reg            # mesh type is region-wise
      reg = 5
   e-type =    1            # e-mesh is given by the below data
       ne =    250          # number of e-mesh points
#    data = ( e(i), i = 1, ne + 1 )
            0.00000E+00  1.00000E+00  2.00000E+00  3.00000E+00  4.00000E+00
            5.00000E+00  6.00000E+00  7.00000E+00  8.00000E+00  9.00000E+00
            1.00000E+01  1.10000E+01  1.20000E+01  1.30000E+01  1.40000E+01
            1.50000E+01  1.60000E+01  1.70000E+01  1.80000E+01  1.90000E+01
            2.00000E+01  2.10000E+01  2.20000E+01  2.30000E+01  2.40000E+01
            2.50000E+01  2.60000E+01  2.70000E+01  2.80000E+01  2.90000E+01
            3.00000E+01  3.10000E+01  3.20000E+01  3.30000E+01  3.40000E+01
            3.50000E+01  3.60000E+01  3.70000E+01  3.80000E+01  3.90000E+01
            4.00000E+01  4.10000E+01  4.20000E+01  4.30000E+01  4.40000E+01
            4.50000E+01  4.60000E+01  4.70000E+01  4.80000E+01  4.90000E+01
            5.00000E+01  5.10000E+01  5.20000E+01  5.30000E+01  5.40000E+01
            5.50000E+01  5.60000E+01  5.70000E+01  5.80000E+01  5.90000E+01
            6.00000E+01  6.10000E+01  6.20000E+01  6.30000E+01  6.40000E+01
            6.50000E+01  6.60000E+01  6.70000E+01  6.80000E+01  6.90000E+01
            7.00000E+01  7.10000E+01  7.20000E+01  7.30000E+01  7.40000E+01
            7.50000E+01  7.60000E+01  7.70000E+01  7.80000E+01  7.90000E+01
            8.00000E+01  8.10000E+01  8.20000E+01  8.30000E+01  8.40000E+01
            8.50000E+01  8.60000E+01  8.70000E+01  8.80000E+01  8.90000E+01
            9.00000E+01  9.10000E+01  9.20000E+01  9.30000E+01  9.40000E+01
            9.50000E+01  9.60000E+01  9.70000E+01  9.80000E+01  9.90000E+01
            1.00000E+02  1.01000E+02  1.02000E+02  1.03000E+02  1.04000E+02
            1.05000E+02  1.06000E+02  1.07000E+02  1.08000E+02  1.09000E+02
            1.10000E+02  1.11000E+02  1.12000E+02  1.13000E+02  1.14000E+02
            1.15000E+02  1.16000E+02  1.17000E+02  1.18000E+02  1.19000E+02
            1.20000E+02  1.21000E+02  1.22000E+02  1.23000E+02  1.24000E+02
            1.25000E+02  1.26000E+02  1.27000E+02  1.28000E+02  1.29000E+02
            1.30000E+02  1.31000E+02  1.32000E+02  1.33000E+02  1.34000E+02
            1.35000E+02  1.36000E+02  1.37000E+02  1.38000E+02  1.39000E+02
            1.40000E+02  1.41000E+02  1.42000E+02  1.43000E+02  1.44000E+02
            1.45000E+02  1.46000E+02  1.47000E+02  1.48000E+02  1.49000E+02
            1.50000E+02  1.51000E+02  1.52000E+02  1.53000E+02  1.54000E+02
            1.55000E+02  1.56000E+02  1.57000E+02  1.58000E+02  1.59000E+02
            1.60000E+02  1.61000E+02  1.62000E+02  1.63000E+02  1.64000E+02
            1.65000E+02  1.66000E+02  1.67000E+02  1.68000E+02  1.69000E+02
            1.70000E+02  1.71000E+02  1.72000E+02  1.73000E+02  1.74000E+02
            1.75000E+02  1.76000E+02  1.77000E+02  1.78000E+02  1.79000E+02
            1.80000E+02  1.81000E+02  1.82000E+02  1.83000E+02  1.84000E+02
            1.85000E+02  1.86000E+02  1.87000E+02  1.88000E+02  1.89000E+02
            1.90000E+02  1.91000E+02  1.92000E+02  1.93000E+02  1.94000E+02
            1.95000E+02  1.96000E+02  1.97000E+02  1.98000E+02  1.99000E+02
            2.00000E+02  2.01000E+02  2.02000E+02  2.03000E+02  2.04000E+02
            2.05000E+02  2.06000E+02  2.07000E+02  2.08000E+02  2.09000E+02
            2.10000E+02  2.11000E+02  2.12000E+02  2.13000E+02  2.14000E+02
            2.15000E+02  2.16000E+02  2.17000E+02  2.18000E+02  2.19000E+02
            2.20000E+02  2.21000E+02  2.22000E+02  2.23000E+02  2.24000E+02
            2.25000E+02  2.26000E+02  2.27000E+02  2.28000E+02  2.29000E+02
            2.30000E+02  2.31000E+02  2.32000E+02  2.33000E+02  2.34000E+02
            2.35000E+02  2.36000E+02  2.37000E+02  2.38000E+02  2.39000E+02
            2.40000E+02  2.41000E+02  2.42000E+02  2.43000E+02  2.44000E+02
            2.45000E+02  2.46000E+02  2.47000E+02  2.48000E+02  2.49000E+02
            2.50000E+02
     unit =    2            # unit is [1/cm^2/(MeV/n)/source]
 material =  all            # (D=all) number of specific material
     axis =     eng            # axis of output
     file = neutral_particles_shield1_HE.out  # file name of output for the above axis
     part =  neutron    photon   
# kf/name :  2112       22       
#    used :        main (  %)        temp (  %)       total (  %)
#  memory :         257 (  0)           0 (  0)         257 (  0)

#------------------------------------------------------------------------------
#newpage:
#   no. =  1   reg =      5

x: Energy [MeV/n]
y: Flux [1/cm^2/(MeV/n)/source]      
p: xlin ylog afac(0.8) form(0.9)
h: n            x            y(neutron ),hh0l   n y(photon  ),hh0dr  n 
#  e-lower      e-upper      neutron     r.err    photon      r.err 
   0.0000E+00   1.0000E+00   4.8420E-01  0.0038   5.0024E-02  0.0118
   1.0000E+00   2.0000E+00   4.1785E-02  0.0105   1.1158E-02  0.0209
   2.0000E+00   3.0000E+00   1.1207E-02  0.0199   6.0055E-03  0.0272
   3.0000E+00   4.0000E+00   5.0852E-03  0.0288   3.7631E-03  0.0345
   4.0000E+00   5.0000E+00   3.3637E-03  0.0353   2.1726E-03  0.0444
   5.0000E+00   6.0000E+00   2.3581E-03  0.0419   1.4665E-03  0.0537
   6.0000E+00   7.0000E+00   1.7822E-03  0.0476   1.0826E-03  0.0627
   7.0000E+00   8.0000E+00   1.3003E-03  0.0557   8.6484E-04  0.0684
   8.0000E+00   9.0000E+00   1.2528E-03  0.0567   3.0591E-04  0.1184
   9.0000E+00   1.0000E+01   1.1695E-03  0.0602   2.1751E-04  0.1406
   1.0000E+01   1.1000E+01   9.7752E-04  0.0648   3.0764E-05  0.4080
   1.1000E+01   1.2000E+01   8.9104E-04  0.0664   8.5991E-06  0.7074
   1.2000E+01   1.3000E+01   9.1524E-04  0.0661   5.0518E-06  1.0000
   1.3000E+01   1.4000E+01   8.1797E-04  0.0697   0.0000E+00  0.0000
   1.4000E+01   1.5000E+01   8.0959E-04  0.0690   0.0000E+00  0.0000
   1.5000E+01   1.6000E+01   7.3657E-04  0.0727   0.0000E+00  0.0000
   1.6000E+01   1.7000E+01   7.6848E-04  0.0694   0.0000E+00  0.0000
   1.7000E+01   1.8000E+01   6.4348E-04  0.0754   0.0000E+00  0.0000
   1.8000E+01   1.9000E+01   6.8603E-04  0.0741   0.0000E+00  0.0000
   1.9000E+01   2.0000E+01   7.2595E-04  0.0725   0.0000E+00  0.0000
   2.0000E+01   2.1000E+01   7.3748E-04  0.0710   0.0000E+00  0.0000
   2.1000E+01   2.2000E+01   8.0999E-04  0.0686   0.0000E+00  0.0000
   2.2000E+01   2.3000E+01   6.7764E-04  0.0749   0.0000E+00  0.0000
   2.3000E+01   2.4000E+01   7.1046E-04  0.0730   0.0000E+00  0.0000
   2.4000E+01   2.5000E+01   7.2208E-04  0.0710   0.0000E+00  0.0000
   2.5000E+01   2.6000E+01   6.9012E-04  0.0741   0.0000E+00  0.0000
   2.6000E+01   2.7000E+01   6.7851E-04  0.0742   0.0000E+00  0.0000
   2.7000E+01   2.8000E+01   6.2892E-04  0.0764   0.0000E+00  0.0000
   2.8000E+01   2.9000E+01   6.8046E-04  0.0737   0.0000E+00  0.0000
   2.9000E+01   3.0000E+01   5.6281E-04  0.0790   0.0000E+00  0.0000
   3.0000E+01   3.1000E+01   5.9009E-04  0.0759   0.0000E+00  0.0000
   3.1000E+01   3.2000E+01   6.7647E-04  0.0739   0.0000E+00  0.0000
   3.2000E+01   3.3000E+01   5.9863E-04  0.0780   0.0000E+00  0.0000
   3.3000E+01   3.4000E+01   5.4793E-04  0.0822   0.0000E+00  0.0000
   3.4000E+01   3.5000E+01   5.9119E-04  0.0797   0.0000E+00  0.0000
   3.5000E+01   3.6000E+01   6.0466E-04  0.0775   0.0000E+00  0.0000
   3.6000E+01   3.7000E+01   5.2517E-04  0.0830   0.0000E+00  0.0000
   3.7000E+01   3.8000E+01   5.6451E-04  0.0797   0.0000E+00  0.0000
   3.8000E+01   3.9000E+01   4.7485E-04  0.0856   0.0000E+00  0.0000
   3.9000E+01   4.0000E+01   5.8268E-04  0.0761   0.0000E+00  0.0000
   4.0000E+01   4.1000E+01   5.7215E-04  0.0803   0.0000E+00  0.0000
   4.1000E+01   4.2000E+01   5.7015E-04  0.0804   0.0000E+00  0.0000
   4.2000E+01   4.3000E+01   5.2915E-04  0.0826   0.0000E+00  0.0000
   4.3000E+01   4.4000E+01   5.9173E-04  0.0777   0.0000E+00  0.0000
   4.4000E+01   4.5000E+01   5.2816E-04  0.0815   0.0000E+00  0.0000
   4.5000E+01   4.6000E+01   5.9889E-04  0.0797   0.0000E+00  0.0000
   4.6000E+01   4.7000E+01   5.1687E-04  0.0821   0.0000E+00  0.0000
   4.7000E+01   4.8000E+01   5.3456E-04  0.0809   0.0000E+00  0.0000
   4.8000E+01   4.9000E+01   4.6771E-04  0.0865   0.0000E+00  0.0000
   4.9000E+01   5.0000E+01   5.2056E-04  0.0817   0.0000E+00  0.0000
   5.0000E+01   5.1000E+01   5.6153E-04  0.0784   0.0000E+00  0.0000
   5.1000E+01   5.2000E+01   5.8950E-04  0.0795   0.0000E+00  0.0000
   5.2000E+01   5.3000E+01   5.3448E-04  0.0786   0.0000E+00  0.0000
   5.3000E+01   5.4000E+01   4.8808E-04  0.0845   0.0000E+00  0.0000
   5.4000E+01   5.5000E+01   5.7173E-04  0.0780   0.0000E+00  0.0000
   5.5000E+01   5.6000E+01   4.9262E-04  0.0853   0.0000E+00  0.0000
   5.6000E+01   5.7000E+01   5.0815E-04  0.0832   0.0000E+00  0.0000
   5.7000E+01   5.8000E+01   4.9206E-04  0.0832   0.0000E+00  0.0000
   5.8000E+01   5.9000E+01   5.5868E-04  0.0789   0.0000E+00  0.0000
   5.9000E+01   6.0000E+01   5.2904E-04  0.0794   0.0000E+00  0.0000
   6.0000E+01   6.1000E+01   5.3197E-04  0.0798   0.0000E+00  0.0000
   6.1000E+01   6.2000E+01   4.7236E-04  0.0835   0.0000E+00  0.0000
   6.2000E+01   6.3000E+01   5.0423E-04  0.0807   0.0000E+00  0.0000
   6.3000E+01   6.4000E+01   4.4499E-04  0.0861   0.0000E+00  0.0000
   6.4000E+01   6.5000E+01   4.7591E-04  0.0826   0.0000E+00  0.0000
   6.5000E+01   6.6000E+01   4.3978E-04  0.0863   0.0000E+00  0.0000
   6.6000E+01   6.7000E+01   5.4663E-04  0.0765   0.0000E+00  0.0000
   6.7000E+01   6.8000E+01   5.4900E-04  0.0765   0.0000E+00  0.0000
   6.8000E+01   6.9000E+01   5.2968E-04  0.0794   0.0000E+00  0.0000
   6.9000E+01   7.0000E+01   4.9259E-04  0.0813   0.0000E+00  0.0000
   7.0000E+01   7.1000E+01   4.6785E-04  0.0837   0.0000E+00  0.0000
   7.1000E+01   7.2000E+01   5.0012E-04  0.0796   0.0000E+00  0.0000
   7.2000E+01   7.3000E+01   5.2958E-04  0.0786   0.0000E+00  0.0000
   7.3000E+01   7.4000E+01   4.6957E-04  0.0823   0.0000E+00  0.0000
   7.4000E+01   7.5000E+01   5.0288E-04  0.0806   0.0000E+00  0.0000
   7.5000E+01   7.6000E+01   5.3068E-04  0.0773   0.0000E+00  0.0000
   7.6000E+01   7.7000E+01   5.1162E-04  0.0787   0.0000E+00  0.0000
   7.7000E+01   7.8000E+01   5.3256E-04  0.0777   0.0000E+00  0.0000
   7.8000E+01   7.9000E+01   4.6878E-04  0.0829   0.0000E+00  0.0000
   7.9000E+01   8.0000E+01   4.9557E-04  0.0826   0.0000E+00  0.0000
   8.0000E+01   8.1000E+01   4.6093E-04  0.0820   0.0000E+00  0.0000
   8.1000E+01   8.2000E+01   5.0099E-04  0.0802   0.0000E+00  0.0000
   8.2000E+01   8.3000E+01   4.7115E-04  0.0817   0.0000E+00  0.0000
   8.3000E+01   8.4000E+01   4.5857E-04  0.0840   0.0000E+00  0.0000
   8.4000E+01   8.5000E+01   3.8474E-04  0.0895   0.0000E+00  0.0000
   8.5000E+01   8.6000E+01   4.5540E-04  0.0818   0.0000E+00  0.0000
   8.6000E+01   8.7000E+01   5.0528E-04  0.0787   0.0000E+00  0.0000
   8.7000E+01   8.8000E+01   4.2765E-04  0.0861   0.0000E+00  0.0000
   8.8000E+01   8.9000E+01   4.2775E-04  0.0857   0.0000E+00  0.0000
   8.9000E+01   9.0000E+01   4.0611E-04  0.0861   0.0000E+00  0.0000
   9.0000E+01   9.1000E+01   4.0454E-04  0.0857   0.0000E+00  0.0000
   9.1000E+01   9.2000E+01   4.4459E-04  0.0824   0.0000E+00  0.0000
   9.2000E+01   9.3000E+01   4.2998E-04  0.0844   0.0000E+00  0.0000
   9.3000E+01   9.4000E+01   3.8833E-04  0.0893   0.0000E+00  0.0000
   9.4000E+01   9.5000E+01   4.4847E-04  0.0823   0.0000E+00  0.0000
   9.5000E+01   9.6000E+01   4.0531E-04  0.0869   0.0000E+00  0.0000
   9.6000E+01   9.7000E+01   4.0472E-04  0.0865   0.0000E+00  0.0000
   9.7000E+01   9.8000E+01   3.9177E-04  0.0887   0.0000E+00  0.0000
   9.8000E+01   9.9000E+01   3.6501E-04  0.0910   0.0000E+00  0.0000
   9.9000E+01   1.0000E+02   3.8182E-04  0.0889   0.0000E+00  0.0000
   1.0000E+02   1.0100E+02   3.5104E-04  0.0906   0.0000E+00  0.0000
   1.0100E+02   1.0200E+02   4.0016E-04  0.0852   0.0000E+00  0.0000
   1.0200E+02   1.0300E+02   3.6933E-04  0.0886   0.0000E+00  0.0000
   1.0300E+02   1.0400E+02   4.1437E-04  0.0844   0.0000E+00  0.0000
   1.0400E+02   1.0500E+02   3.7569E-04  0.0893   0.0000E+00  0.0000
   1.0500E+02   1.0600E+02   3.3485E-04  0.0947   0.0000E+00  0.0000
   1.0600E+02   1.0700E+02   3.9463E-04  0.0873   0.0000E+00  0.0000
   1.0700E+02   1.0800E+02   4.1937E-04  0.0839   0.0000E+00  0.0000
   1.0800E+02   1.0900E+02   3.5958E-04  0.0904   0.0000E+00  0.0000
   1.0900E+02   1.1000E+02   3.9215E-04  0.0866   0.0000E+00  0.0000
   1.1000E+02   1.1100E+02   3.2376E-04  0.0957   0.0000E+00  0.0000
   1.1100E+02   1.1200E+02   3.6157E-04  0.0916   0.0000E+00  0.0000
   1.1200E+02   1.1300E+02   3.2342E-04  0.0943   0.0000E+00  0.0000
   1.1300E+02   1.1400E+02   2.9843E-04  0.0994   0.0000E+00  0.0000
   1.1400E+02   1.1500E+02   3.3187E-04  0.0938   0.0000E+00  0.0000
   1.1500E+02   1.1600E+02   2.8952E-04  0.0991   0.0000E+00  0.0000
   1.1600E+02   1.1700E+02   3.6073E-04  0.0901   0.0000E+00  0.0000
   1.1700E+02   1.1800E+02   3.4236E-04  0.0917   0.0000E+00  0.0000
   1.1800E+02   1.1900E+02   2.9154E-04  0.0992   0.0000E+00  0.0000
   1.1900E+02   1.2000E+02   3.4710E-04  0.0923   0.0000E+00  0.0000
   1.2000E+02   1.2100E+02   3.6601E-04  0.0897   0.0000E+00  0.0000
   1.2100E+02   1.2200E+02   3.0232E-04  0.0969   0.0000E+00  0.0000
   1.2200E+02   1.2300E+02   2.4992E-04  0.1074   0.0000E+00  0.0000
   1.2300E+02   1.2400E+02   2.6885E-04  0.1030   0.0000E+00  0.0000
   1.2400E+02   1.2500E+02   2.4082E-04  0.1118   0.0000E+00  0.0000
   1.2500E+02   1.2600E+02   2.9908E-04  0.1002   0.0000E+00  0.0000
   1.2600E+02   1.2700E+02   2.7481E-04  0.1015   0.0000E+00  0.0000
   1.2700E+02   1.2800E+02   2.7105E-04  0.1025   0.0000E+00  0.0000
   1.2800E+02   1.2900E+02   2.4032E-04  0.1085   0.0000E+00  0.0000
   1.2900E+02   1.3000E+02   2.5092E-04  0.1072   0.0000E+00  0.0000
   1.3000E+02   1.3100E+02   2.6809E-04  0.1050   0.0000E+00  0.0000
   1.3100E+02   1.3200E+02   2.5762E-04  0.1055   0.0000E+00  0.0000
   1.3200E+02   1.3300E+02   2.4519E-04  0.1085   0.0000E+00  0.0000
   1.3300E+02   1.3400E+02   2.2924E-04  0.1122   0.0000E+00  0.0000
   1.3400E+02   1.3500E+02   2.5137E-04  0.1066   0.0000E+00  0.0000
   1.3500E+02   1.3600E+02   2.4659E-04  0.1077   0.0000E+00  0.0000
   1.3600E+02   1.3700E+02   2.3265E-04  0.1121   0.0000E+00  0.0000
   1.3700E+02   1.3800E+02   2.1744E-04  0.1131   0.0000E+00  0.0000
   1.3800E+02   1.3900E+02   1.8505E-04  0.1236   0.0000E+00  0.0000
   1.3900E+02   1.4000E+02   1.8378E-04  0.1242   0.0000E+00  0.0000
   1.4000E+02   1.4100E+02   2.3929E-04  0.1081   0.0000E+00  0.0000
   1.4100E+02   1.4200E+02   1.9882E-04  0.1193   0.0000E+00  0.0000
   1.4200E+02   1.4300E+02   2.1073E-04  0.1143   0.0000E+00  0.0000
   1.4300E+02   1.4400E+02   1.7994E-04  0.1249   0.0000E+00  0.0000
   1.4400E+02   1.4500E+02   1.9288E-04  0.1190   0.0000E+00  0.0000
   1.4500E+02   1.4600E+02   1.7064E-04  0.1271   0.0000E+00  0.0000
   1.4600E+02   1.4700E+02   1.8237E-04  0.1241   0.0000E+00  0.0000
   1.4700E+02   1.4800E+02   2.1160E-04  0.1155   0.0000E+00  0.0000
   1.4800E+02   1.4900E+02   2.1890E-04  0.1130   0.0000E+00  0.0000
   1.4900E+02   1.5000E+02   1.5251E-04  0.1342   0.0000E+00  0.0000
   1.5000E+02   1.5100E+02   1.8536E-04  0.1233   0.0000E+00  0.0000
   1.5100E+02   1.5200E+02   1.4107E-04  0.1404   0.0000E+00  0.0000
   1.5200E+02   1.5300E+02   1.5566E-04  0.1333   0.0000E+00  0.0000
   1.5300E+02   1.5400E+02   1.6976E-04  0.1273   0.0000E+00  0.0000
   1.5400E+02   1.5500E+02   2.1979E-04  0.1125   0.0000E+00  0.0000
   1.5500E+02   1.5600E+02   1.7439E-04  0.1253   0.0000E+00  0.0000
   1.5600E+02   1.5700E+02   1.6522E-04  0.1282   0.0000E+00  0.0000
   1.5700E+02   1.5800E+02   1.4978E-04  0.1368   0.0000E+00  0.0000
   1.5800E+02   1.5900E+02   1.3263E-04  0.1452   0.0000E+00  0.0000
   1.5900E+02   1.6000E+02   1.7661E-04  0.1243   0.0000E+00  0.0000
   1.6000E+02   1.6100E+02   1.5341E-04  0.1340   0.0000E+00  0.0000
   1.6100E+02   1.6200E+02   1.2049E-04  0.1511   0.0000E+00  0.0000
   1.6200E+02   1.6300E+02   1.4264E-04  0.1393   0.0000E+00  0.0000
   1.6300E+02   1.6400E+02   1.1162E-04  0.1593   0.0000E+00  0.0000
   1.6400E+02   1.6500E+02   1.2237E-04  0.1499   0.0000E+00  0.0000
   1.6500E+02   1.6600E+02   1.2318E-04  0.1476   0.0000E+00  0.0000
   1.6600E+02   1.6700E+02   1.2628E-04  0.1461   0.0000E+00  0.0000
   1.6700E+02   1.6800E+02   1.0941E-04  0.1563   0.0000E+00  0.0000
   1.6800E+02   1.6900E+02   1.0906E-04  0.1586   0.0000E+00  0.0000
   1.6900E+02   1.7000E+02   1.1726E-04  0.1508   0.0000E+00  0.0000
   1.7000E+02   1.7100E+02   1.3182E-04  0.1431   0.0000E+00  0.0000
   1.7100E+02   1.7200E+02   9.2832E-05  0.1692   0.0000E+00  0.0000
   1.7200E+02   1.7300E+02   1.0519E-04  0.1604   0.0000E+00  0.0000
   1.7300E+02   1.7400E+02   1.0304E-04  0.1651   0.0000E+00  0.0000
   1.7400E+02   1.7500E+02   1.1472E-04  0.1548   0.0000E+00  0.0000
   1.7500E+02   1.7600E+02   9.1654E-05  0.1720   0.0000E+00  0.0000
   1.7600E+02   1.7700E+02   1.1888E-04  0.1510   0.0000E+00  0.0000
   1.7700E+02   1.7800E+02   1.1407E-04  0.1547   0.0000E+00  0.0000
   1.7800E+02   1.7900E+02   1.1120E-04  0.1564   0.0000E+00  0.0000
   1.7900E+02   1.8000E+02   1.0215E-04  0.1625   0.0000E+00  0.0000
   1.8000E+02   1.8100E+02   8.5755E-05  0.1770   0.0000E+00  0.0000
   1.8100E+02   1.8200E+02   1.0407E-04  0.1634   0.0000E+00  0.0000
   1.8200E+02   1.8300E+02   6.9501E-05  0.1963   0.0000E+00  0.0000
   1.8300E+02   1.8400E+02   1.0091E-04  0.1624   0.0000E+00  0.0000
   1.8400E+02   1.8500E+02   8.7733E-05  0.1774   0.0000E+00  0.0000
   1.8500E+02   1.8600E+02   1.2587E-04  0.1462   0.0000E+00  0.0000
   1.8600E+02   1.8700E+02   6.7197E-05  0.2004   0.0000E+00  0.0000
   1.8700E+02   1.8800E+02   1.1429E-04  0.1550   0.0000E+00  0.0000
   1.8800E+02   1.8900E+02   6.4625E-05  0.2045   0.0000E+00  0.0000
   1.8900E+02   1.9000E+02   9.8268E-05  0.1674   0.0000E+00  0.0000
   1.9000E+02   1.9100E+02   1.0100E-04  0.1624   0.0000E+00  0.0000
   1.9100E+02   1.9200E+02   7.3608E-05  0.1932   0.0000E+00  0.0000
   1.9200E+02   1.9300E+02   5.2767E-05  0.2237   0.0000E+00  0.0000
   1.9300E+02   1.9400E+02   8.3404E-05  0.1800   0.0000E+00  0.0000
   1.9400E+02   1.9500E+02   4.0528E-05  0.2587   0.0000E+00  0.0000
   1.9500E+02   1.9600E+02   7.4339E-05  0.1892   0.0000E+00  0.0000
   1.9600E+02   1.9700E+02   6.7230E-05  0.2002   0.0000E+00  0.0000
   1.9700E+02   1.9800E+02   5.6124E-05  0.2184   0.0000E+00  0.0000
   1.9800E+02   1.9900E+02   6.2151E-05  0.2089   0.0000E+00  0.0000
   1.9900E+02   2.0000E+02   7.9410E-05  0.1827   0.0000E+00  0.0000
   2.0000E+02   2.0100E+02   5.0563E-05  0.2298   0.0000E+00  0.0000
   2.0100E+02   2.0200E+02   4.4759E-05  0.2426   0.0000E+00  0.0000
   2.0200E+02   2.0300E+02   3.7036E-05  0.2674   0.0000E+00  0.0000
   2.0300E+02   2.0400E+02   5.7859E-05  0.2133   0.0000E+00  0.0000
   2.0400E+02   2.0500E+02   3.1774E-05  0.2888   0.0000E+00  0.0000
   2.0500E+02   2.0600E+02   7.3043E-05  0.1930   0.0000E+00  0.0000
   2.0600E+02   2.0700E+02   4.2560E-05  0.2501   0.0000E+00  0.0000
   2.0700E+02   2.0800E+02   2.6029E-05  0.3162   0.0000E+00  0.0000
   2.0800E+02   2.0900E+02   4.5297E-05  0.2427   0.0000E+00  0.0000
   2.0900E+02   2.1000E+02   3.2355E-05  0.2892   0.0000E+00  0.0000
   2.1000E+02   2.1100E+02   7.2167E-05  0.1927   0.0000E+00  0.0000
   2.1100E+02   2.1200E+02   5.5528E-05  0.2183   0.0000E+00  0.0000
   2.1200E+02   2.1300E+02   5.8569E-05  0.2134   0.0000E+00  0.0000
   2.1300E+02   2.1400E+02   4.8018E-05  0.2361   0.0000E+00  0.0000
   2.1400E+02   2.1500E+02   2.9101E-05  0.3016   0.0000E+00  0.0000
   2.1500E+02   2.1600E+02   2.3774E-05  0.3334   0.0000E+00  0.0000
   2.1600E+02   2.1700E+02   2.3852E-05  0.3335   0.0000E+00  0.0000
   2.1700E+02   2.1800E+02   3.9686E-05  0.2583   0.0000E+00  0.0000
   2.1800E+02   2.1900E+02   4.9748E-05  0.2294   0.0000E+00  0.0000
   2.1900E+02   2.2000E+02   5.2828E-05  0.2237   0.0000E+00  0.0000
   2.2000E+02   2.2100E+02   2.6572E-05  0.3166   0.0000E+00  0.0000
   2.2100E+02   2.2200E+02   1.0450E-05  0.5000   0.0000E+00  0.0000
   2.2200E+02   2.2300E+02   2.3674E-05  0.3334   0.0000E+00  0.0000
   2.2300E+02   2.2400E+02   4.9638E-05  0.2294   0.0000E+00  0.0000
   2.2400E+02   2.2500E+02   2.8990E-05  0.3017   0.0000E+00  0.0000
   2.2500E+02   2.2600E+02   3.2934E-05  0.2905   0.0000E+00  0.0000
   2.2600E+02   2.2700E+02   1.9573E-05  0.3798   0.0000E+00  0.0000
   2.2700E+02   2.2800E+02   1.0588E-05  0.5000   0.0000E+00  0.0000
   2.2800E+02   2.2900E+02   2.8716E-05  0.3015   0.0000E+00  0.0000
   2.2900E+02   2.3000E+02   5.7828E-05  0.2133   0.0000E+00  0.0000
   2.3000E+02   2.3100E+02   3.3959E-05  0.2774   0.0000E+00  0.0000
   2.3100E+02   2.3200E+02   1.8164E-05  0.3780   0.0000E+00  0.0000
   2.3200E+02   2.3300E+02   2.3583E-05  0.3335   0.0000E+00  0.0000
   2.3300E+02   2.3400E+02   7.8274E-06  0.5774   0.0000E+00  0.0000
   2.3400E+02   2.3500E+02   1.8388E-05  0.3780   0.0000E+00  0.0000
   2.3500E+02   2.3600E+02   1.3057E-05  0.4472   0.0000E+00  0.0000
   2.3600E+02   2.3700E+02   2.0942E-05  0.3536   0.0000E+00  0.0000
   2.3700E+02   2.3800E+02   1.0464E-05  0.5000   0.0000E+00  0.0000
   2.3800E+02   2.3900E+02   2.3611E-05  0.3334   0.0000E+00  0.0000
   2.3900E+02   2.4000E+02   2.0896E-05  0.3536   0.0000E+00  0.0000
   2.4000E+02   2.4100E+02   2.8779E-05  0.3016   0.0000E+00  0.0000
   2.4100E+02   2.4200E+02   3.3897E-05  0.2774   0.0000E+00  0.0000
   2.4200E+02   2.4300E+02   1.5587E-05  0.4083   0.0000E+00  0.0000
   2.4300E+02   2.4400E+02   2.0876E-05  0.3536   0.0000E+00  0.0000
   2.4400E+02   2.4500E+02   3.6943E-05  0.2673   0.0000E+00  0.0000
   2.4500E+02   2.4600E+02   2.0699E-05  0.3536   0.0000E+00  0.0000
   2.4600E+02   2.4700E+02   1.5567E-05  0.4083   0.0000E+00  0.0000
   2.4700E+02   2.4800E+02   1.5752E-05  0.4083   0.0000E+00  0.0000
   2.4800E+02   2.4900E+02   5.5503E-06  0.7087   0.0000E+00  0.0000
   2.4900E+02   2.5000E+02   0.0000E+00  0.0000   0.0000E+00  0.0000

#   sum over                 2.4989E-03           3.0842E-04

'no. =  1,  reg  =      5'
msuc: {\huge [t-track] in region mesh}
msdr: {\it plotted by \ANGEL \version}
msdl: {\it calculated by \PHITS  3.26}
wt: s(0.7)
\vspace{-3}
   vol  &=&   1.0000E+00 [cm^3]
e:
 
# Information for Restart Calculation
# This calculation was newly started
# istdev =  2 # 1:Batch variance, 2:History variance
# resc2  = 1.93700000000000000E+07 # Total source weight or Total source weight / maxcas
# resc3  = 1.93700000000000000E+07 # Total history number or Total batch number
# maxcas =       10000 # History / Batch, only used for istdev=1
# bitrseed = 0000011110101100100011100000100111011001000100000011110100100000 # bit data of rseed
