[ T-Track ]
    title = [t-track] in region mesh
     mesh =  reg            # mesh type is region-wise
      reg = 5
   e-type =    1            # e-mesh is given by the below data
       ne =    250          # number of e-mesh points
#    data = ( e(i), i = 1, ne + 1 )
            0.00000E+00  1.00000E+00  2.00000E+00  3.00000E+00  4.00000E+00
            5.00000E+00  6.00000E+00  7.00000E+00  8.00000E+00  9.00000E+00
            1.00000E+01  1.10000E+01  1.20000E+01  1.30000E+01  1.40000E+01
            1.50000E+01  1.60000E+01  1.70000E+01  1.80000E+01  1.90000E+01
            2.00000E+01  2.10000E+01  2.20000E+01  2.30000E+01  2.40000E+01
            2.50000E+01  2.60000E+01  2.70000E+01  2.80000E+01  2.90000E+01
            3.00000E+01  3.10000E+01  3.20000E+01  3.30000E+01  3.40000E+01
            3.50000E+01  3.60000E+01  3.70000E+01  3.80000E+01  3.90000E+01
            4.00000E+01  4.10000E+01  4.20000E+01  4.30000E+01  4.40000E+01
            4.50000E+01  4.60000E+01  4.70000E+01  4.80000E+01  4.90000E+01
            5.00000E+01  5.10000E+01  5.20000E+01  5.30000E+01  5.40000E+01
            5.50000E+01  5.60000E+01  5.70000E+01  5.80000E+01  5.90000E+01
            6.00000E+01  6.10000E+01  6.20000E+01  6.30000E+01  6.40000E+01
            6.50000E+01  6.60000E+01  6.70000E+01  6.80000E+01  6.90000E+01
            7.00000E+01  7.10000E+01  7.20000E+01  7.30000E+01  7.40000E+01
            7.50000E+01  7.60000E+01  7.70000E+01  7.80000E+01  7.90000E+01
            8.00000E+01  8.10000E+01  8.20000E+01  8.30000E+01  8.40000E+01
            8.50000E+01  8.60000E+01  8.70000E+01  8.80000E+01  8.90000E+01
            9.00000E+01  9.10000E+01  9.20000E+01  9.30000E+01  9.40000E+01
            9.50000E+01  9.60000E+01  9.70000E+01  9.80000E+01  9.90000E+01
            1.00000E+02  1.01000E+02  1.02000E+02  1.03000E+02  1.04000E+02
            1.05000E+02  1.06000E+02  1.07000E+02  1.08000E+02  1.09000E+02
            1.10000E+02  1.11000E+02  1.12000E+02  1.13000E+02  1.14000E+02
            1.15000E+02  1.16000E+02  1.17000E+02  1.18000E+02  1.19000E+02
            1.20000E+02  1.21000E+02  1.22000E+02  1.23000E+02  1.24000E+02
            1.25000E+02  1.26000E+02  1.27000E+02  1.28000E+02  1.29000E+02
            1.30000E+02  1.31000E+02  1.32000E+02  1.33000E+02  1.34000E+02
            1.35000E+02  1.36000E+02  1.37000E+02  1.38000E+02  1.39000E+02
            1.40000E+02  1.41000E+02  1.42000E+02  1.43000E+02  1.44000E+02
            1.45000E+02  1.46000E+02  1.47000E+02  1.48000E+02  1.49000E+02
            1.50000E+02  1.51000E+02  1.52000E+02  1.53000E+02  1.54000E+02
            1.55000E+02  1.56000E+02  1.57000E+02  1.58000E+02  1.59000E+02
            1.60000E+02  1.61000E+02  1.62000E+02  1.63000E+02  1.64000E+02
            1.65000E+02  1.66000E+02  1.67000E+02  1.68000E+02  1.69000E+02
            1.70000E+02  1.71000E+02  1.72000E+02  1.73000E+02  1.74000E+02
            1.75000E+02  1.76000E+02  1.77000E+02  1.78000E+02  1.79000E+02
            1.80000E+02  1.81000E+02  1.82000E+02  1.83000E+02  1.84000E+02
            1.85000E+02  1.86000E+02  1.87000E+02  1.88000E+02  1.89000E+02
            1.90000E+02  1.91000E+02  1.92000E+02  1.93000E+02  1.94000E+02
            1.95000E+02  1.96000E+02  1.97000E+02  1.98000E+02  1.99000E+02
            2.00000E+02  2.01000E+02  2.02000E+02  2.03000E+02  2.04000E+02
            2.05000E+02  2.06000E+02  2.07000E+02  2.08000E+02  2.09000E+02
            2.10000E+02  2.11000E+02  2.12000E+02  2.13000E+02  2.14000E+02
            2.15000E+02  2.16000E+02  2.17000E+02  2.18000E+02  2.19000E+02
            2.20000E+02  2.21000E+02  2.22000E+02  2.23000E+02  2.24000E+02
            2.25000E+02  2.26000E+02  2.27000E+02  2.28000E+02  2.29000E+02
            2.30000E+02  2.31000E+02  2.32000E+02  2.33000E+02  2.34000E+02
            2.35000E+02  2.36000E+02  2.37000E+02  2.38000E+02  2.39000E+02
            2.40000E+02  2.41000E+02  2.42000E+02  2.43000E+02  2.44000E+02
            2.45000E+02  2.46000E+02  2.47000E+02  2.48000E+02  2.49000E+02
            2.50000E+02
     unit =    2            # unit is [1/cm^2/(MeV/n)/source]
 material =  all            # (D=all) number of specific material
     axis =     eng            # axis of output
     file = neutral_particles_shield1_HE.out  # file name of output for the above axis
     part =  neutron    photon   
# kf/name :  2112       22       
#    used :        main (  %)        temp (  %)       total (  %)
#  memory :         257 (  0)           0 (  0)         257 (  0)

#------------------------------------------------------------------------------
#newpage:
#   no. =  1   reg =      5

x: Energy [MeV/n]
y: Flux [1/cm^2/(MeV/n)/source]      
p: xlin ylog afac(0.8) form(0.9)
h: n            x            y(neutron ),hh0l   n y(photon  ),hh0dr  n 
#  e-lower      e-upper      neutron     r.err    photon      r.err 
   0.0000E+00   1.0000E+00   9.1208E-01  0.0046   9.9907E-02  0.0141
   1.0000E+00   2.0000E+00   8.7349E-02  0.0125   2.2727E-02  0.0249
   2.0000E+00   3.0000E+00   2.1921E-02  0.0240   1.2382E-02  0.0325
   3.0000E+00   4.0000E+00   1.0832E-02  0.0343   7.3279E-03  0.0420
   4.0000E+00   5.0000E+00   6.4028E-03  0.0434   4.4961E-03  0.0529
   5.0000E+00   6.0000E+00   4.3647E-03  0.0517   3.1725E-03  0.0624
   6.0000E+00   7.0000E+00   3.7102E-03  0.0568   2.0318E-03  0.0770
   7.0000E+00   8.0000E+00   2.9841E-03  0.0636   2.0867E-03  0.0753
   8.0000E+00   9.0000E+00   2.2924E-03  0.0705   4.6662E-04  0.1561
   9.0000E+00   1.0000E+01   2.0522E-03  0.0762   3.8967E-04  0.1739
   1.0000E+01   1.1000E+01   1.9348E-03  0.0768   2.6814E-05  0.5783
   1.1000E+01   1.2000E+01   2.0743E-03  0.0735   1.2634E-05  1.0000
   1.2000E+01   1.3000E+01   1.6942E-03  0.0801   0.0000E+00  0.0000
   1.3000E+01   1.4000E+01   1.7479E-03  0.0808   9.3545E-06  1.0000
   1.4000E+01   1.5000E+01   1.6693E-03  0.0814   0.0000E+00  0.0000
   1.5000E+01   1.6000E+01   1.6296E-03  0.0837   0.0000E+00  0.0000
   1.6000E+01   1.7000E+01   1.6296E-03  0.0830   0.0000E+00  0.0000
   1.7000E+01   1.8000E+01   1.4586E-03  0.0884   0.0000E+00  0.0000
   1.8000E+01   1.9000E+01   1.6556E-03  0.0819   0.0000E+00  0.0000
   1.9000E+01   2.0000E+01   1.4357E-03  0.0911   0.0000E+00  0.0000
   2.0000E+01   2.1000E+01   1.2532E-03  0.0909   0.0000E+00  0.0000
   2.1000E+01   2.2000E+01   1.4764E-03  0.0853   0.0000E+00  0.0000
   2.2000E+01   2.3000E+01   1.3880E-03  0.0884   0.0000E+00  0.0000
   2.3000E+01   2.4000E+01   1.4915E-03  0.0845   0.0000E+00  0.0000
   2.4000E+01   2.5000E+01   1.3204E-03  0.0904   0.0000E+00  0.0000
   2.5000E+01   2.6000E+01   1.1721E-03  0.0939   0.0000E+00  0.0000
   2.6000E+01   2.7000E+01   1.3689E-03  0.0910   0.0000E+00  0.0000
   2.7000E+01   2.8000E+01   1.2035E-03  0.0920   0.0000E+00  0.0000
   2.8000E+01   2.9000E+01   1.3168E-03  0.0893   0.0000E+00  0.0000
   2.9000E+01   3.0000E+01   1.3350E-03  0.0874   0.0000E+00  0.0000
   3.0000E+01   3.1000E+01   1.5564E-03  0.0835   0.0000E+00  0.0000
   3.1000E+01   3.2000E+01   1.2943E-03  0.0910   0.0000E+00  0.0000
   3.2000E+01   3.3000E+01   1.3577E-03  0.0870   0.0000E+00  0.0000
   3.3000E+01   3.4000E+01   1.3588E-03  0.0871   0.0000E+00  0.0000
   3.4000E+01   3.5000E+01   1.1518E-03  0.0956   0.0000E+00  0.0000
   3.5000E+01   3.6000E+01   1.3809E-03  0.0855   0.0000E+00  0.0000
   3.6000E+01   3.7000E+01   9.2290E-04  0.1103   0.0000E+00  0.0000
   3.7000E+01   3.8000E+01   1.0499E-03  0.0988   0.0000E+00  0.0000
   3.8000E+01   3.9000E+01   1.1034E-03  0.0956   0.0000E+00  0.0000
   3.9000E+01   4.0000E+01   1.0935E-03  0.0962   0.0000E+00  0.0000
   4.0000E+01   4.1000E+01   8.1145E-04  0.1115   0.0000E+00  0.0000
   4.1000E+01   4.2000E+01   1.1127E-03  0.0945   0.0000E+00  0.0000
   4.2000E+01   4.3000E+01   1.2522E-03  0.0907   0.0000E+00  0.0000
   4.3000E+01   4.4000E+01   1.1554E-03  0.0963   0.0000E+00  0.0000
   4.4000E+01   4.5000E+01   1.1125E-03  0.0948   0.0000E+00  0.0000
   4.5000E+01   4.6000E+01   1.1978E-03  0.0919   0.0000E+00  0.0000
   4.6000E+01   4.7000E+01   1.0998E-03  0.0946   0.0000E+00  0.0000
   4.7000E+01   4.8000E+01   1.2957E-03  0.0892   0.0000E+00  0.0000
   4.8000E+01   4.9000E+01   1.0467E-03  0.0958   0.0000E+00  0.0000
   4.9000E+01   5.0000E+01   1.0424E-03  0.0969   0.0000E+00  0.0000
   5.0000E+01   5.1000E+01   1.0427E-03  0.0991   0.0000E+00  0.0000
   5.1000E+01   5.2000E+01   8.9993E-04  0.1048   0.0000E+00  0.0000
   5.2000E+01   5.3000E+01   9.1195E-04  0.1036   0.0000E+00  0.0000
   5.3000E+01   5.4000E+01   1.1855E-03  0.0939   0.0000E+00  0.0000
   5.4000E+01   5.5000E+01   1.0232E-03  0.0986   0.0000E+00  0.0000
   5.5000E+01   5.6000E+01   1.0776E-03  0.0948   0.0000E+00  0.0000
   5.6000E+01   5.7000E+01   1.0230E-03  0.0965   0.0000E+00  0.0000
   5.7000E+01   5.8000E+01   1.0413E-03  0.0957   0.0000E+00  0.0000
   5.8000E+01   5.9000E+01   9.6479E-04  0.1003   0.0000E+00  0.0000
   5.9000E+01   6.0000E+01   8.4229E-04  0.1069   0.0000E+00  0.0000
   6.0000E+01   6.1000E+01   1.1783E-03  0.0883   0.0000E+00  0.0000
   6.1000E+01   6.2000E+01   9.8706E-04  0.0988   0.0000E+00  0.0000
   6.2000E+01   6.3000E+01   9.7558E-04  0.0980   0.0000E+00  0.0000
   6.3000E+01   6.4000E+01   1.0261E-03  0.0960   0.0000E+00  0.0000
   6.4000E+01   6.5000E+01   9.4793E-04  0.0977   0.0000E+00  0.0000
   6.5000E+01   6.6000E+01   9.5481E-04  0.0984   0.0000E+00  0.0000
   6.6000E+01   6.7000E+01   1.0388E-03  0.0959   0.0000E+00  0.0000
   6.7000E+01   6.8000E+01   1.3109E-03  0.0849   0.0000E+00  0.0000
   6.8000E+01   6.9000E+01   9.8979E-04  0.0954   0.0000E+00  0.0000
   6.9000E+01   7.0000E+01   1.0060E-03  0.0947   0.0000E+00  0.0000
   7.0000E+01   7.1000E+01   9.0322E-04  0.1014   0.0000E+00  0.0000
   7.1000E+01   7.2000E+01   9.9180E-04  0.0979   0.0000E+00  0.0000
   7.2000E+01   7.3000E+01   1.0173E-03  0.0958   0.0000E+00  0.0000
   7.3000E+01   7.4000E+01   7.8544E-04  0.1054   0.0000E+00  0.0000
   7.4000E+01   7.5000E+01   9.3254E-04  0.1001   0.0000E+00  0.0000
   7.5000E+01   7.6000E+01   1.0565E-03  0.0939   0.0000E+00  0.0000
   7.6000E+01   7.7000E+01   9.9698E-04  0.0971   0.0000E+00  0.0000
   7.7000E+01   7.8000E+01   1.0945E-03  0.0918   0.0000E+00  0.0000
   7.8000E+01   7.9000E+01   8.7485E-04  0.1000   0.0000E+00  0.0000
   7.9000E+01   8.0000E+01   8.5116E-04  0.1052   0.0000E+00  0.0000
   8.0000E+01   8.1000E+01   8.6578E-04  0.1003   0.0000E+00  0.0000
   8.1000E+01   8.2000E+01   9.8612E-04  0.0977   0.0000E+00  0.0000
   8.2000E+01   8.3000E+01   7.8368E-04  0.1070   0.0000E+00  0.0000
   8.3000E+01   8.4000E+01   9.4671E-04  0.0983   0.0000E+00  0.0000
   8.4000E+01   8.5000E+01   9.1013E-04  0.0981   0.0000E+00  0.0000
   8.5000E+01   8.6000E+01   9.5892E-04  0.0953   0.0000E+00  0.0000
   8.6000E+01   8.7000E+01   8.2088E-04  0.1025   0.0000E+00  0.0000
   8.7000E+01   8.8000E+01   8.4020E-04  0.1010   0.0000E+00  0.0000
   8.8000E+01   8.9000E+01   9.2544E-04  0.0980   0.0000E+00  0.0000
   8.9000E+01   9.0000E+01   8.5288E-04  0.0994   0.0000E+00  0.0000
   9.0000E+01   9.1000E+01   7.9762E-04  0.1053   0.0000E+00  0.0000
   9.1000E+01   9.2000E+01   8.9421E-04  0.0995   0.0000E+00  0.0000
   9.2000E+01   9.3000E+01   7.6116E-04  0.1074   0.0000E+00  0.0000
   9.3000E+01   9.4000E+01   8.3160E-04  0.1042   0.0000E+00  0.0000
   9.4000E+01   9.5000E+01   7.0716E-04  0.1104   0.0000E+00  0.0000
   9.5000E+01   9.6000E+01   7.3360E-04  0.1085   0.0000E+00  0.0000
   9.6000E+01   9.7000E+01   8.0723E-04  0.1042   0.0000E+00  0.0000
   9.7000E+01   9.8000E+01   7.9807E-04  0.1043   0.0000E+00  0.0000
   9.8000E+01   9.9000E+01   7.8158E-04  0.1048   0.0000E+00  0.0000
   9.9000E+01   1.0000E+02   8.2446E-04  0.1056   0.0000E+00  0.0000
   1.0000E+02   1.0100E+02   6.6843E-04  0.1110   0.0000E+00  0.0000
   1.0100E+02   1.0200E+02   6.6961E-04  0.1131   0.0000E+00  0.0000
   1.0200E+02   1.0300E+02   7.1374E-04  0.1080   0.0000E+00  0.0000
   1.0300E+02   1.0400E+02   6.5924E-04  0.1144   0.0000E+00  0.0000
   1.0400E+02   1.0500E+02   5.8129E-04  0.1195   0.0000E+00  0.0000
   1.0500E+02   1.0600E+02   5.1593E-04  0.1271   0.0000E+00  0.0000
   1.0600E+02   1.0700E+02   7.0495E-04  0.1116   0.0000E+00  0.0000
   1.0700E+02   1.0800E+02   7.6073E-04  0.1040   0.0000E+00  0.0000
   1.0800E+02   1.0900E+02   7.0679E-04  0.1071   0.0000E+00  0.0000
   1.0900E+02   1.1000E+02   6.7709E-04  0.1114   0.0000E+00  0.0000
   1.1000E+02   1.1100E+02   6.0738E-04  0.1172   0.0000E+00  0.0000
   1.1100E+02   1.1200E+02   6.3478E-04  0.1160   0.0000E+00  0.0000
   1.1200E+02   1.1300E+02   6.3350E-04  0.1138   0.0000E+00  0.0000
   1.1300E+02   1.1400E+02   6.0211E-04  0.1172   0.0000E+00  0.0000
   1.1400E+02   1.1500E+02   5.6525E-04  0.1214   0.0000E+00  0.0000
   1.1500E+02   1.1600E+02   6.0116E-04  0.1161   0.0000E+00  0.0000
   1.1600E+02   1.1700E+02   6.7963E-04  0.1123   0.0000E+00  0.0000
   1.1700E+02   1.1800E+02   5.2634E-04  0.1270   0.0000E+00  0.0000
   1.1800E+02   1.1900E+02   7.3634E-04  0.1067   0.0000E+00  0.0000
   1.1900E+02   1.2000E+02   5.7871E-04  0.1209   0.0000E+00  0.0000
   1.2000E+02   1.2100E+02   5.5026E-04  0.1198   0.0000E+00  0.0000
   1.2100E+02   1.2200E+02   5.5894E-04  0.1209   0.0000E+00  0.0000
   1.2200E+02   1.2300E+02   5.5730E-04  0.1228   0.0000E+00  0.0000
   1.2300E+02   1.2400E+02   3.6422E-04  0.1511   0.0000E+00  0.0000
   1.2400E+02   1.2500E+02   4.8851E-04  0.1291   0.0000E+00  0.0000
   1.2500E+02   1.2600E+02   4.7963E-04  0.1310   0.0000E+00  0.0000
   1.2600E+02   1.2700E+02   4.0146E-04  0.1420   0.0000E+00  0.0000
   1.2700E+02   1.2800E+02   5.5210E-04  0.1224   0.0000E+00  0.0000
   1.2800E+02   1.2900E+02   4.8599E-04  0.1325   0.0000E+00  0.0000
   1.2900E+02   1.3000E+02   5.0023E-04  0.1270   0.0000E+00  0.0000
   1.3000E+02   1.3100E+02   4.7212E-04  0.1340   0.0000E+00  0.0000
   1.3100E+02   1.3200E+02   4.1651E-04  0.1379   0.0000E+00  0.0000
   1.3200E+02   1.3300E+02   3.7710E-04  0.1520   0.0000E+00  0.0000
   1.3300E+02   1.3400E+02   4.2754E-04  0.1388   0.0000E+00  0.0000
   1.3400E+02   1.3500E+02   4.9570E-04  0.1264   0.0000E+00  0.0000
   1.3500E+02   1.3600E+02   4.1738E-04  0.1378   0.0000E+00  0.0000
   1.3600E+02   1.3700E+02   4.3721E-04  0.1354   0.0000E+00  0.0000
   1.3700E+02   1.3800E+02   4.5590E-04  0.1326   0.0000E+00  0.0000
   1.3800E+02   1.3900E+02   3.3129E-04  0.1546   0.0000E+00  0.0000
   1.3900E+02   1.4000E+02   3.2408E-04  0.1604   0.0000E+00  0.0000
   1.4000E+02   1.4100E+02   3.4459E-04  0.1511   0.0000E+00  0.0000
   1.4100E+02   1.4200E+02   3.0710E-04  0.1606   0.0000E+00  0.0000
   1.4200E+02   1.4300E+02   3.5849E-04  0.1525   0.0000E+00  0.0000
   1.4300E+02   1.4400E+02   3.9005E-04  0.1435   0.0000E+00  0.0000
   1.4400E+02   1.4500E+02   2.6275E-04  0.1717   0.0000E+00  0.0000
   1.4500E+02   1.4600E+02   2.7400E-04  0.1696   0.0000E+00  0.0000
   1.4600E+02   1.4700E+02   3.2256E-04  0.1544   0.0000E+00  0.0000
   1.4700E+02   1.4800E+02   3.5647E-04  0.1501   0.0000E+00  0.0000
   1.4800E+02   1.4900E+02   3.0622E-04  0.1606   0.0000E+00  0.0000
   1.4900E+02   1.5000E+02   3.2663E-04  0.1571   0.0000E+00  0.0000
   1.5000E+02   1.5100E+02   2.9216E-04  0.1653   0.0000E+00  0.0000
   1.5100E+02   1.5200E+02   2.7713E-04  0.1695   0.0000E+00  0.0000
   1.5200E+02   1.5300E+02   2.7748E-04  0.1669   0.0000E+00  0.0000
   1.5300E+02   1.5400E+02   3.3520E-04  0.1551   0.0000E+00  0.0000
   1.5400E+02   1.5500E+02   3.9978E-04  0.1405   0.0000E+00  0.0000
   1.5500E+02   1.5600E+02   4.0541E-04  0.1390   0.0000E+00  0.0000
   1.5600E+02   1.5700E+02   2.7980E-04  0.1669   0.0000E+00  0.0000
   1.5700E+02   1.5800E+02   3.2573E-04  0.1547   0.0000E+00  0.0000
   1.5800E+02   1.5900E+02   2.4753E-04  0.1774   0.0000E+00  0.0000
   1.5900E+02   1.6000E+02   2.9061E-04  0.1623   0.0000E+00  0.0000
   1.6000E+02   1.6100E+02   2.7351E-04  0.1695   0.0000E+00  0.0000
   1.6100E+02   1.6200E+02   2.2722E-04  0.1863   0.0000E+00  0.0000
   1.6200E+02   1.6300E+02   2.2722E-04  0.1909   0.0000E+00  0.0000
   1.6300E+02   1.6400E+02   2.4996E-04  0.1771   0.0000E+00  0.0000
   1.6400E+02   1.6500E+02   1.7587E-04  0.2088   0.0000E+00  0.0000
   1.6500E+02   1.6600E+02   2.5636E-04  0.1716   0.0000E+00  0.0000
   1.6600E+02   1.6700E+02   2.8805E-04  0.1653   0.0000E+00  0.0000
   1.6700E+02   1.6800E+02   2.3303E-04  0.1828   0.0000E+00  0.0000
   1.6800E+02   1.6900E+02   1.4624E-04  0.2297   0.0000E+00  0.0000
   1.6900E+02   1.7000E+02   1.7983E-04  0.2091   0.0000E+00  0.0000
   1.7000E+02   1.7100E+02   1.9951E-04  0.1964   0.0000E+00  0.0000
   1.7100E+02   1.7200E+02   1.6734E-04  0.2133   0.0000E+00  0.0000
   1.7200E+02   1.7300E+02   2.2000E-04  0.1895   0.0000E+00  0.0000
   1.7300E+02   1.7400E+02   1.7819E-04  0.2088   0.0000E+00  0.0000
   1.7400E+02   1.7500E+02   2.2445E-04  0.1859   0.0000E+00  0.0000
   1.7500E+02   1.7600E+02   1.8433E-04  0.2048   0.0000E+00  0.0000
   1.7600E+02   1.7700E+02   1.6147E-04  0.2190   0.0000E+00  0.0000
   1.7700E+02   1.7800E+02   1.9818E-04  0.1965   0.0000E+00  0.0000
   1.7800E+02   1.7900E+02   1.6135E-04  0.2185   0.0000E+00  0.0000
   1.7900E+02   1.8000E+02   1.9435E-04  0.2004   0.0000E+00  0.0000
   1.8000E+02   1.8100E+02   2.3662E-04  0.1797   0.0000E+00  0.0000
   1.8100E+02   1.8200E+02   1.6565E-04  0.2187   0.0000E+00  0.0000
   1.8200E+02   1.8300E+02   1.4628E-04  0.2295   0.0000E+00  0.0000
   1.8300E+02   1.8400E+02   1.7083E-04  0.2136   0.0000E+00  0.0000
   1.8400E+02   1.8500E+02   1.3263E-04  0.2431   0.0000E+00  0.0000
   1.8500E+02   1.8600E+02   1.8832E-04  0.2061   0.0000E+00  0.0000
   1.8600E+02   1.8700E+02   1.3138E-04  0.2432   0.0000E+00  0.0000
   1.8700E+02   1.8800E+02   1.7323E-04  0.2085   0.0000E+00  0.0000
   1.8800E+02   1.8900E+02   1.0870E-04  0.2677   0.0000E+00  0.0000
   1.8900E+02   1.9000E+02   1.3971E-04  0.2365   0.0000E+00  0.0000
   1.9000E+02   1.9100E+02   2.1304E-04  0.1890   0.0000E+00  0.0000
   1.9100E+02   1.9200E+02   1.1645E-04  0.2586   0.0000E+00  0.0000
   1.9200E+02   1.9300E+02   1.0573E-04  0.2673   0.0000E+00  0.0000
   1.9300E+02   1.9400E+02   1.1055E-04  0.2684   0.0000E+00  0.0000
   1.9400E+02   1.9500E+02   1.1416E-04  0.2584   0.0000E+00  0.0000
   1.9500E+02   1.9600E+02   1.3593E-04  0.2358   0.0000E+00  0.0000
   1.9600E+02   1.9700E+02   9.2189E-05  0.2889   0.0000E+00  0.0000
   1.9700E+02   1.9800E+02   7.5703E-05  0.3163   0.0000E+00  0.0000
   1.9800E+02   1.9900E+02   8.4195E-05  0.3016   0.0000E+00  0.0000
   1.9900E+02   2.0000E+02   1.3684E-04  0.2360   0.0000E+00  0.0000
   2.0000E+02   2.0100E+02   9.8495E-05  0.2774   0.0000E+00  0.0000
   2.0100E+02   2.0200E+02   9.7815E-05  0.2774   0.0000E+00  0.0000
   2.0200E+02   2.0300E+02   9.3204E-05  0.2897   0.0000E+00  0.0000
   2.0300E+02   2.0400E+02   5.3401E-05  0.3782   0.0000E+00  0.0000
   2.0400E+02   2.0500E+02   7.5893E-05  0.3163   0.0000E+00  0.0000
   2.0500E+02   2.0600E+02   7.7558E-05  0.3171   0.0000E+00  0.0000
   2.0600E+02   2.0700E+02   8.3564E-05  0.3016   0.0000E+00  0.0000
   2.0700E+02   2.0800E+02   6.7414E-05  0.3333   0.0000E+00  0.0000
   2.0800E+02   2.0900E+02   7.6444E-05  0.3164   0.0000E+00  0.0000
   2.0900E+02   2.1000E+02   6.0117E-05  0.3536   0.0000E+00  0.0000
   2.1000E+02   2.1100E+02   9.1103E-05  0.2888   0.0000E+00  0.0000
   2.1100E+02   2.1200E+02   1.0851E-04  0.2683   0.0000E+00  0.0000
   2.1200E+02   2.1300E+02   9.8226E-05  0.2774   0.0000E+00  0.0000
   2.1300E+02   2.1400E+02   1.0091E-04  0.2779   0.0000E+00  0.0000
   2.1400E+02   2.1500E+02   8.2581E-05  0.3015   0.0000E+00  0.0000
   2.1500E+02   2.1600E+02   4.4875E-05  0.4083   0.0000E+00  0.0000
   2.1600E+02   2.1700E+02   1.5012E-05  0.7071   0.0000E+00  0.0000
   2.1700E+02   2.1800E+02   6.0526E-05  0.3537   0.0000E+00  0.0000
   2.1800E+02   2.1900E+02   5.7072E-05  0.3849   0.0000E+00  0.0000
   2.1900E+02   2.2000E+02   1.2127E-04  0.2501   0.0000E+00  0.0000
   2.2000E+02   2.2100E+02   9.0959E-05  0.2888   0.0000E+00  0.0000
   2.2100E+02   2.2200E+02   3.0609E-05  0.5004   0.0000E+00  0.0000
   2.2200E+02   2.2300E+02   2.2583E-05  0.5774   0.0000E+00  0.0000
   2.2300E+02   2.2400E+02   5.2510E-05  0.3780   0.0000E+00  0.0000
   2.2400E+02   2.2500E+02   4.5034E-05  0.4083   0.0000E+00  0.0000
   2.2500E+02   2.2600E+02   7.7757E-05  0.3181   0.0000E+00  0.0000
   2.2600E+02   2.2700E+02   2.2745E-05  0.5774   0.0000E+00  0.0000
   2.2700E+02   2.2800E+02   1.7161E-05  0.7084   0.0000E+00  0.0000
   2.2800E+02   2.2900E+02   3.0174E-05  0.5001   0.0000E+00  0.0000
   2.2900E+02   2.3000E+02   6.1546E-05  0.3537   0.0000E+00  0.0000
   2.3000E+02   2.3100E+02   2.3019E-05  0.5775   0.0000E+00  0.0000
   2.3100E+02   2.3200E+02   1.5294E-05  0.7072   0.0000E+00  0.0000
   2.3200E+02   2.3300E+02   5.3273E-05  0.3783   0.0000E+00  0.0000
   2.3300E+02   2.3400E+02   1.4904E-05  0.7071   0.0000E+00  0.0000
   2.3400E+02   2.3500E+02   6.8293E-05  0.3334   0.0000E+00  0.0000
   2.3500E+02   2.3600E+02   3.0179E-05  0.5000   0.0000E+00  0.0000
   2.3600E+02   2.3700E+02   4.5029E-05  0.4083   0.0000E+00  0.0000
   2.3700E+02   2.3800E+02   7.4904E-06  1.0000   0.0000E+00  0.0000
   2.3800E+02   2.3900E+02   4.5002E-05  0.4083   0.0000E+00  0.0000
   2.3900E+02   2.4000E+02   2.2384E-05  0.5774   0.0000E+00  0.0000
   2.4000E+02   2.4100E+02   5.2382E-05  0.3780   0.0000E+00  0.0000
   2.4100E+02   2.4200E+02   3.7940E-05  0.4475   0.0000E+00  0.0000
   2.4200E+02   2.4300E+02   5.2894E-05  0.3780   0.0000E+00  0.0000
   2.4300E+02   2.4400E+02   4.5745E-05  0.4084   0.0000E+00  0.0000
   2.4400E+02   2.4500E+02   7.5015E-05  0.3163   0.0000E+00  0.0000
   2.4500E+02   2.4600E+02   0.0000E+00  0.0000   0.0000E+00  0.0000
   2.4600E+02   2.4700E+02   2.9951E-05  0.5000   0.0000E+00  0.0000
   2.4700E+02   2.4800E+02   1.4931E-05  0.7071   0.0000E+00  0.0000
   2.4800E+02   2.4900E+02   0.0000E+00  0.0000   0.0000E+00  0.0000
   2.4900E+02   2.5000E+02   0.0000E+00  0.0000   0.0000E+00  0.0000

#   sum over                 4.7691E-03           6.2014E-04

'no. =  1,  reg  =      5'
msuc: {\huge [t-track] in region mesh}
msdr: {\it plotted by \ANGEL \version}
msdl: {\it calculated by \PHITS  3.26}
wt: s(0.7)
\vspace{-3}
   vol  &=&   1.0000E+00 [cm^3]
e:
 
# Information for Restart Calculation
# This calculation was newly started
# istdev =  2 # 1:Batch variance, 2:History variance
# resc2  = 6.72000100000000000E+06 # Total source weight or Total source weight / maxcas
# resc3  = 6.72000000000000000E+06 # Total history number or Total batch number
# maxcas =       10000 # History / Batch, only used for istdev=1
# bitrseed = 1001011000000001001101000011111000101100000111001011111001100100 # bit data of rseed
