[ T-Track ]
    title = [t-track] in region mesh
     mesh =  reg            # mesh type is region-wise
      reg = 5
   e-type =    1            # e-mesh is given by the below data
       ne =    250          # number of e-mesh points
#    data = ( e(i), i = 1, ne + 1 )
            0.00000E+00  1.00000E+00  2.00000E+00  3.00000E+00  4.00000E+00
            5.00000E+00  6.00000E+00  7.00000E+00  8.00000E+00  9.00000E+00
            1.00000E+01  1.10000E+01  1.20000E+01  1.30000E+01  1.40000E+01
            1.50000E+01  1.60000E+01  1.70000E+01  1.80000E+01  1.90000E+01
            2.00000E+01  2.10000E+01  2.20000E+01  2.30000E+01  2.40000E+01
            2.50000E+01  2.60000E+01  2.70000E+01  2.80000E+01  2.90000E+01
            3.00000E+01  3.10000E+01  3.20000E+01  3.30000E+01  3.40000E+01
            3.50000E+01  3.60000E+01  3.70000E+01  3.80000E+01  3.90000E+01
            4.00000E+01  4.10000E+01  4.20000E+01  4.30000E+01  4.40000E+01
            4.50000E+01  4.60000E+01  4.70000E+01  4.80000E+01  4.90000E+01
            5.00000E+01  5.10000E+01  5.20000E+01  5.30000E+01  5.40000E+01
            5.50000E+01  5.60000E+01  5.70000E+01  5.80000E+01  5.90000E+01
            6.00000E+01  6.10000E+01  6.20000E+01  6.30000E+01  6.40000E+01
            6.50000E+01  6.60000E+01  6.70000E+01  6.80000E+01  6.90000E+01
            7.00000E+01  7.10000E+01  7.20000E+01  7.30000E+01  7.40000E+01
            7.50000E+01  7.60000E+01  7.70000E+01  7.80000E+01  7.90000E+01
            8.00000E+01  8.10000E+01  8.20000E+01  8.30000E+01  8.40000E+01
            8.50000E+01  8.60000E+01  8.70000E+01  8.80000E+01  8.90000E+01
            9.00000E+01  9.10000E+01  9.20000E+01  9.30000E+01  9.40000E+01
            9.50000E+01  9.60000E+01  9.70000E+01  9.80000E+01  9.90000E+01
            1.00000E+02  1.01000E+02  1.02000E+02  1.03000E+02  1.04000E+02
            1.05000E+02  1.06000E+02  1.07000E+02  1.08000E+02  1.09000E+02
            1.10000E+02  1.11000E+02  1.12000E+02  1.13000E+02  1.14000E+02
            1.15000E+02  1.16000E+02  1.17000E+02  1.18000E+02  1.19000E+02
            1.20000E+02  1.21000E+02  1.22000E+02  1.23000E+02  1.24000E+02
            1.25000E+02  1.26000E+02  1.27000E+02  1.28000E+02  1.29000E+02
            1.30000E+02  1.31000E+02  1.32000E+02  1.33000E+02  1.34000E+02
            1.35000E+02  1.36000E+02  1.37000E+02  1.38000E+02  1.39000E+02
            1.40000E+02  1.41000E+02  1.42000E+02  1.43000E+02  1.44000E+02
            1.45000E+02  1.46000E+02  1.47000E+02  1.48000E+02  1.49000E+02
            1.50000E+02  1.51000E+02  1.52000E+02  1.53000E+02  1.54000E+02
            1.55000E+02  1.56000E+02  1.57000E+02  1.58000E+02  1.59000E+02
            1.60000E+02  1.61000E+02  1.62000E+02  1.63000E+02  1.64000E+02
            1.65000E+02  1.66000E+02  1.67000E+02  1.68000E+02  1.69000E+02
            1.70000E+02  1.71000E+02  1.72000E+02  1.73000E+02  1.74000E+02
            1.75000E+02  1.76000E+02  1.77000E+02  1.78000E+02  1.79000E+02
            1.80000E+02  1.81000E+02  1.82000E+02  1.83000E+02  1.84000E+02
            1.85000E+02  1.86000E+02  1.87000E+02  1.88000E+02  1.89000E+02
            1.90000E+02  1.91000E+02  1.92000E+02  1.93000E+02  1.94000E+02
            1.95000E+02  1.96000E+02  1.97000E+02  1.98000E+02  1.99000E+02
            2.00000E+02  2.01000E+02  2.02000E+02  2.03000E+02  2.04000E+02
            2.05000E+02  2.06000E+02  2.07000E+02  2.08000E+02  2.09000E+02
            2.10000E+02  2.11000E+02  2.12000E+02  2.13000E+02  2.14000E+02
            2.15000E+02  2.16000E+02  2.17000E+02  2.18000E+02  2.19000E+02
            2.20000E+02  2.21000E+02  2.22000E+02  2.23000E+02  2.24000E+02
            2.25000E+02  2.26000E+02  2.27000E+02  2.28000E+02  2.29000E+02
            2.30000E+02  2.31000E+02  2.32000E+02  2.33000E+02  2.34000E+02
            2.35000E+02  2.36000E+02  2.37000E+02  2.38000E+02  2.39000E+02
            2.40000E+02  2.41000E+02  2.42000E+02  2.43000E+02  2.44000E+02
            2.45000E+02  2.46000E+02  2.47000E+02  2.48000E+02  2.49000E+02
            2.50000E+02
     unit =    2            # unit is [1/cm^2/(MeV/n)/source]
 material =  all            # (D=all) number of specific material
     axis =     eng            # axis of output
     file = neutral_particles_shield1_HE.out  # file name of output for the above axis
     part =  neutron    photon   
# kf/name :  2112       22       
#    used :        main (  %)        temp (  %)       total (  %)
#  memory :         257 (  0)           0 (  0)         257 (  0)

#------------------------------------------------------------------------------
#newpage:
#   no. =  1   reg =      5

x: Energy [MeV/n]
y: Flux [1/cm^2/(MeV/n)/source]      
p: xlin ylog afac(0.8) form(0.9)
h: n            x            y(neutron ),hh0l   n y(photon  ),hh0dr  n 
#  e-lower      e-upper      neutron     r.err    photon      r.err 
   0.0000E+00   1.0000E+00   6.3442E-03  0.0244   5.5696E-02  0.0082
   1.0000E+00   2.0000E+00   7.7267E-04  0.0664   1.5473E-02  0.0133
   2.0000E+00   3.0000E+00   8.8477E-04  0.0616   9.6789E-03  0.0165
   3.0000E+00   4.0000E+00   4.4624E-04  0.0877   6.1971E-03  0.0204
   4.0000E+00   5.0000E+00   4.8263E-04  0.0814   5.5120E-03  0.0215
   5.0000E+00   6.0000E+00   4.4970E-04  0.0833   2.9216E-03  0.0295
   6.0000E+00   7.0000E+00   3.2107E-04  0.0972   3.4490E-03  0.0270
   7.0000E+00   8.0000E+00   2.7401E-04  0.1089   4.8057E-03  0.0223
   8.0000E+00   9.0000E+00   2.1939E-04  0.1183   3.6437E-04  0.0846
   9.0000E+00   1.0000E+01   1.8562E-04  0.1256   3.4519E-04  0.0843
   1.0000E+01   1.1000E+01   1.8161E-04  0.1294   2.2808E-05  0.3457
   1.1000E+01   1.2000E+01   1.4957E-04  0.1419   5.1006E-06  0.7179
   1.2000E+01   1.3000E+01   1.7323E-04  0.1305   5.5255E-06  0.7198
   1.3000E+01   1.4000E+01   1.5184E-04  0.1377   0.0000E+00  0.0000
   1.4000E+01   1.5000E+01   1.6630E-04  0.1377   0.0000E+00  0.0000
   1.5000E+01   1.6000E+01   1.6517E-04  0.1393   0.0000E+00  0.0000
   1.6000E+01   1.7000E+01   1.3056E-04  0.1518   0.0000E+00  0.0000
   1.7000E+01   1.8000E+01   1.3490E-04  0.1446   0.0000E+00  0.0000
   1.8000E+01   1.9000E+01   1.2959E-04  0.1517   0.0000E+00  0.0000
   1.9000E+01   2.0000E+01   1.3577E-04  0.1484   0.0000E+00  0.0000
   2.0000E+01   2.1000E+01   1.4998E-04  0.1351   0.0000E+00  0.0000
   2.1000E+01   2.2000E+01   1.8214E-04  0.1300   0.0000E+00  0.0000
   2.2000E+01   2.3000E+01   1.4208E-04  0.1443   0.0000E+00  0.0000
   2.3000E+01   2.4000E+01   1.7856E-04  0.1252   0.0000E+00  0.0000
   2.4000E+01   2.5000E+01   1.7378E-04  0.1352   0.0000E+00  0.0000
   2.5000E+01   2.6000E+01   1.6204E-04  0.1267   0.0000E+00  0.0000
   2.6000E+01   2.7000E+01   1.5307E-04  0.1368   0.0000E+00  0.0000
   2.7000E+01   2.8000E+01   1.7040E-04  0.1329   0.0000E+00  0.0000
   2.8000E+01   2.9000E+01   1.0093E-04  0.1682   0.0000E+00  0.0000
   2.9000E+01   3.0000E+01   1.3707E-04  0.1392   0.0000E+00  0.0000
   3.0000E+01   3.1000E+01   1.6245E-04  0.1416   0.0000E+00  0.0000
   3.1000E+01   3.2000E+01   1.5362E-04  0.1404   0.0000E+00  0.0000
   3.2000E+01   3.3000E+01   1.3917E-04  0.1467   0.0000E+00  0.0000
   3.3000E+01   3.4000E+01   1.6138E-04  0.1329   0.0000E+00  0.0000
   3.4000E+01   3.5000E+01   1.5115E-04  0.1338   0.0000E+00  0.0000
   3.5000E+01   3.6000E+01   1.4874E-04  0.1343   0.0000E+00  0.0000
   3.6000E+01   3.7000E+01   1.5346E-04  0.1308   0.0000E+00  0.0000
   3.7000E+01   3.8000E+01   1.9005E-04  0.1225   0.0000E+00  0.0000
   3.8000E+01   3.9000E+01   1.5933E-04  0.1338   0.0000E+00  0.0000
   3.9000E+01   4.0000E+01   1.1930E-04  0.1473   0.0000E+00  0.0000
   4.0000E+01   4.1000E+01   1.7406E-04  0.1238   0.0000E+00  0.0000
   4.1000E+01   4.2000E+01   1.5254E-04  0.1355   0.0000E+00  0.0000
   4.2000E+01   4.3000E+01   1.2565E-04  0.1439   0.0000E+00  0.0000
   4.3000E+01   4.4000E+01   1.4739E-04  0.1333   0.0000E+00  0.0000
   4.4000E+01   4.5000E+01   1.1811E-04  0.1500   0.0000E+00  0.0000
   4.5000E+01   4.6000E+01   1.5073E-04  0.1300   0.0000E+00  0.0000
   4.6000E+01   4.7000E+01   1.6364E-04  0.1282   0.0000E+00  0.0000
   4.7000E+01   4.8000E+01   1.5740E-04  0.1308   0.0000E+00  0.0000
   4.8000E+01   4.9000E+01   1.2280E-04  0.1456   0.0000E+00  0.0000
   4.9000E+01   5.0000E+01   1.4505E-04  0.1356   0.0000E+00  0.0000
   5.0000E+01   5.1000E+01   1.4503E-04  0.1355   0.0000E+00  0.0000
   5.1000E+01   5.2000E+01   1.5449E-04  0.1282   0.0000E+00  0.0000
   5.2000E+01   5.3000E+01   1.4741E-04  0.1332   0.0000E+00  0.0000
   5.3000E+01   5.4000E+01   1.4275E-04  0.1353   0.0000E+00  0.0000
   5.4000E+01   5.5000E+01   1.2355E-04  0.1474   0.0000E+00  0.0000
   5.5000E+01   5.6000E+01   1.4884E-04  0.1345   0.0000E+00  0.0000
   5.6000E+01   5.7000E+01   1.4808E-04  0.1262   0.0000E+00  0.0000
   5.7000E+01   5.8000E+01   1.3441E-04  0.1372   0.0000E+00  0.0000
   5.8000E+01   5.9000E+01   1.2061E-04  0.1453   0.0000E+00  0.0000
   5.9000E+01   6.0000E+01   1.7641E-04  0.1223   0.0000E+00  0.0000
   6.0000E+01   6.1000E+01   1.3289E-04  0.1368   0.0000E+00  0.0000
   6.1000E+01   6.2000E+01   1.4163E-04  0.1331   0.0000E+00  0.0000
   6.2000E+01   6.3000E+01   1.8418E-04  0.1180   0.0000E+00  0.0000
   6.3000E+01   6.4000E+01   1.1646E-04  0.1472   0.0000E+00  0.0000
   6.4000E+01   6.5000E+01   1.5101E-04  0.1289   0.0000E+00  0.0000
   6.5000E+01   6.6000E+01   1.7019E-04  0.1209   0.0000E+00  0.0000
   6.6000E+01   6.7000E+01   1.5647E-04  0.1261   0.0000E+00  0.0000
   6.7000E+01   6.8000E+01   1.5799E-04  0.1287   0.0000E+00  0.0000
   6.8000E+01   6.9000E+01   1.7744E-04  0.1218   0.0000E+00  0.0000
   6.9000E+01   7.0000E+01   1.6388E-04  0.1241   0.0000E+00  0.0000
   7.0000E+01   7.1000E+01   1.6468E-04  0.1244   0.0000E+00  0.0000
   7.1000E+01   7.2000E+01   1.6056E-04  0.1236   0.0000E+00  0.0000
   7.2000E+01   7.3000E+01   1.5656E-04  0.1260   0.0000E+00  0.0000
   7.3000E+01   7.4000E+01   1.5046E-04  0.1273   0.0000E+00  0.0000
   7.4000E+01   7.5000E+01   1.5710E-04  0.1255   0.0000E+00  0.0000
   7.5000E+01   7.6000E+01   1.5513E-04  0.1264   0.0000E+00  0.0000
   7.6000E+01   7.7000E+01   1.7097E-04  0.1242   0.0000E+00  0.0000
   7.7000E+01   7.8000E+01   1.5852E-04  0.1234   0.0000E+00  0.0000
   7.8000E+01   7.9000E+01   1.4136E-04  0.1297   0.0000E+00  0.0000
   7.9000E+01   8.0000E+01   1.4907E-04  0.1279   0.0000E+00  0.0000
   8.0000E+01   8.1000E+01   1.4836E-04  0.1297   0.0000E+00  0.0000
   8.1000E+01   8.2000E+01   1.4140E-04  0.1305   0.0000E+00  0.0000
   8.2000E+01   8.3000E+01   1.6985E-04  0.1195   0.0000E+00  0.0000
   8.3000E+01   8.4000E+01   1.5884E-04  0.1197   0.0000E+00  0.0000
   8.4000E+01   8.5000E+01   1.3143E-04  0.1380   0.0000E+00  0.0000
   8.5000E+01   8.6000E+01   9.9613E-05  0.1567   0.0000E+00  0.0000
   8.6000E+01   8.7000E+01   1.3056E-04  0.1354   0.0000E+00  0.0000
   8.7000E+01   8.8000E+01   1.3349E-04  0.1374   0.0000E+00  0.0000
   8.8000E+01   8.9000E+01   1.5158E-04  0.1232   0.0000E+00  0.0000
   8.9000E+01   9.0000E+01   1.2908E-04  0.1335   0.0000E+00  0.0000
   9.0000E+01   9.1000E+01   1.3193E-04  0.1332   0.0000E+00  0.0000
   9.1000E+01   9.2000E+01   1.3006E-04  0.1344   0.0000E+00  0.0000
   9.2000E+01   9.3000E+01   1.3812E-04  0.1322   0.0000E+00  0.0000
   9.3000E+01   9.4000E+01   1.1996E-04  0.1384   0.0000E+00  0.0000
   9.4000E+01   9.5000E+01   1.1718E-04  0.1431   0.0000E+00  0.0000
   9.5000E+01   9.6000E+01   1.1723E-04  0.1437   0.0000E+00  0.0000
   9.6000E+01   9.7000E+01   1.2762E-04  0.1370   0.0000E+00  0.0000
   9.7000E+01   9.8000E+01   1.5166E-04  0.1268   0.0000E+00  0.0000
   9.8000E+01   9.9000E+01   1.2890E-04  0.1367   0.0000E+00  0.0000
   9.9000E+01   1.0000E+02   1.2769E-04  0.1349   0.0000E+00  0.0000
   1.0000E+02   1.0100E+02   1.1593E-04  0.1412   0.0000E+00  0.0000
   1.0100E+02   1.0200E+02   1.2256E-04  0.1369   0.0000E+00  0.0000
   1.0200E+02   1.0300E+02   1.2492E-04  0.1391   0.0000E+00  0.0000
   1.0300E+02   1.0400E+02   1.4894E-04  0.1244   0.0000E+00  0.0000
   1.0400E+02   1.0500E+02   1.2199E-04  0.1390   0.0000E+00  0.0000
   1.0500E+02   1.0600E+02   1.0186E-04  0.1521   0.0000E+00  0.0000
   1.0600E+02   1.0700E+02   1.4903E-04  0.1237   0.0000E+00  0.0000
   1.0700E+02   1.0800E+02   1.5581E-04  0.1200   0.0000E+00  0.0000
   1.0800E+02   1.0900E+02   1.2471E-04  0.1354   0.0000E+00  0.0000
   1.0900E+02   1.1000E+02   1.0243E-04  0.1490   0.0000E+00  0.0000
   1.1000E+02   1.1100E+02   1.1480E-04  0.1420   0.0000E+00  0.0000
   1.1100E+02   1.1200E+02   9.6423E-05  0.1579   0.0000E+00  0.0000
   1.1200E+02   1.1300E+02   9.2806E-05  0.1589   0.0000E+00  0.0000
   1.1300E+02   1.1400E+02   1.0577E-04  0.1493   0.0000E+00  0.0000
   1.1400E+02   1.1500E+02   1.1989E-04  0.1365   0.0000E+00  0.0000
   1.1500E+02   1.1600E+02   1.1270E-04  0.1423   0.0000E+00  0.0000
   1.1600E+02   1.1700E+02   1.0991E-04  0.1444   0.0000E+00  0.0000
   1.1700E+02   1.1800E+02   7.7580E-05  0.1699   0.0000E+00  0.0000
   1.1800E+02   1.1900E+02   1.1465E-04  0.1389   0.0000E+00  0.0000
   1.1900E+02   1.2000E+02   9.5792E-05  0.1531   0.0000E+00  0.0000
   1.2000E+02   1.2100E+02   9.0688E-05  0.1625   0.0000E+00  0.0000
   1.2100E+02   1.2200E+02   9.9809E-05  0.1515   0.0000E+00  0.0000
   1.2200E+02   1.2300E+02   8.8301E-05  0.1634   0.0000E+00  0.0000
   1.2300E+02   1.2400E+02   9.1922E-05  0.1554   0.0000E+00  0.0000
   1.2400E+02   1.2500E+02   9.4238E-05  0.1568   0.0000E+00  0.0000
   1.2500E+02   1.2600E+02   9.9203E-05  0.1510   0.0000E+00  0.0000
   1.2600E+02   1.2700E+02   1.2069E-04  0.1378   0.0000E+00  0.0000
   1.2700E+02   1.2800E+02   8.8235E-05  0.1589   0.0000E+00  0.0000
   1.2800E+02   1.2900E+02   8.2373E-05  0.1659   0.0000E+00  0.0000
   1.2900E+02   1.3000E+02   7.5361E-05  0.1686   0.0000E+00  0.0000
   1.3000E+02   1.3100E+02   8.5571E-05  0.1627   0.0000E+00  0.0000
   1.3100E+02   1.3200E+02   8.4754E-05  0.1662   0.0000E+00  0.0000
   1.3200E+02   1.3300E+02   7.5265E-05  0.1765   0.0000E+00  0.0000
   1.3300E+02   1.3400E+02   6.5105E-05  0.1903   0.0000E+00  0.0000
   1.3400E+02   1.3500E+02   6.1049E-05  0.1937   0.0000E+00  0.0000
   1.3500E+02   1.3600E+02   8.2654E-05  0.1637   0.0000E+00  0.0000
   1.3600E+02   1.3700E+02   8.6314E-05  0.1610   0.0000E+00  0.0000
   1.3700E+02   1.3800E+02   7.3774E-05  0.1784   0.0000E+00  0.0000
   1.3800E+02   1.3900E+02   5.6004E-05  0.1977   0.0000E+00  0.0000
   1.3900E+02   1.4000E+02   8.4875E-05  0.1637   0.0000E+00  0.0000
   1.4000E+02   1.4100E+02   7.0936E-05  0.1810   0.0000E+00  0.0000
   1.4100E+02   1.4200E+02   7.1327E-05  0.1775   0.0000E+00  0.0000
   1.4200E+02   1.4300E+02   7.3193E-05  0.1753   0.0000E+00  0.0000
   1.4300E+02   1.4400E+02   5.9168E-05  0.1927   0.0000E+00  0.0000
   1.4400E+02   1.4500E+02   6.9942E-05  0.1780   0.0000E+00  0.0000
   1.4500E+02   1.4600E+02   7.4834E-05  0.1723   0.0000E+00  0.0000
   1.4600E+02   1.4700E+02   8.3395E-05  0.1629   0.0000E+00  0.0000
   1.4700E+02   1.4800E+02   8.0188E-05  0.1647   0.0000E+00  0.0000
   1.4800E+02   1.4900E+02   5.3234E-05  0.2045   0.0000E+00  0.0000
   1.4900E+02   1.5000E+02   6.6160E-05  0.1832   0.0000E+00  0.0000
   1.5000E+02   1.5100E+02   4.1964E-05  0.2299   0.0000E+00  0.0000
   1.5100E+02   1.5200E+02   5.8047E-05  0.1927   0.0000E+00  0.0000
   1.5200E+02   1.5300E+02   5.2316E-05  0.2047   0.0000E+00  0.0000
   1.5300E+02   1.5400E+02   6.6340E-05  0.1832   0.0000E+00  0.0000
   1.5400E+02   1.5500E+02   5.1866E-05  0.2044   0.0000E+00  0.0000
   1.5500E+02   1.5600E+02   7.1441E-05  0.1745   0.0000E+00  0.0000
   1.5600E+02   1.5700E+02   4.3019E-05  0.2239   0.0000E+00  0.0000
   1.5700E+02   1.5800E+02   5.8132E-05  0.1977   0.0000E+00  0.0000
   1.5800E+02   1.5900E+02   4.6703E-05  0.2194   0.0000E+00  0.0000
   1.5900E+02   1.6000E+02   4.7550E-05  0.2136   0.0000E+00  0.0000
   1.6000E+02   1.6100E+02   4.8402E-05  0.2138   0.0000E+00  0.0000
   1.6100E+02   1.6200E+02   4.1273E-05  0.2305   0.0000E+00  0.0000
   1.6200E+02   1.6300E+02   4.0456E-05  0.2301   0.0000E+00  0.0000
   1.6300E+02   1.6400E+02   4.6228E-05  0.2187   0.0000E+00  0.0000
   1.6400E+02   1.6500E+02   4.1965E-05  0.2300   0.0000E+00  0.0000
   1.6500E+02   1.6600E+02   4.5536E-05  0.2186   0.0000E+00  0.0000
   1.6600E+02   1.6700E+02   3.3571E-05  0.2532   0.0000E+00  0.0000
   1.6700E+02   1.6800E+02   4.5628E-05  0.2196   0.0000E+00  0.0000
   1.6800E+02   1.6900E+02   5.4900E-05  0.2023   0.0000E+00  0.0000
   1.6900E+02   1.7000E+02   3.7424E-05  0.2431   0.0000E+00  0.0000
   1.7000E+02   1.7100E+02   4.2199E-05  0.2303   0.0000E+00  0.0000
   1.7100E+02   1.7200E+02   3.8446E-05  0.2359   0.0000E+00  0.0000
   1.7200E+02   1.7300E+02   4.5787E-05  0.2257   0.0000E+00  0.0000
   1.7300E+02   1.7400E+02   3.2494E-05  0.2686   0.0000E+00  0.0000
   1.7400E+02   1.7500E+02   4.1349E-05  0.2299   0.0000E+00  0.0000
   1.7500E+02   1.7600E+02   2.7285E-05  0.2783   0.0000E+00  0.0000
   1.7600E+02   1.7700E+02   4.5919E-05  0.2187   0.0000E+00  0.0000
   1.7700E+02   1.7800E+02   3.2337E-05  0.2588   0.0000E+00  0.0000
   1.7800E+02   1.7900E+02   3.6937E-05  0.2428   0.0000E+00  0.0000
   1.7900E+02   1.8000E+02   3.9177E-05  0.2363   0.0000E+00  0.0000
   1.8000E+02   1.8100E+02   1.6951E-05  0.3536   0.0000E+00  0.0000
   1.8100E+02   1.8200E+02   2.8646E-05  0.2783   0.0000E+00  0.0000
   1.8200E+02   1.8300E+02   3.2206E-05  0.2589   0.0000E+00  0.0000
   1.8300E+02   1.8400E+02   4.1179E-05  0.2299   0.0000E+00  0.0000
   1.8400E+02   1.8500E+02   1.4810E-05  0.3781   0.0000E+00  0.0000
   1.8500E+02   1.8600E+02   4.2501E-05  0.2239   0.0000E+00  0.0000
   1.8600E+02   1.8700E+02   3.4689E-05  0.2506   0.0000E+00  0.0000
   1.8700E+02   1.8800E+02   2.9855E-05  0.2675   0.0000E+00  0.0000
   1.8800E+02   1.8900E+02   3.9951E-05  0.2295   0.0000E+00  0.0000
   1.8900E+02   1.9000E+02   2.7264E-05  0.2774   0.0000E+00  0.0000
   1.9000E+02   1.9100E+02   2.6273E-05  0.2895   0.0000E+00  0.0000
   1.9100E+02   1.9200E+02   2.2902E-05  0.3015   0.0000E+00  0.0000
   1.9200E+02   1.9300E+02   2.0929E-05  0.3163   0.0000E+00  0.0000
   1.9300E+02   1.9400E+02   1.2708E-05  0.4085   0.0000E+00  0.0000
   1.9400E+02   1.9500E+02   1.2702E-05  0.4083   0.0000E+00  0.0000
   1.9500E+02   1.9600E+02   3.4031E-05  0.2504   0.0000E+00  0.0000
   1.9600E+02   1.9700E+02   1.5045E-05  0.3784   0.0000E+00  0.0000
   1.9700E+02   1.9800E+02   1.0537E-05  0.4474   0.0000E+00  0.0000
   1.9800E+02   1.9900E+02   1.9022E-05  0.3336   0.0000E+00  0.0000
   1.9900E+02   2.0000E+02   2.1180E-05  0.3165   0.0000E+00  0.0000
   2.0000E+02   2.0100E+02   1.4720E-05  0.3780   0.0000E+00  0.0000
   2.0100E+02   2.0200E+02   1.1034E-05  0.4484   0.0000E+00  0.0000
   2.0200E+02   2.0300E+02   1.6940E-05  0.3537   0.0000E+00  0.0000
   2.0300E+02   2.0400E+02   1.0373E-05  0.4472   0.0000E+00  0.0000
   2.0400E+02   2.0500E+02   4.2333E-06  0.7072   0.0000E+00  0.0000
   2.0500E+02   2.0600E+02   2.1662E-05  0.3165   0.0000E+00  0.0000
   2.0600E+02   2.0700E+02   4.3531E-06  0.7077   0.0000E+00  0.0000
   2.0700E+02   2.0800E+02   9.2063E-06  0.5035   0.0000E+00  0.0000
   2.0800E+02   2.0900E+02   6.7050E-06  0.5795   0.0000E+00  0.0000
   2.0900E+02   2.1000E+02   2.0806E-05  0.3162   0.0000E+00  0.0000
   2.1000E+02   2.1100E+02   1.9129E-05  0.3338   0.0000E+00  0.0000
   2.1100E+02   2.1200E+02   1.5296E-05  0.3793   0.0000E+00  0.0000
   2.1200E+02   2.1300E+02   6.6374E-06  0.5796   0.0000E+00  0.0000
   2.1300E+02   2.1400E+02   1.2991E-05  0.4087   0.0000E+00  0.0000
   2.1400E+02   2.1500E+02   1.5121E-05  0.3784   0.0000E+00  0.0000
   2.1500E+02   2.1600E+02   1.0601E-05  0.4475   0.0000E+00  0.0000
   2.1600E+02   2.1700E+02   1.2595E-05  0.4083   0.0000E+00  0.0000
   2.1700E+02   2.1800E+02   1.8774E-05  0.3335   0.0000E+00  0.0000
   2.1800E+02   2.1900E+02   1.6823E-05  0.3537   0.0000E+00  0.0000
   2.1900E+02   2.2000E+02   1.0730E-05  0.4477   0.0000E+00  0.0000
   2.2000E+02   2.2100E+02   1.0530E-05  0.4473   0.0000E+00  0.0000
   2.2100E+02   2.2200E+02   4.1717E-06  0.7071   0.0000E+00  0.0000
   2.2200E+02   2.2300E+02   1.3158E-05  0.3992   0.0000E+00  0.0000
   2.2300E+02   2.2400E+02   1.2458E-05  0.4083   0.0000E+00  0.0000
   2.2400E+02   2.2500E+02   1.8667E-05  0.3333   0.0000E+00  0.0000
   2.2500E+02   2.2600E+02   1.6627E-05  0.3536   0.0000E+00  0.0000
   2.2600E+02   2.2700E+02   1.4852E-05  0.3784   0.0000E+00  0.0000
   2.2700E+02   2.2800E+02   6.2817E-06  0.5775   0.0000E+00  0.0000
   2.2800E+02   2.2900E+02   1.0646E-05  0.4476   0.0000E+00  0.0000
   2.2900E+02   2.3000E+02   1.5012E-05  0.3781   0.0000E+00  0.0000
   2.3000E+02   2.3100E+02   4.1103E-06  0.7071   0.0000E+00  0.0000
   2.3100E+02   2.3200E+02   1.2615E-05  0.4083   0.0000E+00  0.0000
   2.3200E+02   2.3300E+02   0.0000E+00  0.0000   0.0000E+00  0.0000
   2.3300E+02   2.3400E+02   4.2139E-06  0.7072   0.0000E+00  0.0000
   2.3400E+02   2.3500E+02   1.4812E-05  0.3782   0.0000E+00  0.0000
   2.3500E+02   2.3600E+02   2.0553E-06  1.0000   0.0000E+00  0.0000
   2.3600E+02   2.3700E+02   1.0378E-05  0.4472   0.0000E+00  0.0000
   2.3700E+02   2.3800E+02   8.2686E-06  0.5000   0.0000E+00  0.0000
   2.3800E+02   2.3900E+02   8.3569E-06  0.5001   0.0000E+00  0.0000
   2.3900E+02   2.4000E+02   8.5230E-06  0.5001   0.0000E+00  0.0000
   2.4000E+02   2.4100E+02   8.2979E-06  0.5000   0.0000E+00  0.0000
   2.4100E+02   2.4200E+02   8.3673E-06  0.5000   0.0000E+00  0.0000
   2.4200E+02   2.4300E+02   8.4343E-06  0.5002   0.0000E+00  0.0000
   2.4300E+02   2.4400E+02   1.0444E-05  0.4472   0.0000E+00  0.0000
   2.4400E+02   2.4500E+02   1.0667E-05  0.4479   0.0000E+00  0.0000
   2.4500E+02   2.4600E+02   4.2471E-06  0.7072   0.0000E+00  0.0000
   2.4600E+02   2.4700E+02   0.0000E+00  0.0000   0.0000E+00  0.0000
   2.4700E+02   2.4800E+02   1.0544E-05  0.4475   0.0000E+00  0.0000
   2.4800E+02   2.4900E+02   2.0595E-06  1.0000   0.0000E+00  0.0000
   2.4900E+02   2.5000E+02   0.0000E+00  0.0000   0.0000E+00  0.0000

#   sum over                 1.2304E-04           4.1791E-04

'no. =  1,  reg  =      5'
msuc: {\huge [t-track] in region mesh}
msdr: {\it plotted by \ANGEL \version}
msdl: {\it calculated by \PHITS  3.26}
wt: s(0.7)
\vspace{-3}
   vol  &=&   1.0000E+00 [cm^3]
e:
 
# Information for Restart Calculation
# This calculation was newly started
# istdev =  2 # 1:Batch variance, 2:History variance
# resc2  = 2.43300050000000000E+07 # Total source weight or Total source weight / maxcas
# resc3  = 2.43300000000000000E+07 # Total history number or Total batch number
# maxcas =       10000 # History / Batch, only used for istdev=1
# bitrseed = 0111011000010100110111100100110110100100100101100001100011010101 # bit data of rseed
