[ T-Track ]
    title = [t-track] in region mesh
     mesh =  reg            # mesh type is region-wise
      reg = 5
   e-type =    1            # e-mesh is given by the below data
       ne =    250          # number of e-mesh points
#    data = ( e(i), i = 1, ne + 1 )
            0.00000E+00  1.00000E+00  2.00000E+00  3.00000E+00  4.00000E+00
            5.00000E+00  6.00000E+00  7.00000E+00  8.00000E+00  9.00000E+00
            1.00000E+01  1.10000E+01  1.20000E+01  1.30000E+01  1.40000E+01
            1.50000E+01  1.60000E+01  1.70000E+01  1.80000E+01  1.90000E+01
            2.00000E+01  2.10000E+01  2.20000E+01  2.30000E+01  2.40000E+01
            2.50000E+01  2.60000E+01  2.70000E+01  2.80000E+01  2.90000E+01
            3.00000E+01  3.10000E+01  3.20000E+01  3.30000E+01  3.40000E+01
            3.50000E+01  3.60000E+01  3.70000E+01  3.80000E+01  3.90000E+01
            4.00000E+01  4.10000E+01  4.20000E+01  4.30000E+01  4.40000E+01
            4.50000E+01  4.60000E+01  4.70000E+01  4.80000E+01  4.90000E+01
            5.00000E+01  5.10000E+01  5.20000E+01  5.30000E+01  5.40000E+01
            5.50000E+01  5.60000E+01  5.70000E+01  5.80000E+01  5.90000E+01
            6.00000E+01  6.10000E+01  6.20000E+01  6.30000E+01  6.40000E+01
            6.50000E+01  6.60000E+01  6.70000E+01  6.80000E+01  6.90000E+01
            7.00000E+01  7.10000E+01  7.20000E+01  7.30000E+01  7.40000E+01
            7.50000E+01  7.60000E+01  7.70000E+01  7.80000E+01  7.90000E+01
            8.00000E+01  8.10000E+01  8.20000E+01  8.30000E+01  8.40000E+01
            8.50000E+01  8.60000E+01  8.70000E+01  8.80000E+01  8.90000E+01
            9.00000E+01  9.10000E+01  9.20000E+01  9.30000E+01  9.40000E+01
            9.50000E+01  9.60000E+01  9.70000E+01  9.80000E+01  9.90000E+01
            1.00000E+02  1.01000E+02  1.02000E+02  1.03000E+02  1.04000E+02
            1.05000E+02  1.06000E+02  1.07000E+02  1.08000E+02  1.09000E+02
            1.10000E+02  1.11000E+02  1.12000E+02  1.13000E+02  1.14000E+02
            1.15000E+02  1.16000E+02  1.17000E+02  1.18000E+02  1.19000E+02
            1.20000E+02  1.21000E+02  1.22000E+02  1.23000E+02  1.24000E+02
            1.25000E+02  1.26000E+02  1.27000E+02  1.28000E+02  1.29000E+02
            1.30000E+02  1.31000E+02  1.32000E+02  1.33000E+02  1.34000E+02
            1.35000E+02  1.36000E+02  1.37000E+02  1.38000E+02  1.39000E+02
            1.40000E+02  1.41000E+02  1.42000E+02  1.43000E+02  1.44000E+02
            1.45000E+02  1.46000E+02  1.47000E+02  1.48000E+02  1.49000E+02
            1.50000E+02  1.51000E+02  1.52000E+02  1.53000E+02  1.54000E+02
            1.55000E+02  1.56000E+02  1.57000E+02  1.58000E+02  1.59000E+02
            1.60000E+02  1.61000E+02  1.62000E+02  1.63000E+02  1.64000E+02
            1.65000E+02  1.66000E+02  1.67000E+02  1.68000E+02  1.69000E+02
            1.70000E+02  1.71000E+02  1.72000E+02  1.73000E+02  1.74000E+02
            1.75000E+02  1.76000E+02  1.77000E+02  1.78000E+02  1.79000E+02
            1.80000E+02  1.81000E+02  1.82000E+02  1.83000E+02  1.84000E+02
            1.85000E+02  1.86000E+02  1.87000E+02  1.88000E+02  1.89000E+02
            1.90000E+02  1.91000E+02  1.92000E+02  1.93000E+02  1.94000E+02
            1.95000E+02  1.96000E+02  1.97000E+02  1.98000E+02  1.99000E+02
            2.00000E+02  2.01000E+02  2.02000E+02  2.03000E+02  2.04000E+02
            2.05000E+02  2.06000E+02  2.07000E+02  2.08000E+02  2.09000E+02
            2.10000E+02  2.11000E+02  2.12000E+02  2.13000E+02  2.14000E+02
            2.15000E+02  2.16000E+02  2.17000E+02  2.18000E+02  2.19000E+02
            2.20000E+02  2.21000E+02  2.22000E+02  2.23000E+02  2.24000E+02
            2.25000E+02  2.26000E+02  2.27000E+02  2.28000E+02  2.29000E+02
            2.30000E+02  2.31000E+02  2.32000E+02  2.33000E+02  2.34000E+02
            2.35000E+02  2.36000E+02  2.37000E+02  2.38000E+02  2.39000E+02
            2.40000E+02  2.41000E+02  2.42000E+02  2.43000E+02  2.44000E+02
            2.45000E+02  2.46000E+02  2.47000E+02  2.48000E+02  2.49000E+02
            2.50000E+02
     unit =    2            # unit is [1/cm^2/(MeV/n)/source]
 material =  all            # (D=all) number of specific material
     axis =     eng            # axis of output
     file = neutral_particles_shield1_HE.out  # file name of output for the above axis
     part =  neutron    photon   
# kf/name :  2112       22       
#    used :        main (  %)        temp (  %)       total (  %)
#  memory :         257 (  0)           0 (  0)         257 (  0)

#------------------------------------------------------------------------------
#newpage:
#   no. =  1   reg =      5

x: Energy [MeV/n]
y: Flux [1/cm^2/(MeV/n)/source]      
p: xlin ylog afac(0.8) form(0.9)
h: n            x            y(neutron ),hh0l   n y(photon  ),hh0dr  n 
#  e-lower      e-upper      neutron     r.err    photon      r.err 
   0.0000E+00   1.0000E+00   4.2747E-02  0.0208   1.9789E-01  0.0099
   1.0000E+00   2.0000E+00   5.8591E-03  0.0534   5.2289E-02  0.0168
   2.0000E+00   3.0000E+00   6.1916E-03  0.0518   3.5643E-02  0.0198
   3.0000E+00   4.0000E+00   3.2222E-03  0.0715   2.0435E-02  0.0261
   4.0000E+00   5.0000E+00   3.4806E-03  0.0677   1.7916E-02  0.0273
   5.0000E+00   6.0000E+00   3.1027E-03  0.0718   8.9556E-03  0.0386
   6.0000E+00   7.0000E+00   2.7061E-03  0.0764   1.1644E-02  0.0341
   7.0000E+00   8.0000E+00   1.7676E-03  0.0964   1.2359E-02  0.0319
   8.0000E+00   9.0000E+00   2.0438E-03  0.0881   1.1341E-03  0.1093
   9.0000E+00   1.0000E+01   1.7576E-03  0.0956   8.9120E-04  0.1181
   1.0000E+01   1.1000E+01   1.2799E-03  0.1111   1.1429E-04  0.3455
   1.1000E+01   1.2000E+01   1.2316E-03  0.1116   8.2430E-05  0.5055
   1.2000E+01   1.3000E+01   1.4009E-03  0.1049   1.3799E-05  1.0000
   1.3000E+01   1.4000E+01   1.1338E-03  0.1219   0.0000E+00  0.0000
   1.4000E+01   1.5000E+01   1.2024E-03  0.1155   0.0000E+00  0.0000
   1.5000E+01   1.6000E+01   1.0898E-03  0.1185   0.0000E+00  0.0000
   1.6000E+01   1.7000E+01   9.9608E-04  0.1208   0.0000E+00  0.0000
   1.7000E+01   1.8000E+01   9.9861E-04  0.1250   0.0000E+00  0.0000
   1.8000E+01   1.9000E+01   8.0851E-04  0.1374   0.0000E+00  0.0000
   1.9000E+01   2.0000E+01   7.3021E-04  0.1406   0.0000E+00  0.0000
   2.0000E+01   2.1000E+01   1.1886E-03  0.1083   0.0000E+00  0.0000
   2.1000E+01   2.2000E+01   1.2301E-03  0.1106   0.0000E+00  0.0000
   2.2000E+01   2.3000E+01   1.1335E-03  0.1120   0.0000E+00  0.0000
   2.3000E+01   2.4000E+01   1.1379E-03  0.1110   0.0000E+00  0.0000
   2.4000E+01   2.5000E+01   1.1015E-03  0.1127   0.0000E+00  0.0000
   2.5000E+01   2.6000E+01   9.3217E-04  0.1224   0.0000E+00  0.0000
   2.6000E+01   2.7000E+01   1.1519E-03  0.1102   0.0000E+00  0.0000
   2.7000E+01   2.8000E+01   1.1692E-03  0.1100   0.0000E+00  0.0000
   2.8000E+01   2.9000E+01   1.0919E-03  0.1142   0.0000E+00  0.0000
   2.9000E+01   3.0000E+01   1.2562E-03  0.1062   0.0000E+00  0.0000
   3.0000E+01   3.1000E+01   1.0907E-03  0.1138   0.0000E+00  0.0000
   3.1000E+01   3.2000E+01   1.0765E-03  0.1139   0.0000E+00  0.0000
   3.2000E+01   3.3000E+01   1.2162E-03  0.1058   0.0000E+00  0.0000
   3.3000E+01   3.4000E+01   1.1498E-03  0.1088   0.0000E+00  0.0000
   3.4000E+01   3.5000E+01   1.1404E-03  0.1108   0.0000E+00  0.0000
   3.5000E+01   3.6000E+01   1.1909E-03  0.1068   0.0000E+00  0.0000
   3.6000E+01   3.7000E+01   1.1068E-03  0.1109   0.0000E+00  0.0000
   3.7000E+01   3.8000E+01   1.1467E-03  0.1090   0.0000E+00  0.0000
   3.8000E+01   3.9000E+01   1.0640E-03  0.1125   0.0000E+00  0.0000
   3.9000E+01   4.0000E+01   1.2249E-03  0.1045   0.0000E+00  0.0000
   4.0000E+01   4.1000E+01   1.1732E-03  0.1073   0.0000E+00  0.0000
   4.1000E+01   4.2000E+01   1.1173E-03  0.1102   0.0000E+00  0.0000
   4.2000E+01   4.3000E+01   1.2125E-03  0.1046   0.0000E+00  0.0000
   4.3000E+01   4.4000E+01   1.1189E-03  0.1090   0.0000E+00  0.0000
   4.4000E+01   4.5000E+01   1.0620E-03  0.1085   0.0000E+00  0.0000
   4.5000E+01   4.6000E+01   1.1851E-03  0.1058   0.0000E+00  0.0000
   4.6000E+01   4.7000E+01   1.2149E-03  0.1042   0.0000E+00  0.0000
   4.7000E+01   4.8000E+01   1.0950E-03  0.1117   0.0000E+00  0.0000
   4.8000E+01   4.9000E+01   1.1737E-03  0.1072   0.0000E+00  0.0000
   4.9000E+01   5.0000E+01   1.1921E-03  0.1042   0.0000E+00  0.0000
   5.0000E+01   5.1000E+01   8.6733E-04  0.1199   0.0000E+00  0.0000
   5.1000E+01   5.2000E+01   1.2089E-03  0.1042   0.0000E+00  0.0000
   5.2000E+01   5.3000E+01   1.2271E-03  0.1023   0.0000E+00  0.0000
   5.3000E+01   5.4000E+01   1.1341E-03  0.1062   0.0000E+00  0.0000
   5.4000E+01   5.5000E+01   1.0150E-03  0.1127   0.0000E+00  0.0000
   5.5000E+01   5.6000E+01   1.1221E-03  0.1054   0.0000E+00  0.0000
   5.6000E+01   5.7000E+01   1.1339E-03  0.1065   0.0000E+00  0.0000
   5.7000E+01   5.8000E+01   9.4106E-04  0.1137   0.0000E+00  0.0000
   5.8000E+01   5.9000E+01   9.7295E-04  0.1129   0.0000E+00  0.0000
   5.9000E+01   6.0000E+01   1.0804E-03  0.1071   0.0000E+00  0.0000
   6.0000E+01   6.1000E+01   1.2206E-03  0.1024   0.0000E+00  0.0000
   6.1000E+01   6.2000E+01   9.9934E-04  0.1112   0.0000E+00  0.0000
   6.2000E+01   6.3000E+01   9.9165E-04  0.1147   0.0000E+00  0.0000
   6.3000E+01   6.4000E+01   1.0643E-03  0.1094   0.0000E+00  0.0000
   6.4000E+01   6.5000E+01   1.1500E-03  0.1046   0.0000E+00  0.0000
   6.5000E+01   6.6000E+01   1.0667E-03  0.1093   0.0000E+00  0.0000
   6.6000E+01   6.7000E+01   1.0679E-03  0.1091   0.0000E+00  0.0000
   6.7000E+01   6.8000E+01   1.1084E-03  0.1071   0.0000E+00  0.0000
   6.8000E+01   6.9000E+01   1.1345E-03  0.1027   0.0000E+00  0.0000
   6.9000E+01   7.0000E+01   1.0912E-03  0.1051   0.0000E+00  0.0000
   7.0000E+01   7.1000E+01   1.0432E-03  0.1089   0.0000E+00  0.0000
   7.1000E+01   7.2000E+01   1.0350E-03  0.1071   0.0000E+00  0.0000
   7.2000E+01   7.3000E+01   1.0518E-03  0.1090   0.0000E+00  0.0000
   7.3000E+01   7.4000E+01   9.2434E-04  0.1141   0.0000E+00  0.0000
   7.4000E+01   7.5000E+01   8.3643E-04  0.1224   0.0000E+00  0.0000
   7.5000E+01   7.6000E+01   1.0688E-03  0.1096   0.0000E+00  0.0000
   7.6000E+01   7.7000E+01   8.9075E-04  0.1184   0.0000E+00  0.0000
   7.7000E+01   7.8000E+01   1.0244E-03  0.1088   0.0000E+00  0.0000
   7.8000E+01   7.9000E+01   1.1326E-03  0.1035   0.0000E+00  0.0000
   7.9000E+01   8.0000E+01   8.9050E-04  0.1198   0.0000E+00  0.0000
   8.0000E+01   8.1000E+01   9.1512E-04  0.1165   0.0000E+00  0.0000
   8.1000E+01   8.2000E+01   9.7302E-04  0.1109   0.0000E+00  0.0000
   8.2000E+01   8.3000E+01   1.0832E-03  0.1093   0.0000E+00  0.0000
   8.3000E+01   8.4000E+01   9.1148E-04  0.1150   0.0000E+00  0.0000
   8.4000E+01   8.5000E+01   9.9180E-04  0.1089   0.0000E+00  0.0000
   8.5000E+01   8.6000E+01   8.1354E-04  0.1210   0.0000E+00  0.0000
   8.6000E+01   8.7000E+01   9.5746E-04  0.1088   0.0000E+00  0.0000
   8.7000E+01   8.8000E+01   9.3151E-04  0.1140   0.0000E+00  0.0000
   8.8000E+01   8.9000E+01   8.1180E-04  0.1177   0.0000E+00  0.0000
   8.9000E+01   9.0000E+01   9.0681E-04  0.1141   0.0000E+00  0.0000
   9.0000E+01   9.1000E+01   7.8329E-04  0.1234   0.0000E+00  0.0000
   9.1000E+01   9.2000E+01   9.2953E-04  0.1118   0.0000E+00  0.0000
   9.2000E+01   9.3000E+01   9.4194E-04  0.1122   0.0000E+00  0.0000
   9.3000E+01   9.4000E+01   7.5318E-04  0.1216   0.0000E+00  0.0000
   9.4000E+01   9.5000E+01   7.8969E-04  0.1213   0.0000E+00  0.0000
   9.5000E+01   9.6000E+01   8.8981E-04  0.1159   0.0000E+00  0.0000
   9.6000E+01   9.7000E+01   9.5014E-04  0.1101   0.0000E+00  0.0000
   9.7000E+01   9.8000E+01   9.1603E-04  0.1145   0.0000E+00  0.0000
   9.8000E+01   9.9000E+01   9.7116E-04  0.1086   0.0000E+00  0.0000
   9.9000E+01   1.0000E+02   7.6837E-04  0.1241   0.0000E+00  0.0000
   1.0000E+02   1.0100E+02   9.0590E-04  0.1128   0.0000E+00  0.0000
   1.0100E+02   1.0200E+02   6.6658E-04  0.1316   0.0000E+00  0.0000
   1.0200E+02   1.0300E+02   7.1109E-04  0.1259   0.0000E+00  0.0000
   1.0300E+02   1.0400E+02   7.6542E-04  0.1222   0.0000E+00  0.0000
   1.0400E+02   1.0500E+02   8.1001E-04  0.1205   0.0000E+00  0.0000
   1.0500E+02   1.0600E+02   5.5739E-04  0.1420   0.0000E+00  0.0000
   1.0600E+02   1.0700E+02   7.0538E-04  0.1269   0.0000E+00  0.0000
   1.0700E+02   1.0800E+02   7.3878E-04  0.1266   0.0000E+00  0.0000
   1.0800E+02   1.0900E+02   6.9409E-04  0.1265   0.0000E+00  0.0000
   1.0900E+02   1.1000E+02   6.0153E-04  0.1382   0.0000E+00  0.0000
   1.1000E+02   1.1100E+02   5.8487E-04  0.1371   0.0000E+00  0.0000
   1.1100E+02   1.1200E+02   7.6193E-04  0.1221   0.0000E+00  0.0000
   1.1200E+02   1.1300E+02   6.0706E-04  0.1359   0.0000E+00  0.0000
   1.1300E+02   1.1400E+02   8.0846E-04  0.1185   0.0000E+00  0.0000
   1.1400E+02   1.1500E+02   5.1530E-04  0.1454   0.0000E+00  0.0000
   1.1500E+02   1.1600E+02   6.2455E-04  0.1349   0.0000E+00  0.0000
   1.1600E+02   1.1700E+02   7.3695E-04  0.1229   0.0000E+00  0.0000
   1.1700E+02   1.1800E+02   5.0131E-04  0.1505   0.0000E+00  0.0000
   1.1800E+02   1.1900E+02   4.9769E-04  0.1497   0.0000E+00  0.0000
   1.1900E+02   1.2000E+02   6.9123E-04  0.1276   0.0000E+00  0.0000
   1.2000E+02   1.2100E+02   6.7526E-04  0.1298   0.0000E+00  0.0000
   1.2100E+02   1.2200E+02   4.9863E-04  0.1518   0.0000E+00  0.0000
   1.2200E+02   1.2300E+02   6.2784E-04  0.1344   0.0000E+00  0.0000
   1.2300E+02   1.2400E+02   3.9156E-04  0.1659   0.0000E+00  0.0000
   1.2400E+02   1.2500E+02   5.4171E-04  0.1439   0.0000E+00  0.0000
   1.2500E+02   1.2600E+02   6.3775E-04  0.1310   0.0000E+00  0.0000
   1.2600E+02   1.2700E+02   4.4455E-04  0.1587   0.0000E+00  0.0000
   1.2700E+02   1.2800E+02   5.1228E-04  0.1455   0.0000E+00  0.0000
   1.2800E+02   1.2900E+02   3.5728E-04  0.1746   0.0000E+00  0.0000
   1.2900E+02   1.3000E+02   4.9054E-04  0.1515   0.0000E+00  0.0000
   1.3000E+02   1.3100E+02   6.6048E-04  0.1301   0.0000E+00  0.0000
   1.3100E+02   1.3200E+02   4.7233E-04  0.1530   0.0000E+00  0.0000
   1.3200E+02   1.3300E+02   4.1527E-04  0.1654   0.0000E+00  0.0000
   1.3300E+02   1.3400E+02   5.5150E-04  0.1404   0.0000E+00  0.0000
   1.3400E+02   1.3500E+02   4.0511E-04  0.1641   0.0000E+00  0.0000
   1.3500E+02   1.3600E+02   4.8998E-04  0.1525   0.0000E+00  0.0000
   1.3600E+02   1.3700E+02   4.0546E-04  0.1653   0.0000E+00  0.0000
   1.3700E+02   1.3800E+02   4.8589E-04  0.1495   0.0000E+00  0.0000
   1.3800E+02   1.3900E+02   3.6837E-04  0.1719   0.0000E+00  0.0000
   1.3900E+02   1.4000E+02   3.8211E-04  0.1698   0.0000E+00  0.0000
   1.4000E+02   1.4100E+02   3.3726E-04  0.1812   0.0000E+00  0.0000
   1.4100E+02   1.4200E+02   2.9188E-04  0.1931   0.0000E+00  0.0000
   1.4200E+02   1.4300E+02   3.8368E-04  0.1672   0.0000E+00  0.0000
   1.4300E+02   1.4400E+02   3.4159E-04  0.1771   0.0000E+00  0.0000
   1.4400E+02   1.4500E+02   3.7807E-04  0.1698   0.0000E+00  0.0000
   1.4500E+02   1.4600E+02   4.4358E-04  0.1566   0.0000E+00  0.0000
   1.4600E+02   1.4700E+02   4.9721E-04  0.1481   0.0000E+00  0.0000
   1.4700E+02   1.4800E+02   3.8906E-04  0.1646   0.0000E+00  0.0000
   1.4800E+02   1.4900E+02   3.3502E-04  0.1803   0.0000E+00  0.0000
   1.4900E+02   1.5000E+02   3.2397E-04  0.1831   0.0000E+00  0.0000
   1.5000E+02   1.5100E+02   2.2930E-04  0.2187   0.0000E+00  0.0000
   1.5100E+02   1.5200E+02   2.5529E-04  0.2043   0.0000E+00  0.0000
   1.5200E+02   1.5300E+02   4.0139E-04  0.1627   0.0000E+00  0.0000
   1.5300E+02   1.5400E+02   3.7178E-04  0.1693   0.0000E+00  0.0000
   1.5400E+02   1.5500E+02   4.1509E-04  0.1604   0.0000E+00  0.0000
   1.5500E+02   1.5600E+02   4.1972E-04  0.1583   0.0000E+00  0.0000
   1.5600E+02   1.5700E+02   4.1179E-04  0.1626   0.0000E+00  0.0000
   1.5700E+02   1.5800E+02   2.2389E-04  0.2186   0.0000E+00  0.0000
   1.5800E+02   1.5900E+02   3.1859E-04  0.1828   0.0000E+00  0.0000
   1.5900E+02   1.6000E+02   3.1188E-04  0.1867   0.0000E+00  0.0000
   1.6000E+02   1.6100E+02   2.0441E-04  0.2282   0.0000E+00  0.0000
   1.6100E+02   1.6200E+02   2.1614E-04  0.2242   0.0000E+00  0.0000
   1.6200E+02   1.6300E+02   3.1158E-04  0.1861   0.0000E+00  0.0000
   1.6300E+02   1.6400E+02   2.3317E-04  0.2135   0.0000E+00  0.0000
   1.6400E+02   1.6500E+02   1.0678E-04  0.3074   0.0000E+00  0.0000
   1.6500E+02   1.6600E+02   2.5411E-04  0.2044   0.0000E+00  0.0000
   1.6600E+02   1.6700E+02   2.0955E-04  0.2238   0.0000E+00  0.0000
   1.6700E+02   1.6800E+02   2.5610E-04  0.2120   0.0000E+00  0.0000
   1.6800E+02   1.6900E+02   2.1130E-04  0.2238   0.0000E+00  0.0000
   1.6900E+02   1.7000E+02   2.3775E-04  0.2147   0.0000E+00  0.0000
   1.7000E+02   1.7100E+02   2.5125E-04  0.2092   0.0000E+00  0.0000
   1.7100E+02   1.7200E+02   2.3899E-04  0.2147   0.0000E+00  0.0000
   1.7200E+02   1.7300E+02   1.9209E-04  0.2361   0.0000E+00  0.0000
   1.7300E+02   1.7400E+02   2.3325E-04  0.2136   0.0000E+00  0.0000
   1.7400E+02   1.7500E+02   1.7815E-04  0.2427   0.0000E+00  0.0000
   1.7500E+02   1.7600E+02   2.0686E-04  0.2236   0.0000E+00  0.0000
   1.7600E+02   1.7700E+02   2.3645E-04  0.2138   0.0000E+00  0.0000
   1.7700E+02   1.7800E+02   2.0921E-04  0.2237   0.0000E+00  0.0000
   1.7800E+02   1.7900E+02   1.8896E-04  0.2359   0.0000E+00  0.0000
   1.7900E+02   1.8000E+02   1.5847E-04  0.2584   0.0000E+00  0.0000
   1.8000E+02   1.8100E+02   2.1238E-04  0.2240   0.0000E+00  0.0000
   1.8100E+02   1.8200E+02   2.3473E-04  0.2134   0.0000E+00  0.0000
   1.8200E+02   1.8300E+02   1.2646E-04  0.2889   0.0000E+00  0.0000
   1.8300E+02   1.8400E+02   1.0617E-04  0.3168   0.0000E+00  0.0000
   1.8400E+02   1.8500E+02   1.3834E-04  0.2778   0.0000E+00  0.0000
   1.8500E+02   1.8600E+02   2.4931E-04  0.2043   0.0000E+00  0.0000
   1.8600E+02   1.8700E+02   1.1567E-04  0.3023   0.0000E+00  0.0000
   1.8700E+02   1.8800E+02   1.2437E-04  0.2888   0.0000E+00  0.0000
   1.8800E+02   1.8900E+02   1.7195E-04  0.2434   0.0000E+00  0.0000
   1.8900E+02   1.9000E+02   1.4384E-04  0.2673   0.0000E+00  0.0000
   1.9000E+02   1.9100E+02   1.7704E-04  0.2426   0.0000E+00  0.0000
   1.9100E+02   1.9200E+02   1.5932E-04  0.2586   0.0000E+00  0.0000
   1.9200E+02   1.9300E+02   1.1312E-04  0.3015   0.0000E+00  0.0000
   1.9300E+02   1.9400E+02   7.2852E-05  0.3781   0.0000E+00  0.0000
   1.9400E+02   1.9500E+02   1.4645E-04  0.2674   0.0000E+00  0.0000
   1.9500E+02   1.9600E+02   1.6490E-04  0.2500   0.0000E+00  0.0000
   1.9600E+02   1.9700E+02   1.0507E-04  0.3165   0.0000E+00  0.0000
   1.9700E+02   1.9800E+02   1.0345E-04  0.3162   0.0000E+00  0.0000
   1.9800E+02   1.9900E+02   6.1972E-05  0.4083   0.0000E+00  0.0000
   1.9900E+02   2.0000E+02   1.5817E-04  0.2584   0.0000E+00  0.0000
   2.0000E+02   2.0100E+02   6.2040E-05  0.4083   0.0000E+00  0.0000
   2.0100E+02   2.0200E+02   8.2314E-05  0.3536   0.0000E+00  0.0000
   2.0200E+02   2.0300E+02   1.0522E-04  0.3164   0.0000E+00  0.0000
   2.0300E+02   2.0400E+02   1.1514E-04  0.3017   0.0000E+00  0.0000
   2.0400E+02   2.0500E+02   4.1518E-05  0.5000   0.0000E+00  0.0000
   2.0500E+02   2.0600E+02   7.3567E-05  0.3786   0.0000E+00  0.0000
   2.0600E+02   2.0700E+02   7.2741E-05  0.3781   0.0000E+00  0.0000
   2.0700E+02   2.0800E+02   6.2026E-05  0.4083   0.0000E+00  0.0000
   2.0800E+02   2.0900E+02   6.2650E-05  0.4087   0.0000E+00  0.0000
   2.0900E+02   2.1000E+02   8.3669E-05  0.3537   0.0000E+00  0.0000
   2.1000E+02   2.1100E+02   1.0304E-04  0.3163   0.0000E+00  0.0000
   2.1100E+02   2.1200E+02   1.1407E-04  0.3017   0.0000E+00  0.0000
   2.1200E+02   2.1300E+02   8.2551E-05  0.3537   0.0000E+00  0.0000
   2.1300E+02   2.1400E+02   1.1449E-04  0.3016   0.0000E+00  0.0000
   2.1400E+02   2.1500E+02   7.2354E-05  0.3781   0.0000E+00  0.0000
   2.1500E+02   2.1600E+02   6.1926E-05  0.4083   0.0000E+00  0.0000
   2.1600E+02   2.1700E+02   6.3873E-05  0.4087   0.0000E+00  0.0000
   2.1700E+02   2.1800E+02   1.0650E-04  0.3167   0.0000E+00  0.0000
   2.1800E+02   2.1900E+02   7.2196E-05  0.3780   0.0000E+00  0.0000
   2.1900E+02   2.2000E+02   1.0297E-04  0.3163   0.0000E+00  0.0000
   2.2000E+02   2.2100E+02   6.1836E-05  0.4083   0.0000E+00  0.0000
   2.2100E+02   2.2200E+02   5.1877E-05  0.4472   0.0000E+00  0.0000
   2.2200E+02   2.2300E+02   2.0614E-05  0.7071   0.0000E+00  0.0000
   2.2300E+02   2.2400E+02   6.4237E-05  0.4102   0.0000E+00  0.0000
   2.2400E+02   2.2500E+02   3.1267E-05  0.5776   0.0000E+00  0.0000
   2.2500E+02   2.2600E+02   6.2059E-05  0.4083   0.0000E+00  0.0000
   2.2600E+02   2.2700E+02   5.1719E-05  0.4472   0.0000E+00  0.0000
   2.2700E+02   2.2800E+02   3.1363E-05  0.5774   0.0000E+00  0.0000
   2.2800E+02   2.2900E+02   6.3453E-05  0.4090   0.0000E+00  0.0000
   2.2900E+02   2.3000E+02   6.2522E-05  0.4085   0.0000E+00  0.0000
   2.3000E+02   2.3100E+02   6.1351E-05  0.4082   0.0000E+00  0.0000
   2.3100E+02   2.3200E+02   8.3591E-05  0.3536   0.0000E+00  0.0000
   2.3200E+02   2.3300E+02   6.1928E-05  0.4083   0.0000E+00  0.0000
   2.3300E+02   2.3400E+02   6.2508E-05  0.4083   0.0000E+00  0.0000
   2.3400E+02   2.3500E+02   4.2376E-05  0.5003   0.0000E+00  0.0000
   2.3500E+02   2.3600E+02   3.0916E-05  0.5774   0.0000E+00  0.0000
   2.3600E+02   2.3700E+02   3.1107E-05  0.5774   0.0000E+00  0.0000
   2.3700E+02   2.3800E+02   5.1630E-05  0.4472   0.0000E+00  0.0000
   2.3800E+02   2.3900E+02   4.1082E-05  0.5000   0.0000E+00  0.0000
   2.3900E+02   2.4000E+02   1.0300E-05  1.0000   0.0000E+00  0.0000
   2.4000E+02   2.4100E+02   3.1356E-05  0.5776   0.0000E+00  0.0000
   2.4100E+02   2.4200E+02   3.0946E-05  0.5774   0.0000E+00  0.0000
   2.4200E+02   2.4300E+02   6.1593E-05  0.4083   0.0000E+00  0.0000
   2.4300E+02   2.4400E+02   8.2581E-05  0.3536   0.0000E+00  0.0000
   2.4400E+02   2.4500E+02   5.2143E-05  0.4474   0.0000E+00  0.0000
   2.4500E+02   2.4600E+02   9.2937E-05  0.3334   0.0000E+00  0.0000
   2.4600E+02   2.4700E+02   2.0420E-05  0.7071   0.0000E+00  0.0000
   2.4700E+02   2.4800E+02   3.1580E-05  0.5778   0.0000E+00  0.0000
   2.4800E+02   2.4900E+02   1.0204E-05  1.0000   0.0000E+00  0.0000
   2.4900E+02   2.5000E+02   0.0000E+00  0.0000   0.0000E+00  0.0000

#   sum over                 8.3290E-04           1.4375E-03

'no. =  1,  reg  =      5'
msuc: {\huge [t-track] in region mesh}
msdr: {\it plotted by \ANGEL \version}
msdl: {\it calculated by \PHITS  3.26}
wt: s(0.7)
\vspace{-3}
   vol  &=&   1.0000E+00 [cm^3]
e:
 
# Information for Restart Calculation
# This calculation was newly started
# istdev =  2 # 1:Batch variance, 2:History variance
# resc2  = 4.90000000000000000E+06 # Total source weight or Total source weight / maxcas
# resc3  = 4.90000000000000000E+06 # Total history number or Total batch number
# maxcas =       10000 # History / Batch, only used for istdev=1
# bitrseed = 0101111001010011100100011101011100001110001010100101001010010111 # bit data of rseed
