[ T-Track ]
    title = [t-track] in region mesh
     mesh =  reg            # mesh type is region-wise
      reg = 5
   e-type =    1            # e-mesh is given by the below data
       ne =    250          # number of e-mesh points
#    data = ( e(i), i = 1, ne + 1 )
            0.00000E+00  1.00000E+00  2.00000E+00  3.00000E+00  4.00000E+00
            5.00000E+00  6.00000E+00  7.00000E+00  8.00000E+00  9.00000E+00
            1.00000E+01  1.10000E+01  1.20000E+01  1.30000E+01  1.40000E+01
            1.50000E+01  1.60000E+01  1.70000E+01  1.80000E+01  1.90000E+01
            2.00000E+01  2.10000E+01  2.20000E+01  2.30000E+01  2.40000E+01
            2.50000E+01  2.60000E+01  2.70000E+01  2.80000E+01  2.90000E+01
            3.00000E+01  3.10000E+01  3.20000E+01  3.30000E+01  3.40000E+01
            3.50000E+01  3.60000E+01  3.70000E+01  3.80000E+01  3.90000E+01
            4.00000E+01  4.10000E+01  4.20000E+01  4.30000E+01  4.40000E+01
            4.50000E+01  4.60000E+01  4.70000E+01  4.80000E+01  4.90000E+01
            5.00000E+01  5.10000E+01  5.20000E+01  5.30000E+01  5.40000E+01
            5.50000E+01  5.60000E+01  5.70000E+01  5.80000E+01  5.90000E+01
            6.00000E+01  6.10000E+01  6.20000E+01  6.30000E+01  6.40000E+01
            6.50000E+01  6.60000E+01  6.70000E+01  6.80000E+01  6.90000E+01
            7.00000E+01  7.10000E+01  7.20000E+01  7.30000E+01  7.40000E+01
            7.50000E+01  7.60000E+01  7.70000E+01  7.80000E+01  7.90000E+01
            8.00000E+01  8.10000E+01  8.20000E+01  8.30000E+01  8.40000E+01
            8.50000E+01  8.60000E+01  8.70000E+01  8.80000E+01  8.90000E+01
            9.00000E+01  9.10000E+01  9.20000E+01  9.30000E+01  9.40000E+01
            9.50000E+01  9.60000E+01  9.70000E+01  9.80000E+01  9.90000E+01
            1.00000E+02  1.01000E+02  1.02000E+02  1.03000E+02  1.04000E+02
            1.05000E+02  1.06000E+02  1.07000E+02  1.08000E+02  1.09000E+02
            1.10000E+02  1.11000E+02  1.12000E+02  1.13000E+02  1.14000E+02
            1.15000E+02  1.16000E+02  1.17000E+02  1.18000E+02  1.19000E+02
            1.20000E+02  1.21000E+02  1.22000E+02  1.23000E+02  1.24000E+02
            1.25000E+02  1.26000E+02  1.27000E+02  1.28000E+02  1.29000E+02
            1.30000E+02  1.31000E+02  1.32000E+02  1.33000E+02  1.34000E+02
            1.35000E+02  1.36000E+02  1.37000E+02  1.38000E+02  1.39000E+02
            1.40000E+02  1.41000E+02  1.42000E+02  1.43000E+02  1.44000E+02
            1.45000E+02  1.46000E+02  1.47000E+02  1.48000E+02  1.49000E+02
            1.50000E+02  1.51000E+02  1.52000E+02  1.53000E+02  1.54000E+02
            1.55000E+02  1.56000E+02  1.57000E+02  1.58000E+02  1.59000E+02
            1.60000E+02  1.61000E+02  1.62000E+02  1.63000E+02  1.64000E+02
            1.65000E+02  1.66000E+02  1.67000E+02  1.68000E+02  1.69000E+02
            1.70000E+02  1.71000E+02  1.72000E+02  1.73000E+02  1.74000E+02
            1.75000E+02  1.76000E+02  1.77000E+02  1.78000E+02  1.79000E+02
            1.80000E+02  1.81000E+02  1.82000E+02  1.83000E+02  1.84000E+02
            1.85000E+02  1.86000E+02  1.87000E+02  1.88000E+02  1.89000E+02
            1.90000E+02  1.91000E+02  1.92000E+02  1.93000E+02  1.94000E+02
            1.95000E+02  1.96000E+02  1.97000E+02  1.98000E+02  1.99000E+02
            2.00000E+02  2.01000E+02  2.02000E+02  2.03000E+02  2.04000E+02
            2.05000E+02  2.06000E+02  2.07000E+02  2.08000E+02  2.09000E+02
            2.10000E+02  2.11000E+02  2.12000E+02  2.13000E+02  2.14000E+02
            2.15000E+02  2.16000E+02  2.17000E+02  2.18000E+02  2.19000E+02
            2.20000E+02  2.21000E+02  2.22000E+02  2.23000E+02  2.24000E+02
            2.25000E+02  2.26000E+02  2.27000E+02  2.28000E+02  2.29000E+02
            2.30000E+02  2.31000E+02  2.32000E+02  2.33000E+02  2.34000E+02
            2.35000E+02  2.36000E+02  2.37000E+02  2.38000E+02  2.39000E+02
            2.40000E+02  2.41000E+02  2.42000E+02  2.43000E+02  2.44000E+02
            2.45000E+02  2.46000E+02  2.47000E+02  2.48000E+02  2.49000E+02
            2.50000E+02
     unit =    2            # unit is [1/cm^2/(MeV/n)/source]
 material =  all            # (D=all) number of specific material
     axis =     eng            # axis of output
     file = neutral_particles_shield1_HE.out  # file name of output for the above axis
     part =  neutron    photon   
# kf/name :  2112       22       
#    used :        main (  %)        temp (  %)       total (  %)
#  memory :         257 (  0)           0 (  0)         257 (  0)

#------------------------------------------------------------------------------
#newpage:
#   no. =  1   reg =      5

x: Energy [MeV/n]
y: Flux [1/cm^2/(MeV/n)/source]      
p: xlin ylog afac(0.8) form(0.9)
h: n            x            y(neutron ),hh0l   n y(photon  ),hh0dr  n 
#  e-lower      e-upper      neutron     r.err    photon      r.err 
   0.0000E+00   1.0000E+00   8.7303E-03  0.0282   2.9730E-02  0.0162
   1.0000E+00   2.0000E+00   1.1328E-03  0.0709   7.8110E-03  0.0274
   2.0000E+00   3.0000E+00   1.2801E-03  0.0696   5.4032E-03  0.0319
   3.0000E+00   4.0000E+00   9.2810E-04  0.0847   3.3212E-03  0.0400
   4.0000E+00   5.0000E+00   7.6764E-04  0.0901   2.6237E-03  0.0443
   5.0000E+00   6.0000E+00   6.8079E-04  0.0930   1.5893E-03  0.0580
   6.0000E+00   7.0000E+00   4.8571E-04  0.1088   1.8329E-03  0.0527
   7.0000E+00   8.0000E+00   4.6983E-04  0.1110   1.4291E-03  0.0558
   8.0000E+00   9.0000E+00   3.2513E-04  0.1295   2.1242E-04  0.1534
   9.0000E+00   1.0000E+01   2.6912E-04  0.1407   1.7729E-04  0.1613
   1.0000E+01   1.1000E+01   3.7507E-04  0.1341   3.7879E-05  0.3689
   1.1000E+01   1.2000E+01   2.8770E-04  0.1419   3.6590E-06  0.9205
   1.2000E+01   1.3000E+01   2.5274E-04  0.1483   5.5849E-06  1.0000
   1.3000E+01   1.4000E+01   2.4476E-04  0.1507   0.0000E+00  0.0000
   1.4000E+01   1.5000E+01   2.0585E-04  0.1719   0.0000E+00  0.0000
   1.5000E+01   1.6000E+01   2.2474E-04  0.1560   0.0000E+00  0.0000
   1.6000E+01   1.7000E+01   1.4612E-04  0.1822   0.0000E+00  0.0000
   1.7000E+01   1.8000E+01   2.9086E-04  0.1426   0.0000E+00  0.0000
   1.8000E+01   1.9000E+01   1.5180E-04  0.1907   0.0000E+00  0.0000
   1.9000E+01   2.0000E+01   1.9029E-04  0.1666   0.0000E+00  0.0000
   2.0000E+01   2.1000E+01   1.6596E-04  0.1757   0.0000E+00  0.0000
   2.1000E+01   2.2000E+01   2.8463E-04  0.1385   0.0000E+00  0.0000
   2.2000E+01   2.3000E+01   2.4984E-04  0.1445   0.0000E+00  0.0000
   2.3000E+01   2.4000E+01   2.0852E-04  0.1609   0.0000E+00  0.0000
   2.4000E+01   2.5000E+01   2.6105E-04  0.1391   0.0000E+00  0.0000
   2.5000E+01   2.6000E+01   2.6288E-04  0.1390   0.0000E+00  0.0000
   2.6000E+01   2.7000E+01   2.5078E-04  0.1490   0.0000E+00  0.0000
   2.7000E+01   2.8000E+01   2.1233E-04  0.1513   0.0000E+00  0.0000
   2.8000E+01   2.9000E+01   2.5266E-04  0.1460   0.0000E+00  0.0000
   2.9000E+01   3.0000E+01   2.3237E-04  0.1490   0.0000E+00  0.0000
   3.0000E+01   3.1000E+01   2.5886E-04  0.1420   0.0000E+00  0.0000
   3.1000E+01   3.2000E+01   1.7729E-04  0.1708   0.0000E+00  0.0000
   3.2000E+01   3.3000E+01   2.0322E-04  0.1547   0.0000E+00  0.0000
   3.3000E+01   3.4000E+01   2.4287E-04  0.1410   0.0000E+00  0.0000
   3.4000E+01   3.5000E+01   2.1824E-04  0.1540   0.0000E+00  0.0000
   3.5000E+01   3.6000E+01   2.9591E-04  0.1291   0.0000E+00  0.0000
   3.6000E+01   3.7000E+01   2.6019E-04  0.1404   0.0000E+00  0.0000
   3.7000E+01   3.8000E+01   2.4487E-04  0.1406   0.0000E+00  0.0000
   3.8000E+01   3.9000E+01   2.1053E-04  0.1534   0.0000E+00  0.0000
   3.9000E+01   4.0000E+01   1.7106E-04  0.1776   0.0000E+00  0.0000
   4.0000E+01   4.1000E+01   1.7750E-04  0.1659   0.0000E+00  0.0000
   4.1000E+01   4.2000E+01   2.1338E-04  0.1539   0.0000E+00  0.0000
   4.2000E+01   4.3000E+01   3.0841E-04  0.1247   0.0000E+00  0.0000
   4.3000E+01   4.4000E+01   2.1252E-04  0.1498   0.0000E+00  0.0000
   4.4000E+01   4.5000E+01   2.3779E-04  0.1435   0.0000E+00  0.0000
   4.5000E+01   4.6000E+01   2.8603E-04  0.1323   0.0000E+00  0.0000
   4.6000E+01   4.7000E+01   2.2546E-04  0.1444   0.0000E+00  0.0000
   4.7000E+01   4.8000E+01   2.0899E-04  0.1495   0.0000E+00  0.0000
   4.8000E+01   4.9000E+01   2.1669E-04  0.1441   0.0000E+00  0.0000
   4.9000E+01   5.0000E+01   2.4156E-04  0.1386   0.0000E+00  0.0000
   5.0000E+01   5.1000E+01   1.9219E-04  0.1591   0.0000E+00  0.0000
   5.1000E+01   5.2000E+01   2.2605E-04  0.1466   0.0000E+00  0.0000
   5.2000E+01   5.3000E+01   1.8812E-04  0.1572   0.0000E+00  0.0000
   5.3000E+01   5.4000E+01   2.4243E-04  0.1425   0.0000E+00  0.0000
   5.4000E+01   5.5000E+01   2.2921E-04  0.1389   0.0000E+00  0.0000
   5.5000E+01   5.6000E+01   2.6261E-04  0.1338   0.0000E+00  0.0000
   5.6000E+01   5.7000E+01   2.0520E-04  0.1502   0.0000E+00  0.0000
   5.7000E+01   5.8000E+01   2.5296E-04  0.1347   0.0000E+00  0.0000
   5.8000E+01   5.9000E+01   2.6988E-04  0.1318   0.0000E+00  0.0000
   5.9000E+01   6.0000E+01   2.0174E-04  0.1488   0.0000E+00  0.0000
   6.0000E+01   6.1000E+01   2.2514E-04  0.1423   0.0000E+00  0.0000
   6.1000E+01   6.2000E+01   2.7464E-04  0.1301   0.0000E+00  0.0000
   6.2000E+01   6.3000E+01   2.8640E-04  0.1272   0.0000E+00  0.0000
   6.3000E+01   6.4000E+01   2.0803E-04  0.1486   0.0000E+00  0.0000
   6.4000E+01   6.5000E+01   2.5258E-04  0.1379   0.0000E+00  0.0000
   6.5000E+01   6.6000E+01   1.6244E-04  0.1738   0.0000E+00  0.0000
   6.6000E+01   6.7000E+01   2.1642E-04  0.1475   0.0000E+00  0.0000
   6.7000E+01   6.8000E+01   2.4146E-04  0.1359   0.0000E+00  0.0000
   6.8000E+01   6.9000E+01   2.4893E-04  0.1310   0.0000E+00  0.0000
   6.9000E+01   7.0000E+01   2.6904E-04  0.1346   0.0000E+00  0.0000
   7.0000E+01   7.1000E+01   2.5661E-04  0.1341   0.0000E+00  0.0000
   7.1000E+01   7.2000E+01   2.6801E-04  0.1352   0.0000E+00  0.0000
   7.2000E+01   7.3000E+01   2.6881E-04  0.1295   0.0000E+00  0.0000
   7.3000E+01   7.4000E+01   2.9490E-04  0.1260   0.0000E+00  0.0000
   7.4000E+01   7.5000E+01   2.3913E-04  0.1386   0.0000E+00  0.0000
   7.5000E+01   7.6000E+01   2.1040E-04  0.1480   0.0000E+00  0.0000
   7.6000E+01   7.7000E+01   2.7973E-04  0.1284   0.0000E+00  0.0000
   7.7000E+01   7.8000E+01   1.9227E-04  0.1530   0.0000E+00  0.0000
   7.8000E+01   7.9000E+01   2.3961E-04  0.1363   0.0000E+00  0.0000
   7.9000E+01   8.0000E+01   2.5011E-04  0.1311   0.0000E+00  0.0000
   8.0000E+01   8.1000E+01   1.7549E-04  0.1622   0.0000E+00  0.0000
   8.1000E+01   8.2000E+01   2.2093E-04  0.1435   0.0000E+00  0.0000
   8.2000E+01   8.3000E+01   2.3293E-04  0.1408   0.0000E+00  0.0000
   8.3000E+01   8.4000E+01   2.2019E-04  0.1409   0.0000E+00  0.0000
   8.4000E+01   8.5000E+01   2.1991E-04  0.1451   0.0000E+00  0.0000
   8.5000E+01   8.6000E+01   2.6983E-04  0.1325   0.0000E+00  0.0000
   8.6000E+01   8.7000E+01   2.6100E-04  0.1324   0.0000E+00  0.0000
   8.7000E+01   8.8000E+01   2.2738E-04  0.1414   0.0000E+00  0.0000
   8.8000E+01   8.9000E+01   1.7914E-04  0.1568   0.0000E+00  0.0000
   8.9000E+01   9.0000E+01   2.7526E-04  0.1273   0.0000E+00  0.0000
   9.0000E+01   9.1000E+01   1.9732E-04  0.1462   0.0000E+00  0.0000
   9.1000E+01   9.2000E+01   2.6221E-04  0.1309   0.0000E+00  0.0000
   9.2000E+01   9.3000E+01   2.2342E-04  0.1426   0.0000E+00  0.0000
   9.3000E+01   9.4000E+01   2.1788E-04  0.1423   0.0000E+00  0.0000
   9.4000E+01   9.5000E+01   2.1261E-04  0.1430   0.0000E+00  0.0000
   9.5000E+01   9.6000E+01   2.5339E-04  0.1309   0.0000E+00  0.0000
   9.6000E+01   9.7000E+01   2.9250E-04  0.1224   0.0000E+00  0.0000
   9.7000E+01   9.8000E+01   1.5267E-04  0.1681   0.0000E+00  0.0000
   9.8000E+01   9.9000E+01   2.0082E-04  0.1467   0.0000E+00  0.0000
   9.9000E+01   1.0000E+02   2.2829E-04  0.1386   0.0000E+00  0.0000
   1.0000E+02   1.0100E+02   1.8410E-04  0.1513   0.0000E+00  0.0000
   1.0100E+02   1.0200E+02   2.1851E-04  0.1370   0.0000E+00  0.0000
   1.0200E+02   1.0300E+02   2.5906E-04  0.1285   0.0000E+00  0.0000
   1.0300E+02   1.0400E+02   2.2027E-04  0.1407   0.0000E+00  0.0000
   1.0400E+02   1.0500E+02   1.9052E-04  0.1491   0.0000E+00  0.0000
   1.0500E+02   1.0600E+02   1.8827E-04  0.1482   0.0000E+00  0.0000
   1.0600E+02   1.0700E+02   2.5168E-04  0.1317   0.0000E+00  0.0000
   1.0700E+02   1.0800E+02   1.8878E-04  0.1498   0.0000E+00  0.0000
   1.0800E+02   1.0900E+02   2.1605E-04  0.1438   0.0000E+00  0.0000
   1.0900E+02   1.1000E+02   1.4398E-04  0.1741   0.0000E+00  0.0000
   1.1000E+02   1.1100E+02   1.5637E-04  0.1649   0.0000E+00  0.0000
   1.1100E+02   1.1200E+02   1.6105E-04  0.1617   0.0000E+00  0.0000
   1.1200E+02   1.1300E+02   1.4192E-04  0.1725   0.0000E+00  0.0000
   1.1300E+02   1.1400E+02   1.5017E-04  0.1701   0.0000E+00  0.0000
   1.1400E+02   1.1500E+02   1.5518E-04  0.1652   0.0000E+00  0.0000
   1.1500E+02   1.1600E+02   1.6365E-04  0.1598   0.0000E+00  0.0000
   1.1600E+02   1.1700E+02   1.9944E-04  0.1443   0.0000E+00  0.0000
   1.1700E+02   1.1800E+02   1.9270E-04  0.1464   0.0000E+00  0.0000
   1.1800E+02   1.1900E+02   1.6711E-04  0.1565   0.0000E+00  0.0000
   1.1900E+02   1.2000E+02   1.3537E-04  0.1773   0.0000E+00  0.0000
   1.2000E+02   1.2100E+02   1.5695E-04  0.1627   0.0000E+00  0.0000
   1.2100E+02   1.2200E+02   1.7065E-04  0.1570   0.0000E+00  0.0000
   1.2200E+02   1.2300E+02   1.7680E-04  0.1546   0.0000E+00  0.0000
   1.2300E+02   1.2400E+02   1.3435E-04  0.1760   0.0000E+00  0.0000
   1.2400E+02   1.2500E+02   1.2921E-04  0.1796   0.0000E+00  0.0000
   1.2500E+02   1.2600E+02   1.4939E-04  0.1675   0.0000E+00  0.0000
   1.2600E+02   1.2700E+02   1.8133E-04  0.1561   0.0000E+00  0.0000
   1.2700E+02   1.2800E+02   1.3827E-04  0.1706   0.0000E+00  0.0000
   1.2800E+02   1.2900E+02   1.4487E-04  0.1728   0.0000E+00  0.0000
   1.2900E+02   1.3000E+02   1.4870E-04  0.1659   0.0000E+00  0.0000
   1.3000E+02   1.3100E+02   1.4906E-04  0.1664   0.0000E+00  0.0000
   1.3100E+02   1.3200E+02   1.4149E-04  0.1694   0.0000E+00  0.0000
   1.3200E+02   1.3300E+02   8.8587E-05  0.2198   0.0000E+00  0.0000
   1.3300E+02   1.3400E+02   1.1954E-04  0.1848   0.0000E+00  0.0000
   1.3400E+02   1.3500E+02   1.1945E-04  0.1822   0.0000E+00  0.0000
   1.3500E+02   1.3600E+02   1.3310E-04  0.1785   0.0000E+00  0.0000
   1.3600E+02   1.3700E+02   1.2936E-04  0.1776   0.0000E+00  0.0000
   1.3700E+02   1.3800E+02   1.1771E-04  0.1864   0.0000E+00  0.0000
   1.3800E+02   1.3900E+02   1.0864E-04  0.1967   0.0000E+00  0.0000
   1.3900E+02   1.4000E+02   1.1473E-04  0.1895   0.0000E+00  0.0000
   1.4000E+02   1.4100E+02   1.2520E-04  0.1819   0.0000E+00  0.0000
   1.4100E+02   1.4200E+02   1.3731E-04  0.1778   0.0000E+00  0.0000
   1.4200E+02   1.4300E+02   1.1250E-04  0.1893   0.0000E+00  0.0000
   1.4300E+02   1.4400E+02   1.0041E-04  0.2004   0.0000E+00  0.0000
   1.4400E+02   1.4500E+02   1.0132E-04  0.2007   0.0000E+00  0.0000
   1.4500E+02   1.4600E+02   8.5172E-05  0.2189   0.0000E+00  0.0000
   1.4600E+02   1.4700E+02   1.1344E-04  0.1935   0.0000E+00  0.0000
   1.4700E+02   1.4800E+02   1.4002E-04  0.1695   0.0000E+00  0.0000
   1.4800E+02   1.4900E+02   8.1595E-05  0.2243   0.0000E+00  0.0000
   1.4900E+02   1.5000E+02   1.1596E-04  0.1903   0.0000E+00  0.0000
   1.5000E+02   1.5100E+02   8.2482E-05  0.2240   0.0000E+00  0.0000
   1.5100E+02   1.5200E+02   7.2207E-05  0.2360   0.0000E+00  0.0000
   1.5200E+02   1.5300E+02   8.4428E-05  0.2187   0.0000E+00  0.0000
   1.5300E+02   1.5400E+02   9.2239E-05  0.2088   0.0000E+00  0.0000
   1.5400E+02   1.5500E+02   1.1457E-04  0.1902   0.0000E+00  0.0000
   1.5500E+02   1.5600E+02   1.1112E-04  0.1892   0.0000E+00  0.0000
   1.5600E+02   1.5700E+02   7.6752E-05  0.2299   0.0000E+00  0.0000
   1.5700E+02   1.5800E+02   8.6218E-05  0.2189   0.0000E+00  0.0000
   1.5800E+02   1.5900E+02   7.1071E-05  0.2359   0.0000E+00  0.0000
   1.5900E+02   1.6000E+02   1.0496E-04  0.1965   0.0000E+00  0.0000
   1.6000E+02   1.6100E+02   1.0667E-04  0.1952   0.0000E+00  0.0000
   1.6100E+02   1.6200E+02   7.0844E-05  0.2358   0.0000E+00  0.0000
   1.6200E+02   1.6300E+02   6.7830E-05  0.2428   0.0000E+00  0.0000
   1.6300E+02   1.6400E+02   8.7333E-05  0.2134   0.0000E+00  0.0000
   1.6400E+02   1.6500E+02   6.5056E-05  0.2510   0.0000E+00  0.0000
   1.6500E+02   1.6600E+02   8.3374E-05  0.2185   0.0000E+00  0.0000
   1.6600E+02   1.6700E+02   8.7042E-05  0.2136   0.0000E+00  0.0000
   1.6700E+02   1.6800E+02   8.4684E-05  0.2185   0.0000E+00  0.0000
   1.6800E+02   1.6900E+02   5.5433E-05  0.2676   0.0000E+00  0.0000
   1.6900E+02   1.7000E+02   6.8233E-05  0.2433   0.0000E+00  0.0000
   1.7000E+02   1.7100E+02   1.0309E-04  0.1963   0.0000E+00  0.0000
   1.7100E+02   1.7200E+02   6.7527E-05  0.2429   0.0000E+00  0.0000
   1.7200E+02   1.7300E+02   6.8450E-05  0.2431   0.0000E+00  0.0000
   1.7300E+02   1.7400E+02   5.2353E-05  0.2780   0.0000E+00  0.0000
   1.7400E+02   1.7500E+02   6.7840E-05  0.2428   0.0000E+00  0.0000
   1.7500E+02   1.7600E+02   5.6080E-05  0.2676   0.0000E+00  0.0000
   1.7600E+02   1.7700E+02   6.8131E-05  0.2429   0.0000E+00  0.0000
   1.7700E+02   1.7800E+02   4.8260E-05  0.3175   0.0000E+00  0.0000
   1.7800E+02   1.7900E+02   4.8242E-05  0.2892   0.0000E+00  0.0000
   1.7900E+02   1.8000E+02   7.5922E-05  0.2297   0.0000E+00  0.0000
   1.8000E+02   1.8100E+02   4.7630E-05  0.2889   0.0000E+00  0.0000
   1.8100E+02   1.8200E+02   4.7960E-05  0.2891   0.0000E+00  0.0000
   1.8200E+02   1.8300E+02   5.9009E-05  0.2583   0.0000E+00  0.0000
   1.8300E+02   1.8400E+02   4.2173E-05  0.3069   0.0000E+00  0.0000
   1.8400E+02   1.8500E+02   5.6986E-05  0.2679   0.0000E+00  0.0000
   1.8500E+02   1.8600E+02   5.0863E-05  0.2774   0.0000E+00  0.0000
   1.8600E+02   1.8700E+02   3.5793E-05  0.3337   0.0000E+00  0.0000
   1.8700E+02   1.8800E+02   3.5722E-05  0.3337   0.0000E+00  0.0000
   1.8800E+02   1.8900E+02   4.7186E-05  0.2888   0.0000E+00  0.0000
   1.8900E+02   1.9000E+02   7.9698E-05  0.2241   0.0000E+00  0.0000
   1.9000E+02   1.9100E+02   3.9178E-05  0.3164   0.0000E+00  0.0000
   1.9100E+02   1.9200E+02   2.8060E-05  0.3785   0.0000E+00  0.0000
   1.9200E+02   1.9300E+02   1.9663E-05  0.4474   0.0000E+00  0.0000
   1.9300E+02   1.9400E+02   4.4110E-05  0.3025   0.0000E+00  0.0000
   1.9400E+02   1.9500E+02   4.3265E-05  0.3017   0.0000E+00  0.0000
   1.9500E+02   1.9600E+02   3.9273E-05  0.3165   0.0000E+00  0.0000
   1.9600E+02   1.9700E+02   3.4891E-05  0.3334   0.0000E+00  0.0000
   1.9700E+02   1.9800E+02   2.3640E-05  0.4084   0.0000E+00  0.0000
   1.9800E+02   1.9900E+02   2.3723E-05  0.4086   0.0000E+00  0.0000
   1.9900E+02   2.0000E+02   5.5534E-05  0.2678   0.0000E+00  0.0000
   2.0000E+02   2.0100E+02   1.9656E-05  0.4474   0.0000E+00  0.0000
   2.0100E+02   2.0200E+02   2.7328E-05  0.3780   0.0000E+00  0.0000
   2.0200E+02   2.0300E+02   2.3583E-05  0.4085   0.0000E+00  0.0000
   2.0300E+02   2.0400E+02   2.3603E-05  0.4090   0.0000E+00  0.0000
   2.0400E+02   2.0500E+02   1.9228E-05  0.4472   0.0000E+00  0.0000
   2.0500E+02   2.0600E+02   3.1322E-05  0.3537   0.0000E+00  0.0000
   2.0600E+02   2.0700E+02   7.9208E-06  0.7074   0.0000E+00  0.0000
   2.0700E+02   2.0800E+02   3.1673E-05  0.3540   0.0000E+00  0.0000
   2.0800E+02   2.0900E+02   1.1587E-05  0.5775   0.0000E+00  0.0000
   2.0900E+02   2.1000E+02   2.5838E-05  0.3813   0.0000E+00  0.0000
   2.1000E+02   2.1100E+02   3.6050E-05  0.3336   0.0000E+00  0.0000
   2.1100E+02   2.1200E+02   3.5361E-05  0.3335   0.0000E+00  0.0000
   2.1200E+02   2.1300E+02   1.9543E-05  0.4474   0.0000E+00  0.0000
   2.1300E+02   2.1400E+02   2.3998E-05  0.3981   0.0000E+00  0.0000
   2.1400E+02   2.1500E+02   1.9479E-05  0.4473   0.0000E+00  0.0000
   2.1500E+02   2.1600E+02   1.1549E-05  0.5774   0.0000E+00  0.0000
   2.1600E+02   2.1700E+02   0.0000E+00  0.0000   0.0000E+00  0.0000
   2.1700E+02   2.1800E+02   1.9506E-05  0.4475   0.0000E+00  0.0000
   2.1800E+02   2.1900E+02   2.3007E-05  0.4083   0.0000E+00  0.0000
   2.1900E+02   2.2000E+02   4.2609E-05  0.3019   0.0000E+00  0.0000
   2.2000E+02   2.2100E+02   2.3684E-05  0.4086   0.0000E+00  0.0000
   2.2100E+02   2.2200E+02   1.5786E-05  0.5001   0.0000E+00  0.0000
   2.2200E+02   2.2300E+02   1.6126E-05  0.5006   0.0000E+00  0.0000
   2.2300E+02   2.2400E+02   1.8025E-05  0.4506   0.0000E+00  0.0000
   2.2400E+02   2.2500E+02   1.0294E-05  0.5847   0.0000E+00  0.0000
   2.2500E+02   2.2600E+02   1.5510E-05  0.5000   0.0000E+00  0.0000
   2.2600E+02   2.2700E+02   3.9090E-06  1.0000   0.0000E+00  0.0000
   2.2700E+02   2.2800E+02   7.8233E-06  0.7072   0.0000E+00  0.0000
   2.2800E+02   2.2900E+02   1.1459E-05  0.5774   0.0000E+00  0.0000
   2.2900E+02   2.3000E+02   2.3805E-05  0.4088   0.0000E+00  0.0000
   2.3000E+02   2.3100E+02   1.1503E-05  0.5774   0.0000E+00  0.0000
   2.3100E+02   2.3200E+02   1.5520E-05  0.5001   0.0000E+00  0.0000
   2.3200E+02   2.3300E+02   1.5527E-05  0.5001   0.0000E+00  0.0000
   2.3300E+02   2.3400E+02   1.1523E-05  0.5774   0.0000E+00  0.0000
   2.3400E+02   2.3500E+02   7.6378E-06  0.7071   0.0000E+00  0.0000
   2.3500E+02   2.3600E+02   7.6878E-06  0.7071   0.0000E+00  0.0000
   2.3600E+02   2.3700E+02   1.1546E-05  0.5774   0.0000E+00  0.0000
   2.3700E+02   2.3800E+02   1.1564E-05  0.5774   0.0000E+00  0.0000
   2.3800E+02   2.3900E+02   1.1603E-05  0.5774   0.0000E+00  0.0000
   2.3900E+02   2.4000E+02   3.8469E-06  1.0000   0.0000E+00  0.0000
   2.4000E+02   2.4100E+02   1.1472E-05  0.5774   0.0000E+00  0.0000
   2.4100E+02   2.4200E+02   1.1442E-05  0.5774   0.0000E+00  0.0000
   2.4200E+02   2.4300E+02   1.1712E-05  0.5774   0.0000E+00  0.0000
   2.4300E+02   2.4400E+02   1.1609E-05  0.5774   0.0000E+00  0.0000
   2.4400E+02   2.4500E+02   3.8351E-06  1.0000   0.0000E+00  0.0000
   2.4500E+02   2.4600E+02   7.7592E-06  0.7072   0.0000E+00  0.0000
   2.4600E+02   2.4700E+02   7.6462E-06  0.7071   0.0000E+00  0.0000
   2.4700E+02   2.4800E+02   0.0000E+00  0.0000   0.0000E+00  0.0000
   2.4800E+02   2.4900E+02   0.0000E+00  0.0000   0.0000E+00  0.0000
   2.4900E+02   2.5000E+02   0.0000E+00  0.0000   0.0000E+00  0.0000

#   sum over                 1.9046E-04           2.1671E-04

'no. =  1,  reg  =      5'
msuc: {\huge [t-track] in region mesh}
msdr: {\it plotted by \ANGEL \version}
msdl: {\it calculated by \PHITS  3.26}
wt: s(0.7)
\vspace{-3}
   vol  &=&   1.0000E+00 [cm^3]
e:
 
# Information for Restart Calculation
# This calculation was newly started
# istdev =  2 # 1:Batch variance, 2:History variance
# resc2  = 1.31200000000000000E+07 # Total source weight or Total source weight / maxcas
# resc3  = 1.31200000000000000E+07 # Total history number or Total batch number
# maxcas =       10000 # History / Batch, only used for istdev=1
# bitrseed = 0111010000011100101110010000110101011100001000101101001000010110 # bit data of rseed
