[ T-Track ]
    title = [t-track] in region mesh
     mesh =  reg            # mesh type is region-wise
      reg = 4
   e-type =    1            # e-mesh is given by the below data
       ne =    250          # number of e-mesh points
#    data = ( e(i), i = 1, ne + 1 )
            0.00000E+00  1.00000E+00  2.00000E+00  3.00000E+00  4.00000E+00
            5.00000E+00  6.00000E+00  7.00000E+00  8.00000E+00  9.00000E+00
            1.00000E+01  1.10000E+01  1.20000E+01  1.30000E+01  1.40000E+01
            1.50000E+01  1.60000E+01  1.70000E+01  1.80000E+01  1.90000E+01
            2.00000E+01  2.10000E+01  2.20000E+01  2.30000E+01  2.40000E+01
            2.50000E+01  2.60000E+01  2.70000E+01  2.80000E+01  2.90000E+01
            3.00000E+01  3.10000E+01  3.20000E+01  3.30000E+01  3.40000E+01
            3.50000E+01  3.60000E+01  3.70000E+01  3.80000E+01  3.90000E+01
            4.00000E+01  4.10000E+01  4.20000E+01  4.30000E+01  4.40000E+01
            4.50000E+01  4.60000E+01  4.70000E+01  4.80000E+01  4.90000E+01
            5.00000E+01  5.10000E+01  5.20000E+01  5.30000E+01  5.40000E+01
            5.50000E+01  5.60000E+01  5.70000E+01  5.80000E+01  5.90000E+01
            6.00000E+01  6.10000E+01  6.20000E+01  6.30000E+01  6.40000E+01
            6.50000E+01  6.60000E+01  6.70000E+01  6.80000E+01  6.90000E+01
            7.00000E+01  7.10000E+01  7.20000E+01  7.30000E+01  7.40000E+01
            7.50000E+01  7.60000E+01  7.70000E+01  7.80000E+01  7.90000E+01
            8.00000E+01  8.10000E+01  8.20000E+01  8.30000E+01  8.40000E+01
            8.50000E+01  8.60000E+01  8.70000E+01  8.80000E+01  8.90000E+01
            9.00000E+01  9.10000E+01  9.20000E+01  9.30000E+01  9.40000E+01
            9.50000E+01  9.60000E+01  9.70000E+01  9.80000E+01  9.90000E+01
            1.00000E+02  1.01000E+02  1.02000E+02  1.03000E+02  1.04000E+02
            1.05000E+02  1.06000E+02  1.07000E+02  1.08000E+02  1.09000E+02
            1.10000E+02  1.11000E+02  1.12000E+02  1.13000E+02  1.14000E+02
            1.15000E+02  1.16000E+02  1.17000E+02  1.18000E+02  1.19000E+02
            1.20000E+02  1.21000E+02  1.22000E+02  1.23000E+02  1.24000E+02
            1.25000E+02  1.26000E+02  1.27000E+02  1.28000E+02  1.29000E+02
            1.30000E+02  1.31000E+02  1.32000E+02  1.33000E+02  1.34000E+02
            1.35000E+02  1.36000E+02  1.37000E+02  1.38000E+02  1.39000E+02
            1.40000E+02  1.41000E+02  1.42000E+02  1.43000E+02  1.44000E+02
            1.45000E+02  1.46000E+02  1.47000E+02  1.48000E+02  1.49000E+02
            1.50000E+02  1.51000E+02  1.52000E+02  1.53000E+02  1.54000E+02
            1.55000E+02  1.56000E+02  1.57000E+02  1.58000E+02  1.59000E+02
            1.60000E+02  1.61000E+02  1.62000E+02  1.63000E+02  1.64000E+02
            1.65000E+02  1.66000E+02  1.67000E+02  1.68000E+02  1.69000E+02
            1.70000E+02  1.71000E+02  1.72000E+02  1.73000E+02  1.74000E+02
            1.75000E+02  1.76000E+02  1.77000E+02  1.78000E+02  1.79000E+02
            1.80000E+02  1.81000E+02  1.82000E+02  1.83000E+02  1.84000E+02
            1.85000E+02  1.86000E+02  1.87000E+02  1.88000E+02  1.89000E+02
            1.90000E+02  1.91000E+02  1.92000E+02  1.93000E+02  1.94000E+02
            1.95000E+02  1.96000E+02  1.97000E+02  1.98000E+02  1.99000E+02
            2.00000E+02  2.01000E+02  2.02000E+02  2.03000E+02  2.04000E+02
            2.05000E+02  2.06000E+02  2.07000E+02  2.08000E+02  2.09000E+02
            2.10000E+02  2.11000E+02  2.12000E+02  2.13000E+02  2.14000E+02
            2.15000E+02  2.16000E+02  2.17000E+02  2.18000E+02  2.19000E+02
            2.20000E+02  2.21000E+02  2.22000E+02  2.23000E+02  2.24000E+02
            2.25000E+02  2.26000E+02  2.27000E+02  2.28000E+02  2.29000E+02
            2.30000E+02  2.31000E+02  2.32000E+02  2.33000E+02  2.34000E+02
            2.35000E+02  2.36000E+02  2.37000E+02  2.38000E+02  2.39000E+02
            2.40000E+02  2.41000E+02  2.42000E+02  2.43000E+02  2.44000E+02
            2.45000E+02  2.46000E+02  2.47000E+02  2.48000E+02  2.49000E+02
            2.50000E+02
     unit =    2            # unit is [1/cm^2/(MeV/n)/source]
 material =  all            # (D=all) number of specific material
     axis =     eng            # axis of output
     file = neutral_particles_shield1_HE.out  # file name of output for the above axis
     part =  neutron    photon   
# kf/name :  2112       22       
#    used :        main (  %)        temp (  %)       total (  %)
#  memory :         257 (  0)           0 (  0)         257 (  0)

#------------------------------------------------------------------------------
#newpage:
#   no. =  1   reg =      4

x: Energy [MeV/n]
y: Flux [1/cm^2/(MeV/n)/source]      
p: xlin ylog afac(0.8) form(0.9)
h: n            x            y(neutron ),hh0l   n y(photon  ),hh0dr  n 
#  e-lower      e-upper      neutron     r.err    photon      r.err 
   0.0000E+00   1.0000E+00   7.3376E-02  0.0137   3.6143E+00  0.0019
   1.0000E+00   2.0000E+00   2.5498E-02  0.0229   6.4683E-02  0.0137
   2.0000E+00   3.0000E+00   2.2298E-02  0.0242   5.1326E-02  0.0153
   3.0000E+00   4.0000E+00   2.0531E-02  0.0254   2.5241E-02  0.0219
   4.0000E+00   5.0000E+00   2.0531E-02  0.0251   8.4542E-02  0.0121
   5.0000E+00   6.0000E+00   2.0146E-02  0.0251   5.8502E-03  0.0461
   6.0000E+00   7.0000E+00   1.9071E-02  0.0255   7.2940E-03  0.0415
   7.0000E+00   8.0000E+00   1.5222E-02  0.0286   4.9553E-03  0.0504
   8.0000E+00   9.0000E+00   1.6083E-02  0.0274   1.7934E-03  0.0829
   9.0000E+00   1.0000E+01   1.5323E-02  0.0280   1.7928E-03  0.0825
   1.0000E+01   1.1000E+01   1.5584E-02  0.0279   5.3990E-05  0.4498
   1.1000E+01   1.2000E+01   1.3811E-02  0.0295   2.0971E-05  0.7076
   1.2000E+01   1.3000E+01   1.4229E-02  0.0292   0.0000E+00  0.0000
   1.3000E+01   1.4000E+01   1.3643E-02  0.0295   0.0000E+00  0.0000
   1.4000E+01   1.5000E+01   1.2942E-02  0.0303   0.0000E+00  0.0000
   1.5000E+01   1.6000E+01   1.2430E-02  0.0308   0.0000E+00  0.0000
   1.6000E+01   1.7000E+01   1.3088E-02  0.0301   0.0000E+00  0.0000
   1.7000E+01   1.8000E+01   1.2046E-02  0.0310   0.0000E+00  0.0000
   1.8000E+01   1.9000E+01   1.2356E-02  0.0304   0.0000E+00  0.0000
   1.9000E+01   2.0000E+01   1.1675E-02  0.0312   0.0000E+00  0.0000
   2.0000E+01   2.1000E+01   1.3874E-02  0.0284   0.0000E+00  0.0000
   2.1000E+01   2.2000E+01   1.3139E-02  0.0291   0.0000E+00  0.0000
   2.2000E+01   2.3000E+01   1.3423E-02  0.0287   0.0000E+00  0.0000
   2.3000E+01   2.4000E+01   1.3086E-02  0.0289   0.0000E+00  0.0000
   2.4000E+01   2.5000E+01   1.2543E-02  0.0295   0.0000E+00  0.0000
   2.5000E+01   2.6000E+01   1.3997E-02  0.0281   0.0000E+00  0.0000
   2.6000E+01   2.7000E+01   1.3619E-02  0.0285   0.0000E+00  0.0000
   2.7000E+01   2.8000E+01   1.3565E-02  0.0283   0.0000E+00  0.0000
   2.8000E+01   2.9000E+01   1.2913E-02  0.0288   0.0000E+00  0.0000
   2.9000E+01   3.0000E+01   1.3131E-02  0.0285   0.0000E+00  0.0000
   3.0000E+01   3.1000E+01   1.3452E-02  0.0282   0.0000E+00  0.0000
   3.1000E+01   3.2000E+01   1.3231E-02  0.0279   0.0000E+00  0.0000
   3.2000E+01   3.3000E+01   1.2835E-02  0.0285   0.0000E+00  0.0000
   3.3000E+01   3.4000E+01   1.2860E-02  0.0286   0.0000E+00  0.0000
   3.4000E+01   3.5000E+01   1.3213E-02  0.0280   0.0000E+00  0.0000
   3.5000E+01   3.6000E+01   1.2536E-02  0.0285   0.0000E+00  0.0000
   3.6000E+01   3.7000E+01   1.2175E-02  0.0290   0.0000E+00  0.0000
   3.7000E+01   3.8000E+01   1.2164E-02  0.0288   0.0000E+00  0.0000
   3.8000E+01   3.9000E+01   1.1956E-02  0.0293   0.0000E+00  0.0000
   3.9000E+01   4.0000E+01   1.1608E-02  0.0293   0.0000E+00  0.0000
   4.0000E+01   4.1000E+01   1.2513E-02  0.0283   0.0000E+00  0.0000
   4.1000E+01   4.2000E+01   1.2691E-02  0.0280   0.0000E+00  0.0000
   4.2000E+01   4.3000E+01   1.2282E-02  0.0286   0.0000E+00  0.0000
   4.3000E+01   4.4000E+01   1.2098E-02  0.0286   0.0000E+00  0.0000
   4.4000E+01   4.5000E+01   1.2104E-02  0.0286   0.0000E+00  0.0000
   4.5000E+01   4.6000E+01   1.1425E-02  0.0292   0.0000E+00  0.0000
   4.6000E+01   4.7000E+01   1.1876E-02  0.0288   0.0000E+00  0.0000
   4.7000E+01   4.8000E+01   1.1891E-02  0.0284   0.0000E+00  0.0000
   4.8000E+01   4.9000E+01   1.1508E-02  0.0291   0.0000E+00  0.0000
   4.9000E+01   5.0000E+01   1.1875E-02  0.0284   0.0000E+00  0.0000
   5.0000E+01   5.1000E+01   1.1822E-02  0.0284   0.0000E+00  0.0000
   5.1000E+01   5.2000E+01   1.1737E-02  0.0285   0.0000E+00  0.0000
   5.2000E+01   5.3000E+01   1.2098E-02  0.0281   0.0000E+00  0.0000
   5.3000E+01   5.4000E+01   1.1733E-02  0.0283   0.0000E+00  0.0000
   5.4000E+01   5.5000E+01   1.1171E-02  0.0290   0.0000E+00  0.0000
   5.5000E+01   5.6000E+01   1.1343E-02  0.0287   0.0000E+00  0.0000
   5.6000E+01   5.7000E+01   1.0492E-02  0.0300   0.0000E+00  0.0000
   5.7000E+01   5.8000E+01   1.1196E-02  0.0290   0.0000E+00  0.0000
   5.8000E+01   5.9000E+01   1.0970E-02  0.0291   0.0000E+00  0.0000
   5.9000E+01   6.0000E+01   1.0499E-02  0.0299   0.0000E+00  0.0000
   6.0000E+01   6.1000E+01   1.0899E-02  0.0292   0.0000E+00  0.0000
   6.1000E+01   6.2000E+01   1.0459E-02  0.0297   0.0000E+00  0.0000
   6.2000E+01   6.3000E+01   9.9755E-03  0.0304   0.0000E+00  0.0000
   6.3000E+01   6.4000E+01   1.0166E-02  0.0302   0.0000E+00  0.0000
   6.4000E+01   6.5000E+01   1.0065E-02  0.0301   0.0000E+00  0.0000
   6.5000E+01   6.6000E+01   9.5830E-03  0.0309   0.0000E+00  0.0000
   6.6000E+01   6.7000E+01   1.0022E-02  0.0303   0.0000E+00  0.0000
   6.7000E+01   6.8000E+01   9.4277E-03  0.0311   0.0000E+00  0.0000
   6.8000E+01   6.9000E+01   9.6066E-03  0.0307   0.0000E+00  0.0000
   6.9000E+01   7.0000E+01   8.9970E-03  0.0316   0.0000E+00  0.0000
   7.0000E+01   7.1000E+01   9.3147E-03  0.0312   0.0000E+00  0.0000
   7.1000E+01   7.2000E+01   9.5661E-03  0.0306   0.0000E+00  0.0000
   7.2000E+01   7.3000E+01   9.2762E-03  0.0311   0.0000E+00  0.0000
   7.3000E+01   7.4000E+01   8.8206E-03  0.0321   0.0000E+00  0.0000
   7.4000E+01   7.5000E+01   8.3775E-03  0.0328   0.0000E+00  0.0000
   7.5000E+01   7.6000E+01   8.2457E-03  0.0330   0.0000E+00  0.0000
   7.6000E+01   7.7000E+01   8.4887E-03  0.0325   0.0000E+00  0.0000
   7.7000E+01   7.8000E+01   8.8719E-03  0.0319   0.0000E+00  0.0000
   7.8000E+01   7.9000E+01   8.3232E-03  0.0327   0.0000E+00  0.0000
   7.9000E+01   8.0000E+01   8.0903E-03  0.0331   0.0000E+00  0.0000
   8.0000E+01   8.1000E+01   7.9386E-03  0.0335   0.0000E+00  0.0000
   8.1000E+01   8.2000E+01   7.9149E-03  0.0336   0.0000E+00  0.0000
   8.2000E+01   8.3000E+01   7.5702E-03  0.0343   0.0000E+00  0.0000
   8.3000E+01   8.4000E+01   7.7080E-03  0.0338   0.0000E+00  0.0000
   8.4000E+01   8.5000E+01   7.3126E-03  0.0348   0.0000E+00  0.0000
   8.5000E+01   8.6000E+01   7.4915E-03  0.0343   0.0000E+00  0.0000
   8.6000E+01   8.7000E+01   8.1655E-03  0.0328   0.0000E+00  0.0000
   8.7000E+01   8.8000E+01   7.9885E-03  0.0331   0.0000E+00  0.0000
   8.8000E+01   8.9000E+01   6.9226E-03  0.0356   0.0000E+00  0.0000
   8.9000E+01   9.0000E+01   7.0240E-03  0.0355   0.0000E+00  0.0000
   9.0000E+01   9.1000E+01   7.0520E-03  0.0351   0.0000E+00  0.0000
   9.1000E+01   9.2000E+01   6.7781E-03  0.0359   0.0000E+00  0.0000
   9.2000E+01   9.3000E+01   7.2917E-03  0.0346   0.0000E+00  0.0000
   9.3000E+01   9.4000E+01   6.9525E-03  0.0354   0.0000E+00  0.0000
   9.4000E+01   9.5000E+01   6.6366E-03  0.0363   0.0000E+00  0.0000
   9.5000E+01   9.6000E+01   7.0019E-03  0.0353   0.0000E+00  0.0000
   9.6000E+01   9.7000E+01   6.7277E-03  0.0358   0.0000E+00  0.0000
   9.7000E+01   9.8000E+01   6.4673E-03  0.0366   0.0000E+00  0.0000
   9.8000E+01   9.9000E+01   6.1668E-03  0.0374   0.0000E+00  0.0000
   9.9000E+01   1.0000E+02   6.3852E-03  0.0366   0.0000E+00  0.0000
   1.0000E+02   1.0100E+02   5.3342E-03  0.0401   0.0000E+00  0.0000
   1.0100E+02   1.0200E+02   4.5313E-03  0.0437   0.0000E+00  0.0000
   1.0200E+02   1.0300E+02   5.5554E-03  0.0396   0.0000E+00  0.0000
   1.0300E+02   1.0400E+02   5.3795E-03  0.0400   0.0000E+00  0.0000
   1.0400E+02   1.0500E+02   5.0790E-03  0.0412   0.0000E+00  0.0000
   1.0500E+02   1.0600E+02   4.8465E-03  0.0421   0.0000E+00  0.0000
   1.0600E+02   1.0700E+02   5.3162E-03  0.0402   0.0000E+00  0.0000
   1.0700E+02   1.0800E+02   5.5744E-03  0.0392   0.0000E+00  0.0000
   1.0800E+02   1.0900E+02   5.4504E-03  0.0398   0.0000E+00  0.0000
   1.0900E+02   1.1000E+02   4.8953E-03  0.0418   0.0000E+00  0.0000
   1.1000E+02   1.1100E+02   4.6297E-03  0.0431   0.0000E+00  0.0000
   1.1100E+02   1.1200E+02   4.2337E-03  0.0450   0.0000E+00  0.0000
   1.1200E+02   1.1300E+02   4.4915E-03  0.0435   0.0000E+00  0.0000
   1.1300E+02   1.1400E+02   4.6895E-03  0.0425   0.0000E+00  0.0000
   1.1400E+02   1.1500E+02   4.7134E-03  0.0427   0.0000E+00  0.0000
   1.1500E+02   1.1600E+02   4.5274E-03  0.0433   0.0000E+00  0.0000
   1.1600E+02   1.1700E+02   4.2995E-03  0.0446   0.0000E+00  0.0000
   1.1700E+02   1.1800E+02   4.3319E-03  0.0445   0.0000E+00  0.0000
   1.1800E+02   1.1900E+02   4.7218E-03  0.0425   0.0000E+00  0.0000
   1.1900E+02   1.2000E+02   4.4251E-03  0.0438   0.0000E+00  0.0000
   1.2000E+02   1.2100E+02   4.1769E-03  0.0449   0.0000E+00  0.0000
   1.2100E+02   1.2200E+02   4.1858E-03  0.0451   0.0000E+00  0.0000
   1.2200E+02   1.2300E+02   3.5662E-03  0.0487   0.0000E+00  0.0000
   1.2300E+02   1.2400E+02   4.0162E-03  0.0458   0.0000E+00  0.0000
   1.2400E+02   1.2500E+02   3.3097E-03  0.0509   0.0000E+00  0.0000
   1.2500E+02   1.2600E+02   3.3990E-03  0.0500   0.0000E+00  0.0000
   1.2600E+02   1.2700E+02   3.5181E-03  0.0490   0.0000E+00  0.0000
   1.2700E+02   1.2800E+02   3.5520E-03  0.0488   0.0000E+00  0.0000
   1.2800E+02   1.2900E+02   3.5383E-03  0.0489   0.0000E+00  0.0000
   1.2900E+02   1.3000E+02   3.1360E-03  0.0523   0.0000E+00  0.0000
   1.3000E+02   1.3100E+02   3.2118E-03  0.0512   0.0000E+00  0.0000
   1.3100E+02   1.3200E+02   3.5763E-03  0.0486   0.0000E+00  0.0000
   1.3200E+02   1.3300E+02   3.5875E-03  0.0487   0.0000E+00  0.0000
   1.3300E+02   1.3400E+02   3.2607E-03  0.0508   0.0000E+00  0.0000
   1.3400E+02   1.3500E+02   3.1169E-03  0.0521   0.0000E+00  0.0000
   1.3500E+02   1.3600E+02   3.3554E-03  0.0501   0.0000E+00  0.0000
   1.3600E+02   1.3700E+02   3.3985E-03  0.0498   0.0000E+00  0.0000
   1.3700E+02   1.3800E+02   2.8959E-03  0.0542   0.0000E+00  0.0000
   1.3800E+02   1.3900E+02   2.8394E-03  0.0545   0.0000E+00  0.0000
   1.3900E+02   1.4000E+02   2.3194E-03  0.0603   0.0000E+00  0.0000
   1.4000E+02   1.4100E+02   2.7771E-03  0.0552   0.0000E+00  0.0000
   1.4100E+02   1.4200E+02   2.5235E-03  0.0576   0.0000E+00  0.0000
   1.4200E+02   1.4300E+02   2.6643E-03  0.0562   0.0000E+00  0.0000
   1.4300E+02   1.4400E+02   2.7994E-03  0.0547   0.0000E+00  0.0000
   1.4400E+02   1.4500E+02   2.8010E-03  0.0546   0.0000E+00  0.0000
   1.4500E+02   1.4600E+02   2.5938E-03  0.0570   0.0000E+00  0.0000
   1.4600E+02   1.4700E+02   2.5638E-03  0.0573   0.0000E+00  0.0000
   1.4700E+02   1.4800E+02   2.4418E-03  0.0585   0.0000E+00  0.0000
   1.4800E+02   1.4900E+02   2.3950E-03  0.0593   0.0000E+00  0.0000
   1.4900E+02   1.5000E+02   2.3645E-03  0.0594   0.0000E+00  0.0000
   1.5000E+02   1.5100E+02   2.6629E-03  0.0560   0.0000E+00  0.0000
   1.5100E+02   1.5200E+02   2.3125E-03  0.0601   0.0000E+00  0.0000
   1.5200E+02   1.5300E+02   2.4705E-03  0.0581   0.0000E+00  0.0000
   1.5300E+02   1.5400E+02   2.4548E-03  0.0584   0.0000E+00  0.0000
   1.5400E+02   1.5500E+02   2.3242E-03  0.0601   0.0000E+00  0.0000
   1.5500E+02   1.5600E+02   2.6352E-03  0.0563   0.0000E+00  0.0000
   1.5600E+02   1.5700E+02   2.0376E-03  0.0639   0.0000E+00  0.0000
   1.5700E+02   1.5800E+02   1.8598E-03  0.0672   0.0000E+00  0.0000
   1.5800E+02   1.5900E+02   1.7633E-03  0.0689   0.0000E+00  0.0000
   1.5900E+02   1.6000E+02   1.9923E-03  0.0646   0.0000E+00  0.0000
   1.6000E+02   1.6100E+02   1.7857E-03  0.0686   0.0000E+00  0.0000
   1.6100E+02   1.6200E+02   1.5219E-03  0.0739   0.0000E+00  0.0000
   1.6200E+02   1.6300E+02   1.9777E-03  0.0650   0.0000E+00  0.0000
   1.6300E+02   1.6400E+02   1.7509E-03  0.0691   0.0000E+00  0.0000
   1.6400E+02   1.6500E+02   1.8063E-03  0.0678   0.0000E+00  0.0000
   1.6500E+02   1.6600E+02   2.0164E-03  0.0643   0.0000E+00  0.0000
   1.6600E+02   1.6700E+02   1.5896E-03  0.0727   0.0000E+00  0.0000
   1.6700E+02   1.6800E+02   1.9185E-03  0.0658   0.0000E+00  0.0000
   1.6800E+02   1.6900E+02   1.4621E-03  0.0761   0.0000E+00  0.0000
   1.6900E+02   1.7000E+02   1.6420E-03  0.0715   0.0000E+00  0.0000
   1.7000E+02   1.7100E+02   1.5458E-03  0.0734   0.0000E+00  0.0000
   1.7100E+02   1.7200E+02   1.7840E-03  0.0684   0.0000E+00  0.0000
   1.7200E+02   1.7300E+02   1.5735E-03  0.0728   0.0000E+00  0.0000
   1.7300E+02   1.7400E+02   1.5804E-03  0.0728   0.0000E+00  0.0000
   1.7400E+02   1.7500E+02   1.8281E-03  0.0675   0.0000E+00  0.0000
   1.7500E+02   1.7600E+02   1.5168E-03  0.0742   0.0000E+00  0.0000
   1.7600E+02   1.7700E+02   1.2164E-03  0.0828   0.0000E+00  0.0000
   1.7700E+02   1.7800E+02   1.5206E-03  0.0740   0.0000E+00  0.0000
   1.7800E+02   1.7900E+02   1.4898E-03  0.0752   0.0000E+00  0.0000
   1.7900E+02   1.8000E+02   1.4231E-03  0.0765   0.0000E+00  0.0000
   1.8000E+02   1.8100E+02   1.3428E-03  0.0786   0.0000E+00  0.0000
   1.8100E+02   1.8200E+02   1.3306E-03  0.0791   0.0000E+00  0.0000
   1.8200E+02   1.8300E+02   1.2439E-03  0.0817   0.0000E+00  0.0000
   1.8300E+02   1.8400E+02   1.3327E-03  0.0788   0.0000E+00  0.0000
   1.8400E+02   1.8500E+02   1.4766E-03  0.0748   0.0000E+00  0.0000
   1.8500E+02   1.8600E+02   1.4217E-03  0.0765   0.0000E+00  0.0000
   1.8600E+02   1.8700E+02   1.2355E-03  0.0818   0.0000E+00  0.0000
   1.8700E+02   1.8800E+02   1.2168E-03  0.0825   0.0000E+00  0.0000
   1.8800E+02   1.8900E+02   1.3169E-03  0.0796   0.0000E+00  0.0000
   1.8900E+02   1.9000E+02   9.6774E-04  0.0925   0.0000E+00  0.0000
   1.9000E+02   1.9100E+02   7.9456E-04  0.1021   0.0000E+00  0.0000
   1.9100E+02   1.9200E+02   8.4475E-04  0.0990   0.0000E+00  0.0000
   1.9200E+02   1.9300E+02   1.0534E-03  0.0888   0.0000E+00  0.0000
   1.9300E+02   1.9400E+02   9.5295E-04  0.0933   0.0000E+00  0.0000
   1.9400E+02   1.9500E+02   1.1749E-03  0.0839   0.0000E+00  0.0000
   1.9500E+02   1.9600E+02   1.0116E-03  0.0906   0.0000E+00  0.0000
   1.9600E+02   1.9700E+02   8.5286E-04  0.0986   0.0000E+00  0.0000
   1.9700E+02   1.9800E+02   8.0001E-04  0.1021   0.0000E+00  0.0000
   1.9800E+02   1.9900E+02   9.2392E-04  0.0950   0.0000E+00  0.0000
   1.9900E+02   2.0000E+02   1.0419E-03  0.0891   0.0000E+00  0.0000
   2.0000E+02   2.0100E+02   7.8839E-04  0.1026   0.0000E+00  0.0000
   2.0100E+02   2.0200E+02   7.7646E-04  0.1032   0.0000E+00  0.0000
   2.0200E+02   2.0300E+02   7.4390E-04  0.1054   0.0000E+00  0.0000
   2.0300E+02   2.0400E+02   6.7876E-04  0.1104   0.0000E+00  0.0000
   2.0400E+02   2.0500E+02   6.2083E-04  0.1155   0.0000E+00  0.0000
   2.0500E+02   2.0600E+02   7.5433E-04  0.1049   0.0000E+00  0.0000
   2.0600E+02   2.0700E+02   5.3195E-04  0.1250   0.0000E+00  0.0000
   2.0700E+02   2.0800E+02   5.0041E-04  0.1282   0.0000E+00  0.0000
   2.0800E+02   2.0900E+02   7.3256E-04  0.1066   0.0000E+00  0.0000
   2.0900E+02   2.1000E+02   5.7945E-04  0.1195   0.0000E+00  0.0000
   2.1000E+02   2.1100E+02   8.7728E-04  0.0971   0.0000E+00  0.0000
   2.1100E+02   2.1200E+02   8.0961E-04  0.1010   0.0000E+00  0.0000
   2.1200E+02   2.1300E+02   9.5867E-04  0.0929   0.0000E+00  0.0000
   2.1300E+02   2.1400E+02   8.8328E-04  0.0967   0.0000E+00  0.0000
   2.1400E+02   2.1500E+02   8.5725E-04  0.0981   0.0000E+00  0.0000
   2.1500E+02   2.1600E+02   4.9550E-04  0.1291   0.0000E+00  0.0000
   2.1600E+02   2.1700E+02   3.4899E-04  0.1543   0.0000E+00  0.0000
   2.1700E+02   2.1800E+02   5.6180E-04  0.1213   0.0000E+00  0.0000
   2.1800E+02   2.1900E+02   8.4084E-04  0.0990   0.0000E+00  0.0000
   2.1900E+02   2.2000E+02   8.4312E-04  0.0990   0.0000E+00  0.0000
   2.2000E+02   2.2100E+02   6.9566E-04  0.1091   0.0000E+00  0.0000
   2.2100E+02   2.2200E+02   5.0565E-04  0.1281   0.0000E+00  0.0000
   2.2200E+02   2.2300E+02   4.7970E-04  0.1313   0.0000E+00  0.0000
   2.2300E+02   2.2400E+02   7.6877E-04  0.1037   0.0000E+00  0.0000
   2.2400E+02   2.2500E+02   5.9004E-04  0.1180   0.0000E+00  0.0000
   2.2500E+02   2.2600E+02   4.8023E-04  0.1314   0.0000E+00  0.0000
   2.2600E+02   2.2700E+02   2.6380E-04  0.1768   0.0000E+00  0.0000
   2.2700E+02   2.2800E+02   1.7539E-04  0.2183   0.0000E+00  0.0000
   2.2800E+02   2.2900E+02   4.6183E-04  0.1336   0.0000E+00  0.0000
   2.2900E+02   2.3000E+02   4.5426E-04  0.1348   0.0000E+00  0.0000
   2.3000E+02   2.3100E+02   4.0940E-04  0.1417   0.0000E+00  0.0000
   2.3100E+02   2.3200E+02   3.4615E-04  0.1543   0.0000E+00  0.0000
   2.3200E+02   2.3300E+02   3.8729E-04  0.1459   0.0000E+00  0.0000
   2.3300E+02   2.3400E+02   2.9769E-04  0.1667   0.0000E+00  0.0000
   2.3400E+02   2.3500E+02   4.0353E-04  0.1429   0.0000E+00  0.0000
   2.3500E+02   2.3600E+02   4.7900E-04  0.1313   0.0000E+00  0.0000
   2.3600E+02   2.3700E+02   3.6257E-04  0.1508   0.0000E+00  0.0000
   2.3700E+02   2.3800E+02   2.6429E-04  0.1768   0.0000E+00  0.0000
   2.3800E+02   2.3900E+02   4.2902E-04  0.1387   0.0000E+00  0.0000
   2.3900E+02   2.4000E+02   4.7915E-04  0.1313   0.0000E+00  0.0000
   2.4000E+02   2.4100E+02   3.6398E-04  0.1508   0.0000E+00  0.0000
   2.4100E+02   2.4200E+02   3.0508E-04  0.1644   0.0000E+00  0.0000
   2.4200E+02   2.4300E+02   3.2989E-04  0.1581   0.0000E+00  0.0000
   2.4300E+02   2.4400E+02   4.7779E-04  0.1313   0.0000E+00  0.0000
   2.4400E+02   2.4500E+02   4.6957E-04  0.1325   0.0000E+00  0.0000
   2.4500E+02   2.4600E+02   3.9522E-04  0.1443   0.0000E+00  0.0000
   2.4600E+02   2.4700E+02   2.8787E-04  0.1690   0.0000E+00  0.0000
   2.4700E+02   2.4800E+02   2.2229E-04  0.1925   0.0000E+00  0.0000
   2.4800E+02   2.4900E+02   2.4696E-04  0.1826   0.0000E+00  0.0000
   2.4900E+02   2.5000E+02   0.0000E+00  0.0000   0.0000E+00  0.0000

#   sum over                 5.9893E-03           1.5448E-02

'no. =  1,  reg  =      4'
msuc: {\huge [t-track] in region mesh}
msdr: {\it plotted by \ANGEL \version}
msdl: {\it calculated by \PHITS  3.26}
wt: s(0.7)
\vspace{-3}
   vol  &=&   1.0000E+00 [cm^3]
e:
 
# Information for Restart Calculation
# This calculation was newly started
# istdev =  2 # 1:Batch variance, 2:History variance
# resc2  = 6.08000000000000000E+06 # Total source weight or Total source weight / maxcas
# resc3  = 6.08000000000000000E+06 # Total history number or Total batch number
# maxcas =       10000 # History / Batch, only used for istdev=1
# bitrseed = 0001011001011110010101111011001000000000010110010110011011001000 # bit data of rseed
