[ T-Track ]
    title = [t-track] in region mesh
     mesh =  reg            # mesh type is region-wise
      reg = 4
   e-type =    1            # e-mesh is given by the below data
       ne =    250          # number of e-mesh points
#    data = ( e(i), i = 1, ne + 1 )
            0.00000E+00  1.00000E+00  2.00000E+00  3.00000E+00  4.00000E+00
            5.00000E+00  6.00000E+00  7.00000E+00  8.00000E+00  9.00000E+00
            1.00000E+01  1.10000E+01  1.20000E+01  1.30000E+01  1.40000E+01
            1.50000E+01  1.60000E+01  1.70000E+01  1.80000E+01  1.90000E+01
            2.00000E+01  2.10000E+01  2.20000E+01  2.30000E+01  2.40000E+01
            2.50000E+01  2.60000E+01  2.70000E+01  2.80000E+01  2.90000E+01
            3.00000E+01  3.10000E+01  3.20000E+01  3.30000E+01  3.40000E+01
            3.50000E+01  3.60000E+01  3.70000E+01  3.80000E+01  3.90000E+01
            4.00000E+01  4.10000E+01  4.20000E+01  4.30000E+01  4.40000E+01
            4.50000E+01  4.60000E+01  4.70000E+01  4.80000E+01  4.90000E+01
            5.00000E+01  5.10000E+01  5.20000E+01  5.30000E+01  5.40000E+01
            5.50000E+01  5.60000E+01  5.70000E+01  5.80000E+01  5.90000E+01
            6.00000E+01  6.10000E+01  6.20000E+01  6.30000E+01  6.40000E+01
            6.50000E+01  6.60000E+01  6.70000E+01  6.80000E+01  6.90000E+01
            7.00000E+01  7.10000E+01  7.20000E+01  7.30000E+01  7.40000E+01
            7.50000E+01  7.60000E+01  7.70000E+01  7.80000E+01  7.90000E+01
            8.00000E+01  8.10000E+01  8.20000E+01  8.30000E+01  8.40000E+01
            8.50000E+01  8.60000E+01  8.70000E+01  8.80000E+01  8.90000E+01
            9.00000E+01  9.10000E+01  9.20000E+01  9.30000E+01  9.40000E+01
            9.50000E+01  9.60000E+01  9.70000E+01  9.80000E+01  9.90000E+01
            1.00000E+02  1.01000E+02  1.02000E+02  1.03000E+02  1.04000E+02
            1.05000E+02  1.06000E+02  1.07000E+02  1.08000E+02  1.09000E+02
            1.10000E+02  1.11000E+02  1.12000E+02  1.13000E+02  1.14000E+02
            1.15000E+02  1.16000E+02  1.17000E+02  1.18000E+02  1.19000E+02
            1.20000E+02  1.21000E+02  1.22000E+02  1.23000E+02  1.24000E+02
            1.25000E+02  1.26000E+02  1.27000E+02  1.28000E+02  1.29000E+02
            1.30000E+02  1.31000E+02  1.32000E+02  1.33000E+02  1.34000E+02
            1.35000E+02  1.36000E+02  1.37000E+02  1.38000E+02  1.39000E+02
            1.40000E+02  1.41000E+02  1.42000E+02  1.43000E+02  1.44000E+02
            1.45000E+02  1.46000E+02  1.47000E+02  1.48000E+02  1.49000E+02
            1.50000E+02  1.51000E+02  1.52000E+02  1.53000E+02  1.54000E+02
            1.55000E+02  1.56000E+02  1.57000E+02  1.58000E+02  1.59000E+02
            1.60000E+02  1.61000E+02  1.62000E+02  1.63000E+02  1.64000E+02
            1.65000E+02  1.66000E+02  1.67000E+02  1.68000E+02  1.69000E+02
            1.70000E+02  1.71000E+02  1.72000E+02  1.73000E+02  1.74000E+02
            1.75000E+02  1.76000E+02  1.77000E+02  1.78000E+02  1.79000E+02
            1.80000E+02  1.81000E+02  1.82000E+02  1.83000E+02  1.84000E+02
            1.85000E+02  1.86000E+02  1.87000E+02  1.88000E+02  1.89000E+02
            1.90000E+02  1.91000E+02  1.92000E+02  1.93000E+02  1.94000E+02
            1.95000E+02  1.96000E+02  1.97000E+02  1.98000E+02  1.99000E+02
            2.00000E+02  2.01000E+02  2.02000E+02  2.03000E+02  2.04000E+02
            2.05000E+02  2.06000E+02  2.07000E+02  2.08000E+02  2.09000E+02
            2.10000E+02  2.11000E+02  2.12000E+02  2.13000E+02  2.14000E+02
            2.15000E+02  2.16000E+02  2.17000E+02  2.18000E+02  2.19000E+02
            2.20000E+02  2.21000E+02  2.22000E+02  2.23000E+02  2.24000E+02
            2.25000E+02  2.26000E+02  2.27000E+02  2.28000E+02  2.29000E+02
            2.30000E+02  2.31000E+02  2.32000E+02  2.33000E+02  2.34000E+02
            2.35000E+02  2.36000E+02  2.37000E+02  2.38000E+02  2.39000E+02
            2.40000E+02  2.41000E+02  2.42000E+02  2.43000E+02  2.44000E+02
            2.45000E+02  2.46000E+02  2.47000E+02  2.48000E+02  2.49000E+02
            2.50000E+02
     unit =    2            # unit is [1/cm^2/(MeV/n)/source]
 material =  all            # (D=all) number of specific material
     axis =     eng            # axis of output
     file = neutral_particles_shield1_HE.out  # file name of output for the above axis
     part =  neutron    photon   
# kf/name :  2112       22       
#    used :        main (  %)        temp (  %)       total (  %)
#  memory :         257 (  0)           0 (  0)         257 (  0)

#------------------------------------------------------------------------------
#newpage:
#   no. =  1   reg =      4

x: Energy [MeV/n]
y: Flux [1/cm^2/(MeV/n)/source]      
p: xlin ylog afac(0.8) form(0.9)
h: n            x            y(neutron ),hh0l   n y(photon  ),hh0dr  n 
#  e-lower      e-upper      neutron     r.err    photon      r.err 
   0.0000E+00   1.0000E+00   3.9688E-02  0.0080   1.2661E+00  0.0014
   1.0000E+00   2.0000E+00   1.4894E-02  0.0128   4.4834E-02  0.0069
   2.0000E+00   3.0000E+00   1.1987E-02  0.0143   3.2850E-02  0.0082
   3.0000E+00   4.0000E+00   1.0495E-02  0.0151   1.9470E-02  0.0105
   4.0000E+00   5.0000E+00   1.0565E-02  0.0150   5.5576E-02  0.0063
   5.0000E+00   6.0000E+00   1.0558E-02  0.0149   4.5507E-03  0.0219
   6.0000E+00   7.0000E+00   9.8780E-03  0.0154   5.7517E-03  0.0196
   7.0000E+00   8.0000E+00   8.5952E-03  0.0165   4.0577E-03  0.0235
   8.0000E+00   9.0000E+00   8.8012E-03  0.0162   1.4947E-03  0.0380
   9.0000E+00   1.0000E+01   8.1870E-03  0.0166   1.6484E-03  0.0366
   1.0000E+01   1.1000E+01   8.3195E-03  0.0165   4.0677E-05  0.2288
   1.1000E+01   1.2000E+01   8.0259E-03  0.0168   2.0896E-05  0.3072
   1.2000E+01   1.3000E+01   7.6666E-03  0.0170   3.6892E-06  0.7075
   1.3000E+01   1.4000E+01   7.6575E-03  0.0170   0.0000E+00  0.0000
   1.4000E+01   1.5000E+01   7.6913E-03  0.0171   1.7621E-06  1.0000
   1.5000E+01   1.6000E+01   7.2722E-03  0.0174   4.4641E-06  0.5852
   1.6000E+01   1.7000E+01   7.3706E-03  0.0172   1.7755E-06  1.0000
   1.7000E+01   1.8000E+01   7.1436E-03  0.0175   0.0000E+00  0.0000
   1.8000E+01   1.9000E+01   6.9767E-03  0.0176   3.0731E-06  1.0000
   1.9000E+01   2.0000E+01   6.8312E-03  0.0177   0.0000E+00  0.0000
   2.0000E+01   2.1000E+01   7.7509E-03  0.0165   0.0000E+00  0.0000
   2.1000E+01   2.2000E+01   7.5824E-03  0.0167   0.0000E+00  0.0000
   2.2000E+01   2.3000E+01   7.9322E-03  0.0163   0.0000E+00  0.0000
   2.3000E+01   2.4000E+01   7.9908E-03  0.0161   0.0000E+00  0.0000
   2.4000E+01   2.5000E+01   7.7049E-03  0.0163   0.0000E+00  0.0000
   2.5000E+01   2.6000E+01   7.7991E-03  0.0162   0.0000E+00  0.0000
   2.6000E+01   2.7000E+01   8.2786E-03  0.0157   0.0000E+00  0.0000
   2.7000E+01   2.8000E+01   8.0651E-03  0.0158   0.0000E+00  0.0000
   2.8000E+01   2.9000E+01   8.2035E-03  0.0157   0.0000E+00  0.0000
   2.9000E+01   3.0000E+01   8.3849E-03  0.0154   0.0000E+00  0.0000
   3.0000E+01   3.1000E+01   8.0463E-03  0.0157   0.0000E+00  0.0000
   3.1000E+01   3.2000E+01   8.1969E-03  0.0155   0.0000E+00  0.0000
   3.2000E+01   3.3000E+01   8.2032E-03  0.0155   0.0000E+00  0.0000
   3.3000E+01   3.4000E+01   8.2632E-03  0.0154   0.0000E+00  0.0000
   3.4000E+01   3.5000E+01   8.5137E-03  0.0151   0.0000E+00  0.0000
   3.5000E+01   3.6000E+01   8.2645E-03  0.0153   0.0000E+00  0.0000
   3.6000E+01   3.7000E+01   8.2163E-03  0.0153   0.0000E+00  0.0000
   3.7000E+01   3.8000E+01   8.2477E-03  0.0153   0.0000E+00  0.0000
   3.8000E+01   3.9000E+01   8.4421E-03  0.0150   0.0000E+00  0.0000
   3.9000E+01   4.0000E+01   8.1797E-03  0.0153   0.0000E+00  0.0000
   4.0000E+01   4.1000E+01   8.2113E-03  0.0151   0.0000E+00  0.0000
   4.1000E+01   4.2000E+01   8.3597E-03  0.0149   0.0000E+00  0.0000
   4.2000E+01   4.3000E+01   8.5457E-03  0.0147   0.0000E+00  0.0000
   4.3000E+01   4.4000E+01   8.2765E-03  0.0150   0.0000E+00  0.0000
   4.4000E+01   4.5000E+01   8.5226E-03  0.0147   1.7220E-06  1.0000
   4.5000E+01   4.6000E+01   8.3548E-03  0.0148   0.0000E+00  0.0000
   4.6000E+01   4.7000E+01   8.3708E-03  0.0148   0.0000E+00  0.0000
   4.7000E+01   4.8000E+01   8.4497E-03  0.0147   0.0000E+00  0.0000
   4.8000E+01   4.9000E+01   8.2681E-03  0.0148   0.0000E+00  0.0000
   4.9000E+01   5.0000E+01   8.3693E-03  0.0147   0.0000E+00  0.0000
   5.0000E+01   5.1000E+01   8.3333E-03  0.0147   0.0000E+00  0.0000
   5.1000E+01   5.2000E+01   8.4132E-03  0.0146   0.0000E+00  0.0000
   5.2000E+01   5.3000E+01   8.5257E-03  0.0144   0.0000E+00  0.0000
   5.3000E+01   5.4000E+01   8.3818E-03  0.0146   0.0000E+00  0.0000
   5.4000E+01   5.5000E+01   8.3526E-03  0.0146   0.0000E+00  0.0000
   5.5000E+01   5.6000E+01   8.2399E-03  0.0146   0.0000E+00  0.0000
   5.6000E+01   5.7000E+01   7.9417E-03  0.0149   0.0000E+00  0.0000
   5.7000E+01   5.8000E+01   8.2015E-03  0.0146   0.0000E+00  0.0000
   5.8000E+01   5.9000E+01   7.9892E-03  0.0148   0.0000E+00  0.0000
   5.9000E+01   6.0000E+01   8.0288E-03  0.0147   0.0000E+00  0.0000
   6.0000E+01   6.1000E+01   7.7472E-03  0.0149   0.0000E+00  0.0000
   6.1000E+01   6.2000E+01   7.7804E-03  0.0149   0.0000E+00  0.0000
   6.2000E+01   6.3000E+01   7.7446E-03  0.0149   0.0000E+00  0.0000
   6.3000E+01   6.4000E+01   7.6214E-03  0.0150   0.0000E+00  0.0000
   6.4000E+01   6.5000E+01   7.3744E-03  0.0153   2.0782E-06  1.0000
   6.5000E+01   6.6000E+01   7.1957E-03  0.0154   0.0000E+00  0.0000
   6.6000E+01   6.7000E+01   7.2252E-03  0.0154   0.0000E+00  0.0000
   6.7000E+01   6.8000E+01   7.1642E-03  0.0154   0.0000E+00  0.0000
   6.8000E+01   6.9000E+01   7.1045E-03  0.0155   0.0000E+00  0.0000
   6.9000E+01   7.0000E+01   7.1448E-03  0.0154   0.0000E+00  0.0000
   7.0000E+01   7.1000E+01   7.2961E-03  0.0152   0.0000E+00  0.0000
   7.1000E+01   7.2000E+01   7.1328E-03  0.0154   0.0000E+00  0.0000
   7.2000E+01   7.3000E+01   6.8750E-03  0.0156   0.0000E+00  0.0000
   7.3000E+01   7.4000E+01   6.6278E-03  0.0159   0.0000E+00  0.0000
   7.4000E+01   7.5000E+01   6.4893E-03  0.0161   0.0000E+00  0.0000
   7.5000E+01   7.6000E+01   6.5933E-03  0.0159   0.0000E+00  0.0000
   7.6000E+01   7.7000E+01   6.5678E-03  0.0159   0.0000E+00  0.0000
   7.7000E+01   7.8000E+01   6.9058E-03  0.0155   0.0000E+00  0.0000
   7.8000E+01   7.9000E+01   6.6743E-03  0.0157   0.0000E+00  0.0000
   7.9000E+01   8.0000E+01   6.2640E-03  0.0162   0.0000E+00  0.0000
   8.0000E+01   8.1000E+01   6.2225E-03  0.0163   0.0000E+00  0.0000
   8.1000E+01   8.2000E+01   6.1883E-03  0.0164   0.0000E+00  0.0000
   8.2000E+01   8.3000E+01   5.8328E-03  0.0168   0.0000E+00  0.0000
   8.3000E+01   8.4000E+01   5.9126E-03  0.0166   0.0000E+00  0.0000
   8.4000E+01   8.5000E+01   5.8542E-03  0.0168   0.0000E+00  0.0000
   8.5000E+01   8.6000E+01   5.8663E-03  0.0167   0.0000E+00  0.0000
   8.6000E+01   8.7000E+01   6.2482E-03  0.0161   0.0000E+00  0.0000
   8.7000E+01   8.8000E+01   5.8779E-03  0.0166   0.0000E+00  0.0000
   8.8000E+01   8.9000E+01   5.5248E-03  0.0171   0.0000E+00  0.0000
   8.9000E+01   9.0000E+01   5.3230E-03  0.0175   0.0000E+00  0.0000
   9.0000E+01   9.1000E+01   5.2924E-03  0.0175   0.0000E+00  0.0000
   9.1000E+01   9.2000E+01   5.4454E-03  0.0172   0.0000E+00  0.0000
   9.2000E+01   9.3000E+01   5.3514E-03  0.0174   0.0000E+00  0.0000
   9.3000E+01   9.4000E+01   5.3868E-03  0.0173   0.0000E+00  0.0000
   9.4000E+01   9.5000E+01   5.2157E-03  0.0176   0.0000E+00  0.0000
   9.5000E+01   9.6000E+01   5.2653E-03  0.0174   0.0000E+00  0.0000
   9.6000E+01   9.7000E+01   5.3976E-03  0.0172   0.0000E+00  0.0000
   9.7000E+01   9.8000E+01   5.0254E-03  0.0179   0.0000E+00  0.0000
   9.8000E+01   9.9000E+01   4.6281E-03  0.0186   0.0000E+00  0.0000
   9.9000E+01   1.0000E+02   4.5897E-03  0.0186   0.0000E+00  0.0000
   1.0000E+02   1.0100E+02   4.1415E-03  0.0196   0.0000E+00  0.0000
   1.0100E+02   1.0200E+02   4.0185E-03  0.0200   0.0000E+00  0.0000
   1.0200E+02   1.0300E+02   4.2795E-03  0.0193   0.0000E+00  0.0000
   1.0300E+02   1.0400E+02   4.2788E-03  0.0193   0.0000E+00  0.0000
   1.0400E+02   1.0500E+02   4.0892E-03  0.0197   0.0000E+00  0.0000
   1.0500E+02   1.0600E+02   4.0225E-03  0.0200   0.0000E+00  0.0000
   1.0600E+02   1.0700E+02   4.1709E-03  0.0195   0.0000E+00  0.0000
   1.0700E+02   1.0800E+02   4.3569E-03  0.0190   0.0000E+00  0.0000
   1.0800E+02   1.0900E+02   4.2963E-03  0.0192   0.0000E+00  0.0000
   1.0900E+02   1.1000E+02   3.8824E-03  0.0202   0.0000E+00  0.0000
   1.1000E+02   1.1100E+02   3.6584E-03  0.0208   0.0000E+00  0.0000
   1.1100E+02   1.1200E+02   3.5107E-03  0.0212   0.0000E+00  0.0000
   1.1200E+02   1.1300E+02   3.6846E-03  0.0207   0.0000E+00  0.0000
   1.1300E+02   1.1400E+02   3.5935E-03  0.0210   0.0000E+00  0.0000
   1.1400E+02   1.1500E+02   3.5309E-03  0.0212   0.0000E+00  0.0000
   1.1500E+02   1.1600E+02   3.5238E-03  0.0211   0.0000E+00  0.0000
   1.1600E+02   1.1700E+02   3.4728E-03  0.0212   0.0000E+00  0.0000
   1.1700E+02   1.1800E+02   3.6720E-03  0.0207   0.0000E+00  0.0000
   1.1800E+02   1.1900E+02   3.6628E-03  0.0207   0.0000E+00  0.0000
   1.1900E+02   1.2000E+02   3.4178E-03  0.0214   0.0000E+00  0.0000
   1.2000E+02   1.2100E+02   3.5463E-03  0.0210   0.0000E+00  0.0000
   1.2100E+02   1.2200E+02   3.3504E-03  0.0217   0.0000E+00  0.0000
   1.2200E+02   1.2300E+02   3.1411E-03  0.0223   0.0000E+00  0.0000
   1.2300E+02   1.2400E+02   3.0859E-03  0.0225   0.0000E+00  0.0000
   1.2400E+02   1.2500E+02   2.6903E-03  0.0242   0.0000E+00  0.0000
   1.2500E+02   1.2600E+02   2.6844E-03  0.0242   0.0000E+00  0.0000
   1.2600E+02   1.2700E+02   2.8561E-03  0.0234   0.0000E+00  0.0000
   1.2700E+02   1.2800E+02   2.9009E-03  0.0232   0.0000E+00  0.0000
   1.2800E+02   1.2900E+02   2.8169E-03  0.0235   0.0000E+00  0.0000
   1.2900E+02   1.3000E+02   2.6350E-03  0.0243   0.0000E+00  0.0000
   1.3000E+02   1.3100E+02   2.6616E-03  0.0242   0.0000E+00  0.0000
   1.3100E+02   1.3200E+02   2.7085E-03  0.0240   0.0000E+00  0.0000
   1.3200E+02   1.3300E+02   2.8098E-03  0.0236   0.0000E+00  0.0000
   1.3300E+02   1.3400E+02   2.7215E-03  0.0239   0.0000E+00  0.0000
   1.3400E+02   1.3500E+02   2.6188E-03  0.0244   0.0000E+00  0.0000
   1.3500E+02   1.3600E+02   2.7303E-03  0.0238   0.0000E+00  0.0000
   1.3600E+02   1.3700E+02   2.5109E-03  0.0249   0.0000E+00  0.0000
   1.3700E+02   1.3800E+02   2.3162E-03  0.0259   0.0000E+00  0.0000
   1.3800E+02   1.3900E+02   2.2106E-03  0.0265   0.0000E+00  0.0000
   1.3900E+02   1.4000E+02   2.1516E-03  0.0269   0.0000E+00  0.0000
   1.4000E+02   1.4100E+02   2.2393E-03  0.0263   0.0000E+00  0.0000
   1.4100E+02   1.4200E+02   2.2980E-03  0.0260   0.0000E+00  0.0000
   1.4200E+02   1.4300E+02   2.2439E-03  0.0263   0.0000E+00  0.0000
   1.4300E+02   1.4400E+02   2.3886E-03  0.0255   0.0000E+00  0.0000
   1.4400E+02   1.4500E+02   2.2137E-03  0.0264   0.0000E+00  0.0000
   1.4500E+02   1.4600E+02   2.0150E-03  0.0277   0.0000E+00  0.0000
   1.4600E+02   1.4700E+02   2.1625E-03  0.0268   0.0000E+00  0.0000
   1.4700E+02   1.4800E+02   2.0670E-03  0.0273   0.0000E+00  0.0000
   1.4800E+02   1.4900E+02   1.9227E-03  0.0283   0.0000E+00  0.0000
   1.4900E+02   1.5000E+02   1.9102E-03  0.0284   0.0000E+00  0.0000
   1.5000E+02   1.5100E+02   2.0411E-03  0.0275   0.0000E+00  0.0000
   1.5100E+02   1.5200E+02   1.9343E-03  0.0282   0.0000E+00  0.0000
   1.5200E+02   1.5300E+02   1.9418E-03  0.0281   0.0000E+00  0.0000
   1.5300E+02   1.5400E+02   2.1068E-03  0.0270   0.0000E+00  0.0000
   1.5400E+02   1.5500E+02   1.9839E-03  0.0278   0.0000E+00  0.0000
   1.5500E+02   1.5600E+02   1.9443E-03  0.0281   0.0000E+00  0.0000
   1.5600E+02   1.5700E+02   1.6929E-03  0.0301   0.0000E+00  0.0000
   1.5700E+02   1.5800E+02   1.4276E-03  0.0329   0.0000E+00  0.0000
   1.5800E+02   1.5900E+02   1.6024E-03  0.0309   0.0000E+00  0.0000
   1.5900E+02   1.6000E+02   1.5344E-03  0.0316   0.0000E+00  0.0000
   1.6000E+02   1.6100E+02   1.4020E-03  0.0331   0.0000E+00  0.0000
   1.6100E+02   1.6200E+02   1.3747E-03  0.0334   0.0000E+00  0.0000
   1.6200E+02   1.6300E+02   1.6368E-03  0.0306   0.0000E+00  0.0000
   1.6300E+02   1.6400E+02   1.6076E-03  0.0309   0.0000E+00  0.0000
   1.6400E+02   1.6500E+02   1.4387E-03  0.0326   0.0000E+00  0.0000
   1.6500E+02   1.6600E+02   1.5193E-03  0.0318   0.0000E+00  0.0000
   1.6600E+02   1.6700E+02   1.4150E-03  0.0329   0.0000E+00  0.0000
   1.6700E+02   1.6800E+02   1.3690E-03  0.0335   0.0000E+00  0.0000
   1.6800E+02   1.6900E+02   1.3458E-03  0.0338   0.0000E+00  0.0000
   1.6900E+02   1.7000E+02   1.2364E-03  0.0352   0.0000E+00  0.0000
   1.7000E+02   1.7100E+02   1.2043E-03  0.0357   0.0000E+00  0.0000
   1.7100E+02   1.7200E+02   1.2692E-03  0.0347   0.0000E+00  0.0000
   1.7200E+02   1.7300E+02   1.1978E-03  0.0357   0.0000E+00  0.0000
   1.7300E+02   1.7400E+02   1.2123E-03  0.0356   0.0000E+00  0.0000
   1.7400E+02   1.7500E+02   1.3415E-03  0.0338   0.0000E+00  0.0000
   1.7500E+02   1.7600E+02   1.2022E-03  0.0357   0.0000E+00  0.0000
   1.7600E+02   1.7700E+02   1.0487E-03  0.0382   0.0000E+00  0.0000
   1.7700E+02   1.7800E+02   1.1535E-03  0.0364   0.0000E+00  0.0000
   1.7800E+02   1.7900E+02   1.1469E-03  0.0365   0.0000E+00  0.0000
   1.7900E+02   1.8000E+02   1.1408E-03  0.0366   0.0000E+00  0.0000
   1.8000E+02   1.8100E+02   1.1334E-03  0.0366   0.0000E+00  0.0000
   1.8100E+02   1.8200E+02   1.0333E-03  0.0384   0.0000E+00  0.0000
   1.8200E+02   1.8300E+02   1.0109E-03  0.0389   0.0000E+00  0.0000
   1.8300E+02   1.8400E+02   1.0770E-03  0.0376   0.0000E+00  0.0000
   1.8400E+02   1.8500E+02   1.1341E-03  0.0366   0.0000E+00  0.0000
   1.8500E+02   1.8600E+02   1.1924E-03  0.0357   0.0000E+00  0.0000
   1.8600E+02   1.8700E+02   1.0197E-03  0.0386   0.0000E+00  0.0000
   1.8700E+02   1.8800E+02   9.4751E-04  0.0400   0.0000E+00  0.0000
   1.8800E+02   1.8900E+02   9.5944E-04  0.0398   0.0000E+00  0.0000
   1.8900E+02   1.9000E+02   7.9655E-04  0.0437   0.0000E+00  0.0000
   1.9000E+02   1.9100E+02   7.6154E-04  0.0447   0.0000E+00  0.0000
   1.9100E+02   1.9200E+02   8.4914E-04  0.0423   0.0000E+00  0.0000
   1.9200E+02   1.9300E+02   7.6427E-04  0.0446   0.0000E+00  0.0000
   1.9300E+02   1.9400E+02   8.0237E-04  0.0435   0.0000E+00  0.0000
   1.9400E+02   1.9500E+02   8.2101E-04  0.0431   0.0000E+00  0.0000
   1.9500E+02   1.9600E+02   8.0868E-04  0.0433   0.0000E+00  0.0000
   1.9600E+02   1.9700E+02   7.4225E-04  0.0453   0.0000E+00  0.0000
   1.9700E+02   1.9800E+02   6.4736E-04  0.0485   0.0000E+00  0.0000
   1.9800E+02   1.9900E+02   7.1838E-04  0.0460   0.0000E+00  0.0000
   1.9900E+02   2.0000E+02   8.2346E-04  0.0429   0.0000E+00  0.0000
   2.0000E+02   2.0100E+02   6.6662E-04  0.0477   0.0000E+00  0.0000
   2.0100E+02   2.0200E+02   5.0873E-04  0.0546   0.0000E+00  0.0000
   2.0200E+02   2.0300E+02   5.5190E-04  0.0524   0.0000E+00  0.0000
   2.0300E+02   2.0400E+02   6.2876E-04  0.0491   0.0000E+00  0.0000
   2.0400E+02   2.0500E+02   4.8300E-04  0.0561   0.0000E+00  0.0000
   2.0500E+02   2.0600E+02   5.8312E-04  0.0510   0.0000E+00  0.0000
   2.0600E+02   2.0700E+02   4.9184E-04  0.0556   0.0000E+00  0.0000
   2.0700E+02   2.0800E+02   4.2666E-04  0.0597   0.0000E+00  0.0000
   2.0800E+02   2.0900E+02   5.1844E-04  0.0542   0.0000E+00  0.0000
   2.0900E+02   2.1000E+02   5.1872E-04  0.0540   0.0000E+00  0.0000
   2.1000E+02   2.1100E+02   7.2231E-04  0.0458   0.0000E+00  0.0000
   2.1100E+02   2.1200E+02   6.2240E-04  0.0493   0.0000E+00  0.0000
   2.1200E+02   2.1300E+02   5.9216E-04  0.0505   0.0000E+00  0.0000
   2.1300E+02   2.1400E+02   6.1184E-04  0.0497   0.0000E+00  0.0000
   2.1400E+02   2.1500E+02   5.8197E-04  0.0511   0.0000E+00  0.0000
   2.1500E+02   2.1600E+02   3.9574E-04  0.0618   0.0000E+00  0.0000
   2.1600E+02   2.1700E+02   3.3379E-04  0.0674   0.0000E+00  0.0000
   2.1700E+02   2.1800E+02   5.1984E-04  0.0539   0.0000E+00  0.0000
   2.1800E+02   2.1900E+02   6.7526E-04  0.0473   0.0000E+00  0.0000
   2.1900E+02   2.2000E+02   6.8354E-04  0.0470   0.0000E+00  0.0000
   2.2000E+02   2.2100E+02   5.2979E-04  0.0534   0.0000E+00  0.0000
   2.2100E+02   2.2200E+02   3.7132E-04  0.0638   0.0000E+00  0.0000
   2.2200E+02   2.2300E+02   3.9952E-04  0.0616   0.0000E+00  0.0000
   2.2300E+02   2.2400E+02   5.0197E-04  0.0548   0.0000E+00  0.0000
   2.2400E+02   2.2500E+02   4.5206E-04  0.0577   0.0000E+00  0.0000
   2.2500E+02   2.2600E+02   3.8861E-04  0.0623   0.0000E+00  0.0000
   2.2600E+02   2.2700E+02   2.2609E-04  0.0817   0.0000E+00  0.0000
   2.2700E+02   2.2800E+02   1.7791E-04  0.0925   0.0000E+00  0.0000
   2.2800E+02   2.2900E+02   3.3968E-04  0.0667   0.0000E+00  0.0000
   2.2900E+02   2.3000E+02   4.0339E-04  0.0612   0.0000E+00  0.0000
   2.3000E+02   2.3100E+02   3.8196E-04  0.0628   0.0000E+00  0.0000
   2.3100E+02   2.3200E+02   2.9847E-04  0.0711   0.0000E+00  0.0000
   2.3200E+02   2.3300E+02   2.4123E-04  0.0791   0.0000E+00  0.0000
   2.3300E+02   2.3400E+02   2.4341E-04  0.0788   0.0000E+00  0.0000
   2.3400E+02   2.3500E+02   2.8660E-04  0.0726   0.0000E+00  0.0000
   2.3500E+02   2.3600E+02   3.1852E-04  0.0688   0.0000E+00  0.0000
   2.3600E+02   2.3700E+02   2.7487E-04  0.0741   0.0000E+00  0.0000
   2.3700E+02   2.3800E+02   2.6306E-04  0.0758   0.0000E+00  0.0000
   2.3800E+02   2.3900E+02   3.5864E-04  0.0648   0.0000E+00  0.0000
   2.3900E+02   2.4000E+02   3.9187E-04  0.0620   0.0000E+00  0.0000
   2.4000E+02   2.4100E+02   3.0179E-04  0.0707   0.0000E+00  0.0000
   2.4100E+02   2.4200E+02   2.9246E-04  0.0718   0.0000E+00  0.0000
   2.4200E+02   2.4300E+02   3.0082E-04  0.0709   0.0000E+00  0.0000
   2.4300E+02   2.4400E+02   3.3918E-04  0.0667   0.0000E+00  0.0000
   2.4400E+02   2.4500E+02   3.6157E-04  0.0646   0.0000E+00  0.0000
   2.4500E+02   2.4600E+02   2.8883E-04  0.0722   0.0000E+00  0.0000
   2.4600E+02   2.4700E+02   2.1690E-04  0.0833   0.0000E+00  0.0000
   2.4700E+02   2.4800E+02   2.1078E-04  0.0845   0.0000E+00  0.0000
   2.4800E+02   2.4900E+02   2.1047E-04  0.0845   0.0000E+00  0.0000
   2.4900E+02   2.5000E+02   0.0000E+00  0.0000   0.0000E+00  0.0000

#   sum over                 4.1034E-03           5.7457E-03

'no. =  1,  reg  =      4'
msuc: {\huge [t-track] in region mesh}
msdr: {\it plotted by \ANGEL \version}
msdl: {\it calculated by \PHITS  3.26}
wt: s(0.7)
\vspace{-3}
   vol  &=&   1.0000E+00 [cm^3]
e:
 
# Information for Restart Calculation
# This calculation was newly started
# istdev =  2 # 1:Batch variance, 2:History variance
# resc2  = 3.32900130000000000E+07 # Total source weight or Total source weight / maxcas
# resc3  = 3.32900000000000000E+07 # Total history number or Total batch number
# maxcas =       10000 # History / Batch, only used for istdev=1
# bitrseed = 1110011000001001010000101010001101000000011110100000111011001011 # bit data of rseed
