[ T-Track ]
    title = [t-track] in region mesh
     mesh =  reg            # mesh type is region-wise
      reg = 4
   e-type =    1            # e-mesh is given by the below data
       ne =    250          # number of e-mesh points
#    data = ( e(i), i = 1, ne + 1 )
            0.00000E+00  1.00000E+00  2.00000E+00  3.00000E+00  4.00000E+00
            5.00000E+00  6.00000E+00  7.00000E+00  8.00000E+00  9.00000E+00
            1.00000E+01  1.10000E+01  1.20000E+01  1.30000E+01  1.40000E+01
            1.50000E+01  1.60000E+01  1.70000E+01  1.80000E+01  1.90000E+01
            2.00000E+01  2.10000E+01  2.20000E+01  2.30000E+01  2.40000E+01
            2.50000E+01  2.60000E+01  2.70000E+01  2.80000E+01  2.90000E+01
            3.00000E+01  3.10000E+01  3.20000E+01  3.30000E+01  3.40000E+01
            3.50000E+01  3.60000E+01  3.70000E+01  3.80000E+01  3.90000E+01
            4.00000E+01  4.10000E+01  4.20000E+01  4.30000E+01  4.40000E+01
            4.50000E+01  4.60000E+01  4.70000E+01  4.80000E+01  4.90000E+01
            5.00000E+01  5.10000E+01  5.20000E+01  5.30000E+01  5.40000E+01
            5.50000E+01  5.60000E+01  5.70000E+01  5.80000E+01  5.90000E+01
            6.00000E+01  6.10000E+01  6.20000E+01  6.30000E+01  6.40000E+01
            6.50000E+01  6.60000E+01  6.70000E+01  6.80000E+01  6.90000E+01
            7.00000E+01  7.10000E+01  7.20000E+01  7.30000E+01  7.40000E+01
            7.50000E+01  7.60000E+01  7.70000E+01  7.80000E+01  7.90000E+01
            8.00000E+01  8.10000E+01  8.20000E+01  8.30000E+01  8.40000E+01
            8.50000E+01  8.60000E+01  8.70000E+01  8.80000E+01  8.90000E+01
            9.00000E+01  9.10000E+01  9.20000E+01  9.30000E+01  9.40000E+01
            9.50000E+01  9.60000E+01  9.70000E+01  9.80000E+01  9.90000E+01
            1.00000E+02  1.01000E+02  1.02000E+02  1.03000E+02  1.04000E+02
            1.05000E+02  1.06000E+02  1.07000E+02  1.08000E+02  1.09000E+02
            1.10000E+02  1.11000E+02  1.12000E+02  1.13000E+02  1.14000E+02
            1.15000E+02  1.16000E+02  1.17000E+02  1.18000E+02  1.19000E+02
            1.20000E+02  1.21000E+02  1.22000E+02  1.23000E+02  1.24000E+02
            1.25000E+02  1.26000E+02  1.27000E+02  1.28000E+02  1.29000E+02
            1.30000E+02  1.31000E+02  1.32000E+02  1.33000E+02  1.34000E+02
            1.35000E+02  1.36000E+02  1.37000E+02  1.38000E+02  1.39000E+02
            1.40000E+02  1.41000E+02  1.42000E+02  1.43000E+02  1.44000E+02
            1.45000E+02  1.46000E+02  1.47000E+02  1.48000E+02  1.49000E+02
            1.50000E+02  1.51000E+02  1.52000E+02  1.53000E+02  1.54000E+02
            1.55000E+02  1.56000E+02  1.57000E+02  1.58000E+02  1.59000E+02
            1.60000E+02  1.61000E+02  1.62000E+02  1.63000E+02  1.64000E+02
            1.65000E+02  1.66000E+02  1.67000E+02  1.68000E+02  1.69000E+02
            1.70000E+02  1.71000E+02  1.72000E+02  1.73000E+02  1.74000E+02
            1.75000E+02  1.76000E+02  1.77000E+02  1.78000E+02  1.79000E+02
            1.80000E+02  1.81000E+02  1.82000E+02  1.83000E+02  1.84000E+02
            1.85000E+02  1.86000E+02  1.87000E+02  1.88000E+02  1.89000E+02
            1.90000E+02  1.91000E+02  1.92000E+02  1.93000E+02  1.94000E+02
            1.95000E+02  1.96000E+02  1.97000E+02  1.98000E+02  1.99000E+02
            2.00000E+02  2.01000E+02  2.02000E+02  2.03000E+02  2.04000E+02
            2.05000E+02  2.06000E+02  2.07000E+02  2.08000E+02  2.09000E+02
            2.10000E+02  2.11000E+02  2.12000E+02  2.13000E+02  2.14000E+02
            2.15000E+02  2.16000E+02  2.17000E+02  2.18000E+02  2.19000E+02
            2.20000E+02  2.21000E+02  2.22000E+02  2.23000E+02  2.24000E+02
            2.25000E+02  2.26000E+02  2.27000E+02  2.28000E+02  2.29000E+02
            2.30000E+02  2.31000E+02  2.32000E+02  2.33000E+02  2.34000E+02
            2.35000E+02  2.36000E+02  2.37000E+02  2.38000E+02  2.39000E+02
            2.40000E+02  2.41000E+02  2.42000E+02  2.43000E+02  2.44000E+02
            2.45000E+02  2.46000E+02  2.47000E+02  2.48000E+02  2.49000E+02
            2.50000E+02
     unit =    2            # unit is [1/cm^2/(MeV/n)/source]
 material =  all            # (D=all) number of specific material
     axis =     eng            # axis of output
     file = neutral_particles_shield1_HE.out  # file name of output for the above axis
     part =  neutron    photon   
# kf/name :  2112       22       
#    used :        main (  %)        temp (  %)       total (  %)
#  memory :         257 (  0)           0 (  0)         257 (  0)

#------------------------------------------------------------------------------
#newpage:
#   no. =  1   reg =      4

x: Energy [MeV/n]
y: Flux [1/cm^2/(MeV/n)/source]      
p: xlin ylog afac(0.8) form(0.9)
h: n            x            y(neutron ),hh0l   n y(photon  ),hh0dr  n 
#  e-lower      e-upper      neutron     r.err    photon      r.err 
   0.0000E+00   1.0000E+00   7.1670E-01  0.0035   2.0066E+00  0.0022
   1.0000E+00   2.0000E+00   7.1134E-02  0.0107   5.3353E-01  0.0038
   2.0000E+00   3.0000E+00   8.0580E-02  0.0099   4.2667E-01  0.0041
   3.0000E+00   4.0000E+00   3.7690E-02  0.0146   1.9446E-01  0.0062
   4.0000E+00   5.0000E+00   4.0831E-02  0.0138   1.5876E-01  0.0068
   5.0000E+00   6.0000E+00   3.8714E-02  0.0139   6.6443E-02  0.0106
   6.0000E+00   7.0000E+00   3.3340E-02  0.0149   9.3384E-02  0.0089
   7.0000E+00   8.0000E+00   2.1162E-02  0.0188   4.8161E-02  0.0122
   8.0000E+00   9.0000E+00   1.9578E-02  0.0194   8.1081E-03  0.0304
   9.0000E+00   1.0000E+01   1.5411E-02  0.0220   3.6668E-03  0.0453
   1.0000E+01   1.1000E+01   1.4228E-02  0.0229   1.1654E-03  0.0795
   1.1000E+01   1.2000E+01   1.1007E-02  0.0261   1.9667E-04  0.1942
   1.2000E+01   1.3000E+01   1.1504E-02  0.0254   2.2949E-05  0.5923
   1.3000E+01   1.4000E+01   1.1262E-02  0.0256   0.0000E+00  0.0000
   1.4000E+01   1.5000E+01   1.0666E-02  0.0262   0.0000E+00  0.0000
   1.5000E+01   1.6000E+01   9.1594E-03  0.0285   0.0000E+00  0.0000
   1.6000E+01   1.7000E+01   9.4745E-03  0.0280   0.0000E+00  0.0000
   1.7000E+01   1.8000E+01   9.0210E-03  0.0286   0.0000E+00  0.0000
   1.8000E+01   1.9000E+01   8.6404E-03  0.0292   0.0000E+00  0.0000
   1.9000E+01   2.0000E+01   8.4972E-03  0.0291   0.0000E+00  0.0000
   2.0000E+01   2.1000E+01   1.1490E-02  0.0247   0.0000E+00  0.0000
   2.1000E+01   2.2000E+01   1.0736E-02  0.0256   0.0000E+00  0.0000
   2.2000E+01   2.3000E+01   1.0963E-02  0.0254   0.0000E+00  0.0000
   2.3000E+01   2.4000E+01   1.1076E-02  0.0251   0.0000E+00  0.0000
   2.4000E+01   2.5000E+01   1.0567E-02  0.0255   0.0000E+00  0.0000
   2.5000E+01   2.6000E+01   1.0385E-02  0.0258   0.0000E+00  0.0000
   2.6000E+01   2.7000E+01   9.8549E-03  0.0262   0.0000E+00  0.0000
   2.7000E+01   2.8000E+01   9.7944E-03  0.0263   0.0000E+00  0.0000
   2.8000E+01   2.9000E+01   9.7282E-03  0.0266   0.0000E+00  0.0000
   2.9000E+01   3.0000E+01   9.9310E-03  0.0261   0.0000E+00  0.0000
   3.0000E+01   3.1000E+01   1.0131E-02  0.0259   0.0000E+00  0.0000
   3.1000E+01   3.2000E+01   9.8690E-03  0.0260   0.0000E+00  0.0000
   3.2000E+01   3.3000E+01   9.6898E-03  0.0263   0.0000E+00  0.0000
   3.3000E+01   3.4000E+01   9.6460E-03  0.0263   0.0000E+00  0.0000
   3.4000E+01   3.5000E+01   9.9337E-03  0.0259   0.0000E+00  0.0000
   3.5000E+01   3.6000E+01   9.7553E-03  0.0261   0.0000E+00  0.0000
   3.6000E+01   3.7000E+01   9.2771E-03  0.0267   0.0000E+00  0.0000
   3.7000E+01   3.8000E+01   9.3197E-03  0.0267   0.0000E+00  0.0000
   3.8000E+01   3.9000E+01   9.5665E-03  0.0262   0.0000E+00  0.0000
   3.9000E+01   4.0000E+01   9.3556E-03  0.0265   0.0000E+00  0.0000
   4.0000E+01   4.1000E+01   9.4028E-03  0.0264   0.0000E+00  0.0000
   4.1000E+01   4.2000E+01   9.3280E-03  0.0262   0.0000E+00  0.0000
   4.2000E+01   4.3000E+01   9.3477E-03  0.0263   0.0000E+00  0.0000
   4.3000E+01   4.4000E+01   9.2604E-03  0.0263   0.0000E+00  0.0000
   4.4000E+01   4.5000E+01   8.6972E-03  0.0271   0.0000E+00  0.0000
   4.5000E+01   4.6000E+01   9.2508E-03  0.0261   0.0000E+00  0.0000
   4.6000E+01   4.7000E+01   8.9168E-03  0.0266   0.0000E+00  0.0000
   4.7000E+01   4.8000E+01   8.7931E-03  0.0267   0.0000E+00  0.0000
   4.8000E+01   4.9000E+01   8.8137E-03  0.0268   0.0000E+00  0.0000
   4.9000E+01   5.0000E+01   8.6570E-03  0.0270   0.0000E+00  0.0000
   5.0000E+01   5.1000E+01   8.9531E-03  0.0266   0.0000E+00  0.0000
   5.1000E+01   5.2000E+01   8.6015E-03  0.0267   0.0000E+00  0.0000
   5.2000E+01   5.3000E+01   8.9572E-03  0.0262   0.0000E+00  0.0000
   5.3000E+01   5.4000E+01   8.4785E-03  0.0270   0.0000E+00  0.0000
   5.4000E+01   5.5000E+01   8.7367E-03  0.0265   0.0000E+00  0.0000
   5.5000E+01   5.6000E+01   8.5285E-03  0.0265   0.0000E+00  0.0000
   5.6000E+01   5.7000E+01   8.1497E-03  0.0275   0.0000E+00  0.0000
   5.7000E+01   5.8000E+01   8.2743E-03  0.0272   0.0000E+00  0.0000
   5.8000E+01   5.9000E+01   8.1007E-03  0.0274   0.0000E+00  0.0000
   5.9000E+01   6.0000E+01   7.4180E-03  0.0285   0.0000E+00  0.0000
   6.0000E+01   6.1000E+01   8.0878E-03  0.0272   0.0000E+00  0.0000
   6.1000E+01   6.2000E+01   7.7397E-03  0.0280   0.0000E+00  0.0000
   6.2000E+01   6.3000E+01   7.8158E-03  0.0276   0.0000E+00  0.0000
   6.3000E+01   6.4000E+01   7.6370E-03  0.0281   0.0000E+00  0.0000
   6.4000E+01   6.5000E+01   7.3568E-03  0.0283   0.0000E+00  0.0000
   6.5000E+01   6.6000E+01   6.9855E-03  0.0292   0.0000E+00  0.0000
   6.6000E+01   6.7000E+01   7.0097E-03  0.0292   0.0000E+00  0.0000
   6.7000E+01   6.8000E+01   7.0799E-03  0.0288   0.0000E+00  0.0000
   6.8000E+01   6.9000E+01   7.1937E-03  0.0285   0.0000E+00  0.0000
   6.9000E+01   7.0000E+01   6.9836E-03  0.0289   0.0000E+00  0.0000
   7.0000E+01   7.1000E+01   6.9986E-03  0.0287   0.0000E+00  0.0000
   7.1000E+01   7.2000E+01   6.8315E-03  0.0292   0.0000E+00  0.0000
   7.2000E+01   7.3000E+01   6.9490E-03  0.0290   0.0000E+00  0.0000
   7.3000E+01   7.4000E+01   6.4374E-03  0.0299   0.0000E+00  0.0000
   7.4000E+01   7.5000E+01   6.2053E-03  0.0304   0.0000E+00  0.0000
   7.5000E+01   7.6000E+01   6.0085E-03  0.0311   0.0000E+00  0.0000
   7.6000E+01   7.7000E+01   6.2496E-03  0.0303   0.0000E+00  0.0000
   7.7000E+01   7.8000E+01   6.5955E-03  0.0294   0.0000E+00  0.0000
   7.8000E+01   7.9000E+01   6.1791E-03  0.0304   0.0000E+00  0.0000
   7.9000E+01   8.0000E+01   5.8541E-03  0.0312   0.0000E+00  0.0000
   8.0000E+01   8.1000E+01   5.6072E-03  0.0319   0.0000E+00  0.0000
   8.1000E+01   8.2000E+01   5.7614E-03  0.0313   0.0000E+00  0.0000
   8.2000E+01   8.3000E+01   5.5687E-03  0.0319   0.0000E+00  0.0000
   8.3000E+01   8.4000E+01   5.5594E-03  0.0320   0.0000E+00  0.0000
   8.4000E+01   8.5000E+01   5.3814E-03  0.0326   0.0000E+00  0.0000
   8.5000E+01   8.6000E+01   5.7673E-03  0.0314   0.0000E+00  0.0000
   8.6000E+01   8.7000E+01   5.4390E-03  0.0319   0.0000E+00  0.0000
   8.7000E+01   8.8000E+01   5.5093E-03  0.0319   0.0000E+00  0.0000
   8.8000E+01   8.9000E+01   5.3057E-03  0.0325   0.0000E+00  0.0000
   8.9000E+01   9.0000E+01   5.0818E-03  0.0333   0.0000E+00  0.0000
   9.0000E+01   9.1000E+01   5.1011E-03  0.0332   0.0000E+00  0.0000
   9.1000E+01   9.2000E+01   4.8371E-03  0.0340   0.0000E+00  0.0000
   9.2000E+01   9.3000E+01   4.8284E-03  0.0341   0.0000E+00  0.0000
   9.3000E+01   9.4000E+01   4.9035E-03  0.0338   0.0000E+00  0.0000
   9.4000E+01   9.5000E+01   4.6801E-03  0.0345   0.0000E+00  0.0000
   9.5000E+01   9.6000E+01   4.9972E-03  0.0333   0.0000E+00  0.0000
   9.6000E+01   9.7000E+01   4.9221E-03  0.0334   0.0000E+00  0.0000
   9.7000E+01   9.8000E+01   4.4244E-03  0.0351   0.0000E+00  0.0000
   9.8000E+01   9.9000E+01   4.4345E-03  0.0354   0.0000E+00  0.0000
   9.9000E+01   1.0000E+02   4.2804E-03  0.0358   0.0000E+00  0.0000
   1.0000E+02   1.0100E+02   3.8765E-03  0.0377   0.0000E+00  0.0000
   1.0100E+02   1.0200E+02   3.5255E-03  0.0396   0.0000E+00  0.0000
   1.0200E+02   1.0300E+02   3.8805E-03  0.0377   0.0000E+00  0.0000
   1.0300E+02   1.0400E+02   3.8441E-03  0.0379   0.0000E+00  0.0000
   1.0400E+02   1.0500E+02   3.8465E-03  0.0376   0.0000E+00  0.0000
   1.0500E+02   1.0600E+02   3.3886E-03  0.0399   0.0000E+00  0.0000
   1.0600E+02   1.0700E+02   3.7888E-03  0.0381   0.0000E+00  0.0000
   1.0700E+02   1.0800E+02   4.0632E-03  0.0366   0.0000E+00  0.0000
   1.0800E+02   1.0900E+02   4.0807E-03  0.0365   0.0000E+00  0.0000
   1.0900E+02   1.1000E+02   3.4913E-03  0.0395   0.0000E+00  0.0000
   1.1000E+02   1.1100E+02   3.5229E-03  0.0394   0.0000E+00  0.0000
   1.1100E+02   1.1200E+02   3.1613E-03  0.0415   0.0000E+00  0.0000
   1.1200E+02   1.1300E+02   3.3186E-03  0.0403   0.0000E+00  0.0000
   1.1300E+02   1.1400E+02   3.2351E-03  0.0409   0.0000E+00  0.0000
   1.1400E+02   1.1500E+02   3.2779E-03  0.0407   0.0000E+00  0.0000
   1.1500E+02   1.1600E+02   3.1925E-03  0.0410   0.0000E+00  0.0000
   1.1600E+02   1.1700E+02   3.1083E-03  0.0417   0.0000E+00  0.0000
   1.1700E+02   1.1800E+02   3.0904E-03  0.0416   0.0000E+00  0.0000
   1.1800E+02   1.1900E+02   3.3424E-03  0.0401   0.0000E+00  0.0000
   1.1900E+02   1.2000E+02   3.1283E-03  0.0414   0.0000E+00  0.0000
   1.2000E+02   1.2100E+02   3.0286E-03  0.0420   0.0000E+00  0.0000
   1.2100E+02   1.2200E+02   2.9610E-03  0.0425   0.0000E+00  0.0000
   1.2200E+02   1.2300E+02   2.7237E-03  0.0443   0.0000E+00  0.0000
   1.2300E+02   1.2400E+02   2.7770E-03  0.0438   0.0000E+00  0.0000
   1.2400E+02   1.2500E+02   2.2692E-03  0.0491   0.0000E+00  0.0000
   1.2500E+02   1.2600E+02   2.4451E-03  0.0470   0.0000E+00  0.0000
   1.2600E+02   1.2700E+02   2.6077E-03  0.0455   0.0000E+00  0.0000
   1.2700E+02   1.2800E+02   2.3709E-03  0.0475   0.0000E+00  0.0000
   1.2800E+02   1.2900E+02   2.5790E-03  0.0455   0.0000E+00  0.0000
   1.2900E+02   1.3000E+02   2.3417E-03  0.0483   0.0000E+00  0.0000
   1.3000E+02   1.3100E+02   2.4384E-03  0.0466   0.0000E+00  0.0000
   1.3100E+02   1.3200E+02   2.4895E-03  0.0463   0.0000E+00  0.0000
   1.3200E+02   1.3300E+02   2.4704E-03  0.0464   0.0000E+00  0.0000
   1.3300E+02   1.3400E+02   2.2492E-03  0.0488   0.0000E+00  0.0000
   1.3400E+02   1.3500E+02   2.2750E-03  0.0482   0.0000E+00  0.0000
   1.3500E+02   1.3600E+02   2.2945E-03  0.0481   0.0000E+00  0.0000
   1.3600E+02   1.3700E+02   2.4435E-03  0.0466   0.0000E+00  0.0000
   1.3700E+02   1.3800E+02   2.0289E-03  0.0511   0.0000E+00  0.0000
   1.3800E+02   1.3900E+02   2.0437E-03  0.0511   0.0000E+00  0.0000
   1.3900E+02   1.4000E+02   1.7825E-03  0.0547   0.0000E+00  0.0000
   1.4000E+02   1.4100E+02   1.9773E-03  0.0517   0.0000E+00  0.0000
   1.4100E+02   1.4200E+02   1.9283E-03  0.0523   0.0000E+00  0.0000
   1.4200E+02   1.4300E+02   1.8248E-03  0.0536   0.0000E+00  0.0000
   1.4300E+02   1.4400E+02   2.1222E-03  0.0497   0.0000E+00  0.0000
   1.4400E+02   1.4500E+02   1.9196E-03  0.0527   0.0000E+00  0.0000
   1.4500E+02   1.4600E+02   1.8561E-03  0.0538   0.0000E+00  0.0000
   1.4600E+02   1.4700E+02   1.9158E-03  0.0523   0.0000E+00  0.0000
   1.4700E+02   1.4800E+02   1.9022E-03  0.0524   0.0000E+00  0.0000
   1.4800E+02   1.4900E+02   1.6020E-03  0.0573   0.0000E+00  0.0000
   1.4900E+02   1.5000E+02   1.7604E-03  0.0549   0.0000E+00  0.0000
   1.5000E+02   1.5100E+02   1.6807E-03  0.0557   0.0000E+00  0.0000
   1.5100E+02   1.5200E+02   1.7178E-03  0.0553   0.0000E+00  0.0000
   1.5200E+02   1.5300E+02   1.7662E-03  0.0546   0.0000E+00  0.0000
   1.5300E+02   1.5400E+02   1.8258E-03  0.0537   0.0000E+00  0.0000
   1.5400E+02   1.5500E+02   1.8190E-03  0.0539   0.0000E+00  0.0000
   1.5500E+02   1.5600E+02   1.6581E-03  0.0561   0.0000E+00  0.0000
   1.5600E+02   1.5700E+02   1.4305E-03  0.0607   0.0000E+00  0.0000
   1.5700E+02   1.5800E+02   1.2887E-03  0.0637   0.0000E+00  0.0000
   1.5800E+02   1.5900E+02   1.4286E-03  0.0602   0.0000E+00  0.0000
   1.5900E+02   1.6000E+02   1.3218E-03  0.0627   0.0000E+00  0.0000
   1.6000E+02   1.6100E+02   1.3309E-03  0.0627   0.0000E+00  0.0000
   1.6100E+02   1.6200E+02   1.1866E-03  0.0667   0.0000E+00  0.0000
   1.6200E+02   1.6300E+02   1.4192E-03  0.0609   0.0000E+00  0.0000
   1.6300E+02   1.6400E+02   1.4274E-03  0.0604   0.0000E+00  0.0000
   1.6400E+02   1.6500E+02   1.1840E-03  0.0662   0.0000E+00  0.0000
   1.6500E+02   1.6600E+02   1.3867E-03  0.0611   0.0000E+00  0.0000
   1.6600E+02   1.6700E+02   1.2862E-03  0.0637   0.0000E+00  0.0000
   1.6700E+02   1.6800E+02   1.2138E-03  0.0655   0.0000E+00  0.0000
   1.6800E+02   1.6900E+02   1.0916E-03  0.0689   0.0000E+00  0.0000
   1.6900E+02   1.7000E+02   1.0983E-03  0.0688   0.0000E+00  0.0000
   1.7000E+02   1.7100E+02   9.5700E-04  0.0734   0.0000E+00  0.0000
   1.7100E+02   1.7200E+02   1.1403E-03  0.0675   0.0000E+00  0.0000
   1.7200E+02   1.7300E+02   1.0461E-03  0.0707   0.0000E+00  0.0000
   1.7300E+02   1.7400E+02   1.0285E-03  0.0710   0.0000E+00  0.0000
   1.7400E+02   1.7500E+02   1.1211E-03  0.0679   0.0000E+00  0.0000
   1.7500E+02   1.7600E+02   9.2747E-04  0.0751   0.0000E+00  0.0000
   1.7600E+02   1.7700E+02   8.5757E-04  0.0780   0.0000E+00  0.0000
   1.7700E+02   1.7800E+02   9.8896E-04  0.0722   0.0000E+00  0.0000
   1.7800E+02   1.7900E+02   1.1155E-03  0.0681   0.0000E+00  0.0000
   1.7900E+02   1.8000E+02   9.9182E-04  0.0723   0.0000E+00  0.0000
   1.8000E+02   1.8100E+02   9.8496E-04  0.0722   0.0000E+00  0.0000
   1.8100E+02   1.8200E+02   9.4890E-04  0.0740   0.0000E+00  0.0000
   1.8200E+02   1.8300E+02   7.7243E-04  0.0820   0.0000E+00  0.0000
   1.8300E+02   1.8400E+02   8.7960E-04  0.0765   0.0000E+00  0.0000
   1.8400E+02   1.8500E+02   9.8258E-04  0.0724   0.0000E+00  0.0000
   1.8500E+02   1.8600E+02   1.0231E-03  0.0711   0.0000E+00  0.0000
   1.8600E+02   1.8700E+02   8.6882E-04  0.0772   0.0000E+00  0.0000
   1.8700E+02   1.8800E+02   8.0322E-04  0.0801   0.0000E+00  0.0000
   1.8800E+02   1.8900E+02   8.0909E-04  0.0799   0.0000E+00  0.0000
   1.8900E+02   1.9000E+02   6.6016E-04  0.0891   0.0000E+00  0.0000
   1.9000E+02   1.9100E+02   7.0232E-04  0.0863   0.0000E+00  0.0000
   1.9100E+02   1.9200E+02   6.2951E-04  0.0906   0.0000E+00  0.0000
   1.9200E+02   1.9300E+02   7.1159E-04  0.0852   0.0000E+00  0.0000
   1.9300E+02   1.9400E+02   6.4467E-04  0.0895   0.0000E+00  0.0000
   1.9400E+02   1.9500E+02   6.8279E-04  0.0867   0.0000E+00  0.0000
   1.9500E+02   1.9600E+02   6.8350E-04  0.0868   0.0000E+00  0.0000
   1.9600E+02   1.9700E+02   5.6360E-04  0.0954   0.0000E+00  0.0000
   1.9700E+02   1.9800E+02   5.1769E-04  0.0995   0.0000E+00  0.0000
   1.9800E+02   1.9900E+02   6.5368E-04  0.0888   0.0000E+00  0.0000
   1.9900E+02   2.0000E+02   7.4071E-04  0.0834   0.0000E+00  0.0000
   2.0000E+02   2.0100E+02   4.8852E-04  0.1027   0.0000E+00  0.0000
   2.0100E+02   2.0200E+02   4.9170E-04  0.1021   0.0000E+00  0.0000
   2.0200E+02   2.0300E+02   4.7227E-04  0.1043   0.0000E+00  0.0000
   2.0300E+02   2.0400E+02   4.5297E-04  0.1068   0.0000E+00  0.0000
   2.0400E+02   2.0500E+02   3.9524E-04  0.1140   0.0000E+00  0.0000
   2.0500E+02   2.0600E+02   4.6148E-04  0.1054   0.0000E+00  0.0000
   2.0600E+02   2.0700E+02   3.5066E-04  0.1213   0.0000E+00  0.0000
   2.0700E+02   2.0800E+02   3.9444E-04  0.1140   0.0000E+00  0.0000
   2.0800E+02   2.0900E+02   4.3341E-04  0.1092   0.0000E+00  0.0000
   2.0900E+02   2.1000E+02   3.4787E-04  0.1213   0.0000E+00  0.0000
   2.1000E+02   2.1100E+02   5.4197E-04  0.0971   0.0000E+00  0.0000
   2.1100E+02   2.1200E+02   5.7299E-04  0.0945   0.0000E+00  0.0000
   2.1200E+02   2.1300E+02   5.5520E-04  0.0963   0.0000E+00  0.0000
   2.1300E+02   2.1400E+02   5.4064E-04  0.0971   0.0000E+00  0.0000
   2.1400E+02   2.1500E+02   5.1552E-04  0.0995   0.0000E+00  0.0000
   2.1500E+02   2.1600E+02   2.7607E-04  0.1361   0.0000E+00  0.0000
   2.1600E+02   2.1700E+02   2.3572E-04  0.1475   0.0000E+00  0.0000
   2.1700E+02   2.1800E+02   3.6830E-04  0.1179   0.0000E+00  0.0000
   2.1800E+02   2.1900E+02   5.4657E-04  0.0967   0.0000E+00  0.0000
   2.1900E+02   2.2000E+02   5.5425E-04  0.0963   0.0000E+00  0.0000
   2.2000E+02   2.2100E+02   4.7433E-04  0.1037   0.0000E+00  0.0000
   2.2100E+02   2.2200E+02   2.9686E-04  0.1313   0.0000E+00  0.0000
   2.2200E+02   2.2300E+02   3.4314E-04  0.1222   0.0000E+00  0.0000
   2.2300E+02   2.2400E+02   4.2260E-04  0.1098   0.0000E+00  0.0000
   2.2400E+02   2.2500E+02   4.4967E-04  0.1066   0.0000E+00  0.0000
   2.2500E+02   2.2600E+02   3.1973E-04  0.1262   0.0000E+00  0.0000
   2.2600E+02   2.2700E+02   1.5887E-04  0.1797   0.0000E+00  0.0000
   2.2700E+02   2.2800E+02   1.2326E-04  0.2042   0.0000E+00  0.0000
   2.2800E+02   2.2900E+02   2.8057E-04  0.1348   0.0000E+00  0.0000
   2.2900E+02   2.3000E+02   3.0201E-04  0.1302   0.0000E+00  0.0000
   2.3000E+02   2.3100E+02   2.8297E-04  0.1339   0.0000E+00  0.0000
   2.3100E+02   2.3200E+02   1.8865E-04  0.1644   0.0000E+00  0.0000
   2.3200E+02   2.3300E+02   2.2428E-04  0.1508   0.0000E+00  0.0000
   2.3300E+02   2.3400E+02   2.3036E-04  0.1491   0.0000E+00  0.0000
   2.3400E+02   2.3500E+02   2.5565E-04  0.1414   0.0000E+00  0.0000
   2.3500E+02   2.3600E+02   3.4104E-04  0.1222   0.0000E+00  0.0000
   2.3600E+02   2.3700E+02   2.3461E-04  0.1474   0.0000E+00  0.0000
   2.3700E+02   2.3800E+02   2.2485E-04  0.1508   0.0000E+00  0.0000
   2.3800E+02   2.3900E+02   2.2961E-04  0.1491   0.0000E+00  0.0000
   2.3900E+02   2.4000E+02   3.3110E-04  0.1240   0.0000E+00  0.0000
   2.4000E+02   2.4100E+02   2.3459E-04  0.1474   0.0000E+00  0.0000
   2.4100E+02   2.4200E+02   2.1431E-04  0.1543   0.0000E+00  0.0000
   2.4200E+02   2.4300E+02   2.1411E-04  0.1543   0.0000E+00  0.0000
   2.4300E+02   2.4400E+02   2.9138E-04  0.1325   0.0000E+00  0.0000
   2.4400E+02   2.4500E+02   3.2604E-04  0.1250   0.0000E+00  0.0000
   2.4500E+02   2.4600E+02   2.2900E-04  0.1491   0.0000E+00  0.0000
   2.4600E+02   2.4700E+02   1.5782E-04  0.1796   0.0000E+00  0.0000
   2.4700E+02   2.4800E+02   2.0428E-04  0.1581   0.0000E+00  0.0000
   2.4800E+02   2.4900E+02   1.1687E-04  0.2085   0.0000E+00  0.0000
   2.4900E+02   2.5000E+02   0.0000E+00  0.0000   0.0000E+00  0.0000

#   sum over                 8.0128E-03           1.4165E-02

'no. =  1,  reg  =      4'
msuc: {\huge [t-track] in region mesh}
msdr: {\it plotted by \ANGEL \version}
msdl: {\it calculated by \PHITS  3.26}
wt: s(0.7)
\vspace{-3}
   vol  &=&   1.0000E+00 [cm^3]
e:
 
# Information for Restart Calculation
# This calculation was newly started
# istdev =  2 # 1:Batch variance, 2:History variance
# resc2  = 9.85000000000000000E+06 # Total source weight or Total source weight / maxcas
# resc3  = 9.85000000000000000E+06 # Total history number or Total batch number
# maxcas =       10000 # History / Batch, only used for istdev=1
# bitrseed = 1110010110001100100011100010011110100000110110110010100011111100 # bit data of rseed
