[ T-Track ]
    title = [t-track] in region mesh
     mesh =  reg            # mesh type is region-wise
      reg = 4
   e-type =    1            # e-mesh is given by the below data
       ne =    250          # number of e-mesh points
#    data = ( e(i), i = 1, ne + 1 )
            0.00000E+00  1.00000E+00  2.00000E+00  3.00000E+00  4.00000E+00
            5.00000E+00  6.00000E+00  7.00000E+00  8.00000E+00  9.00000E+00
            1.00000E+01  1.10000E+01  1.20000E+01  1.30000E+01  1.40000E+01
            1.50000E+01  1.60000E+01  1.70000E+01  1.80000E+01  1.90000E+01
            2.00000E+01  2.10000E+01  2.20000E+01  2.30000E+01  2.40000E+01
            2.50000E+01  2.60000E+01  2.70000E+01  2.80000E+01  2.90000E+01
            3.00000E+01  3.10000E+01  3.20000E+01  3.30000E+01  3.40000E+01
            3.50000E+01  3.60000E+01  3.70000E+01  3.80000E+01  3.90000E+01
            4.00000E+01  4.10000E+01  4.20000E+01  4.30000E+01  4.40000E+01
            4.50000E+01  4.60000E+01  4.70000E+01  4.80000E+01  4.90000E+01
            5.00000E+01  5.10000E+01  5.20000E+01  5.30000E+01  5.40000E+01
            5.50000E+01  5.60000E+01  5.70000E+01  5.80000E+01  5.90000E+01
            6.00000E+01  6.10000E+01  6.20000E+01  6.30000E+01  6.40000E+01
            6.50000E+01  6.60000E+01  6.70000E+01  6.80000E+01  6.90000E+01
            7.00000E+01  7.10000E+01  7.20000E+01  7.30000E+01  7.40000E+01
            7.50000E+01  7.60000E+01  7.70000E+01  7.80000E+01  7.90000E+01
            8.00000E+01  8.10000E+01  8.20000E+01  8.30000E+01  8.40000E+01
            8.50000E+01  8.60000E+01  8.70000E+01  8.80000E+01  8.90000E+01
            9.00000E+01  9.10000E+01  9.20000E+01  9.30000E+01  9.40000E+01
            9.50000E+01  9.60000E+01  9.70000E+01  9.80000E+01  9.90000E+01
            1.00000E+02  1.01000E+02  1.02000E+02  1.03000E+02  1.04000E+02
            1.05000E+02  1.06000E+02  1.07000E+02  1.08000E+02  1.09000E+02
            1.10000E+02  1.11000E+02  1.12000E+02  1.13000E+02  1.14000E+02
            1.15000E+02  1.16000E+02  1.17000E+02  1.18000E+02  1.19000E+02
            1.20000E+02  1.21000E+02  1.22000E+02  1.23000E+02  1.24000E+02
            1.25000E+02  1.26000E+02  1.27000E+02  1.28000E+02  1.29000E+02
            1.30000E+02  1.31000E+02  1.32000E+02  1.33000E+02  1.34000E+02
            1.35000E+02  1.36000E+02  1.37000E+02  1.38000E+02  1.39000E+02
            1.40000E+02  1.41000E+02  1.42000E+02  1.43000E+02  1.44000E+02
            1.45000E+02  1.46000E+02  1.47000E+02  1.48000E+02  1.49000E+02
            1.50000E+02  1.51000E+02  1.52000E+02  1.53000E+02  1.54000E+02
            1.55000E+02  1.56000E+02  1.57000E+02  1.58000E+02  1.59000E+02
            1.60000E+02  1.61000E+02  1.62000E+02  1.63000E+02  1.64000E+02
            1.65000E+02  1.66000E+02  1.67000E+02  1.68000E+02  1.69000E+02
            1.70000E+02  1.71000E+02  1.72000E+02  1.73000E+02  1.74000E+02
            1.75000E+02  1.76000E+02  1.77000E+02  1.78000E+02  1.79000E+02
            1.80000E+02  1.81000E+02  1.82000E+02  1.83000E+02  1.84000E+02
            1.85000E+02  1.86000E+02  1.87000E+02  1.88000E+02  1.89000E+02
            1.90000E+02  1.91000E+02  1.92000E+02  1.93000E+02  1.94000E+02
            1.95000E+02  1.96000E+02  1.97000E+02  1.98000E+02  1.99000E+02
            2.00000E+02  2.01000E+02  2.02000E+02  2.03000E+02  2.04000E+02
            2.05000E+02  2.06000E+02  2.07000E+02  2.08000E+02  2.09000E+02
            2.10000E+02  2.11000E+02  2.12000E+02  2.13000E+02  2.14000E+02
            2.15000E+02  2.16000E+02  2.17000E+02  2.18000E+02  2.19000E+02
            2.20000E+02  2.21000E+02  2.22000E+02  2.23000E+02  2.24000E+02
            2.25000E+02  2.26000E+02  2.27000E+02  2.28000E+02  2.29000E+02
            2.30000E+02  2.31000E+02  2.32000E+02  2.33000E+02  2.34000E+02
            2.35000E+02  2.36000E+02  2.37000E+02  2.38000E+02  2.39000E+02
            2.40000E+02  2.41000E+02  2.42000E+02  2.43000E+02  2.44000E+02
            2.45000E+02  2.46000E+02  2.47000E+02  2.48000E+02  2.49000E+02
            2.50000E+02
     unit =    2            # unit is [1/cm^2/(MeV/n)/source]
 material =  all            # (D=all) number of specific material
     axis =     eng            # axis of output
     file = neutral_particles_shield1_HE.out  # file name of output for the above axis
     part =  neutron    photon   
# kf/name :  2112       22       
#    used :        main (  %)        temp (  %)       total (  %)
#  memory :         257 (  0)           0 (  0)         257 (  0)

#------------------------------------------------------------------------------
#newpage:
#   no. =  1   reg =      4

x: Energy [MeV/n]
y: Flux [1/cm^2/(MeV/n)/source]      
p: xlin ylog afac(0.8) form(0.9)
h: n            x            y(neutron ),hh0l   n y(photon  ),hh0dr  n 
#  e-lower      e-upper      neutron     r.err    photon      r.err 
   0.0000E+00   1.0000E+00   1.0422E-01  0.0078   3.5258E-01  0.0045
   1.0000E+00   2.0000E+00   1.4108E-02  0.0201   9.3512E-02  0.0075
   2.0000E+00   3.0000E+00   1.5354E-02  0.0191   6.3944E-02  0.0089
   3.0000E+00   4.0000E+00   8.7531E-03  0.0254   3.5484E-02  0.0118
   4.0000E+00   5.0000E+00   8.3738E-03  0.0255   2.9870E-02  0.0128
   5.0000E+00   6.0000E+00   7.8770E-03  0.0261   1.5567E-02  0.0180
   6.0000E+00   7.0000E+00   6.7534E-03  0.0281   1.9960E-02  0.0159
   7.0000E+00   8.0000E+00   4.7460E-03  0.0337   9.7569E-03  0.0223
   8.0000E+00   9.0000E+00   4.5011E-03  0.0346   2.0097E-03  0.0501
   9.0000E+00   1.0000E+01   3.5867E-03  0.0385   1.0381E-03  0.0708
   1.0000E+01   1.1000E+01   3.4238E-03  0.0387   4.2664E-04  0.1117
   1.1000E+01   1.2000E+01   2.9884E-03  0.0420   1.0765E-04  0.2076
   1.2000E+01   1.3000E+01   3.0200E-03  0.0420   3.7879E-06  1.0000
   1.3000E+01   1.4000E+01   2.7812E-03  0.0434   0.0000E+00  0.0000
   1.4000E+01   1.5000E+01   2.7988E-03  0.0432   0.0000E+00  0.0000
   1.5000E+01   1.6000E+01   2.6056E-03  0.0449   0.0000E+00  0.0000
   1.6000E+01   1.7000E+01   2.2493E-03  0.0476   0.0000E+00  0.0000
   1.7000E+01   1.8000E+01   2.4061E-03  0.0462   0.0000E+00  0.0000
   1.8000E+01   1.9000E+01   2.3942E-03  0.0463   0.0000E+00  0.0000
   1.9000E+01   2.0000E+01   2.2121E-03  0.0481   0.0000E+00  0.0000
   2.0000E+01   2.1000E+01   3.0934E-03  0.0403   0.0000E+00  0.0000
   2.1000E+01   2.2000E+01   2.7517E-03  0.0427   0.0000E+00  0.0000
   2.2000E+01   2.3000E+01   2.8355E-03  0.0416   0.0000E+00  0.0000
   2.3000E+01   2.4000E+01   2.5486E-03  0.0437   0.0000E+00  0.0000
   2.4000E+01   2.5000E+01   2.8119E-03  0.0422   0.0000E+00  0.0000
   2.5000E+01   2.6000E+01   2.9626E-03  0.0410   0.0000E+00  0.0000
   2.6000E+01   2.7000E+01   2.6892E-03  0.0423   0.0000E+00  0.0000
   2.7000E+01   2.8000E+01   2.5785E-03  0.0433   0.0000E+00  0.0000
   2.8000E+01   2.9000E+01   2.8300E-03  0.0416   0.0000E+00  0.0000
   2.9000E+01   3.0000E+01   2.8297E-03  0.0412   0.0000E+00  0.0000
   3.0000E+01   3.1000E+01   2.9487E-03  0.0403   0.0000E+00  0.0000
   3.1000E+01   3.2000E+01   2.8097E-03  0.0412   0.0000E+00  0.0000
   3.2000E+01   3.3000E+01   2.9275E-03  0.0405   0.0000E+00  0.0000
   3.3000E+01   3.4000E+01   2.9272E-03  0.0403   0.0000E+00  0.0000
   3.4000E+01   3.5000E+01   2.9656E-03  0.0404   0.0000E+00  0.0000
   3.5000E+01   3.6000E+01   2.8861E-03  0.0403   0.0000E+00  0.0000
   3.6000E+01   3.7000E+01   2.7210E-03  0.0416   0.0000E+00  0.0000
   3.7000E+01   3.8000E+01   2.8421E-03  0.0406   0.0000E+00  0.0000
   3.8000E+01   3.9000E+01   2.8392E-03  0.0402   0.0000E+00  0.0000
   3.9000E+01   4.0000E+01   2.7626E-03  0.0414   0.0000E+00  0.0000
   4.0000E+01   4.1000E+01   2.6915E-03  0.0416   0.0000E+00  0.0000
   4.1000E+01   4.2000E+01   2.7996E-03  0.0406   0.0000E+00  0.0000
   4.2000E+01   4.3000E+01   2.9847E-03  0.0390   0.0000E+00  0.0000
   4.3000E+01   4.4000E+01   2.7224E-03  0.0405   0.0000E+00  0.0000
   4.4000E+01   4.5000E+01   2.7680E-03  0.0404   0.0000E+00  0.0000
   4.5000E+01   4.6000E+01   3.0604E-03  0.0386   0.0000E+00  0.0000
   4.6000E+01   4.7000E+01   2.7870E-03  0.0402   0.0000E+00  0.0000
   4.7000E+01   4.8000E+01   2.9133E-03  0.0390   0.0000E+00  0.0000
   4.8000E+01   4.9000E+01   2.7946E-03  0.0403   0.0000E+00  0.0000
   4.9000E+01   5.0000E+01   2.9516E-03  0.0392   0.0000E+00  0.0000
   5.0000E+01   5.1000E+01   2.5908E-03  0.0414   0.0000E+00  0.0000
   5.1000E+01   5.2000E+01   2.7859E-03  0.0396   0.0000E+00  0.0000
   5.2000E+01   5.3000E+01   2.8463E-03  0.0392   0.0000E+00  0.0000
   5.3000E+01   5.4000E+01   2.7550E-03  0.0400   0.0000E+00  0.0000
   5.4000E+01   5.5000E+01   2.6467E-03  0.0405   0.0000E+00  0.0000
   5.5000E+01   5.6000E+01   2.9994E-03  0.0382   0.0000E+00  0.0000
   5.6000E+01   5.7000E+01   2.7041E-03  0.0401   5.0075E-06  1.0000
   5.7000E+01   5.8000E+01   2.9067E-03  0.0384   0.0000E+00  0.0000
   5.8000E+01   5.9000E+01   2.7468E-03  0.0398   0.0000E+00  0.0000
   5.9000E+01   6.0000E+01   2.5691E-03  0.0410   0.0000E+00  0.0000
   6.0000E+01   6.1000E+01   2.7649E-03  0.0395   0.0000E+00  0.0000
   6.1000E+01   6.2000E+01   2.7079E-03  0.0399   0.0000E+00  0.0000
   6.2000E+01   6.3000E+01   2.7601E-03  0.0397   0.0000E+00  0.0000
   6.3000E+01   6.4000E+01   2.6417E-03  0.0404   0.0000E+00  0.0000
   6.4000E+01   6.5000E+01   2.5118E-03  0.0415   0.0000E+00  0.0000
   6.5000E+01   6.6000E+01   2.4969E-03  0.0409   0.0000E+00  0.0000
   6.6000E+01   6.7000E+01   2.3975E-03  0.0424   0.0000E+00  0.0000
   6.7000E+01   6.8000E+01   2.5817E-03  0.0408   0.0000E+00  0.0000
   6.8000E+01   6.9000E+01   2.7026E-03  0.0392   0.0000E+00  0.0000
   6.9000E+01   7.0000E+01   2.6247E-03  0.0399   0.0000E+00  0.0000
   7.0000E+01   7.1000E+01   2.3393E-03  0.0419   0.0000E+00  0.0000
   7.1000E+01   7.2000E+01   2.3967E-03  0.0417   0.0000E+00  0.0000
   7.2000E+01   7.3000E+01   2.2087E-03  0.0433   0.0000E+00  0.0000
   7.3000E+01   7.4000E+01   2.3402E-03  0.0422   0.0000E+00  0.0000
   7.4000E+01   7.5000E+01   2.2228E-03  0.0433   0.0000E+00  0.0000
   7.5000E+01   7.6000E+01   2.4247E-03  0.0414   0.0000E+00  0.0000
   7.6000E+01   7.7000E+01   2.2338E-03  0.0429   0.0000E+00  0.0000
   7.7000E+01   7.8000E+01   2.2320E-03  0.0427   0.0000E+00  0.0000
   7.8000E+01   7.9000E+01   2.2526E-03  0.0424   0.0000E+00  0.0000
   7.9000E+01   8.0000E+01   2.3304E-03  0.0417   0.0000E+00  0.0000
   8.0000E+01   8.1000E+01   2.0526E-03  0.0445   0.0000E+00  0.0000
   8.1000E+01   8.2000E+01   2.2030E-03  0.0430   0.0000E+00  0.0000
   8.2000E+01   8.3000E+01   1.9724E-03  0.0454   0.0000E+00  0.0000
   8.3000E+01   8.4000E+01   2.0820E-03  0.0440   0.0000E+00  0.0000
   8.4000E+01   8.5000E+01   2.1542E-03  0.0432   0.0000E+00  0.0000
   8.5000E+01   8.6000E+01   2.0467E-03  0.0444   0.0000E+00  0.0000
   8.6000E+01   8.7000E+01   2.1757E-03  0.0429   0.0000E+00  0.0000
   8.7000E+01   8.8000E+01   2.1271E-03  0.0433   0.0000E+00  0.0000
   8.8000E+01   8.9000E+01   2.0033E-03  0.0448   0.0000E+00  0.0000
   8.9000E+01   9.0000E+01   1.9404E-03  0.0455   0.0000E+00  0.0000
   9.0000E+01   9.1000E+01   1.9505E-03  0.0448   0.0000E+00  0.0000
   9.1000E+01   9.2000E+01   1.8473E-03  0.0464   0.0000E+00  0.0000
   9.2000E+01   9.3000E+01   2.0437E-03  0.0440   0.0000E+00  0.0000
   9.3000E+01   9.4000E+01   2.0527E-03  0.0437   0.0000E+00  0.0000
   9.4000E+01   9.5000E+01   1.9088E-03  0.0455   0.0000E+00  0.0000
   9.5000E+01   9.6000E+01   1.9232E-03  0.0450   0.0000E+00  0.0000
   9.6000E+01   9.7000E+01   1.8591E-03  0.0461   0.0000E+00  0.0000
   9.7000E+01   9.8000E+01   1.8924E-03  0.0456   0.0000E+00  0.0000
   9.8000E+01   9.9000E+01   1.8212E-03  0.0463   0.0000E+00  0.0000
   9.9000E+01   1.0000E+02   1.6891E-03  0.0480   0.0000E+00  0.0000
   1.0000E+02   1.0100E+02   1.6965E-03  0.0475   0.0000E+00  0.0000
   1.0100E+02   1.0200E+02   1.4205E-03  0.0524   0.0000E+00  0.0000
   1.0200E+02   1.0300E+02   1.5105E-03  0.0507   0.0000E+00  0.0000
   1.0300E+02   1.0400E+02   1.5938E-03  0.0494   0.0000E+00  0.0000
   1.0400E+02   1.0500E+02   1.4777E-03  0.0517   0.0000E+00  0.0000
   1.0500E+02   1.0600E+02   1.4744E-03  0.0515   0.0000E+00  0.0000
   1.0600E+02   1.0700E+02   1.4343E-03  0.0520   0.0000E+00  0.0000
   1.0700E+02   1.0800E+02   1.3378E-03  0.0540   0.0000E+00  0.0000
   1.0800E+02   1.0900E+02   1.4961E-03  0.0509   0.0000E+00  0.0000
   1.0900E+02   1.1000E+02   1.4410E-03  0.0519   0.0000E+00  0.0000
   1.1000E+02   1.1100E+02   1.3121E-03  0.0544   0.0000E+00  0.0000
   1.1100E+02   1.1200E+02   1.3742E-03  0.0530   0.0000E+00  0.0000
   1.1200E+02   1.1300E+02   1.2531E-03  0.0554   0.0000E+00  0.0000
   1.1300E+02   1.1400E+02   1.3574E-03  0.0533   0.0000E+00  0.0000
   1.1400E+02   1.1500E+02   1.2698E-03  0.0549   0.0000E+00  0.0000
   1.1500E+02   1.1600E+02   1.2545E-03  0.0552   0.0000E+00  0.0000
   1.1600E+02   1.1700E+02   1.2621E-03  0.0552   0.0000E+00  0.0000
   1.1700E+02   1.1800E+02   1.3134E-03  0.0537   0.0000E+00  0.0000
   1.1800E+02   1.1900E+02   1.3275E-03  0.0532   0.0000E+00  0.0000
   1.1900E+02   1.2000E+02   1.3325E-03  0.0536   0.0000E+00  0.0000
   1.2000E+02   1.2100E+02   1.3249E-03  0.0534   0.0000E+00  0.0000
   1.2100E+02   1.2200E+02   1.2407E-03  0.0555   0.0000E+00  0.0000
   1.2200E+02   1.2300E+02   1.1537E-03  0.0575   0.0000E+00  0.0000
   1.2300E+02   1.2400E+02   1.1434E-03  0.0575   0.0000E+00  0.0000
   1.2400E+02   1.2500E+02   1.0779E-03  0.0590   0.0000E+00  0.0000
   1.2500E+02   1.2600E+02   9.4451E-04  0.0638   0.0000E+00  0.0000
   1.2600E+02   1.2700E+02   9.5777E-04  0.0628   0.0000E+00  0.0000
   1.2700E+02   1.2800E+02   1.0818E-03  0.0589   0.0000E+00  0.0000
   1.2800E+02   1.2900E+02   9.5861E-04  0.0623   0.0000E+00  0.0000
   1.2900E+02   1.3000E+02   1.0494E-03  0.0600   0.0000E+00  0.0000
   1.3000E+02   1.3100E+02   9.0483E-04  0.0642   0.0000E+00  0.0000
   1.3100E+02   1.3200E+02   8.8857E-04  0.0654   0.0000E+00  0.0000
   1.3200E+02   1.3300E+02   9.6285E-04  0.0628   0.0000E+00  0.0000
   1.3300E+02   1.3400E+02   9.3862E-04  0.0633   0.0000E+00  0.0000
   1.3400E+02   1.3500E+02   9.9908E-04  0.0612   0.0000E+00  0.0000
   1.3500E+02   1.3600E+02   8.3166E-04  0.0676   0.0000E+00  0.0000
   1.3600E+02   1.3700E+02   9.5798E-04  0.0620   0.0000E+00  0.0000
   1.3700E+02   1.3800E+02   8.5639E-04  0.0661   0.0000E+00  0.0000
   1.3800E+02   1.3900E+02   7.3040E-04  0.0716   0.0000E+00  0.0000
   1.3900E+02   1.4000E+02   7.6844E-04  0.0698   0.0000E+00  0.0000
   1.4000E+02   1.4100E+02   7.3923E-04  0.0712   0.0000E+00  0.0000
   1.4100E+02   1.4200E+02   8.0678E-04  0.0679   0.0000E+00  0.0000
   1.4200E+02   1.4300E+02   7.2404E-04  0.0719   0.0000E+00  0.0000
   1.4300E+02   1.4400E+02   8.6876E-04  0.0654   0.0000E+00  0.0000
   1.4400E+02   1.4500E+02   8.3944E-04  0.0667   0.0000E+00  0.0000
   1.4500E+02   1.4600E+02   7.6561E-04  0.0697   0.0000E+00  0.0000
   1.4600E+02   1.4700E+02   7.0645E-04  0.0722   0.0000E+00  0.0000
   1.4700E+02   1.4800E+02   8.1894E-04  0.0672   0.0000E+00  0.0000
   1.4800E+02   1.4900E+02   7.9884E-04  0.0679   0.0000E+00  0.0000
   1.4900E+02   1.5000E+02   7.3764E-04  0.0719   0.0000E+00  0.0000
   1.5000E+02   1.5100E+02   7.6129E-04  0.0699   0.0000E+00  0.0000
   1.5100E+02   1.5200E+02   7.2141E-04  0.0715   0.0000E+00  0.0000
   1.5200E+02   1.5300E+02   6.4889E-04  0.0751   0.0000E+00  0.0000
   1.5300E+02   1.5400E+02   7.4605E-04  0.0704   0.0000E+00  0.0000
   1.5400E+02   1.5500E+02   6.6387E-04  0.0743   0.0000E+00  0.0000
   1.5500E+02   1.5600E+02   7.2225E-04  0.0708   0.0000E+00  0.0000
   1.5600E+02   1.5700E+02   6.6361E-04  0.0740   0.0000E+00  0.0000
   1.5700E+02   1.5800E+02   5.1299E-04  0.0847   0.0000E+00  0.0000
   1.5800E+02   1.5900E+02   4.6662E-04  0.0887   0.0000E+00  0.0000
   1.5900E+02   1.6000E+02   5.8480E-04  0.0793   0.0000E+00  0.0000
   1.6000E+02   1.6100E+02   4.4814E-04  0.0908   0.0000E+00  0.0000
   1.6100E+02   1.6200E+02   4.6911E-04  0.0886   0.0000E+00  0.0000
   1.6200E+02   1.6300E+02   4.8825E-04  0.0866   0.0000E+00  0.0000
   1.6300E+02   1.6400E+02   6.4257E-04  0.0756   0.0000E+00  0.0000
   1.6400E+02   1.6500E+02   4.6775E-04  0.0886   0.0000E+00  0.0000
   1.6500E+02   1.6600E+02   4.3092E-04  0.0923   0.0000E+00  0.0000
   1.6600E+02   1.6700E+02   5.2072E-04  0.0835   0.0000E+00  0.0000
   1.6700E+02   1.6800E+02   4.8710E-04  0.0866   0.0000E+00  0.0000
   1.6800E+02   1.6900E+02   4.3627E-04  0.0910   0.0000E+00  0.0000
   1.6900E+02   1.7000E+02   4.5610E-04  0.0892   0.0000E+00  0.0000
   1.7000E+02   1.7100E+02   3.9931E-04  0.0956   0.0000E+00  0.0000
   1.7100E+02   1.7200E+02   4.2022E-04  0.0935   0.0000E+00  0.0000
   1.7200E+02   1.7300E+02   4.4334E-04  0.0907   0.0000E+00  0.0000
   1.7300E+02   1.7400E+02   3.9918E-04  0.0956   0.0000E+00  0.0000
   1.7400E+02   1.7500E+02   5.0581E-04  0.0850   0.0000E+00  0.0000
   1.7500E+02   1.7600E+02   4.4410E-04  0.0900   0.0000E+00  0.0000
   1.7600E+02   1.7700E+02   3.4646E-04  0.1036   0.0000E+00  0.0000
   1.7700E+02   1.7800E+02   3.6145E-04  0.0996   0.0000E+00  0.0000
   1.7800E+02   1.7900E+02   3.5673E-04  0.1007   0.0000E+00  0.0000
   1.7900E+02   1.8000E+02   3.9781E-04  0.0955   0.0000E+00  0.0000
   1.8000E+02   1.8100E+02   5.2794E-04  0.0829   0.0000E+00  0.0000
   1.8100E+02   1.8200E+02   3.6490E-04  0.0997   0.0000E+00  0.0000
   1.8200E+02   1.8300E+02   3.1762E-04  0.1067   0.0000E+00  0.0000
   1.8300E+02   1.8400E+02   3.7400E-04  0.0982   0.0000E+00  0.0000
   1.8400E+02   1.8500E+02   3.7557E-04  0.0983   0.0000E+00  0.0000
   1.8500E+02   1.8600E+02   3.4309E-04  0.1027   0.0000E+00  0.0000
   1.8600E+02   1.8700E+02   3.5253E-04  0.1011   0.0000E+00  0.0000
   1.8700E+02   1.8800E+02   2.6606E-04  0.1172   0.0000E+00  0.0000
   1.8800E+02   1.8900E+02   3.4665E-04  0.1016   0.0000E+00  0.0000
   1.8900E+02   1.9000E+02   3.4123E-04  0.1028   0.0000E+00  0.0000
   1.9000E+02   1.9100E+02   2.4495E-04  0.1214   0.0000E+00  0.0000
   1.9100E+02   1.9200E+02   2.2858E-04  0.1250   0.0000E+00  0.0000
   1.9200E+02   1.9300E+02   2.9244E-04  0.1105   0.0000E+00  0.0000
   1.9300E+02   1.9400E+02   2.4525E-04  0.1214   0.0000E+00  0.0000
   1.9400E+02   1.9500E+02   2.3315E-04  0.1241   0.0000E+00  0.0000
   1.9500E+02   1.9600E+02   2.9900E-04  0.1093   0.0000E+00  0.0000
   1.9600E+02   1.9700E+02   2.1942E-04  0.1281   0.0000E+00  0.0000
   1.9700E+02   1.9800E+02   1.8942E-04  0.1374   0.0000E+00  0.0000
   1.9800E+02   1.9900E+02   1.6833E-04  0.1460   0.0000E+00  0.0000
   1.9900E+02   2.0000E+02   2.9300E-04  0.1105   0.0000E+00  0.0000
   2.0000E+02   2.0100E+02   2.4259E-04  0.1213   0.0000E+00  0.0000
   2.0100E+02   2.0200E+02   1.8839E-04  0.1389   0.0000E+00  0.0000
   2.0200E+02   2.0300E+02   1.2233E-04  0.1717   0.0000E+00  0.0000
   2.0300E+02   2.0400E+02   2.0887E-04  0.1314   0.0000E+00  0.0000
   2.0400E+02   2.0500E+02   2.0203E-04  0.1338   0.0000E+00  0.0000
   2.0500E+02   2.0600E+02   2.5095E-04  0.1196   0.0000E+00  0.0000
   2.0600E+02   2.0700E+02   2.0344E-04  0.1325   0.0000E+00  0.0000
   2.0700E+02   2.0800E+02   1.2506E-04  0.1691   0.0000E+00  0.0000
   2.0800E+02   2.0900E+02   1.7160E-04  0.1444   0.0000E+00  0.0000
   2.0900E+02   2.1000E+02   1.3015E-04  0.1668   0.0000E+00  0.0000
   2.1000E+02   2.1100E+02   1.6373E-04  0.1475   0.0000E+00  0.0000
   2.1100E+02   2.1200E+02   1.8210E-04  0.1401   0.0000E+00  0.0000
   2.1200E+02   2.1300E+02   1.8968E-04  0.1376   0.0000E+00  0.0000
   2.1300E+02   2.1400E+02   1.9326E-04  0.1362   0.0000E+00  0.0000
   2.1400E+02   2.1500E+02   1.7579E-04  0.1431   0.0000E+00  0.0000
   2.1500E+02   2.1600E+02   1.7413E-04  0.1429   0.0000E+00  0.0000
   2.1600E+02   2.1700E+02   1.2893E-04  0.1668   0.0000E+00  0.0000
   2.1700E+02   2.1800E+02   1.2162E-04  0.1716   0.0000E+00  0.0000
   2.1800E+02   2.1900E+02   2.0204E-04  0.1325   0.0000E+00  0.0000
   2.1900E+02   2.2000E+02   2.3937E-04  0.1222   0.0000E+00  0.0000
   2.2000E+02   2.2100E+02   2.0908E-04  0.1302   0.0000E+00  0.0000
   2.2100E+02   2.2200E+02   1.3913E-04  0.1602   0.0000E+00  0.0000
   2.2200E+02   2.2300E+02   1.1745E-04  0.1741   0.0000E+00  0.0000
   2.2300E+02   2.2400E+02   1.5644E-04  0.1508   0.0000E+00  0.0000
   2.2400E+02   2.2500E+02   1.5575E-04  0.1508   0.0000E+00  0.0000
   2.2500E+02   2.2600E+02   1.4554E-04  0.1562   0.0000E+00  0.0000
   2.2600E+02   2.2700E+02   8.1156E-05  0.2085   0.0000E+00  0.0000
   2.2700E+02   2.2800E+02   3.9074E-05  0.3015   0.0000E+00  0.0000
   2.2800E+02   2.2900E+02   8.2612E-05  0.2086   0.0000E+00  0.0000
   2.2900E+02   2.3000E+02   9.8979E-05  0.1890   0.0000E+00  0.0000
   2.3000E+02   2.3100E+02   1.1316E-04  0.1768   0.0000E+00  0.0000
   2.3100E+02   2.3200E+02   1.4848E-04  0.1543   0.0000E+00  0.0000
   2.3200E+02   2.3300E+02   9.8942E-05  0.1890   0.0000E+00  0.0000
   2.3300E+02   2.3400E+02   6.3927E-05  0.2357   0.0000E+00  0.0000
   2.3400E+02   2.3500E+02   9.2126E-05  0.1961   0.0000E+00  0.0000
   2.3500E+02   2.3600E+02   1.0637E-04  0.1826   0.0000E+00  0.0000
   2.3600E+02   2.3700E+02   7.7896E-05  0.2132   0.0000E+00  0.0000
   2.3700E+02   2.3800E+02   6.4753E-05  0.2359   0.0000E+00  0.0000
   2.3800E+02   2.3900E+02   1.0310E-04  0.1857   0.0000E+00  0.0000
   2.3900E+02   2.4000E+02   1.0633E-04  0.1826   0.0000E+00  0.0000
   2.4000E+02   2.4100E+02   9.2010E-05  0.1962   0.0000E+00  0.0000
   2.4100E+02   2.4200E+02   8.1577E-05  0.2085   0.0000E+00  0.0000
   2.4200E+02   2.4300E+02   9.8824E-05  0.1890   0.0000E+00  0.0000
   2.4300E+02   2.4400E+02   7.1078E-05  0.2236   0.0000E+00  0.0000
   2.4400E+02   2.4500E+02   9.1892E-05  0.1961   0.0000E+00  0.0000
   2.4500E+02   2.4600E+02   6.0116E-05  0.2426   0.0000E+00  0.0000
   2.4600E+02   2.4700E+02   8.8524E-05  0.2000   0.0000E+00  0.0000
   2.4700E+02   2.4800E+02   5.0055E-05  0.2673   0.0000E+00  0.0000
   2.4800E+02   2.4900E+02   5.9770E-05  0.2425   0.0000E+00  0.0000
   2.4900E+02   2.5000E+02   0.0000E+00  0.0000   0.0000E+00  0.0000

#   sum over                 1.9605E-03           2.4971E-03

'no. =  1,  reg  =      4'
msuc: {\huge [t-track] in region mesh}
msdr: {\it plotted by \ANGEL \version}
msdl: {\it calculated by \PHITS  3.26}
wt: s(0.7)
\vspace{-3}
   vol  &=&   1.0000E+00 [cm^3]
e:
 
# Information for Restart Calculation
# This calculation was newly started
# istdev =  2 # 1:Batch variance, 2:History variance
# resc2  = 1.42300090000000000E+07 # Total source weight or Total source weight / maxcas
# resc3  = 1.42300000000000000E+07 # Total history number or Total batch number
# maxcas =       10000 # History / Batch, only used for istdev=1
# bitrseed = 0001011110111001010101110100010001110101010000110100010101000110 # bit data of rseed
