[ T-Track ]
    title = [t-track] in region mesh
     mesh =  reg            # mesh type is region-wise
      reg = 4
   e-type =    1            # e-mesh is given by the below data
       ne =    250          # number of e-mesh points
#    data = ( e(i), i = 1, ne + 1 )
            0.00000E+00  1.00000E+00  2.00000E+00  3.00000E+00  4.00000E+00
            5.00000E+00  6.00000E+00  7.00000E+00  8.00000E+00  9.00000E+00
            1.00000E+01  1.10000E+01  1.20000E+01  1.30000E+01  1.40000E+01
            1.50000E+01  1.60000E+01  1.70000E+01  1.80000E+01  1.90000E+01
            2.00000E+01  2.10000E+01  2.20000E+01  2.30000E+01  2.40000E+01
            2.50000E+01  2.60000E+01  2.70000E+01  2.80000E+01  2.90000E+01
            3.00000E+01  3.10000E+01  3.20000E+01  3.30000E+01  3.40000E+01
            3.50000E+01  3.60000E+01  3.70000E+01  3.80000E+01  3.90000E+01
            4.00000E+01  4.10000E+01  4.20000E+01  4.30000E+01  4.40000E+01
            4.50000E+01  4.60000E+01  4.70000E+01  4.80000E+01  4.90000E+01
            5.00000E+01  5.10000E+01  5.20000E+01  5.30000E+01  5.40000E+01
            5.50000E+01  5.60000E+01  5.70000E+01  5.80000E+01  5.90000E+01
            6.00000E+01  6.10000E+01  6.20000E+01  6.30000E+01  6.40000E+01
            6.50000E+01  6.60000E+01  6.70000E+01  6.80000E+01  6.90000E+01
            7.00000E+01  7.10000E+01  7.20000E+01  7.30000E+01  7.40000E+01
            7.50000E+01  7.60000E+01  7.70000E+01  7.80000E+01  7.90000E+01
            8.00000E+01  8.10000E+01  8.20000E+01  8.30000E+01  8.40000E+01
            8.50000E+01  8.60000E+01  8.70000E+01  8.80000E+01  8.90000E+01
            9.00000E+01  9.10000E+01  9.20000E+01  9.30000E+01  9.40000E+01
            9.50000E+01  9.60000E+01  9.70000E+01  9.80000E+01  9.90000E+01
            1.00000E+02  1.01000E+02  1.02000E+02  1.03000E+02  1.04000E+02
            1.05000E+02  1.06000E+02  1.07000E+02  1.08000E+02  1.09000E+02
            1.10000E+02  1.11000E+02  1.12000E+02  1.13000E+02  1.14000E+02
            1.15000E+02  1.16000E+02  1.17000E+02  1.18000E+02  1.19000E+02
            1.20000E+02  1.21000E+02  1.22000E+02  1.23000E+02  1.24000E+02
            1.25000E+02  1.26000E+02  1.27000E+02  1.28000E+02  1.29000E+02
            1.30000E+02  1.31000E+02  1.32000E+02  1.33000E+02  1.34000E+02
            1.35000E+02  1.36000E+02  1.37000E+02  1.38000E+02  1.39000E+02
            1.40000E+02  1.41000E+02  1.42000E+02  1.43000E+02  1.44000E+02
            1.45000E+02  1.46000E+02  1.47000E+02  1.48000E+02  1.49000E+02
            1.50000E+02  1.51000E+02  1.52000E+02  1.53000E+02  1.54000E+02
            1.55000E+02  1.56000E+02  1.57000E+02  1.58000E+02  1.59000E+02
            1.60000E+02  1.61000E+02  1.62000E+02  1.63000E+02  1.64000E+02
            1.65000E+02  1.66000E+02  1.67000E+02  1.68000E+02  1.69000E+02
            1.70000E+02  1.71000E+02  1.72000E+02  1.73000E+02  1.74000E+02
            1.75000E+02  1.76000E+02  1.77000E+02  1.78000E+02  1.79000E+02
            1.80000E+02  1.81000E+02  1.82000E+02  1.83000E+02  1.84000E+02
            1.85000E+02  1.86000E+02  1.87000E+02  1.88000E+02  1.89000E+02
            1.90000E+02  1.91000E+02  1.92000E+02  1.93000E+02  1.94000E+02
            1.95000E+02  1.96000E+02  1.97000E+02  1.98000E+02  1.99000E+02
            2.00000E+02  2.01000E+02  2.02000E+02  2.03000E+02  2.04000E+02
            2.05000E+02  2.06000E+02  2.07000E+02  2.08000E+02  2.09000E+02
            2.10000E+02  2.11000E+02  2.12000E+02  2.13000E+02  2.14000E+02
            2.15000E+02  2.16000E+02  2.17000E+02  2.18000E+02  2.19000E+02
            2.20000E+02  2.21000E+02  2.22000E+02  2.23000E+02  2.24000E+02
            2.25000E+02  2.26000E+02  2.27000E+02  2.28000E+02  2.29000E+02
            2.30000E+02  2.31000E+02  2.32000E+02  2.33000E+02  2.34000E+02
            2.35000E+02  2.36000E+02  2.37000E+02  2.38000E+02  2.39000E+02
            2.40000E+02  2.41000E+02  2.42000E+02  2.43000E+02  2.44000E+02
            2.45000E+02  2.46000E+02  2.47000E+02  2.48000E+02  2.49000E+02
            2.50000E+02
     unit =    2            # unit is [1/cm^2/(MeV/n)/source]
 material =  all            # (D=all) number of specific material
     axis =     eng            # axis of output
     file = neutral_particles_shield1_HE.out  # file name of output for the above axis
     part =  neutron    photon   
# kf/name :  2112       22       
#    used :        main (  %)        temp (  %)       total (  %)
#  memory :         257 (  0)           0 (  0)         257 (  0)

#------------------------------------------------------------------------------
#newpage:
#   no. =  1   reg =      4

x: Energy [MeV/n]
y: Flux [1/cm^2/(MeV/n)/source]      
p: xlin ylog afac(0.8) form(0.9)
h: n            x            y(neutron ),hh0l   n y(photon  ),hh0dr  n 
#  e-lower      e-upper      neutron     r.err    photon      r.err 
   0.0000E+00   1.0000E+00   6.2983E-02  0.0089   1.6101E-01  0.0062
   1.0000E+00   2.0000E+00   9.8007E-03  0.0215   4.0764E-02  0.0105
   2.0000E+00   3.0000E+00   9.4838E-03  0.0216   2.8440E-02  0.0123
   3.0000E+00   4.0000E+00   5.7239E-03  0.0276   1.5764E-02  0.0162
   4.0000E+00   5.0000E+00   5.7816E-03  0.0277   1.2545E-02  0.0180
   5.0000E+00   6.0000E+00   4.8954E-03  0.0295   8.0303E-03  0.0224
   6.0000E+00   7.0000E+00   4.2953E-03  0.0314   9.5260E-03  0.0208
   7.0000E+00   8.0000E+00   3.1215E-03  0.0371   4.1759E-03  0.0309
   8.0000E+00   9.0000E+00   3.1130E-03  0.0368   1.3441E-03  0.0557
   9.0000E+00   1.0000E+01   2.4251E-03  0.0415   6.9041E-04  0.0771
   1.0000E+01   1.1000E+01   2.3052E-03  0.0425   1.9280E-04  0.1396
   1.1000E+01   1.2000E+01   1.9625E-03  0.0458   9.1155E-05  0.2107
   1.2000E+01   1.3000E+01   1.8641E-03  0.0469   9.3457E-06  0.5797
   1.3000E+01   1.4000E+01   1.7129E-03  0.0491   0.0000E+00  0.0000
   1.4000E+01   1.5000E+01   1.8374E-03  0.0473   0.0000E+00  0.0000
   1.5000E+01   1.6000E+01   1.5314E-03  0.0513   0.0000E+00  0.0000
   1.6000E+01   1.7000E+01   1.7236E-03  0.0486   0.0000E+00  0.0000
   1.7000E+01   1.8000E+01   1.5368E-03  0.0518   0.0000E+00  0.0000
   1.8000E+01   1.9000E+01   1.3940E-03  0.0532   0.0000E+00  0.0000
   1.9000E+01   2.0000E+01   1.3642E-03  0.0531   0.0000E+00  0.0000
   2.0000E+01   2.1000E+01   1.8528E-03  0.0462   0.0000E+00  0.0000
   2.1000E+01   2.2000E+01   1.9438E-03  0.0447   0.0000E+00  0.0000
   2.2000E+01   2.3000E+01   1.7303E-03  0.0472   0.0000E+00  0.0000
   2.3000E+01   2.4000E+01   1.7687E-03  0.0467   0.0000E+00  0.0000
   2.4000E+01   2.5000E+01   1.7915E-03  0.0461   0.0000E+00  0.0000
   2.5000E+01   2.6000E+01   1.7595E-03  0.0466   0.0000E+00  0.0000
   2.6000E+01   2.7000E+01   1.8138E-03  0.0462   0.0000E+00  0.0000
   2.7000E+01   2.8000E+01   1.7149E-03  0.0469   0.0000E+00  0.0000
   2.8000E+01   2.9000E+01   1.7861E-03  0.0462   0.0000E+00  0.0000
   2.9000E+01   3.0000E+01   1.7543E-03  0.0470   0.0000E+00  0.0000
   3.0000E+01   3.1000E+01   1.7553E-03  0.0468   0.0000E+00  0.0000
   3.1000E+01   3.2000E+01   1.7548E-03  0.0460   0.0000E+00  0.0000
   3.2000E+01   3.3000E+01   1.8007E-03  0.0457   0.0000E+00  0.0000
   3.3000E+01   3.4000E+01   1.6196E-03  0.0475   0.0000E+00  0.0000
   3.4000E+01   3.5000E+01   1.9075E-03  0.0442   0.0000E+00  0.0000
   3.5000E+01   3.6000E+01   1.7510E-03  0.0462   0.0000E+00  0.0000
   3.6000E+01   3.7000E+01   1.7913E-03  0.0460   0.0000E+00  0.0000
   3.7000E+01   3.8000E+01   1.7310E-03  0.0458   0.0000E+00  0.0000
   3.8000E+01   3.9000E+01   1.8446E-03  0.0446   0.0000E+00  0.0000
   3.9000E+01   4.0000E+01   1.8309E-03  0.0446   0.0000E+00  0.0000
   4.0000E+01   4.1000E+01   1.7336E-03  0.0455   0.0000E+00  0.0000
   4.1000E+01   4.2000E+01   1.9072E-03  0.0437   0.0000E+00  0.0000
   4.2000E+01   4.3000E+01   1.7558E-03  0.0457   0.0000E+00  0.0000
   4.3000E+01   4.4000E+01   1.8915E-03  0.0433   0.0000E+00  0.0000
   4.4000E+01   4.5000E+01   1.6980E-03  0.0459   0.0000E+00  0.0000
   4.5000E+01   4.6000E+01   1.8943E-03  0.0435   0.0000E+00  0.0000
   4.6000E+01   4.7000E+01   1.6420E-03  0.0462   0.0000E+00  0.0000
   4.7000E+01   4.8000E+01   1.8435E-03  0.0437   0.0000E+00  0.0000
   4.8000E+01   4.9000E+01   1.7491E-03  0.0446   0.0000E+00  0.0000
   4.9000E+01   5.0000E+01   1.9833E-03  0.0423   0.0000E+00  0.0000
   5.0000E+01   5.1000E+01   1.7746E-03  0.0446   0.0000E+00  0.0000
   5.1000E+01   5.2000E+01   1.7457E-03  0.0446   0.0000E+00  0.0000
   5.2000E+01   5.3000E+01   1.9055E-03  0.0429   0.0000E+00  0.0000
   5.3000E+01   5.4000E+01   1.7768E-03  0.0440   0.0000E+00  0.0000
   5.4000E+01   5.5000E+01   1.8580E-03  0.0432   0.0000E+00  0.0000
   5.5000E+01   5.6000E+01   1.9011E-03  0.0428   0.0000E+00  0.0000
   5.6000E+01   5.7000E+01   1.9187E-03  0.0423   0.0000E+00  0.0000
   5.7000E+01   5.8000E+01   1.8817E-03  0.0423   0.0000E+00  0.0000
   5.8000E+01   5.9000E+01   1.7713E-03  0.0440   0.0000E+00  0.0000
   5.9000E+01   6.0000E+01   1.9495E-03  0.0420   0.0000E+00  0.0000
   6.0000E+01   6.1000E+01   1.9031E-03  0.0421   0.0000E+00  0.0000
   6.1000E+01   6.2000E+01   1.7576E-03  0.0443   0.0000E+00  0.0000
   6.2000E+01   6.3000E+01   1.7232E-03  0.0445   0.0000E+00  0.0000
   6.3000E+01   6.4000E+01   1.7358E-03  0.0440   0.0000E+00  0.0000
   6.4000E+01   6.5000E+01   1.9000E-03  0.0420   0.0000E+00  0.0000
   6.5000E+01   6.6000E+01   1.6884E-03  0.0446   0.0000E+00  0.0000
   6.6000E+01   6.7000E+01   1.6472E-03  0.0452   0.0000E+00  0.0000
   6.7000E+01   6.8000E+01   1.9525E-03  0.0414   0.0000E+00  0.0000
   6.8000E+01   6.9000E+01   1.8854E-03  0.0422   0.0000E+00  0.0000
   6.9000E+01   7.0000E+01   1.7710E-03  0.0431   0.0000E+00  0.0000
   7.0000E+01   7.1000E+01   1.8843E-03  0.0419   0.0000E+00  0.0000
   7.1000E+01   7.2000E+01   1.7507E-03  0.0435   0.0000E+00  0.0000
   7.2000E+01   7.3000E+01   1.7735E-03  0.0433   0.0000E+00  0.0000
   7.3000E+01   7.4000E+01   1.8535E-03  0.0425   0.0000E+00  0.0000
   7.4000E+01   7.5000E+01   1.7545E-03  0.0434   0.0000E+00  0.0000
   7.5000E+01   7.6000E+01   1.8168E-03  0.0425   0.0000E+00  0.0000
   7.6000E+01   7.7000E+01   1.7915E-03  0.0427   0.0000E+00  0.0000
   7.7000E+01   7.8000E+01   1.9481E-03  0.0414   0.0000E+00  0.0000
   7.8000E+01   7.9000E+01   1.7265E-03  0.0434   0.0000E+00  0.0000
   7.9000E+01   8.0000E+01   1.7186E-03  0.0437   0.0000E+00  0.0000
   8.0000E+01   8.1000E+01   1.5149E-03  0.0462   0.0000E+00  0.0000
   8.1000E+01   8.2000E+01   1.7710E-03  0.0428   0.0000E+00  0.0000
   8.2000E+01   8.3000E+01   1.6298E-03  0.0446   0.0000E+00  0.0000
   8.3000E+01   8.4000E+01   1.5807E-03  0.0451   0.0000E+00  0.0000
   8.4000E+01   8.5000E+01   1.7068E-03  0.0433   0.0000E+00  0.0000
   8.5000E+01   8.6000E+01   1.6836E-03  0.0438   0.0000E+00  0.0000
   8.6000E+01   8.7000E+01   1.8064E-03  0.0420   0.0000E+00  0.0000
   8.7000E+01   8.8000E+01   1.6036E-03  0.0446   0.0000E+00  0.0000
   8.8000E+01   8.9000E+01   1.5698E-03  0.0449   0.0000E+00  0.0000
   8.9000E+01   9.0000E+01   1.5548E-03  0.0451   0.0000E+00  0.0000
   9.0000E+01   9.1000E+01   1.5294E-03  0.0456   0.0000E+00  0.0000
   9.1000E+01   9.2000E+01   1.5894E-03  0.0448   0.0000E+00  0.0000
   9.2000E+01   9.3000E+01   1.6493E-03  0.0442   0.0000E+00  0.0000
   9.3000E+01   9.4000E+01   1.6752E-03  0.0432   0.0000E+00  0.0000
   9.4000E+01   9.5000E+01   1.5230E-03  0.0455   0.0000E+00  0.0000
   9.5000E+01   9.6000E+01   1.5796E-03  0.0444   0.0000E+00  0.0000
   9.6000E+01   9.7000E+01   1.4839E-03  0.0457   0.0000E+00  0.0000
   9.7000E+01   9.8000E+01   1.4741E-03  0.0463   0.0000E+00  0.0000
   9.8000E+01   9.9000E+01   1.4209E-03  0.0469   0.0000E+00  0.0000
   9.9000E+01   1.0000E+02   1.3657E-03  0.0480   0.0000E+00  0.0000
   1.0000E+02   1.0100E+02   1.2954E-03  0.0496   0.0000E+00  0.0000
   1.0100E+02   1.0200E+02   1.2025E-03  0.0509   0.0000E+00  0.0000
   1.0200E+02   1.0300E+02   1.2552E-03  0.0497   0.0000E+00  0.0000
   1.0300E+02   1.0400E+02   1.2532E-03  0.0496   0.0000E+00  0.0000
   1.0400E+02   1.0500E+02   1.2983E-03  0.0488   0.0000E+00  0.0000
   1.0500E+02   1.0600E+02   1.1745E-03  0.0516   0.0000E+00  0.0000
   1.0600E+02   1.0700E+02   1.3688E-03  0.0473   0.0000E+00  0.0000
   1.0700E+02   1.0800E+02   1.2561E-03  0.0492   0.0000E+00  0.0000
   1.0800E+02   1.0900E+02   1.3792E-03  0.0471   0.0000E+00  0.0000
   1.0900E+02   1.1000E+02   1.1802E-03  0.0513   0.0000E+00  0.0000
   1.1000E+02   1.1100E+02   1.0523E-03  0.0542   0.0000E+00  0.0000
   1.1100E+02   1.1200E+02   1.0676E-03  0.0540   0.0000E+00  0.0000
   1.1200E+02   1.1300E+02   1.1712E-03  0.0510   0.0000E+00  0.0000
   1.1300E+02   1.1400E+02   1.1118E-03  0.0522   0.0000E+00  0.0000
   1.1400E+02   1.1500E+02   1.1635E-03  0.0512   0.0000E+00  0.0000
   1.1500E+02   1.1600E+02   1.1235E-03  0.0523   0.0000E+00  0.0000
   1.1600E+02   1.1700E+02   1.0308E-03  0.0543   0.0000E+00  0.0000
   1.1700E+02   1.1800E+02   1.1132E-03  0.0522   0.0000E+00  0.0000
   1.1800E+02   1.1900E+02   1.1927E-03  0.0503   0.0000E+00  0.0000
   1.1900E+02   1.2000E+02   1.0291E-03  0.0540   0.0000E+00  0.0000
   1.2000E+02   1.2100E+02   1.0596E-03  0.0533   0.0000E+00  0.0000
   1.2100E+02   1.2200E+02   9.8934E-04  0.0550   0.0000E+00  0.0000
   1.2200E+02   1.2300E+02   9.8801E-04  0.0551   0.0000E+00  0.0000
   1.2300E+02   1.2400E+02   9.1703E-04  0.0573   0.0000E+00  0.0000
   1.2400E+02   1.2500E+02   8.2397E-04  0.0609   0.0000E+00  0.0000
   1.2500E+02   1.2600E+02   9.0644E-04  0.0575   0.0000E+00  0.0000
   1.2600E+02   1.2700E+02   9.5451E-04  0.0563   0.0000E+00  0.0000
   1.2700E+02   1.2800E+02   9.2534E-04  0.0567   0.0000E+00  0.0000
   1.2800E+02   1.2900E+02   8.0967E-04  0.0607   0.0000E+00  0.0000
   1.2900E+02   1.3000E+02   8.4505E-04  0.0598   0.0000E+00  0.0000
   1.3000E+02   1.3100E+02   8.7671E-04  0.0585   0.0000E+00  0.0000
   1.3100E+02   1.3200E+02   1.0375E-03  0.0537   0.0000E+00  0.0000
   1.3200E+02   1.3300E+02   8.6609E-04  0.0588   0.0000E+00  0.0000
   1.3300E+02   1.3400E+02   7.9711E-04  0.0612   0.0000E+00  0.0000
   1.3400E+02   1.3500E+02   8.4866E-04  0.0594   0.0000E+00  0.0000
   1.3500E+02   1.3600E+02   8.5237E-04  0.0587   0.0000E+00  0.0000
   1.3600E+02   1.3700E+02   7.6287E-04  0.0626   0.0000E+00  0.0000
   1.3700E+02   1.3800E+02   7.2373E-04  0.0638   0.0000E+00  0.0000
   1.3800E+02   1.3900E+02   6.9233E-04  0.0653   0.0000E+00  0.0000
   1.3900E+02   1.4000E+02   6.5937E-04  0.0674   0.0000E+00  0.0000
   1.4000E+02   1.4100E+02   7.2617E-04  0.0644   0.0000E+00  0.0000
   1.4100E+02   1.4200E+02   7.6564E-04  0.0627   0.0000E+00  0.0000
   1.4200E+02   1.4300E+02   7.3705E-04  0.0638   0.0000E+00  0.0000
   1.4300E+02   1.4400E+02   7.4102E-04  0.0634   0.0000E+00  0.0000
   1.4400E+02   1.4500E+02   7.2960E-04  0.0638   0.0000E+00  0.0000
   1.4500E+02   1.4600E+02   6.1605E-04  0.0693   0.0000E+00  0.0000
   1.4600E+02   1.4700E+02   5.9513E-04  0.0701   0.0000E+00  0.0000
   1.4700E+02   1.4800E+02   6.5826E-04  0.0670   0.0000E+00  0.0000
   1.4800E+02   1.4900E+02   5.9102E-04  0.0709   0.0000E+00  0.0000
   1.4900E+02   1.5000E+02   6.0369E-04  0.0696   0.0000E+00  0.0000
   1.5000E+02   1.5100E+02   6.7299E-04  0.0659   0.0000E+00  0.0000
   1.5100E+02   1.5200E+02   5.5736E-04  0.0728   0.0000E+00  0.0000
   1.5200E+02   1.5300E+02   5.7550E-04  0.0717   0.0000E+00  0.0000
   1.5300E+02   1.5400E+02   6.6869E-04  0.0660   0.0000E+00  0.0000
   1.5400E+02   1.5500E+02   5.8215E-04  0.0710   0.0000E+00  0.0000
   1.5500E+02   1.5600E+02   6.2722E-04  0.0677   0.0000E+00  0.0000
   1.5600E+02   1.5700E+02   5.1296E-04  0.0754   0.0000E+00  0.0000
   1.5700E+02   1.5800E+02   4.3020E-04  0.0828   0.0000E+00  0.0000
   1.5800E+02   1.5900E+02   5.6277E-04  0.0723   0.0000E+00  0.0000
   1.5900E+02   1.6000E+02   5.1521E-04  0.0757   0.0000E+00  0.0000
   1.6000E+02   1.6100E+02   3.9117E-04  0.0870   0.0000E+00  0.0000
   1.6100E+02   1.6200E+02   4.4948E-04  0.0809   0.0000E+00  0.0000
   1.6200E+02   1.6300E+02   5.1056E-04  0.0756   0.0000E+00  0.0000
   1.6300E+02   1.6400E+02   5.5863E-04  0.0716   0.0000E+00  0.0000
   1.6400E+02   1.6500E+02   3.9353E-04  0.0860   0.0000E+00  0.0000
   1.6500E+02   1.6600E+02   6.0298E-04  0.0691   0.0000E+00  0.0000
   1.6600E+02   1.6700E+02   4.6925E-04  0.0786   0.0000E+00  0.0000
   1.6700E+02   1.6800E+02   3.4766E-04  0.0916   0.0000E+00  0.0000
   1.6800E+02   1.6900E+02   3.9202E-04  0.0856   0.0000E+00  0.0000
   1.6900E+02   1.7000E+02   4.0258E-04  0.0852   0.0000E+00  0.0000
   1.7000E+02   1.7100E+02   3.7641E-04  0.0875   0.0000E+00  0.0000
   1.7100E+02   1.7200E+02   4.1308E-04  0.0836   0.0000E+00  0.0000
   1.7200E+02   1.7300E+02   3.8191E-04  0.0871   0.0000E+00  0.0000
   1.7300E+02   1.7400E+02   4.0632E-04  0.0844   0.0000E+00  0.0000
   1.7400E+02   1.7500E+02   3.8935E-04  0.0859   0.0000E+00  0.0000
   1.7500E+02   1.7600E+02   3.7814E-04  0.0872   0.0000E+00  0.0000
   1.7600E+02   1.7700E+02   3.2804E-04  0.0950   0.0000E+00  0.0000
   1.7700E+02   1.7800E+02   4.5827E-04  0.0789   0.0000E+00  0.0000
   1.7800E+02   1.7900E+02   4.0240E-04  0.0844   0.0000E+00  0.0000
   1.7900E+02   1.8000E+02   3.8559E-04  0.0862   0.0000E+00  0.0000
   1.8000E+02   1.8100E+02   3.9714E-04  0.0846   0.0000E+00  0.0000
   1.8100E+02   1.8200E+02   2.8262E-04  0.1007   0.0000E+00  0.0000
   1.8200E+02   1.8300E+02   3.5907E-04  0.0896   0.0000E+00  0.0000
   1.8300E+02   1.8400E+02   3.1410E-04  0.0955   0.0000E+00  0.0000
   1.8400E+02   1.8500E+02   3.7363E-04  0.0876   0.0000E+00  0.0000
   1.8500E+02   1.8600E+02   3.3710E-04  0.0922   0.0000E+00  0.0000
   1.8600E+02   1.8700E+02   3.4462E-04  0.0911   0.0000E+00  0.0000
   1.8700E+02   1.8800E+02   2.6792E-04  0.1032   0.0000E+00  0.0000
   1.8800E+02   1.8900E+02   2.5676E-04  0.1056   0.0000E+00  0.0000
   1.8900E+02   1.9000E+02   2.2486E-04  0.1126   0.0000E+00  0.0000
   1.9000E+02   1.9100E+02   1.8956E-04  0.1222   0.0000E+00  0.0000
   1.9100E+02   1.9200E+02   2.2786E-04  0.1128   0.0000E+00  0.0000
   1.9200E+02   1.9300E+02   2.0955E-04  0.1172   0.0000E+00  0.0000
   1.9300E+02   1.9400E+02   2.4662E-04  0.1073   0.0000E+00  0.0000
   1.9400E+02   1.9500E+02   2.7668E-04  0.1017   0.0000E+00  0.0000
   1.9500E+02   1.9600E+02   2.6100E-04  0.1048   0.0000E+00  0.0000
   1.9600E+02   1.9700E+02   1.9318E-04  0.1215   0.0000E+00  0.0000
   1.9700E+02   1.9800E+02   1.8483E-04  0.1242   0.0000E+00  0.0000
   1.9800E+02   1.9900E+02   1.8738E-04  0.1232   0.0000E+00  0.0000
   1.9900E+02   2.0000E+02   2.5960E-04  0.1043   0.0000E+00  0.0000
   2.0000E+02   2.0100E+02   2.3807E-04  0.1092   0.0000E+00  0.0000
   2.0100E+02   2.0200E+02   1.3490E-04  0.1461   0.0000E+00  0.0000
   2.0200E+02   2.0300E+02   1.9437E-04  0.1204   0.0000E+00  0.0000
   2.0300E+02   2.0400E+02   1.9769E-04  0.1196   0.0000E+00  0.0000
   2.0400E+02   2.0500E+02   1.6462E-04  0.1314   0.0000E+00  0.0000
   2.0500E+02   2.0600E+02   2.2153E-04  0.1147   0.0000E+00  0.0000
   2.0600E+02   2.0700E+02   1.5820E-04  0.1337   0.0000E+00  0.0000
   2.0700E+02   2.0800E+02   1.2675E-04  0.1510   0.0000E+00  0.0000
   2.0800E+02   2.0900E+02   1.4447E-04  0.1401   0.0000E+00  0.0000
   2.0900E+02   2.1000E+02   1.0843E-04  0.1624   0.0000E+00  0.0000
   2.1000E+02   2.1100E+02   2.1190E-04  0.1156   0.0000E+00  0.0000
   2.1100E+02   2.1200E+02   2.2248E-04  0.1126   0.0000E+00  0.0000
   2.1200E+02   2.1300E+02   2.0589E-04  0.1171   0.0000E+00  0.0000
   2.1300E+02   2.1400E+02   2.0453E-04  0.1171   0.0000E+00  0.0000
   2.1400E+02   2.1500E+02   1.3297E-04  0.1460   0.0000E+00  0.0000
   2.1500E+02   2.1600E+02   1.0335E-04  0.1644   0.0000E+00  0.0000
   2.1600E+02   2.1700E+02   8.4685E-05  0.1826   0.0000E+00  0.0000
   2.1700E+02   2.1800E+02   1.5972E-04  0.1326   0.0000E+00  0.0000
   2.1800E+02   2.1900E+02   1.9083E-04  0.1213   0.0000E+00  0.0000
   2.1900E+02   2.2000E+02   2.1273E-04  0.1148   0.0000E+00  0.0000
   2.2000E+02   2.2100E+02   1.3208E-04  0.1459   0.0000E+00  0.0000
   2.2100E+02   2.2200E+02   7.6146E-05  0.1925   0.0000E+00  0.0000
   2.2200E+02   2.2300E+02   1.0495E-04  0.1641   0.0000E+00  0.0000
   2.2300E+02   2.2400E+02   1.4580E-04  0.1387   0.0000E+00  0.0000
   2.2400E+02   2.2500E+02   9.4987E-05  0.1715   0.0000E+00  0.0000
   2.2500E+02   2.2600E+02   9.2088E-05  0.1741   0.0000E+00  0.0000
   2.2600E+02   2.2700E+02   7.5782E-05  0.1925   0.0000E+00  0.0000
   2.2700E+02   2.2800E+02   3.8956E-05  0.2805   0.0000E+00  0.0000
   2.2800E+02   2.2900E+02   7.9241E-05  0.1892   0.0000E+00  0.0000
   2.2900E+02   2.3000E+02   1.4581E-04  0.1387   0.0000E+00  0.0000
   2.3000E+02   2.3100E+02   1.2362E-04  0.1508   0.0000E+00  0.0000
   2.3100E+02   2.3200E+02   7.4932E-05  0.1925   0.0000E+00  0.0000
   2.3200E+02   2.3300E+02   3.8943E-05  0.2673   0.0000E+00  0.0000
   2.3300E+02   2.3400E+02   7.3415E-05  0.1963   0.0000E+00  0.0000
   2.3400E+02   2.3500E+02   7.9066E-05  0.1891   0.0000E+00  0.0000
   2.3500E+02   2.3600E+02   8.6280E-05  0.1796   0.0000E+00  0.0000
   2.3600E+02   2.3700E+02   7.0465E-05  0.2003   0.0000E+00  0.0000
   2.3700E+02   2.3800E+02   5.6007E-05  0.2236   0.0000E+00  0.0000
   2.3800E+02   2.3900E+02   5.8552E-05  0.2182   0.0000E+00  0.0000
   2.3900E+02   2.4000E+02   6.9633E-05  0.2000   0.0000E+00  0.0000
   2.4000E+02   2.4100E+02   1.1702E-04  0.1543   0.0000E+00  0.0000
   2.4100E+02   2.4200E+02   6.7572E-05  0.2042   0.0000E+00  0.0000
   2.4200E+02   2.4300E+02   8.1252E-05  0.1858   0.0000E+00  0.0000
   2.4300E+02   2.4400E+02   6.7490E-05  0.2042   0.0000E+00  0.0000
   2.4400E+02   2.4500E+02   8.3598E-05  0.1826   0.0000E+00  0.0000
   2.4500E+02   2.4600E+02   5.8329E-05  0.2182   0.0000E+00  0.0000
   2.4600E+02   2.4700E+02   3.3584E-05  0.2887   0.0000E+00  0.0000
   2.4700E+02   2.4800E+02   2.5008E-05  0.3333   0.0000E+00  0.0000
   2.4800E+02   2.4900E+02   6.3619E-05  0.2085   0.0000E+00  0.0000
   2.4900E+02   2.5000E+02   1.3824E-05  0.4472   0.0000E+00  0.0000

#   sum over                 1.3677E-03           1.1303E-03

'no. =  1,  reg  =      4'
msuc: {\huge [t-track] in region mesh}
msdr: {\it plotted by \ANGEL \version}
msdl: {\it calculated by \PHITS  3.26}
wt: s(0.7)
\vspace{-3}
   vol  &=&   1.0000E+00 [cm^3]
e:
 
# Information for Restart Calculation
# This calculation was newly started
# istdev =  2 # 1:Batch variance, 2:History variance
# resc2  = 1.81200000000000000E+07 # Total source weight or Total source weight / maxcas
# resc3  = 1.81200000000000000E+07 # Total history number or Total batch number
# maxcas =       10000 # History / Batch, only used for istdev=1
# bitrseed = 1000011001001011101000100100100001011000011011001100011011111000 # bit data of rseed
