[ T-Track ]
    title = [t-track] in region mesh
     mesh =  reg            # mesh type is region-wise
      reg = 4
   e-type =    1            # e-mesh is given by the below data
       ne =    250          # number of e-mesh points
#    data = ( e(i), i = 1, ne + 1 )
            0.00000E+00  1.00000E+00  2.00000E+00  3.00000E+00  4.00000E+00
            5.00000E+00  6.00000E+00  7.00000E+00  8.00000E+00  9.00000E+00
            1.00000E+01  1.10000E+01  1.20000E+01  1.30000E+01  1.40000E+01
            1.50000E+01  1.60000E+01  1.70000E+01  1.80000E+01  1.90000E+01
            2.00000E+01  2.10000E+01  2.20000E+01  2.30000E+01  2.40000E+01
            2.50000E+01  2.60000E+01  2.70000E+01  2.80000E+01  2.90000E+01
            3.00000E+01  3.10000E+01  3.20000E+01  3.30000E+01  3.40000E+01
            3.50000E+01  3.60000E+01  3.70000E+01  3.80000E+01  3.90000E+01
            4.00000E+01  4.10000E+01  4.20000E+01  4.30000E+01  4.40000E+01
            4.50000E+01  4.60000E+01  4.70000E+01  4.80000E+01  4.90000E+01
            5.00000E+01  5.10000E+01  5.20000E+01  5.30000E+01  5.40000E+01
            5.50000E+01  5.60000E+01  5.70000E+01  5.80000E+01  5.90000E+01
            6.00000E+01  6.10000E+01  6.20000E+01  6.30000E+01  6.40000E+01
            6.50000E+01  6.60000E+01  6.70000E+01  6.80000E+01  6.90000E+01
            7.00000E+01  7.10000E+01  7.20000E+01  7.30000E+01  7.40000E+01
            7.50000E+01  7.60000E+01  7.70000E+01  7.80000E+01  7.90000E+01
            8.00000E+01  8.10000E+01  8.20000E+01  8.30000E+01  8.40000E+01
            8.50000E+01  8.60000E+01  8.70000E+01  8.80000E+01  8.90000E+01
            9.00000E+01  9.10000E+01  9.20000E+01  9.30000E+01  9.40000E+01
            9.50000E+01  9.60000E+01  9.70000E+01  9.80000E+01  9.90000E+01
            1.00000E+02  1.01000E+02  1.02000E+02  1.03000E+02  1.04000E+02
            1.05000E+02  1.06000E+02  1.07000E+02  1.08000E+02  1.09000E+02
            1.10000E+02  1.11000E+02  1.12000E+02  1.13000E+02  1.14000E+02
            1.15000E+02  1.16000E+02  1.17000E+02  1.18000E+02  1.19000E+02
            1.20000E+02  1.21000E+02  1.22000E+02  1.23000E+02  1.24000E+02
            1.25000E+02  1.26000E+02  1.27000E+02  1.28000E+02  1.29000E+02
            1.30000E+02  1.31000E+02  1.32000E+02  1.33000E+02  1.34000E+02
            1.35000E+02  1.36000E+02  1.37000E+02  1.38000E+02  1.39000E+02
            1.40000E+02  1.41000E+02  1.42000E+02  1.43000E+02  1.44000E+02
            1.45000E+02  1.46000E+02  1.47000E+02  1.48000E+02  1.49000E+02
            1.50000E+02  1.51000E+02  1.52000E+02  1.53000E+02  1.54000E+02
            1.55000E+02  1.56000E+02  1.57000E+02  1.58000E+02  1.59000E+02
            1.60000E+02  1.61000E+02  1.62000E+02  1.63000E+02  1.64000E+02
            1.65000E+02  1.66000E+02  1.67000E+02  1.68000E+02  1.69000E+02
            1.70000E+02  1.71000E+02  1.72000E+02  1.73000E+02  1.74000E+02
            1.75000E+02  1.76000E+02  1.77000E+02  1.78000E+02  1.79000E+02
            1.80000E+02  1.81000E+02  1.82000E+02  1.83000E+02  1.84000E+02
            1.85000E+02  1.86000E+02  1.87000E+02  1.88000E+02  1.89000E+02
            1.90000E+02  1.91000E+02  1.92000E+02  1.93000E+02  1.94000E+02
            1.95000E+02  1.96000E+02  1.97000E+02  1.98000E+02  1.99000E+02
            2.00000E+02  2.01000E+02  2.02000E+02  2.03000E+02  2.04000E+02
            2.05000E+02  2.06000E+02  2.07000E+02  2.08000E+02  2.09000E+02
            2.10000E+02  2.11000E+02  2.12000E+02  2.13000E+02  2.14000E+02
            2.15000E+02  2.16000E+02  2.17000E+02  2.18000E+02  2.19000E+02
            2.20000E+02  2.21000E+02  2.22000E+02  2.23000E+02  2.24000E+02
            2.25000E+02  2.26000E+02  2.27000E+02  2.28000E+02  2.29000E+02
            2.30000E+02  2.31000E+02  2.32000E+02  2.33000E+02  2.34000E+02
            2.35000E+02  2.36000E+02  2.37000E+02  2.38000E+02  2.39000E+02
            2.40000E+02  2.41000E+02  2.42000E+02  2.43000E+02  2.44000E+02
            2.45000E+02  2.46000E+02  2.47000E+02  2.48000E+02  2.49000E+02
            2.50000E+02
     unit =    2            # unit is [1/cm^2/(MeV/n)/source]
 material =  all            # (D=all) number of specific material
     axis =     eng            # axis of output
     file = neutral_particles_shield1_HE.out  # file name of output for the above axis
     part =  neutron    photon   
# kf/name :  2112       22       
#    used :        main (  %)        temp (  %)       total (  %)
#  memory :         257 (  0)           0 (  0)         257 (  0)

#------------------------------------------------------------------------------
#newpage:
#   no. =  1   reg =      4

x: Energy [MeV/n]
y: Flux [1/cm^2/(MeV/n)/source]      
p: xlin ylog afac(0.8) form(0.9)
h: n            x            y(neutron ),hh0l   n y(photon  ),hh0dr  n 
#  e-lower      e-upper      neutron     r.err    photon      r.err 
   0.0000E+00   1.0000E+00   4.0049E-02  0.0110   1.0228E-01  0.0076
   1.0000E+00   2.0000E+00   5.8193E-03  0.0274   2.5756E-02  0.0130
   2.0000E+00   3.0000E+00   6.0388E-03  0.0270   1.8066E-02  0.0151
   3.0000E+00   4.0000E+00   3.6065E-03  0.0348   1.0516E-02  0.0197
   4.0000E+00   5.0000E+00   3.4969E-03  0.0352   7.9067E-03  0.0223
   5.0000E+00   6.0000E+00   3.2783E-03  0.0359   5.2236E-03  0.0278
   6.0000E+00   7.0000E+00   2.4076E-03  0.0408   6.4104E-03  0.0250
   7.0000E+00   8.0000E+00   1.8092E-03  0.0480   2.9035E-03  0.0366
   8.0000E+00   9.0000E+00   1.8134E-03  0.0469   7.8397E-04  0.0714
   9.0000E+00   1.0000E+01   1.5291E-03  0.0520   4.0235E-04  0.1021
   1.0000E+01   1.1000E+01   1.3331E-03  0.0546   1.2450E-04  0.1749
   1.1000E+01   1.2000E+01   1.2771E-03  0.0563   2.8770E-05  0.3624
   1.2000E+01   1.3000E+01   1.1867E-03  0.0580   0.0000E+00  0.0000
   1.3000E+01   1.4000E+01   1.1816E-03  0.0592   3.1031E-06  1.0000
   1.4000E+01   1.5000E+01   1.2023E-03  0.0569   0.0000E+00  0.0000
   1.5000E+01   1.6000E+01   9.4735E-04  0.0639   0.0000E+00  0.0000
   1.6000E+01   1.7000E+01   1.0846E-03  0.0602   0.0000E+00  0.0000
   1.7000E+01   1.8000E+01   1.0045E-03  0.0622   0.0000E+00  0.0000
   1.8000E+01   1.9000E+01   1.0675E-03  0.0606   0.0000E+00  0.0000
   1.9000E+01   2.0000E+01   9.2141E-04  0.0649   0.0000E+00  0.0000
   2.0000E+01   2.1000E+01   1.0753E-03  0.0603   0.0000E+00  0.0000
   2.1000E+01   2.2000E+01   1.1329E-03  0.0582   0.0000E+00  0.0000
   2.2000E+01   2.3000E+01   1.2168E-03  0.0558   0.0000E+00  0.0000
   2.3000E+01   2.4000E+01   1.1260E-03  0.0587   0.0000E+00  0.0000
   2.4000E+01   2.5000E+01   1.0043E-03  0.0601   0.0000E+00  0.0000
   2.5000E+01   2.6000E+01   1.1725E-03  0.0570   0.0000E+00  0.0000
   2.6000E+01   2.7000E+01   1.1556E-03  0.0567   0.0000E+00  0.0000
   2.7000E+01   2.8000E+01   1.1249E-03  0.0579   0.0000E+00  0.0000
   2.8000E+01   2.9000E+01   1.0981E-03  0.0585   0.0000E+00  0.0000
   2.9000E+01   3.0000E+01   1.1059E-03  0.0572   0.0000E+00  0.0000
   3.0000E+01   3.1000E+01   1.0046E-03  0.0599   0.0000E+00  0.0000
   3.1000E+01   3.2000E+01   1.1633E-03  0.0560   0.0000E+00  0.0000
   3.2000E+01   3.3000E+01   1.1777E-03  0.0561   0.0000E+00  0.0000
   3.3000E+01   3.4000E+01   1.1901E-03  0.0547   0.0000E+00  0.0000
   3.4000E+01   3.5000E+01   1.1161E-03  0.0569   0.0000E+00  0.0000
   3.5000E+01   3.6000E+01   1.1319E-03  0.0568   0.0000E+00  0.0000
   3.6000E+01   3.7000E+01   1.1210E-03  0.0568   0.0000E+00  0.0000
   3.7000E+01   3.8000E+01   1.1548E-03  0.0551   0.0000E+00  0.0000
   3.8000E+01   3.9000E+01   1.1592E-03  0.0553   0.0000E+00  0.0000
   3.9000E+01   4.0000E+01   1.1395E-03  0.0561   0.0000E+00  0.0000
   4.0000E+01   4.1000E+01   1.1469E-03  0.0566   0.0000E+00  0.0000
   4.1000E+01   4.2000E+01   1.1497E-03  0.0556   0.0000E+00  0.0000
   4.2000E+01   4.3000E+01   1.1655E-03  0.0549   0.0000E+00  0.0000
   4.3000E+01   4.4000E+01   1.0328E-03  0.0584   0.0000E+00  0.0000
   4.4000E+01   4.5000E+01   1.1593E-03  0.0547   0.0000E+00  0.0000
   4.5000E+01   4.6000E+01   1.1609E-03  0.0544   0.0000E+00  0.0000
   4.6000E+01   4.7000E+01   1.1447E-03  0.0550   0.0000E+00  0.0000
   4.7000E+01   4.8000E+01   1.1335E-03  0.0553   0.0000E+00  0.0000
   4.8000E+01   4.9000E+01   1.2566E-03  0.0528   0.0000E+00  0.0000
   4.9000E+01   5.0000E+01   1.0719E-03  0.0558   0.0000E+00  0.0000
   5.0000E+01   5.1000E+01   1.1827E-03  0.0537   0.0000E+00  0.0000
   5.1000E+01   5.2000E+01   1.2065E-03  0.0531   0.0000E+00  0.0000
   5.2000E+01   5.3000E+01   1.1700E-03  0.0530   0.0000E+00  0.0000
   5.3000E+01   5.4000E+01   1.0863E-03  0.0559   0.0000E+00  0.0000
   5.4000E+01   5.5000E+01   1.2145E-03  0.0528   0.0000E+00  0.0000
   5.5000E+01   5.6000E+01   1.0888E-03  0.0560   0.0000E+00  0.0000
   5.6000E+01   5.7000E+01   1.1503E-03  0.0537   0.0000E+00  0.0000
   5.7000E+01   5.8000E+01   1.1417E-03  0.0535   0.0000E+00  0.0000
   5.8000E+01   5.9000E+01   1.1361E-03  0.0535   0.0000E+00  0.0000
   5.9000E+01   6.0000E+01   1.2034E-03  0.0524   0.0000E+00  0.0000
   6.0000E+01   6.1000E+01   1.1360E-03  0.0544   0.0000E+00  0.0000
   6.1000E+01   6.2000E+01   1.1369E-03  0.0537   0.0000E+00  0.0000
   6.2000E+01   6.3000E+01   1.1630E-03  0.0532   0.0000E+00  0.0000
   6.3000E+01   6.4000E+01   1.0393E-03  0.0558   0.0000E+00  0.0000
   6.4000E+01   6.5000E+01   1.1535E-03  0.0531   0.0000E+00  0.0000
   6.5000E+01   6.6000E+01   1.0547E-03  0.0558   0.0000E+00  0.0000
   6.6000E+01   6.7000E+01   1.0971E-03  0.0543   0.0000E+00  0.0000
   6.7000E+01   6.8000E+01   1.1118E-03  0.0544   0.0000E+00  0.0000
   6.8000E+01   6.9000E+01   1.1508E-03  0.0535   0.0000E+00  0.0000
   6.9000E+01   7.0000E+01   1.2814E-03  0.0504   0.0000E+00  0.0000
   7.0000E+01   7.1000E+01   1.1032E-03  0.0540   0.0000E+00  0.0000
   7.1000E+01   7.2000E+01   1.0990E-03  0.0542   0.0000E+00  0.0000
   7.2000E+01   7.3000E+01   1.0911E-03  0.0546   0.0000E+00  0.0000
   7.3000E+01   7.4000E+01   1.1334E-03  0.0533   0.0000E+00  0.0000
   7.4000E+01   7.5000E+01   1.0758E-03  0.0552   0.0000E+00  0.0000
   7.5000E+01   7.6000E+01   1.0752E-03  0.0546   0.0000E+00  0.0000
   7.6000E+01   7.7000E+01   1.2214E-03  0.0516   0.0000E+00  0.0000
   7.7000E+01   7.8000E+01   1.0775E-03  0.0543   0.0000E+00  0.0000
   7.8000E+01   7.9000E+01   9.9477E-04  0.0569   0.0000E+00  0.0000
   7.9000E+01   8.0000E+01   1.0030E-03  0.0556   0.0000E+00  0.0000
   8.0000E+01   8.1000E+01   9.9119E-04  0.0565   0.0000E+00  0.0000
   8.1000E+01   8.2000E+01   1.0262E-03  0.0558   0.0000E+00  0.0000
   8.2000E+01   8.3000E+01   9.4137E-04  0.0581   0.0000E+00  0.0000
   8.3000E+01   8.4000E+01   1.0974E-03  0.0532   0.0000E+00  0.0000
   8.4000E+01   8.5000E+01   1.1126E-03  0.0529   0.0000E+00  0.0000
   8.5000E+01   8.6000E+01   1.0175E-03  0.0553   0.0000E+00  0.0000
   8.6000E+01   8.7000E+01   9.7301E-04  0.0558   0.0000E+00  0.0000
   8.7000E+01   8.8000E+01   9.3987E-04  0.0574   0.0000E+00  0.0000
   8.8000E+01   8.9000E+01   9.1952E-04  0.0573   0.0000E+00  0.0000
   8.9000E+01   9.0000E+01   1.0328E-03  0.0542   0.0000E+00  0.0000
   9.0000E+01   9.1000E+01   1.0037E-03  0.0551   0.0000E+00  0.0000
   9.1000E+01   9.2000E+01   9.5668E-04  0.0569   0.0000E+00  0.0000
   9.2000E+01   9.3000E+01   9.8266E-04  0.0558   0.0000E+00  0.0000
   9.3000E+01   9.4000E+01   9.2952E-04  0.0578   0.0000E+00  0.0000
   9.4000E+01   9.5000E+01   9.3331E-04  0.0573   0.0000E+00  0.0000
   9.5000E+01   9.6000E+01   9.6316E-04  0.0559   0.0000E+00  0.0000
   9.6000E+01   9.7000E+01   9.3956E-04  0.0566   0.0000E+00  0.0000
   9.7000E+01   9.8000E+01   9.1181E-04  0.0575   0.0000E+00  0.0000
   9.8000E+01   9.9000E+01   9.3731E-04  0.0564   0.0000E+00  0.0000
   9.9000E+01   1.0000E+02   7.8951E-04  0.0621   0.0000E+00  0.0000
   1.0000E+02   1.0100E+02   8.6137E-04  0.0594   0.0000E+00  0.0000
   1.0100E+02   1.0200E+02   7.5449E-04  0.0638   0.0000E+00  0.0000
   1.0200E+02   1.0300E+02   8.5757E-04  0.0593   0.0000E+00  0.0000
   1.0300E+02   1.0400E+02   8.0581E-04  0.0610   0.0000E+00  0.0000
   1.0400E+02   1.0500E+02   7.8948E-04  0.0618   0.0000E+00  0.0000
   1.0500E+02   1.0600E+02   7.0004E-04  0.0649   0.0000E+00  0.0000
   1.0600E+02   1.0700E+02   8.6786E-04  0.0594   0.0000E+00  0.0000
   1.0700E+02   1.0800E+02   8.2192E-04  0.0602   0.0000E+00  0.0000
   1.0800E+02   1.0900E+02   8.6953E-04  0.0583   0.0000E+00  0.0000
   1.0900E+02   1.1000E+02   7.7455E-04  0.0622   0.0000E+00  0.0000
   1.1000E+02   1.1100E+02   6.5375E-04  0.0676   0.0000E+00  0.0000
   1.1100E+02   1.1200E+02   6.5129E-04  0.0679   0.0000E+00  0.0000
   1.1200E+02   1.1300E+02   7.0576E-04  0.0649   0.0000E+00  0.0000
   1.1300E+02   1.1400E+02   8.1014E-04  0.0607   0.0000E+00  0.0000
   1.1400E+02   1.1500E+02   7.2096E-04  0.0642   0.0000E+00  0.0000
   1.1500E+02   1.1600E+02   6.8369E-04  0.0656   0.0000E+00  0.0000
   1.1600E+02   1.1700E+02   6.5097E-04  0.0680   0.0000E+00  0.0000
   1.1700E+02   1.1800E+02   7.1136E-04  0.0644   0.0000E+00  0.0000
   1.1800E+02   1.1900E+02   6.1751E-04  0.0690   0.0000E+00  0.0000
   1.1900E+02   1.2000E+02   6.6514E-04  0.0661   0.0000E+00  0.0000
   1.2000E+02   1.2100E+02   6.1182E-04  0.0695   0.0000E+00  0.0000
   1.2100E+02   1.2200E+02   6.9023E-04  0.0653   0.0000E+00  0.0000
   1.2200E+02   1.2300E+02   6.0726E-04  0.0694   0.0000E+00  0.0000
   1.2300E+02   1.2400E+02   5.6245E-04  0.0721   0.0000E+00  0.0000
   1.2400E+02   1.2500E+02   5.5569E-04  0.0731   0.0000E+00  0.0000
   1.2500E+02   1.2600E+02   5.2135E-04  0.0751   0.0000E+00  0.0000
   1.2600E+02   1.2700E+02   6.1151E-04  0.0699   0.0000E+00  0.0000
   1.2700E+02   1.2800E+02   5.8145E-04  0.0717   0.0000E+00  0.0000
   1.2800E+02   1.2900E+02   5.1562E-04  0.0755   0.0000E+00  0.0000
   1.2900E+02   1.3000E+02   5.5457E-04  0.0734   0.0000E+00  0.0000
   1.3000E+02   1.3100E+02   4.9102E-04  0.0767   0.0000E+00  0.0000
   1.3100E+02   1.3200E+02   5.0350E-04  0.0764   0.0000E+00  0.0000
   1.3200E+02   1.3300E+02   5.2364E-04  0.0745   0.0000E+00  0.0000
   1.3300E+02   1.3400E+02   4.7615E-04  0.0790   0.0000E+00  0.0000
   1.3400E+02   1.3500E+02   5.9187E-04  0.0697   0.0000E+00  0.0000
   1.3500E+02   1.3600E+02   5.0114E-04  0.0755   0.0000E+00  0.0000
   1.3600E+02   1.3700E+02   5.3018E-04  0.0738   0.0000E+00  0.0000
   1.3700E+02   1.3800E+02   5.2653E-04  0.0743   0.0000E+00  0.0000
   1.3800E+02   1.3900E+02   4.2305E-04  0.0822   0.0000E+00  0.0000
   1.3900E+02   1.4000E+02   4.7427E-04  0.0789   0.0000E+00  0.0000
   1.4000E+02   1.4100E+02   4.6754E-04  0.0785   0.0000E+00  0.0000
   1.4100E+02   1.4200E+02   4.6626E-04  0.0785   0.0000E+00  0.0000
   1.4200E+02   1.4300E+02   5.7692E-04  0.0708   0.0000E+00  0.0000
   1.4300E+02   1.4400E+02   4.4101E-04  0.0811   0.0000E+00  0.0000
   1.4400E+02   1.4500E+02   4.8774E-04  0.0770   0.0000E+00  0.0000
   1.4500E+02   1.4600E+02   4.2212E-04  0.0831   0.0000E+00  0.0000
   1.4600E+02   1.4700E+02   4.4433E-04  0.0800   0.0000E+00  0.0000
   1.4700E+02   1.4800E+02   4.4525E-04  0.0804   0.0000E+00  0.0000
   1.4800E+02   1.4900E+02   3.4451E-04  0.0907   0.0000E+00  0.0000
   1.4900E+02   1.5000E+02   4.0677E-04  0.0835   0.0000E+00  0.0000
   1.5000E+02   1.5100E+02   3.9180E-04  0.0853   0.0000E+00  0.0000
   1.5100E+02   1.5200E+02   3.6448E-04  0.0883   0.0000E+00  0.0000
   1.5200E+02   1.5300E+02   4.1006E-04  0.0836   0.0000E+00  0.0000
   1.5300E+02   1.5400E+02   3.9797E-04  0.0845   0.0000E+00  0.0000
   1.5400E+02   1.5500E+02   3.6436E-04  0.0883   0.0000E+00  0.0000
   1.5500E+02   1.5600E+02   4.0602E-04  0.0833   0.0000E+00  0.0000
   1.5600E+02   1.5700E+02   2.9470E-04  0.0984   0.0000E+00  0.0000
   1.5700E+02   1.5800E+02   3.0798E-04  0.0968   0.0000E+00  0.0000
   1.5800E+02   1.5900E+02   3.1084E-04  0.0956   0.0000E+00  0.0000
   1.5900E+02   1.6000E+02   3.3025E-04  0.0922   0.0000E+00  0.0000
   1.6000E+02   1.6100E+02   3.0644E-04  0.0962   0.0000E+00  0.0000
   1.6100E+02   1.6200E+02   2.8074E-04  0.1003   0.0000E+00  0.0000
   1.6200E+02   1.6300E+02   3.1751E-04  0.0945   0.0000E+00  0.0000
   1.6300E+02   1.6400E+02   3.6162E-04  0.0882   0.0000E+00  0.0000
   1.6400E+02   1.6500E+02   2.9031E-04  0.0994   0.0000E+00  0.0000
   1.6500E+02   1.6600E+02   2.6997E-04  0.1023   0.0000E+00  0.0000
   1.6600E+02   1.6700E+02   2.3597E-04  0.1102   0.0000E+00  0.0000
   1.6700E+02   1.6800E+02   3.0105E-04  0.0972   0.0000E+00  0.0000
   1.6800E+02   1.6900E+02   2.5433E-04  0.1050   0.0000E+00  0.0000
   1.6900E+02   1.7000E+02   2.4909E-04  0.1061   0.0000E+00  0.0000
   1.7000E+02   1.7100E+02   2.2599E-04  0.1113   0.0000E+00  0.0000
   1.7100E+02   1.7200E+02   1.9124E-04  0.1205   0.0000E+00  0.0000
   1.7200E+02   1.7300E+02   2.3435E-04  0.1100   0.0000E+00  0.0000
   1.7300E+02   1.7400E+02   2.3431E-04  0.1092   0.0000E+00  0.0000
   1.7400E+02   1.7500E+02   2.4586E-04  0.1061   0.0000E+00  0.0000
   1.7500E+02   1.7600E+02   1.7659E-04  0.1252   0.0000E+00  0.0000
   1.7600E+02   1.7700E+02   1.7411E-04  0.1273   0.0000E+00  0.0000
   1.7700E+02   1.7800E+02   2.5066E-04  0.1057   0.0000E+00  0.0000
   1.7800E+02   1.7900E+02   2.3717E-04  0.1086   0.0000E+00  0.0000
   1.7900E+02   1.8000E+02   2.4749E-04  0.1061   0.0000E+00  0.0000
   1.8000E+02   1.8100E+02   2.0482E-04  0.1173   0.0000E+00  0.0000
   1.8100E+02   1.8200E+02   1.7509E-04  0.1261   0.0000E+00  0.0000
   1.8200E+02   1.8300E+02   2.2360E-04  0.1120   0.0000E+00  0.0000
   1.8300E+02   1.8400E+02   2.1395E-04  0.1142   0.0000E+00  0.0000
   1.8400E+02   1.8500E+02   2.6697E-04  0.1023   0.0000E+00  0.0000
   1.8500E+02   1.8600E+02   2.3839E-04  0.1079   0.0000E+00  0.0000
   1.8600E+02   1.8700E+02   1.8824E-04  0.1214   0.0000E+00  0.0000
   1.8700E+02   1.8800E+02   1.9350E-04  0.1196   0.0000E+00  0.0000
   1.8800E+02   1.8900E+02   1.8236E-04  0.1232   0.0000E+00  0.0000
   1.8900E+02   1.9000E+02   2.1347E-04  0.1141   0.0000E+00  0.0000
   1.9000E+02   1.9100E+02   1.5879E-04  0.1326   0.0000E+00  0.0000
   1.9100E+02   1.9200E+02   1.2386E-04  0.1492   0.0000E+00  0.0000
   1.9200E+02   1.9300E+02   1.5186E-04  0.1350   0.0000E+00  0.0000
   1.9300E+02   1.9400E+02   1.4084E-04  0.1401   0.0000E+00  0.0000
   1.9400E+02   1.9500E+02   1.5786E-04  0.1330   0.0000E+00  0.0000
   1.9500E+02   1.9600E+02   1.6705E-04  0.1293   0.0000E+00  0.0000
   1.9600E+02   1.9700E+02   1.4592E-04  0.1374   0.0000E+00  0.0000
   1.9700E+02   1.9800E+02   1.5802E-04  0.1326   0.0000E+00  0.0000
   1.9800E+02   1.9900E+02   1.6866E-04  0.1282   0.0000E+00  0.0000
   1.9900E+02   2.0000E+02   1.6822E-04  0.1282   0.0000E+00  0.0000
   2.0000E+02   2.0100E+02   1.1104E-04  0.1582   0.0000E+00  0.0000
   2.0100E+02   2.0200E+02   1.0759E-04  0.1642   0.0000E+00  0.0000
   2.0200E+02   2.0300E+02   7.1177E-05  0.1962   0.0000E+00  0.0000
   2.0300E+02   2.0400E+02   1.2352E-04  0.1497   0.0000E+00  0.0000
   2.0400E+02   2.0500E+02   8.7524E-05  0.1768   0.0000E+00  0.0000
   2.0500E+02   2.0600E+02   1.1100E-04  0.1583   0.0000E+00  0.0000
   2.0600E+02   2.0700E+02   9.2902E-05  0.1715   0.0000E+00  0.0000
   2.0700E+02   2.0800E+02   1.2461E-04  0.1492   0.0000E+00  0.0000
   2.0800E+02   2.0900E+02   9.9384E-05  0.1668   0.0000E+00  0.0000
   2.0900E+02   2.1000E+02   1.0803E-04  0.1603   0.0000E+00  0.0000
   2.1000E+02   2.1100E+02   1.0090E-04  0.1644   0.0000E+00  0.0000
   2.1100E+02   2.1200E+02   9.2932E-05  0.1715   0.0000E+00  0.0000
   2.1200E+02   2.1300E+02   1.0795E-04  0.1599   0.0000E+00  0.0000
   2.1300E+02   2.1400E+02   8.7427E-05  0.1768   0.0000E+00  0.0000
   2.1400E+02   2.1500E+02   7.1293E-05  0.1962   0.0000E+00  0.0000
   2.1500E+02   2.1600E+02   5.9859E-05  0.2133   0.0000E+00  0.0000
   2.1600E+02   2.1700E+02   4.4061E-05  0.2501   0.0000E+00  0.0000
   2.1700E+02   2.1800E+02   9.8860E-05  0.1667   0.0000E+00  0.0000
   2.1800E+02   2.1900E+02   9.7348E-05  0.1700   0.0000E+00  0.0000
   2.1900E+02   2.2000E+02   1.3383E-04  0.1429   0.0000E+00  0.0000
   2.2000E+02   2.2100E+02   9.2864E-05  0.1715   0.0000E+00  0.0000
   2.2100E+02   2.2200E+02   8.8525E-05  0.1769   0.0000E+00  0.0000
   2.2200E+02   2.2300E+02   6.5071E-05  0.2042   0.0000E+00  0.0000
   2.2300E+02   2.2400E+02   5.9513E-05  0.2132   0.0000E+00  0.0000
   2.2400E+02   2.2500E+02   8.5285E-05  0.1798   0.0000E+00  0.0000
   2.2500E+02   2.2600E+02   6.2652E-05  0.2085   0.0000E+00  0.0000
   2.2600E+02   2.2700E+02   3.8378E-05  0.2673   0.0000E+00  0.0000
   2.2700E+02   2.2800E+02   3.8493E-05  0.2675   0.0000E+00  0.0000
   2.2800E+02   2.2900E+02   4.9070E-05  0.2357   0.0000E+00  0.0000
   2.2900E+02   2.3000E+02   6.2137E-05  0.2085   0.0000E+00  0.0000
   2.3000E+02   2.3100E+02   7.3500E-05  0.1925   0.0000E+00  0.0000
   2.3100E+02   2.3200E+02   4.4032E-05  0.2506   0.0000E+00  0.0000
   2.3200E+02   2.3300E+02   3.2695E-05  0.2887   0.0000E+00  0.0000
   2.3300E+02   2.3400E+02   3.8025E-05  0.2673   0.0000E+00  0.0000
   2.3400E+02   2.3500E+02   5.6976E-05  0.2182   0.0000E+00  0.0000
   2.3500E+02   2.3600E+02   4.3237E-05  0.2500   0.0000E+00  0.0000
   2.3600E+02   2.3700E+02   3.8039E-05  0.2673   0.0000E+00  0.0000
   2.3700E+02   2.3800E+02   3.5529E-05  0.2774   0.0000E+00  0.0000
   2.3800E+02   2.3900E+02   5.4696E-05  0.2237   0.0000E+00  0.0000
   2.3900E+02   2.4000E+02   5.4689E-05  0.2237   0.0000E+00  0.0000
   2.4000E+02   2.4100E+02   5.4525E-05  0.2237   0.0000E+00  0.0000
   2.4100E+02   2.4200E+02   5.1528E-05  0.2294   0.0000E+00  0.0000
   2.4200E+02   2.4300E+02   3.2917E-05  0.2887   0.0000E+00  0.0000
   2.4300E+02   2.4400E+02   5.1456E-05  0.2294   0.0000E+00  0.0000
   2.4400E+02   2.4500E+02   3.8043E-05  0.2673   0.0000E+00  0.0000
   2.4500E+02   2.4600E+02   3.2373E-05  0.2887   0.0000E+00  0.0000
   2.4600E+02   2.4700E+02   1.3459E-05  0.4472   0.0000E+00  0.0000
   2.4700E+02   2.4800E+02   2.6926E-05  0.3162   0.0000E+00  0.0000
   2.4800E+02   2.4900E+02   2.1528E-05  0.3536   0.0000E+00  0.0000
   2.4900E+02   2.5000E+02   0.0000E+00  0.0000   0.0000E+00  0.0000

#   sum over                 8.5690E-04           7.2164E-04

'no. =  1,  reg  =      4'
msuc: {\huge [t-track] in region mesh}
msdr: {\it plotted by \ANGEL \version}
msdl: {\it calculated by \PHITS  3.26}
wt: s(0.7)
\vspace{-3}
   vol  &=&   1.0000E+00 [cm^3]
e:
 
# Information for Restart Calculation
# This calculation was newly started
# istdev =  2 # 1:Batch variance, 2:History variance
# resc2  = 1.86200030000000000E+07 # Total source weight or Total source weight / maxcas
# resc3  = 1.86200000000000000E+07 # Total history number or Total batch number
# maxcas =       10000 # History / Batch, only used for istdev=1
# bitrseed = 1010001010110010001100100110110100100101101001011001110010111000 # bit data of rseed
