[ T-Track ]
    title = [t-track] in region mesh
     mesh =  reg            # mesh type is region-wise
      reg = 4
   e-type =    1            # e-mesh is given by the below data
       ne =    250          # number of e-mesh points
#    data = ( e(i), i = 1, ne + 1 )
            0.00000E+00  1.00000E+00  2.00000E+00  3.00000E+00  4.00000E+00
            5.00000E+00  6.00000E+00  7.00000E+00  8.00000E+00  9.00000E+00
            1.00000E+01  1.10000E+01  1.20000E+01  1.30000E+01  1.40000E+01
            1.50000E+01  1.60000E+01  1.70000E+01  1.80000E+01  1.90000E+01
            2.00000E+01  2.10000E+01  2.20000E+01  2.30000E+01  2.40000E+01
            2.50000E+01  2.60000E+01  2.70000E+01  2.80000E+01  2.90000E+01
            3.00000E+01  3.10000E+01  3.20000E+01  3.30000E+01  3.40000E+01
            3.50000E+01  3.60000E+01  3.70000E+01  3.80000E+01  3.90000E+01
            4.00000E+01  4.10000E+01  4.20000E+01  4.30000E+01  4.40000E+01
            4.50000E+01  4.60000E+01  4.70000E+01  4.80000E+01  4.90000E+01
            5.00000E+01  5.10000E+01  5.20000E+01  5.30000E+01  5.40000E+01
            5.50000E+01  5.60000E+01  5.70000E+01  5.80000E+01  5.90000E+01
            6.00000E+01  6.10000E+01  6.20000E+01  6.30000E+01  6.40000E+01
            6.50000E+01  6.60000E+01  6.70000E+01  6.80000E+01  6.90000E+01
            7.00000E+01  7.10000E+01  7.20000E+01  7.30000E+01  7.40000E+01
            7.50000E+01  7.60000E+01  7.70000E+01  7.80000E+01  7.90000E+01
            8.00000E+01  8.10000E+01  8.20000E+01  8.30000E+01  8.40000E+01
            8.50000E+01  8.60000E+01  8.70000E+01  8.80000E+01  8.90000E+01
            9.00000E+01  9.10000E+01  9.20000E+01  9.30000E+01  9.40000E+01
            9.50000E+01  9.60000E+01  9.70000E+01  9.80000E+01  9.90000E+01
            1.00000E+02  1.01000E+02  1.02000E+02  1.03000E+02  1.04000E+02
            1.05000E+02  1.06000E+02  1.07000E+02  1.08000E+02  1.09000E+02
            1.10000E+02  1.11000E+02  1.12000E+02  1.13000E+02  1.14000E+02
            1.15000E+02  1.16000E+02  1.17000E+02  1.18000E+02  1.19000E+02
            1.20000E+02  1.21000E+02  1.22000E+02  1.23000E+02  1.24000E+02
            1.25000E+02  1.26000E+02  1.27000E+02  1.28000E+02  1.29000E+02
            1.30000E+02  1.31000E+02  1.32000E+02  1.33000E+02  1.34000E+02
            1.35000E+02  1.36000E+02  1.37000E+02  1.38000E+02  1.39000E+02
            1.40000E+02  1.41000E+02  1.42000E+02  1.43000E+02  1.44000E+02
            1.45000E+02  1.46000E+02  1.47000E+02  1.48000E+02  1.49000E+02
            1.50000E+02  1.51000E+02  1.52000E+02  1.53000E+02  1.54000E+02
            1.55000E+02  1.56000E+02  1.57000E+02  1.58000E+02  1.59000E+02
            1.60000E+02  1.61000E+02  1.62000E+02  1.63000E+02  1.64000E+02
            1.65000E+02  1.66000E+02  1.67000E+02  1.68000E+02  1.69000E+02
            1.70000E+02  1.71000E+02  1.72000E+02  1.73000E+02  1.74000E+02
            1.75000E+02  1.76000E+02  1.77000E+02  1.78000E+02  1.79000E+02
            1.80000E+02  1.81000E+02  1.82000E+02  1.83000E+02  1.84000E+02
            1.85000E+02  1.86000E+02  1.87000E+02  1.88000E+02  1.89000E+02
            1.90000E+02  1.91000E+02  1.92000E+02  1.93000E+02  1.94000E+02
            1.95000E+02  1.96000E+02  1.97000E+02  1.98000E+02  1.99000E+02
            2.00000E+02  2.01000E+02  2.02000E+02  2.03000E+02  2.04000E+02
            2.05000E+02  2.06000E+02  2.07000E+02  2.08000E+02  2.09000E+02
            2.10000E+02  2.11000E+02  2.12000E+02  2.13000E+02  2.14000E+02
            2.15000E+02  2.16000E+02  2.17000E+02  2.18000E+02  2.19000E+02
            2.20000E+02  2.21000E+02  2.22000E+02  2.23000E+02  2.24000E+02
            2.25000E+02  2.26000E+02  2.27000E+02  2.28000E+02  2.29000E+02
            2.30000E+02  2.31000E+02  2.32000E+02  2.33000E+02  2.34000E+02
            2.35000E+02  2.36000E+02  2.37000E+02  2.38000E+02  2.39000E+02
            2.40000E+02  2.41000E+02  2.42000E+02  2.43000E+02  2.44000E+02
            2.45000E+02  2.46000E+02  2.47000E+02  2.48000E+02  2.49000E+02
            2.50000E+02
     unit =    2            # unit is [1/cm^2/(MeV/n)/source]
 material =  all            # (D=all) number of specific material
     axis =     eng            # axis of output
     file = neutral_particles_shield1_HE.out  # file name of output for the above axis
     part =  neutron    photon   
# kf/name :  2112       22       
#    used :        main (  %)        temp (  %)       total (  %)
#  memory :         257 (  0)           0 (  0)         257 (  0)

#------------------------------------------------------------------------------
#newpage:
#   no. =  1   reg =      4

x: Energy [MeV/n]
y: Flux [1/cm^2/(MeV/n)/source]      
p: xlin ylog afac(0.8) form(0.9)
h: n            x            y(neutron ),hh0l   n y(photon  ),hh0dr  n 
#  e-lower      e-upper      neutron     r.err    photon      r.err 
   0.0000E+00   1.0000E+00   5.3077E+00  0.0012   5.4197E+00  0.0013
   1.0000E+00   2.0000E+00   4.9384E-01  0.0038   1.4498E+00  0.0023
   2.0000E+00   3.0000E+00   5.1348E-01  0.0036   1.4634E+00  0.0022
   3.0000E+00   4.0000E+00   2.1331E-01  0.0058   5.5907E-01  0.0037
   4.0000E+00   5.0000E+00   2.2137E-01  0.0055   4.4169E-01  0.0041
   5.0000E+00   6.0000E+00   2.0071E-01  0.0057   1.6766E-01  0.0066
   6.0000E+00   7.0000E+00   1.5504E-01  0.0064   2.6481E-01  0.0053
   7.0000E+00   8.0000E+00   1.0122E-01  0.0080   1.2880E-01  0.0075
   8.0000E+00   9.0000E+00   8.7753E-02  0.0085   1.9972E-02  0.0192
   9.0000E+00   1.0000E+01   6.7778E-02  0.0097   8.4974E-03  0.0297
   1.0000E+01   1.1000E+01   6.1686E-02  0.0102   2.9617E-03  0.0494
   1.1000E+01   1.2000E+01   4.9177E-02  0.0115   5.9923E-04  0.1083
   1.2000E+01   1.3000E+01   4.7787E-02  0.0116   6.4037E-05  0.3491
   1.3000E+01   1.4000E+01   4.5047E-02  0.0120   1.2623E-05  0.7090
   1.4000E+01   1.5000E+01   4.2743E-02  0.0123   9.4908E-06  0.7078
   1.5000E+01   1.6000E+01   3.7507E-02  0.0131   0.0000E+00  0.0000
   1.6000E+01   1.7000E+01   3.6417E-02  0.0133   0.0000E+00  0.0000
   1.7000E+01   1.8000E+01   3.2892E-02  0.0140   0.0000E+00  0.0000
   1.8000E+01   1.9000E+01   3.1131E-02  0.0143   0.0000E+00  0.0000
   1.9000E+01   2.0000E+01   3.0070E-02  0.0145   0.0000E+00  0.0000
   2.0000E+01   2.1000E+01   3.7965E-02  0.0127   0.0000E+00  0.0000
   2.1000E+01   2.2000E+01   3.6798E-02  0.0129   0.0000E+00  0.0000
   2.2000E+01   2.3000E+01   3.5996E-02  0.0131   0.0000E+00  0.0000
   2.3000E+01   2.4000E+01   3.5224E-02  0.0132   0.0000E+00  0.0000
   2.4000E+01   2.5000E+01   3.4358E-02  0.0133   0.0000E+00  0.0000
   2.5000E+01   2.6000E+01   3.2626E-02  0.0136   0.0000E+00  0.0000
   2.6000E+01   2.7000E+01   3.1269E-02  0.0140   0.0000E+00  0.0000
   2.7000E+01   2.8000E+01   3.2608E-02  0.0136   0.0000E+00  0.0000
   2.8000E+01   2.9000E+01   3.1002E-02  0.0139   0.0000E+00  0.0000
   2.9000E+01   3.0000E+01   3.1459E-02  0.0138   0.0000E+00  0.0000
   3.0000E+01   3.1000E+01   3.0918E-02  0.0139   0.0000E+00  0.0000
   3.1000E+01   3.2000E+01   2.9457E-02  0.0142   0.0000E+00  0.0000
   3.2000E+01   3.3000E+01   2.8874E-02  0.0143   0.0000E+00  0.0000
   3.3000E+01   3.4000E+01   2.8947E-02  0.0143   0.0000E+00  0.0000
   3.4000E+01   3.5000E+01   2.8307E-02  0.0143   0.0000E+00  0.0000
   3.5000E+01   3.6000E+01   2.7377E-02  0.0145   0.0000E+00  0.0000
   3.6000E+01   3.7000E+01   2.5915E-02  0.0150   0.0000E+00  0.0000
   3.7000E+01   3.8000E+01   2.5712E-02  0.0150   0.0000E+00  0.0000
   3.8000E+01   3.9000E+01   2.6593E-02  0.0147   0.0000E+00  0.0000
   3.9000E+01   4.0000E+01   2.5111E-02  0.0151   0.0000E+00  0.0000
   4.0000E+01   4.1000E+01   2.5896E-02  0.0148   0.0000E+00  0.0000
   4.1000E+01   4.2000E+01   2.5752E-02  0.0148   0.0000E+00  0.0000
   4.2000E+01   4.3000E+01   2.5422E-02  0.0149   0.0000E+00  0.0000
   4.3000E+01   4.4000E+01   2.4211E-02  0.0153   0.0000E+00  0.0000
   4.4000E+01   4.5000E+01   2.3926E-02  0.0154   0.0000E+00  0.0000
   4.5000E+01   4.6000E+01   2.3773E-02  0.0154   0.0000E+00  0.0000
   4.6000E+01   4.7000E+01   2.3928E-02  0.0153   0.0000E+00  0.0000
   4.7000E+01   4.8000E+01   2.3395E-02  0.0154   0.0000E+00  0.0000
   4.8000E+01   4.9000E+01   2.3365E-02  0.0154   0.0000E+00  0.0000
   4.9000E+01   5.0000E+01   2.2029E-02  0.0158   0.0000E+00  0.0000
   5.0000E+01   5.1000E+01   2.2898E-02  0.0155   0.0000E+00  0.0000
   5.1000E+01   5.2000E+01   2.4024E-02  0.0150   0.0000E+00  0.0000
   5.2000E+01   5.3000E+01   2.2956E-02  0.0154   0.0000E+00  0.0000
   5.3000E+01   5.4000E+01   2.2278E-02  0.0157   0.0000E+00  0.0000
   5.4000E+01   5.5000E+01   2.2419E-02  0.0155   0.0000E+00  0.0000
   5.5000E+01   5.6000E+01   2.1638E-02  0.0158   0.0000E+00  0.0000
   5.6000E+01   5.7000E+01   2.1043E-02  0.0161   0.0000E+00  0.0000
   5.7000E+01   5.8000E+01   2.1841E-02  0.0156   0.0000E+00  0.0000
   5.8000E+01   5.9000E+01   1.9782E-02  0.0164   0.0000E+00  0.0000
   5.9000E+01   6.0000E+01   2.0493E-02  0.0161   0.0000E+00  0.0000
   6.0000E+01   6.1000E+01   1.9376E-02  0.0166   0.0000E+00  0.0000
   6.1000E+01   6.2000E+01   2.0036E-02  0.0162   0.0000E+00  0.0000
   6.2000E+01   6.3000E+01   1.8831E-02  0.0168   0.0000E+00  0.0000
   6.3000E+01   6.4000E+01   1.8676E-02  0.0169   0.0000E+00  0.0000
   6.4000E+01   6.5000E+01   1.8649E-02  0.0168   0.0000E+00  0.0000
   6.5000E+01   6.6000E+01   1.7729E-02  0.0172   0.0000E+00  0.0000
   6.6000E+01   6.7000E+01   1.7656E-02  0.0172   0.0000E+00  0.0000
   6.7000E+01   6.8000E+01   1.7751E-02  0.0172   0.0000E+00  0.0000
   6.8000E+01   6.9000E+01   1.7287E-02  0.0174   0.0000E+00  0.0000
   6.9000E+01   7.0000E+01   1.7412E-02  0.0173   0.0000E+00  0.0000
   7.0000E+01   7.1000E+01   1.6636E-02  0.0176   0.0000E+00  0.0000
   7.1000E+01   7.2000E+01   1.8198E-02  0.0168   0.0000E+00  0.0000
   7.2000E+01   7.3000E+01   1.4842E-02  0.0188   0.0000E+00  0.0000
   7.3000E+01   7.4000E+01   1.5303E-02  0.0184   0.0000E+00  0.0000
   7.4000E+01   7.5000E+01   1.4950E-02  0.0186   0.0000E+00  0.0000
   7.5000E+01   7.6000E+01   1.5188E-02  0.0184   0.0000E+00  0.0000
   7.6000E+01   7.7000E+01   1.6248E-02  0.0177   0.0000E+00  0.0000
   7.7000E+01   7.8000E+01   1.6239E-02  0.0177   0.0000E+00  0.0000
   7.8000E+01   7.9000E+01   1.5311E-02  0.0182   0.0000E+00  0.0000
   7.9000E+01   8.0000E+01   1.5384E-02  0.0182   0.0000E+00  0.0000
   8.0000E+01   8.1000E+01   1.3500E-02  0.0195   0.0000E+00  0.0000
   8.1000E+01   8.2000E+01   1.4328E-02  0.0188   0.0000E+00  0.0000
   8.2000E+01   8.3000E+01   1.3897E-02  0.0191   0.0000E+00  0.0000
   8.3000E+01   8.4000E+01   1.3132E-02  0.0196   0.0000E+00  0.0000
   8.4000E+01   8.5000E+01   1.2633E-02  0.0201   0.0000E+00  0.0000
   8.5000E+01   8.6000E+01   1.3221E-02  0.0195   0.0000E+00  0.0000
   8.6000E+01   8.7000E+01   1.5183E-02  0.0182   0.0000E+00  0.0000
   8.7000E+01   8.8000E+01   1.2393E-02  0.0201   0.0000E+00  0.0000
   8.8000E+01   8.9000E+01   1.2542E-02  0.0200   0.0000E+00  0.0000
   8.9000E+01   9.0000E+01   1.1406E-02  0.0210   0.0000E+00  0.0000
   9.0000E+01   9.1000E+01   1.2549E-02  0.0199   0.0000E+00  0.0000
   9.1000E+01   9.2000E+01   1.0919E-02  0.0214   0.0000E+00  0.0000
   9.2000E+01   9.3000E+01   1.2700E-02  0.0199   0.0000E+00  0.0000
   9.3000E+01   9.4000E+01   1.1639E-02  0.0206   0.0000E+00  0.0000
   9.4000E+01   9.5000E+01   1.2231E-02  0.0201   0.0000E+00  0.0000
   9.5000E+01   9.6000E+01   1.2073E-02  0.0203   0.0000E+00  0.0000
   9.6000E+01   9.7000E+01   1.2495E-02  0.0199   0.0000E+00  0.0000
   9.7000E+01   9.8000E+01   1.1870E-02  0.0204   0.0000E+00  0.0000
   9.8000E+01   9.9000E+01   9.5810E-03  0.0228   0.0000E+00  0.0000
   9.9000E+01   1.0000E+02   1.0484E-02  0.0218   0.0000E+00  0.0000
   1.0000E+02   1.0100E+02   8.5217E-03  0.0242   0.0000E+00  0.0000
   1.0100E+02   1.0200E+02   8.3924E-03  0.0244   0.0000E+00  0.0000
   1.0200E+02   1.0300E+02   8.9777E-03  0.0235   0.0000E+00  0.0000
   1.0300E+02   1.0400E+02   9.9307E-03  0.0223   0.0000E+00  0.0000
   1.0400E+02   1.0500E+02   8.4862E-03  0.0241   0.0000E+00  0.0000
   1.0500E+02   1.0600E+02   8.7533E-03  0.0237   0.0000E+00  0.0000
   1.0600E+02   1.0700E+02   9.0172E-03  0.0234   0.0000E+00  0.0000
   1.0700E+02   1.0800E+02   8.9368E-03  0.0235   0.0000E+00  0.0000
   1.0800E+02   1.0900E+02   9.4704E-03  0.0228   0.0000E+00  0.0000
   1.0900E+02   1.1000E+02   7.9453E-03  0.0249   0.0000E+00  0.0000
   1.1000E+02   1.1100E+02   7.7448E-03  0.0252   0.0000E+00  0.0000
   1.1100E+02   1.1200E+02   7.3054E-03  0.0259   0.0000E+00  0.0000
   1.1200E+02   1.1300E+02   7.4980E-03  0.0256   0.0000E+00  0.0000
   1.1300E+02   1.1400E+02   8.1814E-03  0.0244   0.0000E+00  0.0000
   1.1400E+02   1.1500E+02   6.9005E-03  0.0267   0.0000E+00  0.0000
   1.1500E+02   1.1600E+02   7.0534E-03  0.0263   0.0000E+00  0.0000
   1.1600E+02   1.1700E+02   7.5059E-03  0.0255   0.0000E+00  0.0000
   1.1700E+02   1.1800E+02   7.5537E-03  0.0254   0.0000E+00  0.0000
   1.1800E+02   1.1900E+02   7.9800E-03  0.0246   0.0000E+00  0.0000
   1.1900E+02   1.2000E+02   7.5648E-03  0.0254   0.0000E+00  0.0000
   1.2000E+02   1.2100E+02   6.7534E-03  0.0269   0.0000E+00  0.0000
   1.2100E+02   1.2200E+02   6.8091E-03  0.0267   0.0000E+00  0.0000
   1.2200E+02   1.2300E+02   6.1748E-03  0.0280   0.0000E+00  0.0000
   1.2300E+02   1.2400E+02   7.1594E-03  0.0260   0.0000E+00  0.0000
   1.2400E+02   1.2500E+02   4.6010E-03  0.0327   0.0000E+00  0.0000
   1.2500E+02   1.2600E+02   4.8902E-03  0.0316   0.0000E+00  0.0000
   1.2600E+02   1.2700E+02   6.5046E-03  0.0273   0.0000E+00  0.0000
   1.2700E+02   1.2800E+02   6.5039E-03  0.0273   0.0000E+00  0.0000
   1.2800E+02   1.2900E+02   5.6241E-03  0.0294   0.0000E+00  0.0000
   1.2900E+02   1.3000E+02   5.5894E-03  0.0294   0.0000E+00  0.0000
   1.3000E+02   1.3100E+02   5.3304E-03  0.0302   0.0000E+00  0.0000
   1.3100E+02   1.3200E+02   5.8524E-03  0.0288   0.0000E+00  0.0000
   1.3200E+02   1.3300E+02   5.8885E-03  0.0286   0.0000E+00  0.0000
   1.3300E+02   1.3400E+02   5.5120E-03  0.0295   0.0000E+00  0.0000
   1.3400E+02   1.3500E+02   5.5309E-03  0.0295   0.0000E+00  0.0000
   1.3500E+02   1.3600E+02   5.3990E-03  0.0300   0.0000E+00  0.0000
   1.3600E+02   1.3700E+02   5.3678E-03  0.0300   0.0000E+00  0.0000
   1.3700E+02   1.3800E+02   4.6053E-03  0.0324   0.0000E+00  0.0000
   1.3800E+02   1.3900E+02   4.3327E-03  0.0334   0.0000E+00  0.0000
   1.3900E+02   1.4000E+02   4.2005E-03  0.0340   0.0000E+00  0.0000
   1.4000E+02   1.4100E+02   4.3827E-03  0.0332   0.0000E+00  0.0000
   1.4100E+02   1.4200E+02   5.0792E-03  0.0308   0.0000E+00  0.0000
   1.4200E+02   1.4300E+02   4.4298E-03  0.0330   0.0000E+00  0.0000
   1.4300E+02   1.4400E+02   5.2642E-03  0.0302   0.0000E+00  0.0000
   1.4400E+02   1.4500E+02   4.5329E-03  0.0326   0.0000E+00  0.0000
   1.4500E+02   1.4600E+02   4.3363E-03  0.0332   0.0000E+00  0.0000
   1.4600E+02   1.4700E+02   4.3459E-03  0.0332   0.0000E+00  0.0000
   1.4700E+02   1.4800E+02   4.4579E-03  0.0328   0.0000E+00  0.0000
   1.4800E+02   1.4900E+02   3.4176E-03  0.0376   0.0000E+00  0.0000
   1.4900E+02   1.5000E+02   4.0751E-03  0.0344   0.0000E+00  0.0000
   1.5000E+02   1.5100E+02   3.5959E-03  0.0366   0.0000E+00  0.0000
   1.5100E+02   1.5200E+02   4.3613E-03  0.0331   0.0000E+00  0.0000
   1.5200E+02   1.5300E+02   3.5686E-03  0.0367   0.0000E+00  0.0000
   1.5300E+02   1.5400E+02   4.9736E-03  0.0310   0.0000E+00  0.0000
   1.5400E+02   1.5500E+02   3.6843E-03  0.0362   0.0000E+00  0.0000
   1.5500E+02   1.5600E+02   4.5170E-03  0.0326   0.0000E+00  0.0000
   1.5600E+02   1.5700E+02   4.1963E-03  0.0338   0.0000E+00  0.0000
   1.5700E+02   1.5800E+02   2.2940E-03  0.0457   0.0000E+00  0.0000
   1.5800E+02   1.5900E+02   3.4496E-03  0.0372   0.0000E+00  0.0000
   1.5900E+02   1.6000E+02   3.2002E-03  0.0387   0.0000E+00  0.0000
   1.6000E+02   1.6100E+02   1.8836E-03  0.0506   0.0000E+00  0.0000
   1.6100E+02   1.6200E+02   2.4956E-03  0.0438   0.0000E+00  0.0000
   1.6200E+02   1.6300E+02   2.6209E-03  0.0427   0.0000E+00  0.0000
   1.6300E+02   1.6400E+02   3.9294E-03  0.0348   0.0000E+00  0.0000
   1.6400E+02   1.6500E+02   2.8065E-03  0.0412   0.0000E+00  0.0000
   1.6500E+02   1.6600E+02   3.4171E-03  0.0373   0.0000E+00  0.0000
   1.6600E+02   1.6700E+02   2.8312E-03  0.0411   0.0000E+00  0.0000
   1.6700E+02   1.6800E+02   2.5624E-03  0.0432   0.0000E+00  0.0000
   1.6800E+02   1.6900E+02   2.5322E-03  0.0434   0.0000E+00  0.0000
   1.6900E+02   1.7000E+02   2.9048E-03  0.0405   0.0000E+00  0.0000
   1.7000E+02   1.7100E+02   2.2341E-03  0.0462   0.0000E+00  0.0000
   1.7100E+02   1.7200E+02   2.7893E-03  0.0413   0.0000E+00  0.0000
   1.7200E+02   1.7300E+02   2.5416E-03  0.0433   0.0000E+00  0.0000
   1.7300E+02   1.7400E+02   2.4430E-03  0.0441   0.0000E+00  0.0000
   1.7400E+02   1.7500E+02   2.4606E-03  0.0441   0.0000E+00  0.0000
   1.7500E+02   1.7600E+02   2.9889E-03  0.0399   0.0000E+00  0.0000
   1.7600E+02   1.7700E+02   1.6573E-03  0.0538   0.0000E+00  0.0000
   1.7700E+02   1.7800E+02   2.8681E-03  0.0407   0.0000E+00  0.0000
   1.7800E+02   1.7900E+02   2.5834E-03  0.0429   0.0000E+00  0.0000
   1.7900E+02   1.8000E+02   2.2413E-03  0.0460   0.0000E+00  0.0000
   1.8000E+02   1.8100E+02   2.5715E-03  0.0430   0.0000E+00  0.0000
   1.8100E+02   1.8200E+02   2.2744E-03  0.0458   0.0000E+00  0.0000
   1.8200E+02   1.8300E+02   1.7020E-03  0.0529   0.0000E+00  0.0000
   1.8300E+02   1.8400E+02   2.6250E-03  0.0425   0.0000E+00  0.0000
   1.8400E+02   1.8500E+02   2.6034E-03  0.0427   0.0000E+00  0.0000
   1.8500E+02   1.8600E+02   2.1759E-03  0.0467   0.0000E+00  0.0000
   1.8600E+02   1.8700E+02   2.5201E-03  0.0434   0.0000E+00  0.0000
   1.8700E+02   1.8800E+02   1.9330E-03  0.0496   0.0000E+00  0.0000
   1.8800E+02   1.8900E+02   2.0849E-03  0.0476   0.0000E+00  0.0000
   1.8900E+02   1.9000E+02   1.7787E-03  0.0517   0.0000E+00  0.0000
   1.9000E+02   1.9100E+02   1.2649E-03  0.0612   0.0000E+00  0.0000
   1.9100E+02   1.9200E+02   1.6070E-03  0.0543   0.0000E+00  0.0000
   1.9200E+02   1.9300E+02   1.5384E-03  0.0555   0.0000E+00  0.0000
   1.9300E+02   1.9400E+02   1.4402E-03  0.0574   0.0000E+00  0.0000
   1.9400E+02   1.9500E+02   1.6402E-03  0.0538   0.0000E+00  0.0000
   1.9500E+02   1.9600E+02   1.7441E-03  0.0521   0.0000E+00  0.0000
   1.9600E+02   1.9700E+02   1.8791E-03  0.0503   0.0000E+00  0.0000
   1.9700E+02   1.9800E+02   1.1646E-03  0.0638   0.0000E+00  0.0000
   1.9800E+02   1.9900E+02   1.1445E-03  0.0643   0.0000E+00  0.0000
   1.9900E+02   2.0000E+02   1.4234E-03  0.0577   0.0000E+00  0.0000
   2.0000E+02   2.0100E+02   1.7330E-03  0.0523   0.0000E+00  0.0000
   2.0100E+02   2.0200E+02   9.8798E-04  0.0692   0.0000E+00  0.0000
   2.0200E+02   2.0300E+02   9.7806E-04  0.0696   0.0000E+00  0.0000
   2.0300E+02   2.0400E+02   1.5288E-03  0.0557   0.0000E+00  0.0000
   2.0400E+02   2.0500E+02   8.5862E-04  0.0744   0.0000E+00  0.0000
   2.0500E+02   2.0600E+02   1.1787E-03  0.0634   0.0000E+00  0.0000
   2.0600E+02   2.0700E+02   1.3605E-03  0.0589   0.0000E+00  0.0000
   2.0700E+02   2.0800E+02   6.5199E-04  0.0855   0.0000E+00  0.0000
   2.0800E+02   2.0900E+02   1.0367E-03  0.0676   0.0000E+00  0.0000
   2.0900E+02   2.1000E+02   5.0920E-04  0.0967   0.0000E+00  0.0000
   2.1000E+02   2.1100E+02   1.4747E-03  0.0566   0.0000E+00  0.0000
   2.1100E+02   2.1200E+02   1.7207E-03  0.0523   0.0000E+00  0.0000
   2.1200E+02   2.1300E+02   1.1453E-03  0.0643   0.0000E+00  0.0000
   2.1300E+02   2.1400E+02   1.4327E-03  0.0574   0.0000E+00  0.0000
   2.1400E+02   2.1500E+02   1.1994E-03  0.0628   0.0000E+00  0.0000
   2.1500E+02   2.1600E+02   1.0647E-03  0.0665   0.0000E+00  0.0000
   2.1600E+02   2.1700E+02   5.1901E-04  0.0958   0.0000E+00  0.0000
   2.1700E+02   2.1800E+02   7.8312E-04  0.0776   0.0000E+00  0.0000
   2.1800E+02   2.1900E+02   1.3678E-03  0.0588   0.0000E+00  0.0000
   2.1900E+02   2.2000E+02   1.6668E-03  0.0531   0.0000E+00  0.0000
   2.2000E+02   2.2100E+02   1.1214E-03  0.0648   0.0000E+00  0.0000
   2.2100E+02   2.2200E+02   5.7744E-04  0.0906   0.0000E+00  0.0000
   2.2200E+02   2.2300E+02   7.3577E-04  0.0801   0.0000E+00  0.0000
   2.2300E+02   2.2400E+02   1.1364E-03  0.0644   0.0000E+00  0.0000
   2.2400E+02   2.2500E+02   1.0886E-03  0.0658   0.0000E+00  0.0000
   2.2500E+02   2.2600E+02   8.6340E-04  0.0739   0.0000E+00  0.0000
   2.2600E+02   2.2700E+02   6.2641E-04  0.0867   0.0000E+00  0.0000
   2.2700E+02   2.2800E+02   1.9004E-04  0.1581   0.0000E+00  0.0000
   2.2800E+02   2.2900E+02   4.6348E-04  0.1010   0.0000E+00  0.0000
   2.2900E+02   2.3000E+02   9.2928E-04  0.0713   0.0000E+00  0.0000
   2.3000E+02   2.3100E+02   7.7593E-04  0.0779   0.0000E+00  0.0000
   2.3100E+02   2.3200E+02   8.0177E-04  0.0766   0.0000E+00  0.0000
   2.3200E+02   2.3300E+02   5.1336E-04  0.0958   0.0000E+00  0.0000
   2.3300E+02   2.3400E+02   4.7453E-04  0.0996   0.0000E+00  0.0000
   2.3400E+02   2.3500E+02   4.3155E-04  0.1044   0.0000E+00  0.0000
   2.3500E+02   2.3600E+02   8.3317E-04  0.0752   0.0000E+00  0.0000
   2.3600E+02   2.3700E+02   4.9974E-04  0.0971   0.0000E+00  0.0000
   2.3700E+02   2.3800E+02   3.8750E-04  0.1104   0.0000E+00  0.0000
   2.3800E+02   2.3900E+02   3.8541E-04  0.1106   0.0000E+00  0.0000
   2.3900E+02   2.4000E+02   7.6745E-04  0.0783   0.0000E+00  0.0000
   2.4000E+02   2.4100E+02   8.5221E-04  0.0743   0.0000E+00  0.0000
   2.4100E+02   2.4200E+02   5.8481E-04  0.0898   0.0000E+00  0.0000
   2.4200E+02   2.4300E+02   7.7735E-04  0.0779   0.0000E+00  0.0000
   2.4300E+02   2.4400E+02   5.2307E-04  0.0949   0.0000E+00  0.0000
   2.4400E+02   2.4500E+02   5.7907E-04  0.0902   0.0000E+00  0.0000
   2.4500E+02   2.4600E+02   8.1437E-04  0.0760   0.0000E+00  0.0000
   2.4600E+02   2.4700E+02   3.6297E-04  0.1140   0.0000E+00  0.0000
   2.4700E+02   2.4800E+02   1.9837E-04  0.1543   0.0000E+00  0.0000
   2.4800E+02   2.4900E+02   8.0957E-04  0.0763   0.0000E+00  0.0000
   2.4900E+02   2.5000E+02   1.3641E-04  0.1857   0.0000E+00  0.0000

#   sum over                 3.9742E-02           3.9708E-02

'no. =  1,  reg  =      4'
msuc: {\huge [t-track] in region mesh}
msdr: {\it plotted by \ANGEL \version}
msdl: {\it calculated by \PHITS  3.26}
wt: s(0.7)
\vspace{-3}
   vol  &=&   1.0000E+00 [cm^3]
e:
 
# Information for Restart Calculation
# This calculation was newly started
# istdev =  2 # 1:Batch variance, 2:History variance
# resc2  = 1.06400000000000000E+07 # Total source weight or Total source weight / maxcas
# resc3  = 1.06400000000000000E+07 # Total history number or Total batch number
# maxcas =       10000 # History / Batch, only used for istdev=1
# bitrseed = 1010100001010000010101000010000000011100111101001010010100110010 # bit data of rseed
