[ T-Track ]
    title = [t-track] in region mesh
     mesh =  reg            # mesh type is region-wise
      reg = 4
   e-type =    1            # e-mesh is given by the below data
       ne =    250          # number of e-mesh points
#    data = ( e(i), i = 1, ne + 1 )
            0.00000E+00  1.00000E+00  2.00000E+00  3.00000E+00  4.00000E+00
            5.00000E+00  6.00000E+00  7.00000E+00  8.00000E+00  9.00000E+00
            1.00000E+01  1.10000E+01  1.20000E+01  1.30000E+01  1.40000E+01
            1.50000E+01  1.60000E+01  1.70000E+01  1.80000E+01  1.90000E+01
            2.00000E+01  2.10000E+01  2.20000E+01  2.30000E+01  2.40000E+01
            2.50000E+01  2.60000E+01  2.70000E+01  2.80000E+01  2.90000E+01
            3.00000E+01  3.10000E+01  3.20000E+01  3.30000E+01  3.40000E+01
            3.50000E+01  3.60000E+01  3.70000E+01  3.80000E+01  3.90000E+01
            4.00000E+01  4.10000E+01  4.20000E+01  4.30000E+01  4.40000E+01
            4.50000E+01  4.60000E+01  4.70000E+01  4.80000E+01  4.90000E+01
            5.00000E+01  5.10000E+01  5.20000E+01  5.30000E+01  5.40000E+01
            5.50000E+01  5.60000E+01  5.70000E+01  5.80000E+01  5.90000E+01
            6.00000E+01  6.10000E+01  6.20000E+01  6.30000E+01  6.40000E+01
            6.50000E+01  6.60000E+01  6.70000E+01  6.80000E+01  6.90000E+01
            7.00000E+01  7.10000E+01  7.20000E+01  7.30000E+01  7.40000E+01
            7.50000E+01  7.60000E+01  7.70000E+01  7.80000E+01  7.90000E+01
            8.00000E+01  8.10000E+01  8.20000E+01  8.30000E+01  8.40000E+01
            8.50000E+01  8.60000E+01  8.70000E+01  8.80000E+01  8.90000E+01
            9.00000E+01  9.10000E+01  9.20000E+01  9.30000E+01  9.40000E+01
            9.50000E+01  9.60000E+01  9.70000E+01  9.80000E+01  9.90000E+01
            1.00000E+02  1.01000E+02  1.02000E+02  1.03000E+02  1.04000E+02
            1.05000E+02  1.06000E+02  1.07000E+02  1.08000E+02  1.09000E+02
            1.10000E+02  1.11000E+02  1.12000E+02  1.13000E+02  1.14000E+02
            1.15000E+02  1.16000E+02  1.17000E+02  1.18000E+02  1.19000E+02
            1.20000E+02  1.21000E+02  1.22000E+02  1.23000E+02  1.24000E+02
            1.25000E+02  1.26000E+02  1.27000E+02  1.28000E+02  1.29000E+02
            1.30000E+02  1.31000E+02  1.32000E+02  1.33000E+02  1.34000E+02
            1.35000E+02  1.36000E+02  1.37000E+02  1.38000E+02  1.39000E+02
            1.40000E+02  1.41000E+02  1.42000E+02  1.43000E+02  1.44000E+02
            1.45000E+02  1.46000E+02  1.47000E+02  1.48000E+02  1.49000E+02
            1.50000E+02  1.51000E+02  1.52000E+02  1.53000E+02  1.54000E+02
            1.55000E+02  1.56000E+02  1.57000E+02  1.58000E+02  1.59000E+02
            1.60000E+02  1.61000E+02  1.62000E+02  1.63000E+02  1.64000E+02
            1.65000E+02  1.66000E+02  1.67000E+02  1.68000E+02  1.69000E+02
            1.70000E+02  1.71000E+02  1.72000E+02  1.73000E+02  1.74000E+02
            1.75000E+02  1.76000E+02  1.77000E+02  1.78000E+02  1.79000E+02
            1.80000E+02  1.81000E+02  1.82000E+02  1.83000E+02  1.84000E+02
            1.85000E+02  1.86000E+02  1.87000E+02  1.88000E+02  1.89000E+02
            1.90000E+02  1.91000E+02  1.92000E+02  1.93000E+02  1.94000E+02
            1.95000E+02  1.96000E+02  1.97000E+02  1.98000E+02  1.99000E+02
            2.00000E+02  2.01000E+02  2.02000E+02  2.03000E+02  2.04000E+02
            2.05000E+02  2.06000E+02  2.07000E+02  2.08000E+02  2.09000E+02
            2.10000E+02  2.11000E+02  2.12000E+02  2.13000E+02  2.14000E+02
            2.15000E+02  2.16000E+02  2.17000E+02  2.18000E+02  2.19000E+02
            2.20000E+02  2.21000E+02  2.22000E+02  2.23000E+02  2.24000E+02
            2.25000E+02  2.26000E+02  2.27000E+02  2.28000E+02  2.29000E+02
            2.30000E+02  2.31000E+02  2.32000E+02  2.33000E+02  2.34000E+02
            2.35000E+02  2.36000E+02  2.37000E+02  2.38000E+02  2.39000E+02
            2.40000E+02  2.41000E+02  2.42000E+02  2.43000E+02  2.44000E+02
            2.45000E+02  2.46000E+02  2.47000E+02  2.48000E+02  2.49000E+02
            2.50000E+02
     unit =    2            # unit is [1/cm^2/(MeV/n)/source]
 material =  all            # (D=all) number of specific material
     axis =     eng            # axis of output
     file = neutral_particles_shield1_HE.out  # file name of output for the above axis
     part =  neutron    photon   
# kf/name :  2112       22       
#    used :        main (  %)        temp (  %)       total (  %)
#  memory :         257 (  0)           0 (  0)         257 (  0)

#------------------------------------------------------------------------------
#newpage:
#   no. =  1   reg =      4

x: Energy [MeV/n]
y: Flux [1/cm^2/(MeV/n)/source]      
p: xlin ylog afac(0.8) form(0.9)
h: n            x            y(neutron ),hh0l   n y(photon  ),hh0dr  n 
#  e-lower      e-upper      neutron     r.err    photon      r.err 
   0.0000E+00   1.0000E+00   1.3716E-01  0.0054   4.3068E-01  0.0032
   1.0000E+00   2.0000E+00   1.8812E-02  0.0138   1.1340E-01  0.0054
   2.0000E+00   3.0000E+00   1.9418E-02  0.0134   7.8099E-02  0.0064
   3.0000E+00   4.0000E+00   1.1654E-02  0.0175   4.3094E-02  0.0085
   4.0000E+00   5.0000E+00   1.1149E-02  0.0176   3.5216E-02  0.0093
   5.0000E+00   6.0000E+00   1.0585E-02  0.0179   1.9251E-02  0.0128
   6.0000E+00   7.0000E+00   8.9572E-03  0.0193   2.4818E-02  0.0113
   7.0000E+00   8.0000E+00   6.0950E-03  0.0233   1.1351E-02  0.0164
   8.0000E+00   9.0000E+00   6.2302E-03  0.0229   2.7248E-03  0.0341
   9.0000E+00   1.0000E+01   5.2860E-03  0.0252   1.4053E-03  0.0479
   1.0000E+01   1.1000E+01   4.5912E-03  0.0269   4.2953E-04  0.0849
   1.1000E+01   1.2000E+01   3.9476E-03  0.0291   1.2233E-04  0.1634
   1.2000E+01   1.3000E+01   3.9699E-03  0.0288   1.6679E-05  0.4122
   1.3000E+01   1.4000E+01   3.7644E-03  0.0294   0.0000E+00  0.0000
   1.4000E+01   1.5000E+01   3.6162E-03  0.0299   0.0000E+00  0.0000
   1.5000E+01   1.6000E+01   3.2895E-03  0.0315   2.5146E-06  1.0000
   1.6000E+01   1.7000E+01   3.3445E-03  0.0311   0.0000E+00  0.0000
   1.7000E+01   1.8000E+01   3.2745E-03  0.0315   0.0000E+00  0.0000
   1.8000E+01   1.9000E+01   2.9970E-03  0.0326   0.0000E+00  0.0000
   1.9000E+01   2.0000E+01   3.0260E-03  0.0325   0.0000E+00  0.0000
   2.0000E+01   2.1000E+01   4.0803E-03  0.0276   0.0000E+00  0.0000
   2.1000E+01   2.2000E+01   3.7861E-03  0.0287   0.0000E+00  0.0000
   2.2000E+01   2.3000E+01   3.8566E-03  0.0284   0.0000E+00  0.0000
   2.3000E+01   2.4000E+01   3.7605E-03  0.0289   0.0000E+00  0.0000
   2.4000E+01   2.5000E+01   3.5733E-03  0.0292   0.0000E+00  0.0000
   2.5000E+01   2.6000E+01   3.6356E-03  0.0290   0.0000E+00  0.0000
   2.6000E+01   2.7000E+01   3.8607E-03  0.0281   0.0000E+00  0.0000
   2.7000E+01   2.8000E+01   3.8681E-03  0.0279   0.0000E+00  0.0000
   2.8000E+01   2.9000E+01   3.8416E-03  0.0280   0.0000E+00  0.0000
   2.9000E+01   3.0000E+01   3.8838E-03  0.0277   0.0000E+00  0.0000
   3.0000E+01   3.1000E+01   3.7066E-03  0.0283   0.0000E+00  0.0000
   3.1000E+01   3.2000E+01   3.8323E-03  0.0281   0.0000E+00  0.0000
   3.2000E+01   3.3000E+01   3.7236E-03  0.0282   0.0000E+00  0.0000
   3.3000E+01   3.4000E+01   3.8207E-03  0.0278   0.0000E+00  0.0000
   3.4000E+01   3.5000E+01   3.9178E-03  0.0275   0.0000E+00  0.0000
   3.5000E+01   3.6000E+01   3.8956E-03  0.0274   0.0000E+00  0.0000
   3.6000E+01   3.7000E+01   3.8983E-03  0.0273   0.0000E+00  0.0000
   3.7000E+01   3.8000E+01   3.8325E-03  0.0277   0.0000E+00  0.0000
   3.8000E+01   3.9000E+01   3.8221E-03  0.0277   0.0000E+00  0.0000
   3.9000E+01   4.0000E+01   3.6939E-03  0.0281   0.0000E+00  0.0000
   4.0000E+01   4.1000E+01   3.8886E-03  0.0272   0.0000E+00  0.0000
   4.1000E+01   4.2000E+01   3.7592E-03  0.0275   0.0000E+00  0.0000
   4.2000E+01   4.3000E+01   3.7578E-03  0.0276   0.0000E+00  0.0000
   4.3000E+01   4.4000E+01   3.7489E-03  0.0274   0.0000E+00  0.0000
   4.4000E+01   4.5000E+01   3.9461E-03  0.0269   2.5110E-06  1.0000
   4.5000E+01   4.6000E+01   3.8904E-03  0.0269   0.0000E+00  0.0000
   4.6000E+01   4.7000E+01   4.0601E-03  0.0262   0.0000E+00  0.0000
   4.7000E+01   4.8000E+01   3.7806E-03  0.0274   0.0000E+00  0.0000
   4.8000E+01   4.9000E+01   3.8519E-03  0.0270   0.0000E+00  0.0000
   4.9000E+01   5.0000E+01   3.7891E-03  0.0271   0.0000E+00  0.0000
   5.0000E+01   5.1000E+01   3.6989E-03  0.0274   0.0000E+00  0.0000
   5.1000E+01   5.2000E+01   3.8128E-03  0.0269   0.0000E+00  0.0000
   5.2000E+01   5.3000E+01   3.9190E-03  0.0265   0.0000E+00  0.0000
   5.3000E+01   5.4000E+01   3.8137E-03  0.0270   0.0000E+00  0.0000
   5.4000E+01   5.5000E+01   3.8669E-03  0.0265   0.0000E+00  0.0000
   5.5000E+01   5.6000E+01   3.5963E-03  0.0274   0.0000E+00  0.0000
   5.6000E+01   5.7000E+01   3.6692E-03  0.0272   0.0000E+00  0.0000
   5.7000E+01   5.8000E+01   3.6453E-03  0.0273   0.0000E+00  0.0000
   5.8000E+01   5.9000E+01   3.8769E-03  0.0264   0.0000E+00  0.0000
   5.9000E+01   6.0000E+01   3.6718E-03  0.0272   0.0000E+00  0.0000
   6.0000E+01   6.1000E+01   3.7352E-03  0.0267   0.0000E+00  0.0000
   6.1000E+01   6.2000E+01   3.4297E-03  0.0277   0.0000E+00  0.0000
   6.2000E+01   6.3000E+01   3.5871E-03  0.0273   0.0000E+00  0.0000
   6.3000E+01   6.4000E+01   3.3884E-03  0.0279   0.0000E+00  0.0000
   6.4000E+01   6.5000E+01   3.2735E-03  0.0283   0.0000E+00  0.0000
   6.5000E+01   6.6000E+01   3.3795E-03  0.0281   0.0000E+00  0.0000
   6.6000E+01   6.7000E+01   3.1970E-03  0.0288   0.0000E+00  0.0000
   6.7000E+01   6.8000E+01   3.5056E-03  0.0275   0.0000E+00  0.0000
   6.8000E+01   6.9000E+01   3.3263E-03  0.0280   0.0000E+00  0.0000
   6.9000E+01   7.0000E+01   3.4195E-03  0.0277   0.0000E+00  0.0000
   7.0000E+01   7.1000E+01   3.4102E-03  0.0275   0.0000E+00  0.0000
   7.1000E+01   7.2000E+01   3.3461E-03  0.0278   0.0000E+00  0.0000
   7.2000E+01   7.3000E+01   3.1920E-03  0.0286   0.0000E+00  0.0000
   7.3000E+01   7.4000E+01   3.1849E-03  0.0284   0.0000E+00  0.0000
   7.4000E+01   7.5000E+01   3.1284E-03  0.0286   0.0000E+00  0.0000
   7.5000E+01   7.6000E+01   2.9542E-03  0.0294   0.0000E+00  0.0000
   7.6000E+01   7.7000E+01   3.1973E-03  0.0283   0.0000E+00  0.0000
   7.7000E+01   7.8000E+01   3.2621E-03  0.0282   0.0000E+00  0.0000
   7.8000E+01   7.9000E+01   3.1742E-03  0.0284   0.0000E+00  0.0000
   7.9000E+01   8.0000E+01   2.8995E-03  0.0295   0.0000E+00  0.0000
   8.0000E+01   8.1000E+01   3.0321E-03  0.0289   0.0000E+00  0.0000
   8.1000E+01   8.2000E+01   2.8561E-03  0.0298   0.0000E+00  0.0000
   8.2000E+01   8.3000E+01   2.8829E-03  0.0296   0.0000E+00  0.0000
   8.3000E+01   8.4000E+01   2.8086E-03  0.0301   0.0000E+00  0.0000
   8.4000E+01   8.5000E+01   2.8263E-03  0.0299   0.0000E+00  0.0000
   8.5000E+01   8.6000E+01   2.8391E-03  0.0297   0.0000E+00  0.0000
   8.6000E+01   8.7000E+01   2.9481E-03  0.0289   0.0000E+00  0.0000
   8.7000E+01   8.8000E+01   2.7479E-03  0.0303   0.0000E+00  0.0000
   8.8000E+01   8.9000E+01   2.7265E-03  0.0303   0.0000E+00  0.0000
   8.9000E+01   9.0000E+01   2.5724E-03  0.0311   0.0000E+00  0.0000
   9.0000E+01   9.1000E+01   2.7333E-03  0.0303   0.0000E+00  0.0000
   9.1000E+01   9.2000E+01   2.6517E-03  0.0307   0.0000E+00  0.0000
   9.2000E+01   9.3000E+01   2.5426E-03  0.0312   0.0000E+00  0.0000
   9.3000E+01   9.4000E+01   2.4816E-03  0.0315   0.0000E+00  0.0000
   9.4000E+01   9.5000E+01   2.5317E-03  0.0313   0.0000E+00  0.0000
   9.5000E+01   9.6000E+01   2.6795E-03  0.0302   0.0000E+00  0.0000
   9.6000E+01   9.7000E+01   2.5001E-03  0.0313   0.0000E+00  0.0000
   9.7000E+01   9.8000E+01   2.3503E-03  0.0322   0.0000E+00  0.0000
   9.8000E+01   9.9000E+01   2.3501E-03  0.0324   0.0000E+00  0.0000
   9.9000E+01   1.0000E+02   2.0636E-03  0.0343   0.0000E+00  0.0000
   1.0000E+02   1.0100E+02   2.0146E-03  0.0348   0.0000E+00  0.0000
   1.0100E+02   1.0200E+02   1.9267E-03  0.0355   0.0000E+00  0.0000
   1.0200E+02   1.0300E+02   2.0747E-03  0.0341   0.0000E+00  0.0000
   1.0300E+02   1.0400E+02   2.1682E-03  0.0333   0.0000E+00  0.0000
   1.0400E+02   1.0500E+02   2.0609E-03  0.0343   0.0000E+00  0.0000
   1.0500E+02   1.0600E+02   1.8771E-03  0.0359   0.0000E+00  0.0000
   1.0600E+02   1.0700E+02   2.0559E-03  0.0343   0.0000E+00  0.0000
   1.0700E+02   1.0800E+02   2.2007E-03  0.0330   0.0000E+00  0.0000
   1.0800E+02   1.0900E+02   2.1484E-03  0.0335   0.0000E+00  0.0000
   1.0900E+02   1.1000E+02   1.8373E-03  0.0360   0.0000E+00  0.0000
   1.1000E+02   1.1100E+02   1.7930E-03  0.0367   0.0000E+00  0.0000
   1.1100E+02   1.1200E+02   1.7414E-03  0.0373   0.0000E+00  0.0000
   1.1200E+02   1.1300E+02   1.7511E-03  0.0371   0.0000E+00  0.0000
   1.1300E+02   1.1400E+02   1.8005E-03  0.0364   0.0000E+00  0.0000
   1.1400E+02   1.1500E+02   1.8366E-03  0.0361   0.0000E+00  0.0000
   1.1500E+02   1.1600E+02   1.7892E-03  0.0366   0.0000E+00  0.0000
   1.1600E+02   1.1700E+02   1.7832E-03  0.0367   0.0000E+00  0.0000
   1.1700E+02   1.1800E+02   1.7295E-03  0.0371   0.0000E+00  0.0000
   1.1800E+02   1.1900E+02   1.6913E-03  0.0375   0.0000E+00  0.0000
   1.1900E+02   1.2000E+02   1.6992E-03  0.0373   0.0000E+00  0.0000
   1.2000E+02   1.2100E+02   1.6840E-03  0.0374   0.0000E+00  0.0000
   1.2100E+02   1.2200E+02   1.4952E-03  0.0397   0.0000E+00  0.0000
   1.2200E+02   1.2300E+02   1.5468E-03  0.0390   0.0000E+00  0.0000
   1.2300E+02   1.2400E+02   1.4317E-03  0.0407   0.0000E+00  0.0000
   1.2400E+02   1.2500E+02   1.2747E-03  0.0431   0.0000E+00  0.0000
   1.2500E+02   1.2600E+02   1.3389E-03  0.0420   0.0000E+00  0.0000
   1.2600E+02   1.2700E+02   1.4842E-03  0.0397   0.0000E+00  0.0000
   1.2700E+02   1.2800E+02   1.3561E-03  0.0417   0.0000E+00  0.0000
   1.2800E+02   1.2900E+02   1.2718E-03  0.0429   0.0000E+00  0.0000
   1.2900E+02   1.3000E+02   1.3033E-03  0.0427   0.0000E+00  0.0000
   1.3000E+02   1.3100E+02   1.4063E-03  0.0409   0.0000E+00  0.0000
   1.3100E+02   1.3200E+02   1.2344E-03  0.0436   0.0000E+00  0.0000
   1.3200E+02   1.3300E+02   1.3017E-03  0.0423   0.0000E+00  0.0000
   1.3300E+02   1.3400E+02   1.1957E-03  0.0442   0.0000E+00  0.0000
   1.3400E+02   1.3500E+02   1.2847E-03  0.0425   0.0000E+00  0.0000
   1.3500E+02   1.3600E+02   1.2174E-03  0.0437   0.0000E+00  0.0000
   1.3600E+02   1.3700E+02   1.2330E-03  0.0435   0.0000E+00  0.0000
   1.3700E+02   1.3800E+02   1.0944E-03  0.0463   0.0000E+00  0.0000
   1.3800E+02   1.3900E+02   1.0282E-03  0.0477   0.0000E+00  0.0000
   1.3900E+02   1.4000E+02   9.8196E-04  0.0484   0.0000E+00  0.0000
   1.4000E+02   1.4100E+02   1.0687E-03  0.0466   0.0000E+00  0.0000
   1.4100E+02   1.4200E+02   1.0252E-03  0.0473   0.0000E+00  0.0000
   1.4200E+02   1.4300E+02   1.1268E-03  0.0453   0.0000E+00  0.0000
   1.4300E+02   1.4400E+02   1.0850E-03  0.0462   0.0000E+00  0.0000
   1.4400E+02   1.4500E+02   1.0514E-03  0.0472   0.0000E+00  0.0000
   1.4500E+02   1.4600E+02   9.5317E-04  0.0491   0.0000E+00  0.0000
   1.4600E+02   1.4700E+02   1.0376E-03  0.0472   0.0000E+00  0.0000
   1.4700E+02   1.4800E+02   9.8598E-04  0.0483   0.0000E+00  0.0000
   1.4800E+02   1.4900E+02   8.9310E-04  0.0509   0.0000E+00  0.0000
   1.4900E+02   1.5000E+02   9.2013E-04  0.0499   0.0000E+00  0.0000
   1.5000E+02   1.5100E+02   9.4191E-04  0.0492   0.0000E+00  0.0000
   1.5100E+02   1.5200E+02   9.2214E-04  0.0501   0.0000E+00  0.0000
   1.5200E+02   1.5300E+02   9.5862E-04  0.0488   0.0000E+00  0.0000
   1.5300E+02   1.5400E+02   9.9993E-04  0.0481   0.0000E+00  0.0000
   1.5400E+02   1.5500E+02   9.1121E-04  0.0502   0.0000E+00  0.0000
   1.5500E+02   1.5600E+02   9.6855E-04  0.0487   0.0000E+00  0.0000
   1.5600E+02   1.5700E+02   8.0094E-04  0.0538   0.0000E+00  0.0000
   1.5700E+02   1.5800E+02   6.5483E-04  0.0593   0.0000E+00  0.0000
   1.5800E+02   1.5900E+02   7.8161E-04  0.0542   0.0000E+00  0.0000
   1.5900E+02   1.6000E+02   7.4314E-04  0.0552   0.0000E+00  0.0000
   1.6000E+02   1.6100E+02   7.0842E-04  0.0570   0.0000E+00  0.0000
   1.6100E+02   1.6200E+02   7.3647E-04  0.0557   0.0000E+00  0.0000
   1.6200E+02   1.6300E+02   8.1495E-04  0.0529   0.0000E+00  0.0000
   1.6300E+02   1.6400E+02   7.8388E-04  0.0539   0.0000E+00  0.0000
   1.6400E+02   1.6500E+02   6.7927E-04  0.0577   0.0000E+00  0.0000
   1.6500E+02   1.6600E+02   6.8313E-04  0.0577   0.0000E+00  0.0000
   1.6600E+02   1.6700E+02   6.2748E-04  0.0603   0.0000E+00  0.0000
   1.6700E+02   1.6800E+02   6.5334E-04  0.0589   0.0000E+00  0.0000
   1.6800E+02   1.6900E+02   6.5993E-04  0.0588   0.0000E+00  0.0000
   1.6900E+02   1.7000E+02   5.9874E-04  0.0616   0.0000E+00  0.0000
   1.7000E+02   1.7100E+02   5.7930E-04  0.0625   0.0000E+00  0.0000
   1.7100E+02   1.7200E+02   5.6393E-04  0.0636   0.0000E+00  0.0000
   1.7200E+02   1.7300E+02   5.4218E-04  0.0643   0.0000E+00  0.0000
   1.7300E+02   1.7400E+02   5.0705E-04  0.0672   0.0000E+00  0.0000
   1.7400E+02   1.7500E+02   6.0749E-04  0.0611   0.0000E+00  0.0000
   1.7500E+02   1.7600E+02   5.1983E-04  0.0661   0.0000E+00  0.0000
   1.7600E+02   1.7700E+02   4.7438E-04  0.0693   0.0000E+00  0.0000
   1.7700E+02   1.7800E+02   5.7221E-04  0.0630   0.0000E+00  0.0000
   1.7800E+02   1.7900E+02   5.1301E-04  0.0661   0.0000E+00  0.0000
   1.7900E+02   1.8000E+02   5.3734E-04  0.0652   0.0000E+00  0.0000
   1.8000E+02   1.8100E+02   5.0487E-04  0.0668   0.0000E+00  0.0000
   1.8100E+02   1.8200E+02   4.5480E-04  0.0702   0.0000E+00  0.0000
   1.8200E+02   1.8300E+02   4.5925E-04  0.0699   0.0000E+00  0.0000
   1.8300E+02   1.8400E+02   5.3096E-04  0.0652   0.0000E+00  0.0000
   1.8400E+02   1.8500E+02   4.8325E-04  0.0681   0.0000E+00  0.0000
   1.8500E+02   1.8600E+02   5.7910E-04  0.0625   0.0000E+00  0.0000
   1.8600E+02   1.8700E+02   4.5610E-04  0.0701   0.0000E+00  0.0000
   1.8700E+02   1.8800E+02   4.1958E-04  0.0732   0.0000E+00  0.0000
   1.8800E+02   1.8900E+02   4.4131E-04  0.0713   0.0000E+00  0.0000
   1.8900E+02   1.9000E+02   4.2261E-04  0.0730   0.0000E+00  0.0000
   1.9000E+02   1.9100E+02   3.9587E-04  0.0755   0.0000E+00  0.0000
   1.9100E+02   1.9200E+02   3.6918E-04  0.0783   0.0000E+00  0.0000
   1.9200E+02   1.9300E+02   3.4150E-04  0.0809   0.0000E+00  0.0000
   1.9300E+02   1.9400E+02   3.6190E-04  0.0786   0.0000E+00  0.0000
   1.9400E+02   1.9500E+02   3.7271E-04  0.0774   0.0000E+00  0.0000
   1.9500E+02   1.9600E+02   3.5405E-04  0.0794   0.0000E+00  0.0000
   1.9600E+02   1.9700E+02   3.1037E-04  0.0852   0.0000E+00  0.0000
   1.9700E+02   1.9800E+02   2.7865E-04  0.0899   0.0000E+00  0.0000
   1.9800E+02   1.9900E+02   3.3862E-04  0.0812   0.0000E+00  0.0000
   1.9900E+02   2.0000E+02   3.6849E-04  0.0776   0.0000E+00  0.0000
   2.0000E+02   2.0100E+02   2.6858E-04  0.0914   0.0000E+00  0.0000
   2.0100E+02   2.0200E+02   2.3198E-04  0.0981   0.0000E+00  0.0000
   2.0200E+02   2.0300E+02   2.5843E-04  0.0929   0.0000E+00  0.0000
   2.0300E+02   2.0400E+02   2.6993E-04  0.0910   0.0000E+00  0.0000
   2.0400E+02   2.0500E+02   2.0968E-04  0.1032   0.0000E+00  0.0000
   2.0500E+02   2.0600E+02   2.6332E-04  0.0926   0.0000E+00  0.0000
   2.0600E+02   2.0700E+02   1.7906E-04  0.1119   0.0000E+00  0.0000
   2.0700E+02   2.0800E+02   2.0330E-04  0.1049   0.0000E+00  0.0000
   2.0800E+02   2.0900E+02   2.3615E-04  0.0977   0.0000E+00  0.0000
   2.0900E+02   2.1000E+02   2.2624E-04  0.0996   0.0000E+00  0.0000
   2.1000E+02   2.1100E+02   3.2741E-04  0.0826   0.0000E+00  0.0000
   2.1100E+02   2.1200E+02   2.4207E-04  0.0958   0.0000E+00  0.0000
   2.1200E+02   2.1300E+02   2.6318E-04  0.0921   0.0000E+00  0.0000
   2.1300E+02   2.1400E+02   2.6833E-04  0.0909   0.0000E+00  0.0000
   2.1400E+02   2.1500E+02   2.0836E-04  0.1032   0.0000E+00  0.0000
   2.1500E+02   2.1600E+02   1.5779E-04  0.1188   0.0000E+00  0.0000
   2.1600E+02   2.1700E+02   1.0564E-04  0.1461   0.0000E+00  0.0000
   2.1700E+02   2.1800E+02   2.4241E-04  0.0958   0.0000E+00  0.0000
   2.1800E+02   2.1900E+02   2.5237E-04  0.0937   0.0000E+00  0.0000
   2.1900E+02   2.2000E+02   3.0191E-04  0.0858   0.0000E+00  0.0000
   2.2000E+02   2.2100E+02   2.1948E-04  0.1005   0.0000E+00  0.0000
   2.2100E+02   2.2200E+02   1.6184E-04  0.1171   0.0000E+00  0.0000
   2.2200E+02   2.2300E+02   1.4817E-04  0.1222   0.0000E+00  0.0000
   2.2300E+02   2.2400E+02   1.8542E-04  0.1091   0.0000E+00  0.0000
   2.2400E+02   2.2500E+02   1.9494E-04  0.1066   0.0000E+00  0.0000
   2.2500E+02   2.2600E+02   1.5931E-04  0.1179   0.0000E+00  0.0000
   2.2600E+02   2.2700E+02   1.0677E-04  0.1444   0.0000E+00  0.0000
   2.2700E+02   2.2800E+02   6.9376E-05  0.1797   0.0000E+00  0.0000
   2.2800E+02   2.2900E+02   1.4824E-04  0.1222   0.0000E+00  0.0000
   2.2900E+02   2.3000E+02   1.8552E-04  0.1091   0.0000E+00  0.0000
   2.3000E+02   2.3100E+02   1.8777E-04  0.1085   0.0000E+00  0.0000
   2.3100E+02   2.3200E+02   1.0786E-04  0.1429   0.0000E+00  0.0000
   2.3200E+02   2.3300E+02   1.3594E-04  0.1281   0.0000E+00  0.0000
   2.3300E+02   2.3400E+02   1.0008E-04  0.1492   0.0000E+00  0.0000
   2.3400E+02   2.3500E+02   1.2600E-04  0.1325   0.0000E+00  0.0000
   2.3500E+02   2.3600E+02   1.4754E-04  0.1222   0.0000E+00  0.0000
   2.3600E+02   2.3700E+02   1.0590E-04  0.1443   0.0000E+00  0.0000
   2.3700E+02   2.3800E+02   1.0394E-04  0.1459   0.0000E+00  0.0000
   2.3800E+02   2.3900E+02   1.4638E-04  0.1231   0.0000E+00  0.0000
   2.3900E+02   2.4000E+02   1.5496E-04  0.1196   0.0000E+00  0.0000
   2.4000E+02   2.4100E+02   1.3660E-04  0.1270   0.0000E+00  0.0000
   2.4100E+02   2.4200E+02   1.4175E-04  0.1250   0.0000E+00  0.0000
   2.4200E+02   2.4300E+02   9.7131E-05  0.1508   0.0000E+00  0.0000
   2.4300E+02   2.4400E+02   1.5891E-04  0.1179   0.0000E+00  0.0000
   2.4400E+02   2.4500E+02   1.2388E-04  0.1337   0.0000E+00  0.0000
   2.4500E+02   2.4600E+02   9.2425E-05  0.1543   0.0000E+00  0.0000
   2.4600E+02   2.4700E+02   7.9558E-05  0.1667   0.0000E+00  0.0000
   2.4700E+02   2.4800E+02   1.0149E-04  0.1475   0.0000E+00  0.0000
   2.4800E+02   2.4900E+02   6.3551E-05  0.1857   0.0000E+00  0.0000
   2.4900E+02   2.5000E+02   0.0000E+00  0.0000   0.0000E+00  0.0000

#   sum over                 2.6192E-03           3.0424E-03

'no. =  1,  reg  =      4'
msuc: {\huge [t-track] in region mesh}
msdr: {\it plotted by \ANGEL \version}
msdl: {\it calculated by \PHITS  3.26}
wt: s(0.7)
\vspace{-3}
   vol  &=&   1.0000E+00 [cm^3]
e:
 
# Information for Restart Calculation
# This calculation was newly started
# istdev =  2 # 1:Batch variance, 2:History variance
# resc2  = 2.28300100000000000E+07 # Total source weight or Total source weight / maxcas
# resc3  = 2.28300000000000000E+07 # Total history number or Total batch number
# maxcas =       10000 # History / Batch, only used for istdev=1
# bitrseed = 1011111101100001101111101010001100100010001000101111100100010001 # bit data of rseed
