[ T-Track ]
    title = [t-track] in region mesh
     mesh =  reg            # mesh type is region-wise
      reg = 4
   e-type =    1            # e-mesh is given by the below data
       ne =    250          # number of e-mesh points
#    data = ( e(i), i = 1, ne + 1 )
            0.00000E+00  1.00000E+00  2.00000E+00  3.00000E+00  4.00000E+00
            5.00000E+00  6.00000E+00  7.00000E+00  8.00000E+00  9.00000E+00
            1.00000E+01  1.10000E+01  1.20000E+01  1.30000E+01  1.40000E+01
            1.50000E+01  1.60000E+01  1.70000E+01  1.80000E+01  1.90000E+01
            2.00000E+01  2.10000E+01  2.20000E+01  2.30000E+01  2.40000E+01
            2.50000E+01  2.60000E+01  2.70000E+01  2.80000E+01  2.90000E+01
            3.00000E+01  3.10000E+01  3.20000E+01  3.30000E+01  3.40000E+01
            3.50000E+01  3.60000E+01  3.70000E+01  3.80000E+01  3.90000E+01
            4.00000E+01  4.10000E+01  4.20000E+01  4.30000E+01  4.40000E+01
            4.50000E+01  4.60000E+01  4.70000E+01  4.80000E+01  4.90000E+01
            5.00000E+01  5.10000E+01  5.20000E+01  5.30000E+01  5.40000E+01
            5.50000E+01  5.60000E+01  5.70000E+01  5.80000E+01  5.90000E+01
            6.00000E+01  6.10000E+01  6.20000E+01  6.30000E+01  6.40000E+01
            6.50000E+01  6.60000E+01  6.70000E+01  6.80000E+01  6.90000E+01
            7.00000E+01  7.10000E+01  7.20000E+01  7.30000E+01  7.40000E+01
            7.50000E+01  7.60000E+01  7.70000E+01  7.80000E+01  7.90000E+01
            8.00000E+01  8.10000E+01  8.20000E+01  8.30000E+01  8.40000E+01
            8.50000E+01  8.60000E+01  8.70000E+01  8.80000E+01  8.90000E+01
            9.00000E+01  9.10000E+01  9.20000E+01  9.30000E+01  9.40000E+01
            9.50000E+01  9.60000E+01  9.70000E+01  9.80000E+01  9.90000E+01
            1.00000E+02  1.01000E+02  1.02000E+02  1.03000E+02  1.04000E+02
            1.05000E+02  1.06000E+02  1.07000E+02  1.08000E+02  1.09000E+02
            1.10000E+02  1.11000E+02  1.12000E+02  1.13000E+02  1.14000E+02
            1.15000E+02  1.16000E+02  1.17000E+02  1.18000E+02  1.19000E+02
            1.20000E+02  1.21000E+02  1.22000E+02  1.23000E+02  1.24000E+02
            1.25000E+02  1.26000E+02  1.27000E+02  1.28000E+02  1.29000E+02
            1.30000E+02  1.31000E+02  1.32000E+02  1.33000E+02  1.34000E+02
            1.35000E+02  1.36000E+02  1.37000E+02  1.38000E+02  1.39000E+02
            1.40000E+02  1.41000E+02  1.42000E+02  1.43000E+02  1.44000E+02
            1.45000E+02  1.46000E+02  1.47000E+02  1.48000E+02  1.49000E+02
            1.50000E+02  1.51000E+02  1.52000E+02  1.53000E+02  1.54000E+02
            1.55000E+02  1.56000E+02  1.57000E+02  1.58000E+02  1.59000E+02
            1.60000E+02  1.61000E+02  1.62000E+02  1.63000E+02  1.64000E+02
            1.65000E+02  1.66000E+02  1.67000E+02  1.68000E+02  1.69000E+02
            1.70000E+02  1.71000E+02  1.72000E+02  1.73000E+02  1.74000E+02
            1.75000E+02  1.76000E+02  1.77000E+02  1.78000E+02  1.79000E+02
            1.80000E+02  1.81000E+02  1.82000E+02  1.83000E+02  1.84000E+02
            1.85000E+02  1.86000E+02  1.87000E+02  1.88000E+02  1.89000E+02
            1.90000E+02  1.91000E+02  1.92000E+02  1.93000E+02  1.94000E+02
            1.95000E+02  1.96000E+02  1.97000E+02  1.98000E+02  1.99000E+02
            2.00000E+02  2.01000E+02  2.02000E+02  2.03000E+02  2.04000E+02
            2.05000E+02  2.06000E+02  2.07000E+02  2.08000E+02  2.09000E+02
            2.10000E+02  2.11000E+02  2.12000E+02  2.13000E+02  2.14000E+02
            2.15000E+02  2.16000E+02  2.17000E+02  2.18000E+02  2.19000E+02
            2.20000E+02  2.21000E+02  2.22000E+02  2.23000E+02  2.24000E+02
            2.25000E+02  2.26000E+02  2.27000E+02  2.28000E+02  2.29000E+02
            2.30000E+02  2.31000E+02  2.32000E+02  2.33000E+02  2.34000E+02
            2.35000E+02  2.36000E+02  2.37000E+02  2.38000E+02  2.39000E+02
            2.40000E+02  2.41000E+02  2.42000E+02  2.43000E+02  2.44000E+02
            2.45000E+02  2.46000E+02  2.47000E+02  2.48000E+02  2.49000E+02
            2.50000E+02
     unit =    2            # unit is [1/cm^2/(MeV/n)/source]
 material =  all            # (D=all) number of specific material
     axis =     eng            # axis of output
     file = neutral_particles_shield1_HE.out  # file name of output for the above axis
     part =  neutron    photon   
# kf/name :  2112       22       
#    used :        main (  %)        temp (  %)       total (  %)
#  memory :         257 (  0)           0 (  0)         257 (  0)

#------------------------------------------------------------------------------
#newpage:
#   no. =  1   reg =      4

x: Energy [MeV/n]
y: Flux [1/cm^2/(MeV/n)/source]      
p: xlin ylog afac(0.8) form(0.9)
h: n            x            y(neutron ),hh0l   n y(photon  ),hh0dr  n 
#  e-lower      e-upper      neutron     r.err    photon      r.err 
   0.0000E+00   1.0000E+00   5.0688E+00  0.0009   5.0663E+00  0.0009
   1.0000E+00   2.0000E+00   4.3032E-01  0.0029   1.3523E+00  0.0016
   2.0000E+00   3.0000E+00   4.4556E-01  0.0027   1.4217E+00  0.0016
   3.0000E+00   4.0000E+00   1.6767E-01  0.0045   5.2542E-01  0.0027
   4.0000E+00   5.0000E+00   1.7097E-01  0.0044   4.1813E-01  0.0029
   5.0000E+00   6.0000E+00   1.4598E-01  0.0047   1.4735E-01  0.0050
   6.0000E+00   7.0000E+00   1.1310E-01  0.0053   2.2760E-01  0.0040
   7.0000E+00   8.0000E+00   7.0625E-02  0.0067   1.2136E-01  0.0054
   8.0000E+00   9.0000E+00   6.1622E-02  0.0071   1.7410E-02  0.0144
   9.0000E+00   1.0000E+01   4.7161E-02  0.0082   6.5036E-03  0.0237
   1.0000E+01   1.1000E+01   4.0511E-02  0.0088   2.3662E-03  0.0394
   1.1000E+01   1.2000E+01   3.2436E-02  0.0099   4.3326E-04  0.0945
   1.2000E+01   1.3000E+01   3.1496E-02  0.0100   4.7103E-05  0.2953
   1.3000E+01   1.4000E+01   2.9785E-02  0.0103   9.0192E-06  0.7075
   1.4000E+01   1.5000E+01   2.7162E-02  0.0108   0.0000E+00  0.0000
   1.5000E+01   1.6000E+01   2.4069E-02  0.0115   2.6677E-06  1.0000
   1.6000E+01   1.7000E+01   2.3649E-02  0.0116   0.0000E+00  0.0000
   1.7000E+01   1.8000E+01   2.1899E-02  0.0120   0.0000E+00  0.0000
   1.8000E+01   1.9000E+01   2.0127E-02  0.0124   0.0000E+00  0.0000
   1.9000E+01   2.0000E+01   1.9334E-02  0.0126   0.0000E+00  0.0000
   2.0000E+01   2.1000E+01   2.4770E-02  0.0111   0.0000E+00  0.0000
   2.1000E+01   2.2000E+01   2.3432E-02  0.0114   0.0000E+00  0.0000
   2.2000E+01   2.3000E+01   2.2741E-02  0.0115   0.0000E+00  0.0000
   2.3000E+01   2.4000E+01   2.2824E-02  0.0115   0.0000E+00  0.0000
   2.4000E+01   2.5000E+01   2.2097E-02  0.0117   0.0000E+00  0.0000
   2.5000E+01   2.6000E+01   2.1219E-02  0.0119   0.0000E+00  0.0000
   2.6000E+01   2.7000E+01   2.0481E-02  0.0121   0.0000E+00  0.0000
   2.7000E+01   2.8000E+01   2.0619E-02  0.0120   0.0000E+00  0.0000
   2.8000E+01   2.9000E+01   1.9868E-02  0.0122   0.0000E+00  0.0000
   2.9000E+01   3.0000E+01   1.9700E-02  0.0122   0.0000E+00  0.0000
   3.0000E+01   3.1000E+01   1.9777E-02  0.0122   0.0000E+00  0.0000
   3.1000E+01   3.2000E+01   1.9232E-02  0.0123   0.0000E+00  0.0000
   3.2000E+01   3.3000E+01   1.8593E-02  0.0125   0.0000E+00  0.0000
   3.3000E+01   3.4000E+01   1.8699E-02  0.0125   0.0000E+00  0.0000
   3.4000E+01   3.5000E+01   1.8632E-02  0.0124   0.0000E+00  0.0000
   3.5000E+01   3.6000E+01   1.8121E-02  0.0126   0.0000E+00  0.0000
   3.6000E+01   3.7000E+01   1.7569E-02  0.0127   0.0000E+00  0.0000
   3.7000E+01   3.8000E+01   1.6998E-02  0.0129   0.0000E+00  0.0000
   3.8000E+01   3.9000E+01   1.6839E-02  0.0130   0.0000E+00  0.0000
   3.9000E+01   4.0000E+01   1.6547E-02  0.0131   0.0000E+00  0.0000
   4.0000E+01   4.1000E+01   1.6429E-02  0.0131   0.0000E+00  0.0000
   4.1000E+01   4.2000E+01   1.6211E-02  0.0131   0.0000E+00  0.0000
   4.2000E+01   4.3000E+01   1.6355E-02  0.0131   0.0000E+00  0.0000
   4.3000E+01   4.4000E+01   1.6213E-02  0.0131   0.0000E+00  0.0000
   4.4000E+01   4.5000E+01   1.5686E-02  0.0133   2.6639E-06  1.0000
   4.5000E+01   4.6000E+01   1.5522E-02  0.0133   0.0000E+00  0.0000
   4.6000E+01   4.7000E+01   1.5034E-02  0.0135   0.0000E+00  0.0000
   4.7000E+01   4.8000E+01   1.5469E-02  0.0133   0.0000E+00  0.0000
   4.8000E+01   4.9000E+01   1.4703E-02  0.0137   0.0000E+00  0.0000
   4.9000E+01   5.0000E+01   1.4641E-02  0.0136   0.0000E+00  0.0000
   5.0000E+01   5.1000E+01   1.5143E-02  0.0135   0.0000E+00  0.0000
   5.1000E+01   5.2000E+01   1.4575E-02  0.0136   0.0000E+00  0.0000
   5.2000E+01   5.3000E+01   1.4872E-02  0.0134   0.0000E+00  0.0000
   5.3000E+01   5.4000E+01   1.4767E-02  0.0135   0.0000E+00  0.0000
   5.4000E+01   5.5000E+01   1.4353E-02  0.0136   0.0000E+00  0.0000
   5.5000E+01   5.6000E+01   1.4425E-02  0.0136   0.0000E+00  0.0000
   5.6000E+01   5.7000E+01   1.3318E-02  0.0141   0.0000E+00  0.0000
   5.7000E+01   5.8000E+01   1.3496E-02  0.0140   0.0000E+00  0.0000
   5.8000E+01   5.9000E+01   1.2989E-02  0.0142   0.0000E+00  0.0000
   5.9000E+01   6.0000E+01   1.2852E-02  0.0143   0.0000E+00  0.0000
   6.0000E+01   6.1000E+01   1.2796E-02  0.0143   0.0000E+00  0.0000
   6.1000E+01   6.2000E+01   1.2485E-02  0.0145   0.0000E+00  0.0000
   6.2000E+01   6.3000E+01   1.2144E-02  0.0147   0.0000E+00  0.0000
   6.3000E+01   6.4000E+01   1.1619E-02  0.0150   0.0000E+00  0.0000
   6.4000E+01   6.5000E+01   1.1431E-02  0.0150   0.0000E+00  0.0000
   6.5000E+01   6.6000E+01   1.1098E-02  0.0153   0.0000E+00  0.0000
   6.6000E+01   6.7000E+01   1.1084E-02  0.0152   0.0000E+00  0.0000
   6.7000E+01   6.8000E+01   1.0955E-02  0.0153   0.0000E+00  0.0000
   6.8000E+01   6.9000E+01   1.0938E-02  0.0154   0.0000E+00  0.0000
   6.9000E+01   7.0000E+01   1.1048E-02  0.0153   0.0000E+00  0.0000
   7.0000E+01   7.1000E+01   1.0956E-02  0.0153   0.0000E+00  0.0000
   7.1000E+01   7.2000E+01   1.0863E-02  0.0153   0.0000E+00  0.0000
   7.2000E+01   7.3000E+01   1.0434E-02  0.0157   0.0000E+00  0.0000
   7.3000E+01   7.4000E+01   9.8070E-03  0.0161   0.0000E+00  0.0000
   7.4000E+01   7.5000E+01   9.6335E-03  0.0163   0.0000E+00  0.0000
   7.5000E+01   7.6000E+01   9.3439E-03  0.0165   0.0000E+00  0.0000
   7.6000E+01   7.7000E+01   9.5084E-03  0.0163   0.0000E+00  0.0000
   7.7000E+01   7.8000E+01   9.7557E-03  0.0160   0.0000E+00  0.0000
   7.8000E+01   7.9000E+01   9.6974E-03  0.0161   0.0000E+00  0.0000
   7.9000E+01   8.0000E+01   9.1381E-03  0.0166   0.0000E+00  0.0000
   8.0000E+01   8.1000E+01   8.7442E-03  0.0170   0.0000E+00  0.0000
   8.1000E+01   8.2000E+01   8.6989E-03  0.0170   0.0000E+00  0.0000
   8.2000E+01   8.3000E+01   8.4557E-03  0.0172   0.0000E+00  0.0000
   8.3000E+01   8.4000E+01   8.3680E-03  0.0173   0.0000E+00  0.0000
   8.4000E+01   8.5000E+01   8.1308E-03  0.0175   0.0000E+00  0.0000
   8.5000E+01   8.6000E+01   8.1644E-03  0.0175   0.0000E+00  0.0000
   8.6000E+01   8.7000E+01   8.8170E-03  0.0168   0.0000E+00  0.0000
   8.7000E+01   8.8000E+01   8.3995E-03  0.0171   0.0000E+00  0.0000
   8.8000E+01   8.9000E+01   7.7586E-03  0.0178   0.0000E+00  0.0000
   8.9000E+01   9.0000E+01   7.2225E-03  0.0186   0.0000E+00  0.0000
   9.0000E+01   9.1000E+01   7.4052E-03  0.0182   0.0000E+00  0.0000
   9.1000E+01   9.2000E+01   7.5271E-03  0.0181   0.0000E+00  0.0000
   9.2000E+01   9.3000E+01   7.5342E-03  0.0181   0.0000E+00  0.0000
   9.3000E+01   9.4000E+01   7.3587E-03  0.0182   0.0000E+00  0.0000
   9.4000E+01   9.5000E+01   7.1007E-03  0.0186   0.0000E+00  0.0000
   9.5000E+01   9.6000E+01   7.4036E-03  0.0182   0.0000E+00  0.0000
   9.6000E+01   9.7000E+01   7.3481E-03  0.0183   0.0000E+00  0.0000
   9.7000E+01   9.8000E+01   6.7380E-03  0.0190   0.0000E+00  0.0000
   9.8000E+01   9.9000E+01   6.8090E-03  0.0190   0.0000E+00  0.0000
   9.9000E+01   1.0000E+02   6.4720E-03  0.0194   0.0000E+00  0.0000
   1.0000E+02   1.0100E+02   5.7723E-03  0.0206   0.0000E+00  0.0000
   1.0100E+02   1.0200E+02   5.2729E-03  0.0217   0.0000E+00  0.0000
   1.0200E+02   1.0300E+02   5.6605E-03  0.0208   0.0000E+00  0.0000
   1.0300E+02   1.0400E+02   5.8949E-03  0.0204   0.0000E+00  0.0000
   1.0400E+02   1.0500E+02   5.7784E-03  0.0206   0.0000E+00  0.0000
   1.0500E+02   1.0600E+02   5.1569E-03  0.0218   0.0000E+00  0.0000
   1.0600E+02   1.0700E+02   5.5301E-03  0.0210   0.0000E+00  0.0000
   1.0700E+02   1.0800E+02   5.9541E-03  0.0202   0.0000E+00  0.0000
   1.0800E+02   1.0900E+02   5.8675E-03  0.0203   0.0000E+00  0.0000
   1.0900E+02   1.1000E+02   5.4292E-03  0.0212   0.0000E+00  0.0000
   1.1000E+02   1.1100E+02   4.8853E-03  0.0223   0.0000E+00  0.0000
   1.1100E+02   1.1200E+02   4.5649E-03  0.0230   0.0000E+00  0.0000
   1.1200E+02   1.1300E+02   4.8338E-03  0.0224   0.0000E+00  0.0000
   1.1300E+02   1.1400E+02   5.0212E-03  0.0219   0.0000E+00  0.0000
   1.1400E+02   1.1500E+02   4.8220E-03  0.0224   0.0000E+00  0.0000
   1.1500E+02   1.1600E+02   4.6592E-03  0.0227   0.0000E+00  0.0000
   1.1600E+02   1.1700E+02   4.7527E-03  0.0225   0.0000E+00  0.0000
   1.1700E+02   1.1800E+02   4.7740E-03  0.0225   0.0000E+00  0.0000
   1.1800E+02   1.1900E+02   4.8720E-03  0.0222   0.0000E+00  0.0000
   1.1900E+02   1.2000E+02   4.7442E-03  0.0225   0.0000E+00  0.0000
   1.2000E+02   1.2100E+02   4.6424E-03  0.0228   0.0000E+00  0.0000
   1.2100E+02   1.2200E+02   4.3310E-03  0.0236   0.0000E+00  0.0000
   1.2200E+02   1.2300E+02   4.1065E-03  0.0242   0.0000E+00  0.0000
   1.2300E+02   1.2400E+02   3.9783E-03  0.0246   0.0000E+00  0.0000
   1.2400E+02   1.2500E+02   3.5273E-03  0.0261   0.0000E+00  0.0000
   1.2500E+02   1.2600E+02   3.3920E-03  0.0267   0.0000E+00  0.0000
   1.2600E+02   1.2700E+02   3.9276E-03  0.0248   0.0000E+00  0.0000
   1.2700E+02   1.2800E+02   3.6299E-03  0.0258   0.0000E+00  0.0000
   1.2800E+02   1.2900E+02   3.6728E-03  0.0256   0.0000E+00  0.0000
   1.2900E+02   1.3000E+02   3.4052E-03  0.0267   0.0000E+00  0.0000
   1.3000E+02   1.3100E+02   3.4394E-03  0.0265   0.0000E+00  0.0000
   1.3100E+02   1.3200E+02   3.5195E-03  0.0261   0.0000E+00  0.0000
   1.3200E+02   1.3300E+02   3.6013E-03  0.0258   0.0000E+00  0.0000
   1.3300E+02   1.3400E+02   3.3660E-03  0.0266   0.0000E+00  0.0000
   1.3400E+02   1.3500E+02   3.2738E-03  0.0270   0.0000E+00  0.0000
   1.3500E+02   1.3600E+02   3.4893E-03  0.0262   0.0000E+00  0.0000
   1.3600E+02   1.3700E+02   3.3771E-03  0.0265   0.0000E+00  0.0000
   1.3700E+02   1.3800E+02   3.0606E-03  0.0280   0.0000E+00  0.0000
   1.3800E+02   1.3900E+02   2.7108E-03  0.0297   0.0000E+00  0.0000
   1.3900E+02   1.4000E+02   2.7596E-03  0.0294   0.0000E+00  0.0000
   1.4000E+02   1.4100E+02   2.8352E-03  0.0290   0.0000E+00  0.0000
   1.4100E+02   1.4200E+02   2.9464E-03  0.0284   0.0000E+00  0.0000
   1.4200E+02   1.4300E+02   2.8485E-03  0.0289   0.0000E+00  0.0000
   1.4300E+02   1.4400E+02   3.0699E-03  0.0278   0.0000E+00  0.0000
   1.4400E+02   1.4500E+02   2.8607E-03  0.0288   0.0000E+00  0.0000
   1.4500E+02   1.4600E+02   2.5060E-03  0.0308   0.0000E+00  0.0000
   1.4600E+02   1.4700E+02   2.7394E-03  0.0295   0.0000E+00  0.0000
   1.4700E+02   1.4800E+02   2.6968E-03  0.0297   0.0000E+00  0.0000
   1.4800E+02   1.4900E+02   2.4368E-03  0.0313   0.0000E+00  0.0000
   1.4900E+02   1.5000E+02   2.4831E-03  0.0309   0.0000E+00  0.0000
   1.5000E+02   1.5100E+02   2.4949E-03  0.0309   0.0000E+00  0.0000
   1.5100E+02   1.5200E+02   2.4134E-03  0.0314   0.0000E+00  0.0000
   1.5200E+02   1.5300E+02   2.4720E-03  0.0309   0.0000E+00  0.0000
   1.5300E+02   1.5400E+02   2.8647E-03  0.0288   0.0000E+00  0.0000
   1.5400E+02   1.5500E+02   2.4949E-03  0.0308   0.0000E+00  0.0000
   1.5500E+02   1.5600E+02   2.5176E-03  0.0307   0.0000E+00  0.0000
   1.5600E+02   1.5700E+02   2.1678E-03  0.0331   0.0000E+00  0.0000
   1.5700E+02   1.5800E+02   1.7864E-03  0.0364   0.0000E+00  0.0000
   1.5800E+02   1.5900E+02   1.9211E-03  0.0351   0.0000E+00  0.0000
   1.5900E+02   1.6000E+02   2.0357E-03  0.0340   0.0000E+00  0.0000
   1.6000E+02   1.6100E+02   1.7912E-03  0.0364   0.0000E+00  0.0000
   1.6100E+02   1.6200E+02   1.6951E-03  0.0374   0.0000E+00  0.0000
   1.6200E+02   1.6300E+02   2.1420E-03  0.0332   0.0000E+00  0.0000
   1.6300E+02   1.6400E+02   2.0106E-03  0.0342   0.0000E+00  0.0000
   1.6400E+02   1.6500E+02   1.8610E-03  0.0356   0.0000E+00  0.0000
   1.6500E+02   1.6600E+02   1.8864E-03  0.0353   0.0000E+00  0.0000
   1.6600E+02   1.6700E+02   1.7441E-03  0.0368   0.0000E+00  0.0000
   1.6700E+02   1.6800E+02   1.7708E-03  0.0365   0.0000E+00  0.0000
   1.6800E+02   1.6900E+02   1.6720E-03  0.0376   0.0000E+00  0.0000
   1.6900E+02   1.7000E+02   1.5242E-03  0.0393   0.0000E+00  0.0000
   1.7000E+02   1.7100E+02   1.5944E-03  0.0384   0.0000E+00  0.0000
   1.7100E+02   1.7200E+02   1.7493E-03  0.0367   0.0000E+00  0.0000
   1.7200E+02   1.7300E+02   1.5126E-03  0.0394   0.0000E+00  0.0000
   1.7300E+02   1.7400E+02   1.4670E-03  0.0401   0.0000E+00  0.0000
   1.7400E+02   1.7500E+02   1.7450E-03  0.0367   0.0000E+00  0.0000
   1.7500E+02   1.7600E+02   1.4662E-03  0.0400   0.0000E+00  0.0000
   1.7600E+02   1.7700E+02   1.2954E-03  0.0427   0.0000E+00  0.0000
   1.7700E+02   1.7800E+02   1.4458E-03  0.0403   0.0000E+00  0.0000
   1.7800E+02   1.7900E+02   1.4705E-03  0.0400   0.0000E+00  0.0000
   1.7900E+02   1.8000E+02   1.4709E-03  0.0400   0.0000E+00  0.0000
   1.8000E+02   1.8100E+02   1.4533E-03  0.0401   0.0000E+00  0.0000
   1.8100E+02   1.8200E+02   1.3335E-03  0.0419   0.0000E+00  0.0000
   1.8200E+02   1.8300E+02   1.2515E-03  0.0433   0.0000E+00  0.0000
   1.8300E+02   1.8400E+02   1.4370E-03  0.0404   0.0000E+00  0.0000
   1.8400E+02   1.8500E+02   1.4253E-03  0.0406   0.0000E+00  0.0000
   1.8500E+02   1.8600E+02   1.5039E-03  0.0395   0.0000E+00  0.0000
   1.8600E+02   1.8700E+02   1.3239E-03  0.0421   0.0000E+00  0.0000
   1.8700E+02   1.8800E+02   1.2163E-03  0.0440   0.0000E+00  0.0000
   1.8800E+02   1.8900E+02   1.1975E-03  0.0443   0.0000E+00  0.0000
   1.8900E+02   1.9000E+02   9.9145E-04  0.0486   0.0000E+00  0.0000
   1.9000E+02   1.9100E+02   1.0108E-03  0.0483   0.0000E+00  0.0000
   1.9100E+02   1.9200E+02   1.0301E-03  0.0477   0.0000E+00  0.0000
   1.9200E+02   1.9300E+02   1.0681E-03  0.0468   0.0000E+00  0.0000
   1.9300E+02   1.9400E+02   1.0446E-03  0.0474   0.0000E+00  0.0000
   1.9400E+02   1.9500E+02   1.0123E-03  0.0481   0.0000E+00  0.0000
   1.9500E+02   1.9600E+02   9.9090E-04  0.0487   0.0000E+00  0.0000
   1.9600E+02   1.9700E+02   9.3350E-04  0.0501   0.0000E+00  0.0000
   1.9700E+02   1.9800E+02   8.1105E-04  0.0538   0.0000E+00  0.0000
   1.9800E+02   1.9900E+02   8.9924E-04  0.0510   0.0000E+00  0.0000
   1.9900E+02   2.0000E+02   1.0153E-03  0.0480   0.0000E+00  0.0000
   2.0000E+02   2.0100E+02   8.5618E-04  0.0524   0.0000E+00  0.0000
   2.0100E+02   2.0200E+02   6.6452E-04  0.0594   0.0000E+00  0.0000
   2.0200E+02   2.0300E+02   6.8715E-04  0.0583   0.0000E+00  0.0000
   2.0300E+02   2.0400E+02   7.6187E-04  0.0556   0.0000E+00  0.0000
   2.0400E+02   2.0500E+02   5.8171E-04  0.0634   0.0000E+00  0.0000
   2.0500E+02   2.0600E+02   7.4946E-04  0.0559   0.0000E+00  0.0000
   2.0600E+02   2.0700E+02   5.6467E-04  0.0644   0.0000E+00  0.0000
   2.0700E+02   2.0800E+02   5.5079E-04  0.0651   0.0000E+00  0.0000
   2.0800E+02   2.0900E+02   6.2913E-04  0.0610   0.0000E+00  0.0000
   2.0900E+02   2.1000E+02   6.2490E-04  0.0611   0.0000E+00  0.0000
   2.1000E+02   2.1100E+02   9.2662E-04  0.0502   0.0000E+00  0.0000
   2.1100E+02   2.1200E+02   8.0970E-04  0.0537   0.0000E+00  0.0000
   2.1200E+02   2.1300E+02   7.8600E-04  0.0546   0.0000E+00  0.0000
   2.1300E+02   2.1400E+02   7.7860E-04  0.0547   0.0000E+00  0.0000
   2.1400E+02   2.1500E+02   7.2733E-04  0.0566   0.0000E+00  0.0000
   2.1500E+02   2.1600E+02   5.3373E-04  0.0661   0.0000E+00  0.0000
   2.1600E+02   2.1700E+02   3.9714E-04  0.0768   0.0000E+00  0.0000
   2.1700E+02   2.1800E+02   6.6165E-04  0.0594   0.0000E+00  0.0000
   2.1800E+02   2.1900E+02   8.0484E-04  0.0538   0.0000E+00  0.0000
   2.1900E+02   2.2000E+02   8.6777E-04  0.0519   0.0000E+00  0.0000
   2.2000E+02   2.2100E+02   6.9089E-04  0.0581   0.0000E+00  0.0000
   2.2100E+02   2.2200E+02   4.8717E-04  0.0692   0.0000E+00  0.0000
   2.2200E+02   2.2300E+02   4.9005E-04  0.0690   0.0000E+00  0.0000
   2.2300E+02   2.2400E+02   6.4138E-04  0.0603   0.0000E+00  0.0000
   2.2400E+02   2.2500E+02   5.9359E-04  0.0626   0.0000E+00  0.0000
   2.2500E+02   2.2600E+02   4.8861E-04  0.0690   0.0000E+00  0.0000
   2.2600E+02   2.2700E+02   2.8661E-04  0.0902   0.0000E+00  0.0000
   2.2700E+02   2.2800E+02   1.7511E-04  0.1155   0.0000E+00  0.0000
   2.2800E+02   2.2900E+02   4.4531E-04  0.0724   0.0000E+00  0.0000
   2.2900E+02   2.3000E+02   5.2244E-04  0.0668   0.0000E+00  0.0000
   2.3000E+02   2.3100E+02   5.0009E-04  0.0682   0.0000E+00  0.0000
   2.3100E+02   2.3200E+02   3.9878E-04  0.0765   0.0000E+00  0.0000
   2.3200E+02   2.3300E+02   3.2037E-04  0.0855   0.0000E+00  0.0000
   2.3300E+02   2.3400E+02   3.4048E-04  0.0828   0.0000E+00  0.0000
   2.3400E+02   2.3500E+02   3.8781E-04  0.0776   0.0000E+00  0.0000
   2.3500E+02   2.3600E+02   4.1889E-04  0.0745   0.0000E+00  0.0000
   2.3600E+02   2.3700E+02   3.8631E-04  0.0777   0.0000E+00  0.0000
   2.3700E+02   2.3800E+02   2.9004E-04  0.0898   0.0000E+00  0.0000
   2.3800E+02   2.3900E+02   4.8082E-04  0.0696   0.0000E+00  0.0000
   2.3900E+02   2.4000E+02   4.9099E-04  0.0688   0.0000E+00  0.0000
   2.4000E+02   2.4100E+02   3.9376E-04  0.0769   0.0000E+00  0.0000
   2.4100E+02   2.4200E+02   3.9590E-04  0.0767   0.0000E+00  0.0000
   2.4200E+02   2.4300E+02   3.4026E-04  0.0828   0.0000E+00  0.0000
   2.4300E+02   2.4400E+02   4.4491E-04  0.0724   0.0000E+00  0.0000
   2.4400E+02   2.4500E+02   4.8938E-04  0.0690   0.0000E+00  0.0000
   2.4500E+02   2.4600E+02   3.4670E-04  0.0819   0.0000E+00  0.0000
   2.4600E+02   2.4700E+02   2.4699E-04  0.0971   0.0000E+00  0.0000
   2.4700E+02   2.4800E+02   2.7508E-04  0.0921   0.0000E+00  0.0000
   2.4800E+02   2.4900E+02   2.6743E-04  0.0933   0.0000E+00  0.0000
   2.4900E+02   2.5000E+02   0.0000E+00  0.0000   0.0000E+00  0.0000

#   sum over                 3.3462E-02           3.7228E-02

'no. =  1,  reg  =      4'
msuc: {\huge [t-track] in region mesh}
msdr: {\it plotted by \ANGEL \version}
msdl: {\it calculated by \PHITS  3.26}
wt: s(0.7)
\vspace{-3}
   vol  &=&   1.0000E+00 [cm^3]
e:
 
# Information for Restart Calculation
# This calculation was newly started
# istdev =  2 # 1:Batch variance, 2:History variance
# resc2  = 2.15200000000000000E+07 # Total source weight or Total source weight / maxcas
# resc3  = 2.15200000000000000E+07 # Total history number or Total batch number
# maxcas =       10000 # History / Batch, only used for istdev=1
# bitrseed = 1111110101111110111100000010001001101100010011001011000100101001 # bit data of rseed
