[ T-Track ]
    title = [t-track] in region mesh
     mesh =  reg            # mesh type is region-wise
      reg = 4
   e-type =    1            # e-mesh is given by the below data
       ne =    250          # number of e-mesh points
#    data = ( e(i), i = 1, ne + 1 )
            0.00000E+00  1.00000E+00  2.00000E+00  3.00000E+00  4.00000E+00
            5.00000E+00  6.00000E+00  7.00000E+00  8.00000E+00  9.00000E+00
            1.00000E+01  1.10000E+01  1.20000E+01  1.30000E+01  1.40000E+01
            1.50000E+01  1.60000E+01  1.70000E+01  1.80000E+01  1.90000E+01
            2.00000E+01  2.10000E+01  2.20000E+01  2.30000E+01  2.40000E+01
            2.50000E+01  2.60000E+01  2.70000E+01  2.80000E+01  2.90000E+01
            3.00000E+01  3.10000E+01  3.20000E+01  3.30000E+01  3.40000E+01
            3.50000E+01  3.60000E+01  3.70000E+01  3.80000E+01  3.90000E+01
            4.00000E+01  4.10000E+01  4.20000E+01  4.30000E+01  4.40000E+01
            4.50000E+01  4.60000E+01  4.70000E+01  4.80000E+01  4.90000E+01
            5.00000E+01  5.10000E+01  5.20000E+01  5.30000E+01  5.40000E+01
            5.50000E+01  5.60000E+01  5.70000E+01  5.80000E+01  5.90000E+01
            6.00000E+01  6.10000E+01  6.20000E+01  6.30000E+01  6.40000E+01
            6.50000E+01  6.60000E+01  6.70000E+01  6.80000E+01  6.90000E+01
            7.00000E+01  7.10000E+01  7.20000E+01  7.30000E+01  7.40000E+01
            7.50000E+01  7.60000E+01  7.70000E+01  7.80000E+01  7.90000E+01
            8.00000E+01  8.10000E+01  8.20000E+01  8.30000E+01  8.40000E+01
            8.50000E+01  8.60000E+01  8.70000E+01  8.80000E+01  8.90000E+01
            9.00000E+01  9.10000E+01  9.20000E+01  9.30000E+01  9.40000E+01
            9.50000E+01  9.60000E+01  9.70000E+01  9.80000E+01  9.90000E+01
            1.00000E+02  1.01000E+02  1.02000E+02  1.03000E+02  1.04000E+02
            1.05000E+02  1.06000E+02  1.07000E+02  1.08000E+02  1.09000E+02
            1.10000E+02  1.11000E+02  1.12000E+02  1.13000E+02  1.14000E+02
            1.15000E+02  1.16000E+02  1.17000E+02  1.18000E+02  1.19000E+02
            1.20000E+02  1.21000E+02  1.22000E+02  1.23000E+02  1.24000E+02
            1.25000E+02  1.26000E+02  1.27000E+02  1.28000E+02  1.29000E+02
            1.30000E+02  1.31000E+02  1.32000E+02  1.33000E+02  1.34000E+02
            1.35000E+02  1.36000E+02  1.37000E+02  1.38000E+02  1.39000E+02
            1.40000E+02  1.41000E+02  1.42000E+02  1.43000E+02  1.44000E+02
            1.45000E+02  1.46000E+02  1.47000E+02  1.48000E+02  1.49000E+02
            1.50000E+02  1.51000E+02  1.52000E+02  1.53000E+02  1.54000E+02
            1.55000E+02  1.56000E+02  1.57000E+02  1.58000E+02  1.59000E+02
            1.60000E+02  1.61000E+02  1.62000E+02  1.63000E+02  1.64000E+02
            1.65000E+02  1.66000E+02  1.67000E+02  1.68000E+02  1.69000E+02
            1.70000E+02  1.71000E+02  1.72000E+02  1.73000E+02  1.74000E+02
            1.75000E+02  1.76000E+02  1.77000E+02  1.78000E+02  1.79000E+02
            1.80000E+02  1.81000E+02  1.82000E+02  1.83000E+02  1.84000E+02
            1.85000E+02  1.86000E+02  1.87000E+02  1.88000E+02  1.89000E+02
            1.90000E+02  1.91000E+02  1.92000E+02  1.93000E+02  1.94000E+02
            1.95000E+02  1.96000E+02  1.97000E+02  1.98000E+02  1.99000E+02
            2.00000E+02  2.01000E+02  2.02000E+02  2.03000E+02  2.04000E+02
            2.05000E+02  2.06000E+02  2.07000E+02  2.08000E+02  2.09000E+02
            2.10000E+02  2.11000E+02  2.12000E+02  2.13000E+02  2.14000E+02
            2.15000E+02  2.16000E+02  2.17000E+02  2.18000E+02  2.19000E+02
            2.20000E+02  2.21000E+02  2.22000E+02  2.23000E+02  2.24000E+02
            2.25000E+02  2.26000E+02  2.27000E+02  2.28000E+02  2.29000E+02
            2.30000E+02  2.31000E+02  2.32000E+02  2.33000E+02  2.34000E+02
            2.35000E+02  2.36000E+02  2.37000E+02  2.38000E+02  2.39000E+02
            2.40000E+02  2.41000E+02  2.42000E+02  2.43000E+02  2.44000E+02
            2.45000E+02  2.46000E+02  2.47000E+02  2.48000E+02  2.49000E+02
            2.50000E+02
     unit =    2            # unit is [1/cm^2/(MeV/n)/source]
 material =  all            # (D=all) number of specific material
     axis =     eng            # axis of output
     file = neutral_particles_shield1_HE.out  # file name of output for the above axis
     part =  neutron    photon   
# kf/name :  2112       22       
#    used :        main (  %)        temp (  %)       total (  %)
#  memory :         257 (  0)           0 (  0)         257 (  0)

#------------------------------------------------------------------------------
#newpage:
#   no. =  1   reg =      4

x: Energy [MeV/n]
y: Flux [1/cm^2/(MeV/n)/source]      
p: xlin ylog afac(0.8) form(0.9)
h: n            x            y(neutron ),hh0l   n y(photon  ),hh0dr  n 
#  e-lower      e-upper      neutron     r.err    photon      r.err 
   0.0000E+00   1.0000E+00   2.1122E-01  0.0054   6.0418E-01  0.0034
   1.0000E+00   2.0000E+00   2.8355E-02  0.0139   1.5801E-01  0.0058
   2.0000E+00   3.0000E+00   3.1724E-02  0.0131   1.1101E-01  0.0067
   3.0000E+00   4.0000E+00   1.7891E-02  0.0174   6.1411E-02  0.0090
   4.0000E+00   5.0000E+00   1.7252E-02  0.0175   4.8399E-02  0.0100
   5.0000E+00   6.0000E+00   1.6220E-02  0.0179   2.8041E-02  0.0133
   6.0000E+00   7.0000E+00   1.4076E-02  0.0191   3.5062E-02  0.0118
   7.0000E+00   8.0000E+00   9.8301E-03  0.0229   1.6578E-02  0.0171
   8.0000E+00   9.0000E+00   9.3875E-03  0.0234   3.9050E-03  0.0355
   9.0000E+00   1.0000E+01   7.5543E-03  0.0259   2.0529E-03  0.0489
   1.0000E+01   1.1000E+01   6.9472E-03  0.0269   6.5049E-04  0.0880
   1.1000E+01   1.2000E+01   6.2460E-03  0.0287   2.4436E-04  0.1421
   1.2000E+01   1.3000E+01   6.3317E-03  0.0284   2.0741E-05  0.4492
   1.3000E+01   1.4000E+01   6.0414E-03  0.0288   3.4070E-06  1.0000
   1.4000E+01   1.5000E+01   5.7370E-03  0.0297   0.0000E+00  0.0000
   1.5000E+01   1.6000E+01   5.5949E-03  0.0301   5.5505E-06  1.0000
   1.6000E+01   1.7000E+01   4.9947E-03  0.0314   0.0000E+00  0.0000
   1.7000E+01   1.8000E+01   4.9805E-03  0.0317   0.0000E+00  0.0000
   1.8000E+01   1.9000E+01   4.5508E-03  0.0329   0.0000E+00  0.0000
   1.9000E+01   2.0000E+01   4.7520E-03  0.0323   0.0000E+00  0.0000
   2.0000E+01   2.1000E+01   6.4544E-03  0.0274   0.0000E+00  0.0000
   2.1000E+01   2.2000E+01   6.0550E-03  0.0280   0.0000E+00  0.0000
   2.2000E+01   2.3000E+01   5.9603E-03  0.0283   0.0000E+00  0.0000
   2.3000E+01   2.4000E+01   6.2632E-03  0.0276   0.0000E+00  0.0000
   2.4000E+01   2.5000E+01   5.9647E-03  0.0281   0.0000E+00  0.0000
   2.5000E+01   2.6000E+01   6.2219E-03  0.0277   0.0000E+00  0.0000
   2.6000E+01   2.7000E+01   5.9451E-03  0.0281   0.0000E+00  0.0000
   2.7000E+01   2.8000E+01   6.0244E-03  0.0278   0.0000E+00  0.0000
   2.8000E+01   2.9000E+01   6.0342E-03  0.0278   0.0000E+00  0.0000
   2.9000E+01   3.0000E+01   5.9471E-03  0.0279   0.0000E+00  0.0000
   3.0000E+01   3.1000E+01   5.8104E-03  0.0280   0.0000E+00  0.0000
   3.1000E+01   3.2000E+01   5.6787E-03  0.0283   0.0000E+00  0.0000
   3.2000E+01   3.3000E+01   5.9381E-03  0.0276   0.0000E+00  0.0000
   3.3000E+01   3.4000E+01   5.9678E-03  0.0274   0.0000E+00  0.0000
   3.4000E+01   3.5000E+01   6.2201E-03  0.0271   0.0000E+00  0.0000
   3.5000E+01   3.6000E+01   6.0161E-03  0.0275   0.0000E+00  0.0000
   3.6000E+01   3.7000E+01   6.0157E-03  0.0274   0.0000E+00  0.0000
   3.7000E+01   3.8000E+01   5.9851E-03  0.0271   0.0000E+00  0.0000
   3.8000E+01   3.9000E+01   6.1501E-03  0.0270   0.0000E+00  0.0000
   3.9000E+01   4.0000E+01   6.0198E-03  0.0270   0.0000E+00  0.0000
   4.0000E+01   4.1000E+01   6.1729E-03  0.0268   0.0000E+00  0.0000
   4.1000E+01   4.2000E+01   6.3306E-03  0.0266   0.0000E+00  0.0000
   4.2000E+01   4.3000E+01   6.0006E-03  0.0272   0.0000E+00  0.0000
   4.3000E+01   4.4000E+01   6.4116E-03  0.0263   0.0000E+00  0.0000
   4.4000E+01   4.5000E+01   6.0788E-03  0.0270   0.0000E+00  0.0000
   4.5000E+01   4.6000E+01   5.9257E-03  0.0269   0.0000E+00  0.0000
   4.6000E+01   4.7000E+01   5.9847E-03  0.0270   0.0000E+00  0.0000
   4.7000E+01   4.8000E+01   5.9494E-03  0.0270   0.0000E+00  0.0000
   4.8000E+01   4.9000E+01   6.0201E-03  0.0268   0.0000E+00  0.0000
   4.9000E+01   5.0000E+01   5.9438E-03  0.0269   0.0000E+00  0.0000
   5.0000E+01   5.1000E+01   6.0696E-03  0.0265   0.0000E+00  0.0000
   5.1000E+01   5.2000E+01   6.1356E-03  0.0263   0.0000E+00  0.0000
   5.2000E+01   5.3000E+01   5.8462E-03  0.0268   0.0000E+00  0.0000
   5.3000E+01   5.4000E+01   6.0408E-03  0.0264   0.0000E+00  0.0000
   5.4000E+01   5.5000E+01   5.7989E-03  0.0268   0.0000E+00  0.0000
   5.5000E+01   5.6000E+01   5.8319E-03  0.0267   0.0000E+00  0.0000
   5.6000E+01   5.7000E+01   5.9690E-03  0.0265   0.0000E+00  0.0000
   5.7000E+01   5.8000E+01   6.0375E-03  0.0262   0.0000E+00  0.0000
   5.8000E+01   5.9000E+01   5.5594E-03  0.0272   0.0000E+00  0.0000
   5.9000E+01   6.0000E+01   5.7168E-03  0.0269   0.0000E+00  0.0000
   6.0000E+01   6.1000E+01   5.8099E-03  0.0266   0.0000E+00  0.0000
   6.1000E+01   6.2000E+01   5.5829E-03  0.0272   0.0000E+00  0.0000
   6.2000E+01   6.3000E+01   5.4948E-03  0.0273   0.0000E+00  0.0000
   6.3000E+01   6.4000E+01   5.4219E-03  0.0276   0.0000E+00  0.0000
   6.4000E+01   6.5000E+01   5.2995E-03  0.0278   0.0000E+00  0.0000
   6.5000E+01   6.6000E+01   5.3003E-03  0.0279   0.0000E+00  0.0000
   6.6000E+01   6.7000E+01   5.3104E-03  0.0276   0.0000E+00  0.0000
   6.7000E+01   6.8000E+01   5.2677E-03  0.0277   0.0000E+00  0.0000
   6.8000E+01   6.9000E+01   5.5612E-03  0.0269   0.0000E+00  0.0000
   6.9000E+01   7.0000E+01   5.4083E-03  0.0272   0.0000E+00  0.0000
   7.0000E+01   7.1000E+01   5.2712E-03  0.0274   0.0000E+00  0.0000
   7.1000E+01   7.2000E+01   5.0262E-03  0.0282   0.0000E+00  0.0000
   7.2000E+01   7.3000E+01   4.8243E-03  0.0289   0.0000E+00  0.0000
   7.3000E+01   7.4000E+01   5.0076E-03  0.0282   0.0000E+00  0.0000
   7.4000E+01   7.5000E+01   4.8942E-03  0.0285   0.0000E+00  0.0000
   7.5000E+01   7.6000E+01   5.0171E-03  0.0280   0.0000E+00  0.0000
   7.6000E+01   7.7000E+01   5.3626E-03  0.0271   0.0000E+00  0.0000
   7.7000E+01   7.8000E+01   5.3512E-03  0.0271   0.0000E+00  0.0000
   7.8000E+01   7.9000E+01   4.8866E-03  0.0281   0.0000E+00  0.0000
   7.9000E+01   8.0000E+01   4.9395E-03  0.0281   0.0000E+00  0.0000
   8.0000E+01   8.1000E+01   4.4946E-03  0.0296   0.0000E+00  0.0000
   8.1000E+01   8.2000E+01   4.7244E-03  0.0288   0.0000E+00  0.0000
   8.2000E+01   8.3000E+01   4.5772E-03  0.0292   0.0000E+00  0.0000
   8.3000E+01   8.4000E+01   4.4233E-03  0.0295   0.0000E+00  0.0000
   8.4000E+01   8.5000E+01   4.3391E-03  0.0300   0.0000E+00  0.0000
   8.5000E+01   8.6000E+01   4.6239E-03  0.0289   0.0000E+00  0.0000
   8.6000E+01   8.7000E+01   4.8389E-03  0.0282   0.0000E+00  0.0000
   8.7000E+01   8.8000E+01   4.2751E-03  0.0300   0.0000E+00  0.0000
   8.8000E+01   8.9000E+01   4.0928E-03  0.0304   0.0000E+00  0.0000
   8.9000E+01   9.0000E+01   3.9529E-03  0.0312   0.0000E+00  0.0000
   9.0000E+01   9.1000E+01   4.2215E-03  0.0300   0.0000E+00  0.0000
   9.1000E+01   9.2000E+01   4.1014E-03  0.0306   0.0000E+00  0.0000
   9.2000E+01   9.3000E+01   4.0417E-03  0.0306   0.0000E+00  0.0000
   9.3000E+01   9.4000E+01   4.1442E-03  0.0303   0.0000E+00  0.0000
   9.4000E+01   9.5000E+01   4.1148E-03  0.0303   0.0000E+00  0.0000
   9.5000E+01   9.6000E+01   4.3045E-03  0.0295   0.0000E+00  0.0000
   9.6000E+01   9.7000E+01   4.2532E-03  0.0297   0.0000E+00  0.0000
   9.7000E+01   9.8000E+01   3.8495E-03  0.0311   0.0000E+00  0.0000
   9.8000E+01   9.9000E+01   3.5029E-03  0.0330   0.0000E+00  0.0000
   9.9000E+01   1.0000E+02   3.5513E-03  0.0325   0.0000E+00  0.0000
   1.0000E+02   1.0100E+02   3.2568E-03  0.0341   0.0000E+00  0.0000
   1.0100E+02   1.0200E+02   3.0560E-03  0.0351   0.0000E+00  0.0000
   1.0200E+02   1.0300E+02   3.1983E-03  0.0342   0.0000E+00  0.0000
   1.0300E+02   1.0400E+02   3.4978E-03  0.0327   0.0000E+00  0.0000
   1.0400E+02   1.0500E+02   3.2338E-03  0.0339   0.0000E+00  0.0000
   1.0500E+02   1.0600E+02   3.2231E-03  0.0339   0.0000E+00  0.0000
   1.0600E+02   1.0700E+02   3.4124E-03  0.0330   0.0000E+00  0.0000
   1.0700E+02   1.0800E+02   3.1390E-03  0.0342   0.0000E+00  0.0000
   1.0800E+02   1.0900E+02   3.2771E-03  0.0335   0.0000E+00  0.0000
   1.0900E+02   1.1000E+02   3.0822E-03  0.0346   0.0000E+00  0.0000
   1.1000E+02   1.1100E+02   2.7607E-03  0.0366   0.0000E+00  0.0000
   1.1100E+02   1.1200E+02   2.9133E-03  0.0355   0.0000E+00  0.0000
   1.1200E+02   1.1300E+02   2.8993E-03  0.0357   0.0000E+00  0.0000
   1.1300E+02   1.1400E+02   2.8247E-03  0.0359   0.0000E+00  0.0000
   1.1400E+02   1.1500E+02   2.6514E-03  0.0375   0.0000E+00  0.0000
   1.1500E+02   1.1600E+02   2.5232E-03  0.0382   0.0000E+00  0.0000
   1.1600E+02   1.1700E+02   2.7890E-03  0.0362   0.0000E+00  0.0000
   1.1700E+02   1.1800E+02   2.6032E-03  0.0374   0.0000E+00  0.0000
   1.1800E+02   1.1900E+02   2.9930E-03  0.0351   0.0000E+00  0.0000
   1.1900E+02   1.2000E+02   2.4776E-03  0.0384   0.0000E+00  0.0000
   1.2000E+02   1.2100E+02   2.6214E-03  0.0373   0.0000E+00  0.0000
   1.2100E+02   1.2200E+02   2.4191E-03  0.0388   0.0000E+00  0.0000
   1.2200E+02   1.2300E+02   2.3883E-03  0.0390   0.0000E+00  0.0000
   1.2300E+02   1.2400E+02   2.4400E-03  0.0384   0.0000E+00  0.0000
   1.2400E+02   1.2500E+02   1.8141E-03  0.0449   0.0000E+00  0.0000
   1.2500E+02   1.2600E+02   1.8901E-03  0.0440   0.0000E+00  0.0000
   1.2600E+02   1.2700E+02   2.4531E-03  0.0385   0.0000E+00  0.0000
   1.2700E+02   1.2800E+02   2.2149E-03  0.0402   0.0000E+00  0.0000
   1.2800E+02   1.2900E+02   2.0652E-03  0.0421   0.0000E+00  0.0000
   1.2900E+02   1.3000E+02   2.0560E-03  0.0418   0.0000E+00  0.0000
   1.3000E+02   1.3100E+02   2.0553E-03  0.0417   0.0000E+00  0.0000
   1.3100E+02   1.3200E+02   2.1948E-03  0.0405   0.0000E+00  0.0000
   1.3200E+02   1.3300E+02   1.9921E-03  0.0424   0.0000E+00  0.0000
   1.3300E+02   1.3400E+02   2.1153E-03  0.0412   0.0000E+00  0.0000
   1.3400E+02   1.3500E+02   2.0329E-03  0.0421   0.0000E+00  0.0000
   1.3500E+02   1.3600E+02   2.0591E-03  0.0415   0.0000E+00  0.0000
   1.3600E+02   1.3700E+02   1.8665E-03  0.0439   0.0000E+00  0.0000
   1.3700E+02   1.3800E+02   1.7188E-03  0.0456   0.0000E+00  0.0000
   1.3800E+02   1.3900E+02   1.6748E-03  0.0463   0.0000E+00  0.0000
   1.3900E+02   1.4000E+02   1.6584E-03  0.0466   0.0000E+00  0.0000
   1.4000E+02   1.4100E+02   1.7019E-03  0.0459   0.0000E+00  0.0000
   1.4100E+02   1.4200E+02   1.9050E-03  0.0434   0.0000E+00  0.0000
   1.4200E+02   1.4300E+02   1.7013E-03  0.0457   0.0000E+00  0.0000
   1.4300E+02   1.4400E+02   1.8702E-03  0.0436   0.0000E+00  0.0000
   1.4400E+02   1.4500E+02   1.6423E-03  0.0466   0.0000E+00  0.0000
   1.4500E+02   1.4600E+02   1.6111E-03  0.0472   0.0000E+00  0.0000
   1.4600E+02   1.4700E+02   1.5101E-03  0.0484   0.0000E+00  0.0000
   1.4700E+02   1.4800E+02   1.5016E-03  0.0486   0.0000E+00  0.0000
   1.4800E+02   1.4900E+02   1.4507E-03  0.0496   0.0000E+00  0.0000
   1.4900E+02   1.5000E+02   1.3869E-03  0.0504   0.0000E+00  0.0000
   1.5000E+02   1.5100E+02   1.4402E-03  0.0499   0.0000E+00  0.0000
   1.5100E+02   1.5200E+02   1.4850E-03  0.0486   0.0000E+00  0.0000
   1.5200E+02   1.5300E+02   1.4125E-03  0.0500   0.0000E+00  0.0000
   1.5300E+02   1.5400E+02   1.6355E-03  0.0464   0.0000E+00  0.0000
   1.5400E+02   1.5500E+02   1.3808E-03  0.0503   0.0000E+00  0.0000
   1.5500E+02   1.5600E+02   1.5402E-03  0.0478   0.0000E+00  0.0000
   1.5600E+02   1.5700E+02   1.3646E-03  0.0506   0.0000E+00  0.0000
   1.5700E+02   1.5800E+02   1.0011E-03  0.0595   0.0000E+00  0.0000
   1.5800E+02   1.5900E+02   1.2962E-03  0.0521   0.0000E+00  0.0000
   1.5900E+02   1.6000E+02   1.1692E-03  0.0548   0.0000E+00  0.0000
   1.6000E+02   1.6100E+02   8.1385E-04  0.0666   0.0000E+00  0.0000
   1.6100E+02   1.6200E+02   9.3338E-04  0.0616   0.0000E+00  0.0000
   1.6200E+02   1.6300E+02   1.1183E-03  0.0560   0.0000E+00  0.0000
   1.6300E+02   1.6400E+02   1.4506E-03  0.0490   0.0000E+00  0.0000
   1.6400E+02   1.6500E+02   9.4366E-04  0.0611   0.0000E+00  0.0000
   1.6500E+02   1.6600E+02   1.2108E-03  0.0540   0.0000E+00  0.0000
   1.6600E+02   1.6700E+02   1.1496E-03  0.0553   0.0000E+00  0.0000
   1.6700E+02   1.6800E+02   9.3291E-04  0.0615   0.0000E+00  0.0000
   1.6800E+02   1.6900E+02   9.4617E-04  0.0607   0.0000E+00  0.0000
   1.6900E+02   1.7000E+02   9.4215E-04  0.0611   0.0000E+00  0.0000
   1.7000E+02   1.7100E+02   8.8140E-04  0.0630   0.0000E+00  0.0000
   1.7100E+02   1.7200E+02   9.8374E-04  0.0594   0.0000E+00  0.0000
   1.7200E+02   1.7300E+02   9.3870E-04  0.0608   0.0000E+00  0.0000
   1.7300E+02   1.7400E+02   8.7003E-04  0.0636   0.0000E+00  0.0000
   1.7400E+02   1.7500E+02   9.9420E-04  0.0591   0.0000E+00  0.0000
   1.7500E+02   1.7600E+02   9.4054E-04  0.0608   0.0000E+00  0.0000
   1.7600E+02   1.7700E+02   7.0643E-04  0.0708   0.0000E+00  0.0000
   1.7700E+02   1.7800E+02   1.0031E-03  0.0587   0.0000E+00  0.0000
   1.7800E+02   1.7900E+02   9.6087E-04  0.0602   0.0000E+00  0.0000
   1.7900E+02   1.8000E+02   9.0256E-04  0.0623   0.0000E+00  0.0000
   1.8000E+02   1.8100E+02   9.7020E-04  0.0599   0.0000E+00  0.0000
   1.8100E+02   1.8200E+02   7.5150E-04  0.0680   0.0000E+00  0.0000
   1.8200E+02   1.8300E+02   7.4868E-04  0.0679   0.0000E+00  0.0000
   1.8300E+02   1.8400E+02   8.1272E-04  0.0652   0.0000E+00  0.0000
   1.8400E+02   1.8500E+02   8.3688E-04  0.0644   0.0000E+00  0.0000
   1.8500E+02   1.8600E+02   7.5987E-04  0.0673   0.0000E+00  0.0000
   1.8600E+02   1.8700E+02   9.2116E-04  0.0613   0.0000E+00  0.0000
   1.8700E+02   1.8800E+02   6.6116E-04  0.0723   0.0000E+00  0.0000
   1.8800E+02   1.8900E+02   7.0101E-04  0.0701   0.0000E+00  0.0000
   1.8900E+02   1.9000E+02   5.6307E-04  0.0784   0.0000E+00  0.0000
   1.9000E+02   1.9100E+02   5.3676E-04  0.0804   0.0000E+00  0.0000
   1.9100E+02   1.9200E+02   4.8940E-04  0.0840   0.0000E+00  0.0000
   1.9200E+02   1.9300E+02   5.3057E-04  0.0806   0.0000E+00  0.0000
   1.9300E+02   1.9400E+02   5.1526E-04  0.0817   0.0000E+00  0.0000
   1.9400E+02   1.9500E+02   6.4056E-04  0.0734   0.0000E+00  0.0000
   1.9500E+02   1.9600E+02   6.6971E-04  0.0716   0.0000E+00  0.0000
   1.9600E+02   1.9700E+02   5.7883E-04  0.0770   0.0000E+00  0.0000
   1.9700E+02   1.9800E+02   3.9620E-04  0.0934   0.0000E+00  0.0000
   1.9800E+02   1.9900E+02   4.3472E-04  0.0892   0.0000E+00  0.0000
   1.9900E+02   2.0000E+02   5.4957E-04  0.0791   0.0000E+00  0.0000
   2.0000E+02   2.0100E+02   6.0449E-04  0.0752   0.0000E+00  0.0000
   2.0100E+02   2.0200E+02   4.0304E-04  0.0925   0.0000E+00  0.0000
   2.0200E+02   2.0300E+02   3.6280E-04  0.0977   0.0000E+00  0.0000
   2.0300E+02   2.0400E+02   4.9173E-04  0.0838   0.0000E+00  0.0000
   2.0400E+02   2.0500E+02   3.6177E-04  0.0977   0.0000E+00  0.0000
   2.0500E+02   2.0600E+02   4.8976E-04  0.0837   0.0000E+00  0.0000
   2.0600E+02   2.0700E+02   4.6841E-04  0.0855   0.0000E+00  0.0000
   2.0700E+02   2.0800E+02   2.6134E-04  0.1157   0.0000E+00  0.0000
   2.0800E+02   2.0900E+02   3.4586E-04  0.0995   0.0000E+00  0.0000
   2.0900E+02   2.1000E+02   2.5260E-04  0.1171   0.0000E+00  0.0000
   2.1000E+02   2.1100E+02   4.4199E-04  0.0877   0.0000E+00  0.0000
   2.1100E+02   2.1200E+02   4.9340E-04  0.0831   0.0000E+00  0.0000
   2.1200E+02   2.1300E+02   3.5516E-04  0.0981   0.0000E+00  0.0000
   2.1300E+02   2.1400E+02   4.4736E-04  0.0871   0.0000E+00  0.0000
   2.1400E+02   2.1500E+02   4.0494E-04  0.0922   0.0000E+00  0.0000
   2.1500E+02   2.1600E+02   3.5437E-04  0.0979   0.0000E+00  0.0000
   2.1600E+02   2.1700E+02   1.6963E-04  0.1430   0.0000E+00  0.0000
   2.1700E+02   2.1800E+02   3.1061E-04  0.1049   0.0000E+00  0.0000
   2.1800E+02   2.1900E+02   4.6221E-04  0.0861   0.0000E+00  0.0000
   2.1900E+02   2.2000E+02   5.3974E-04  0.0793   0.0000E+00  0.0000
   2.2000E+02   2.2100E+02   3.3377E-04  0.1010   0.0000E+00  0.0000
   2.2100E+02   2.2200E+02   2.0166E-04  0.1302   0.0000E+00  0.0000
   2.2200E+02   2.2300E+02   2.6682E-04  0.1131   0.0000E+00  0.0000
   2.2300E+02   2.2400E+02   3.9190E-04  0.0933   0.0000E+00  0.0000
   2.2400E+02   2.2500E+02   3.4656E-04  0.0990   0.0000E+00  0.0000
   2.2500E+02   2.2600E+02   2.3158E-04  0.1213   0.0000E+00  0.0000
   2.2600E+02   2.2700E+02   1.9503E-04  0.1325   0.0000E+00  0.0000
   2.2700E+02   2.2800E+02   9.2508E-05  0.1925   0.0000E+00  0.0000
   2.2800E+02   2.2900E+02   1.8681E-04  0.1363   0.0000E+00  0.0000
   2.2900E+02   2.3000E+02   3.0642E-04  0.1054   0.0000E+00  0.0000
   2.3000E+02   2.3100E+02   2.6485E-04  0.1132   0.0000E+00  0.0000
   2.3100E+02   2.3200E+02   2.3740E-04  0.1195   0.0000E+00  0.0000
   2.3200E+02   2.3300E+02   1.2560E-04  0.1644   0.0000E+00  0.0000
   2.3300E+02   2.3400E+02   1.8780E-04  0.1349   0.0000E+00  0.0000
   2.3400E+02   2.3500E+02   1.6763E-04  0.1429   0.0000E+00  0.0000
   2.3500E+02   2.3600E+02   2.5775E-04  0.1147   0.0000E+00  0.0000
   2.3600E+02   2.3700E+02   1.6607E-04  0.1429   0.0000E+00  0.0000
   2.3700E+02   2.3800E+02   1.4574E-04  0.1525   0.0000E+00  0.0000
   2.3800E+02   2.3900E+02   1.6039E-04  0.1459   0.0000E+00  0.0000
   2.3900E+02   2.4000E+02   2.0011E-04  0.1302   0.0000E+00  0.0000
   2.4000E+02   2.4100E+02   2.8797E-04  0.1085   0.0000E+00  0.0000
   2.4100E+02   2.4200E+02   1.7696E-04  0.1387   0.0000E+00  0.0000
   2.4200E+02   2.4300E+02   2.5834E-04  0.1147   0.0000E+00  0.0000
   2.4300E+02   2.4400E+02   1.5009E-04  0.1508   0.0000E+00  0.0000
   2.4400E+02   2.4500E+02   2.3020E-04  0.1213   0.0000E+00  0.0000
   2.4500E+02   2.4600E+02   2.0327E-04  0.1291   0.0000E+00  0.0000
   2.4600E+02   2.4700E+02   9.1787E-05  0.1925   0.0000E+00  0.0000
   2.4700E+02   2.4800E+02   8.5355E-05  0.2000   0.0000E+00  0.0000
   2.4800E+02   2.4900E+02   2.1640E-04  0.1250   0.0000E+00  0.0000
   2.4900E+02   2.5000E+02   1.6866E-05  0.4472   0.0000E+00  0.0000

#   sum over                 4.1124E-03           4.2783E-03

'no. =  1,  reg  =      4'
msuc: {\huge [t-track] in region mesh}
msdr: {\it plotted by \ANGEL \version}
msdl: {\it calculated by \PHITS  3.26}
wt: s(0.7)
\vspace{-3}
   vol  &=&   1.0000E+00 [cm^3]
e:
 
# Information for Restart Calculation
# This calculation was newly started
# istdev =  2 # 1:Batch variance, 2:History variance
# resc2  = 1.48500000000000000E+07 # Total source weight or Total source weight / maxcas
# resc3  = 1.48500000000000000E+07 # Total history number or Total batch number
# maxcas =       10000 # History / Batch, only used for istdev=1
# bitrseed = 1001101000011110001111100101010100010111011010100010000101010011 # bit data of rseed
