[ T-Track ]
    title = [t-track] in region mesh
     mesh =  reg            # mesh type is region-wise
      reg = 4
   e-type =    1            # e-mesh is given by the below data
       ne =    250          # number of e-mesh points
#    data = ( e(i), i = 1, ne + 1 )
            0.00000E+00  1.00000E+00  2.00000E+00  3.00000E+00  4.00000E+00
            5.00000E+00  6.00000E+00  7.00000E+00  8.00000E+00  9.00000E+00
            1.00000E+01  1.10000E+01  1.20000E+01  1.30000E+01  1.40000E+01
            1.50000E+01  1.60000E+01  1.70000E+01  1.80000E+01  1.90000E+01
            2.00000E+01  2.10000E+01  2.20000E+01  2.30000E+01  2.40000E+01
            2.50000E+01  2.60000E+01  2.70000E+01  2.80000E+01  2.90000E+01
            3.00000E+01  3.10000E+01  3.20000E+01  3.30000E+01  3.40000E+01
            3.50000E+01  3.60000E+01  3.70000E+01  3.80000E+01  3.90000E+01
            4.00000E+01  4.10000E+01  4.20000E+01  4.30000E+01  4.40000E+01
            4.50000E+01  4.60000E+01  4.70000E+01  4.80000E+01  4.90000E+01
            5.00000E+01  5.10000E+01  5.20000E+01  5.30000E+01  5.40000E+01
            5.50000E+01  5.60000E+01  5.70000E+01  5.80000E+01  5.90000E+01
            6.00000E+01  6.10000E+01  6.20000E+01  6.30000E+01  6.40000E+01
            6.50000E+01  6.60000E+01  6.70000E+01  6.80000E+01  6.90000E+01
            7.00000E+01  7.10000E+01  7.20000E+01  7.30000E+01  7.40000E+01
            7.50000E+01  7.60000E+01  7.70000E+01  7.80000E+01  7.90000E+01
            8.00000E+01  8.10000E+01  8.20000E+01  8.30000E+01  8.40000E+01
            8.50000E+01  8.60000E+01  8.70000E+01  8.80000E+01  8.90000E+01
            9.00000E+01  9.10000E+01  9.20000E+01  9.30000E+01  9.40000E+01
            9.50000E+01  9.60000E+01  9.70000E+01  9.80000E+01  9.90000E+01
            1.00000E+02  1.01000E+02  1.02000E+02  1.03000E+02  1.04000E+02
            1.05000E+02  1.06000E+02  1.07000E+02  1.08000E+02  1.09000E+02
            1.10000E+02  1.11000E+02  1.12000E+02  1.13000E+02  1.14000E+02
            1.15000E+02  1.16000E+02  1.17000E+02  1.18000E+02  1.19000E+02
            1.20000E+02  1.21000E+02  1.22000E+02  1.23000E+02  1.24000E+02
            1.25000E+02  1.26000E+02  1.27000E+02  1.28000E+02  1.29000E+02
            1.30000E+02  1.31000E+02  1.32000E+02  1.33000E+02  1.34000E+02
            1.35000E+02  1.36000E+02  1.37000E+02  1.38000E+02  1.39000E+02
            1.40000E+02  1.41000E+02  1.42000E+02  1.43000E+02  1.44000E+02
            1.45000E+02  1.46000E+02  1.47000E+02  1.48000E+02  1.49000E+02
            1.50000E+02  1.51000E+02  1.52000E+02  1.53000E+02  1.54000E+02
            1.55000E+02  1.56000E+02  1.57000E+02  1.58000E+02  1.59000E+02
            1.60000E+02  1.61000E+02  1.62000E+02  1.63000E+02  1.64000E+02
            1.65000E+02  1.66000E+02  1.67000E+02  1.68000E+02  1.69000E+02
            1.70000E+02  1.71000E+02  1.72000E+02  1.73000E+02  1.74000E+02
            1.75000E+02  1.76000E+02  1.77000E+02  1.78000E+02  1.79000E+02
            1.80000E+02  1.81000E+02  1.82000E+02  1.83000E+02  1.84000E+02
            1.85000E+02  1.86000E+02  1.87000E+02  1.88000E+02  1.89000E+02
            1.90000E+02  1.91000E+02  1.92000E+02  1.93000E+02  1.94000E+02
            1.95000E+02  1.96000E+02  1.97000E+02  1.98000E+02  1.99000E+02
            2.00000E+02  2.01000E+02  2.02000E+02  2.03000E+02  2.04000E+02
            2.05000E+02  2.06000E+02  2.07000E+02  2.08000E+02  2.09000E+02
            2.10000E+02  2.11000E+02  2.12000E+02  2.13000E+02  2.14000E+02
            2.15000E+02  2.16000E+02  2.17000E+02  2.18000E+02  2.19000E+02
            2.20000E+02  2.21000E+02  2.22000E+02  2.23000E+02  2.24000E+02
            2.25000E+02  2.26000E+02  2.27000E+02  2.28000E+02  2.29000E+02
            2.30000E+02  2.31000E+02  2.32000E+02  2.33000E+02  2.34000E+02
            2.35000E+02  2.36000E+02  2.37000E+02  2.38000E+02  2.39000E+02
            2.40000E+02  2.41000E+02  2.42000E+02  2.43000E+02  2.44000E+02
            2.45000E+02  2.46000E+02  2.47000E+02  2.48000E+02  2.49000E+02
            2.50000E+02
     unit =    2            # unit is [1/cm^2/(MeV/n)/source]
 material =  all            # (D=all) number of specific material
     axis =     eng            # axis of output
     file = neutral_particles_shield1_HE.out  # file name of output for the above axis
     part =  neutron    photon   
# kf/name :  2112       22       
#    used :        main (  %)        temp (  %)       total (  %)
#  memory :         257 (  0)           0 (  0)         257 (  0)

#------------------------------------------------------------------------------
#newpage:
#   no. =  1   reg =      4

x: Energy [MeV/n]
y: Flux [1/cm^2/(MeV/n)/source]      
p: xlin ylog afac(0.8) form(0.9)
h: n            x            y(neutron ),hh0l   n y(photon  ),hh0dr  n 
#  e-lower      e-upper      neutron     r.err    photon      r.err 
   0.0000E+00   1.0000E+00   1.1483E+01  0.0007   2.0929E-01  0.0064
   1.0000E+00   2.0000E+00   1.7311E-01  0.0058   4.3379E-02  0.0121
   2.0000E+00   3.0000E+00   3.2464E-02  0.0136   2.4949E-02  0.0156
   3.0000E+00   4.0000E+00   1.5063E-02  0.0197   1.5949E-02  0.0191
   4.0000E+00   5.0000E+00   8.8450E-03  0.0254   1.1967E-02  0.0219
   5.0000E+00   6.0000E+00   6.3590E-03  0.0296   8.6244E-03  0.0256
   6.0000E+00   7.0000E+00   4.8465E-03  0.0338   8.5743E-03  0.0251
   7.0000E+00   8.0000E+00   3.6611E-03  0.0387   1.7427E-02  0.0177
   8.0000E+00   9.0000E+00   3.2549E-03  0.0408   1.5177E-03  0.0618
   9.0000E+00   1.0000E+01   2.9625E-03  0.0428   1.8449E-03  0.0542
   1.0000E+01   1.1000E+01   2.6758E-03  0.0443   8.2279E-05  0.2507
   1.1000E+01   1.2000E+01   2.8348E-03  0.0432   2.7681E-05  0.4765
   1.2000E+01   1.3000E+01   2.3773E-03  0.0472   9.6992E-06  0.7140
   1.3000E+01   1.4000E+01   2.5504E-03  0.0450   0.0000E+00  0.0000
   1.4000E+01   1.5000E+01   2.3534E-03  0.0467   4.9612E-06  1.0000
   1.5000E+01   1.6000E+01   2.3283E-03  0.0471   0.0000E+00  0.0000
   1.6000E+01   1.7000E+01   2.1631E-03  0.0492   0.0000E+00  0.0000
   1.7000E+01   1.8000E+01   2.1559E-03  0.0490   0.0000E+00  0.0000
   1.8000E+01   1.9000E+01   2.1381E-03  0.0492   0.0000E+00  0.0000
   1.9000E+01   2.0000E+01   2.0870E-03  0.0501   0.0000E+00  0.0000
   2.0000E+01   2.1000E+01   2.2589E-03  0.0473   0.0000E+00  0.0000
   2.1000E+01   2.2000E+01   2.0956E-03  0.0494   0.0000E+00  0.0000
   2.2000E+01   2.3000E+01   2.0521E-03  0.0490   0.0000E+00  0.0000
   2.3000E+01   2.4000E+01   1.9509E-03  0.0500   0.0000E+00  0.0000
   2.4000E+01   2.5000E+01   2.0541E-03  0.0501   0.0000E+00  0.0000
   2.5000E+01   2.6000E+01   1.9016E-03  0.0524   0.0000E+00  0.0000
   2.6000E+01   2.7000E+01   2.0141E-03  0.0506   0.0000E+00  0.0000
   2.7000E+01   2.8000E+01   1.9492E-03  0.0508   0.0000E+00  0.0000
   2.8000E+01   2.9000E+01   1.8838E-03  0.0515   0.0000E+00  0.0000
   2.9000E+01   3.0000E+01   1.8605E-03  0.0517   0.0000E+00  0.0000
   3.0000E+01   3.1000E+01   1.6501E-03  0.0546   0.0000E+00  0.0000
   3.1000E+01   3.2000E+01   1.8328E-03  0.0523   0.0000E+00  0.0000
   3.2000E+01   3.3000E+01   1.6444E-03  0.0553   0.0000E+00  0.0000
   3.3000E+01   3.4000E+01   1.6367E-03  0.0545   0.0000E+00  0.0000
   3.4000E+01   3.5000E+01   1.8713E-03  0.0518   0.0000E+00  0.0000
   3.5000E+01   3.6000E+01   1.7150E-03  0.0530   0.0000E+00  0.0000
   3.6000E+01   3.7000E+01   1.6081E-03  0.0550   0.0000E+00  0.0000
   3.7000E+01   3.8000E+01   1.6414E-03  0.0548   0.0000E+00  0.0000
   3.8000E+01   3.9000E+01   1.5134E-03  0.0571   0.0000E+00  0.0000
   3.9000E+01   4.0000E+01   1.5650E-03  0.0562   0.0000E+00  0.0000
   4.0000E+01   4.1000E+01   1.6180E-03  0.0544   0.0000E+00  0.0000
   4.1000E+01   4.2000E+01   1.5823E-03  0.0555   0.0000E+00  0.0000
   4.2000E+01   4.3000E+01   1.6455E-03  0.0543   0.0000E+00  0.0000
   4.3000E+01   4.4000E+01   1.5629E-03  0.0559   0.0000E+00  0.0000
   4.4000E+01   4.5000E+01   1.4898E-03  0.0568   0.0000E+00  0.0000
   4.5000E+01   4.6000E+01   1.4945E-03  0.0569   0.0000E+00  0.0000
   4.6000E+01   4.7000E+01   1.5899E-03  0.0557   0.0000E+00  0.0000
   4.7000E+01   4.8000E+01   1.2210E-03  0.0623   0.0000E+00  0.0000
   4.8000E+01   4.9000E+01   1.4760E-03  0.0571   0.0000E+00  0.0000
   4.9000E+01   5.0000E+01   1.4826E-03  0.0572   0.0000E+00  0.0000
   5.0000E+01   5.1000E+01   1.5450E-03  0.0554   0.0000E+00  0.0000
   5.1000E+01   5.2000E+01   1.5755E-03  0.0545   0.0000E+00  0.0000
   5.2000E+01   5.3000E+01   1.4629E-03  0.0568   0.0000E+00  0.0000
   5.3000E+01   5.4000E+01   1.4460E-03  0.0567   0.0000E+00  0.0000
   5.4000E+01   5.5000E+01   1.3961E-03  0.0577   0.0000E+00  0.0000
   5.5000E+01   5.6000E+01   1.4431E-03  0.0567   0.0000E+00  0.0000
   5.6000E+01   5.7000E+01   1.4513E-03  0.0571   0.0000E+00  0.0000
   5.7000E+01   5.8000E+01   1.5332E-03  0.0551   0.0000E+00  0.0000
   5.8000E+01   5.9000E+01   1.3118E-03  0.0593   0.0000E+00  0.0000
   5.9000E+01   6.0000E+01   1.5401E-03  0.0547   0.0000E+00  0.0000
   6.0000E+01   6.1000E+01   1.4544E-03  0.0558   0.0000E+00  0.0000
   6.1000E+01   6.2000E+01   1.5114E-03  0.0542   0.0000E+00  0.0000
   6.2000E+01   6.3000E+01   1.4879E-03  0.0554   0.0000E+00  0.0000
   6.3000E+01   6.4000E+01   1.2954E-03  0.0587   0.0000E+00  0.0000
   6.4000E+01   6.5000E+01   1.3458E-03  0.0578   0.0000E+00  0.0000
   6.5000E+01   6.6000E+01   1.4019E-03  0.0569   0.0000E+00  0.0000
   6.6000E+01   6.7000E+01   1.2203E-03  0.0608   0.0000E+00  0.0000
   6.7000E+01   6.8000E+01   1.2735E-03  0.0588   0.0000E+00  0.0000
   6.8000E+01   6.9000E+01   1.3767E-03  0.0563   0.0000E+00  0.0000
   6.9000E+01   7.0000E+01   1.3568E-03  0.0573   0.0000E+00  0.0000
   7.0000E+01   7.1000E+01   1.3667E-03  0.0565   0.0000E+00  0.0000
   7.1000E+01   7.2000E+01   1.2763E-03  0.0578   0.0000E+00  0.0000
   7.2000E+01   7.3000E+01   1.1654E-03  0.0616   0.0000E+00  0.0000
   7.3000E+01   7.4000E+01   1.2417E-03  0.0592   0.0000E+00  0.0000
   7.4000E+01   7.5000E+01   1.3185E-03  0.0571   0.0000E+00  0.0000
   7.5000E+01   7.6000E+01   1.2565E-03  0.0590   0.0000E+00  0.0000
   7.6000E+01   7.7000E+01   1.2101E-03  0.0591   0.0000E+00  0.0000
   7.7000E+01   7.8000E+01   1.2625E-03  0.0580   0.0000E+00  0.0000
   7.8000E+01   7.9000E+01   1.3896E-03  0.0557   0.0000E+00  0.0000
   7.9000E+01   8.0000E+01   1.2224E-03  0.0587   0.0000E+00  0.0000
   8.0000E+01   8.1000E+01   1.2649E-03  0.0583   0.0000E+00  0.0000
   8.1000E+01   8.2000E+01   1.2185E-03  0.0593   0.0000E+00  0.0000
   8.2000E+01   8.3000E+01   1.2050E-03  0.0588   0.0000E+00  0.0000
   8.3000E+01   8.4000E+01   1.0744E-03  0.0621   0.0000E+00  0.0000
   8.4000E+01   8.5000E+01   1.0790E-03  0.0626   0.0000E+00  0.0000
   8.5000E+01   8.6000E+01   1.1900E-03  0.0595   0.0000E+00  0.0000
   8.6000E+01   8.7000E+01   1.2318E-03  0.0584   0.0000E+00  0.0000
   8.7000E+01   8.8000E+01   1.0578E-03  0.0626   0.0000E+00  0.0000
   8.8000E+01   8.9000E+01   1.2234E-03  0.0592   0.0000E+00  0.0000
   8.9000E+01   9.0000E+01   1.0086E-03  0.0643   0.0000E+00  0.0000
   9.0000E+01   9.1000E+01   1.0411E-03  0.0636   0.0000E+00  0.0000
   9.1000E+01   9.2000E+01   1.0044E-03  0.0644   0.0000E+00  0.0000
   9.2000E+01   9.3000E+01   1.0943E-03  0.0623   0.0000E+00  0.0000
   9.3000E+01   9.4000E+01   1.0612E-03  0.0626   0.0000E+00  0.0000
   9.4000E+01   9.5000E+01   1.0408E-03  0.0627   0.0000E+00  0.0000
   9.5000E+01   9.6000E+01   9.8538E-04  0.0650   0.0000E+00  0.0000
   9.6000E+01   9.7000E+01   1.0356E-03  0.0625   0.0000E+00  0.0000
   9.7000E+01   9.8000E+01   1.0075E-03  0.0628   0.0000E+00  0.0000
   9.8000E+01   9.9000E+01   9.1655E-04  0.0670   0.0000E+00  0.0000
   9.9000E+01   1.0000E+02   1.0253E-03  0.0631   0.0000E+00  0.0000
   1.0000E+02   1.0100E+02   8.9052E-04  0.0677   0.0000E+00  0.0000
   1.0100E+02   1.0200E+02   9.1340E-04  0.0668   0.0000E+00  0.0000
   1.0200E+02   1.0300E+02   8.7905E-04  0.0694   0.0000E+00  0.0000
   1.0300E+02   1.0400E+02   8.3860E-04  0.0693   0.0000E+00  0.0000
   1.0400E+02   1.0500E+02   9.2327E-04  0.0657   0.0000E+00  0.0000
   1.0500E+02   1.0600E+02   8.8754E-04  0.0675   0.0000E+00  0.0000
   1.0600E+02   1.0700E+02   9.2367E-04  0.0666   0.0000E+00  0.0000
   1.0700E+02   1.0800E+02   8.1383E-04  0.0693   0.0000E+00  0.0000
   1.0800E+02   1.0900E+02   1.0090E-03  0.0634   0.0000E+00  0.0000
   1.0900E+02   1.1000E+02   8.0009E-04  0.0709   0.0000E+00  0.0000
   1.1000E+02   1.1100E+02   7.3134E-04  0.0737   0.0000E+00  0.0000
   1.1100E+02   1.1200E+02   6.6344E-04  0.0768   0.0000E+00  0.0000
   1.1200E+02   1.1300E+02   9.1826E-04  0.0661   0.0000E+00  0.0000
   1.1300E+02   1.1400E+02   8.0171E-04  0.0703   0.0000E+00  0.0000
   1.1400E+02   1.1500E+02   7.6904E-04  0.0715   0.0000E+00  0.0000
   1.1500E+02   1.1600E+02   7.2439E-04  0.0733   0.0000E+00  0.0000
   1.1600E+02   1.1700E+02   6.9119E-04  0.0761   0.0000E+00  0.0000
   1.1700E+02   1.1800E+02   6.5916E-04  0.0775   0.0000E+00  0.0000
   1.1800E+02   1.1900E+02   7.6802E-04  0.0717   0.0000E+00  0.0000
   1.1900E+02   1.2000E+02   7.6652E-04  0.0714   0.0000E+00  0.0000
   1.2000E+02   1.2100E+02   7.2440E-04  0.0736   0.0000E+00  0.0000
   1.2100E+02   1.2200E+02   6.5694E-04  0.0771   0.0000E+00  0.0000
   1.2200E+02   1.2300E+02   6.1019E-04  0.0800   0.0000E+00  0.0000
   1.2300E+02   1.2400E+02   6.2535E-04  0.0781   0.0000E+00  0.0000
   1.2400E+02   1.2500E+02   5.8044E-04  0.0816   0.0000E+00  0.0000
   1.2500E+02   1.2600E+02   5.3684E-04  0.0851   0.0000E+00  0.0000
   1.2600E+02   1.2700E+02   6.2408E-04  0.0783   0.0000E+00  0.0000
   1.2700E+02   1.2800E+02   7.3134E-04  0.0739   0.0000E+00  0.0000
   1.2800E+02   1.2900E+02   5.5982E-04  0.0835   0.0000E+00  0.0000
   1.2900E+02   1.3000E+02   5.4905E-04  0.0843   0.0000E+00  0.0000
   1.3000E+02   1.3100E+02   5.9930E-04  0.0816   0.0000E+00  0.0000
   1.3100E+02   1.3200E+02   6.0279E-04  0.0791   0.0000E+00  0.0000
   1.3200E+02   1.3300E+02   5.5668E-04  0.0826   0.0000E+00  0.0000
   1.3300E+02   1.3400E+02   6.0774E-04  0.0794   0.0000E+00  0.0000
   1.3400E+02   1.3500E+02   5.0994E-04  0.0864   0.0000E+00  0.0000
   1.3500E+02   1.3600E+02   5.3736E-04  0.0845   0.0000E+00  0.0000
   1.3600E+02   1.3700E+02   5.6497E-04  0.0820   0.0000E+00  0.0000
   1.3700E+02   1.3800E+02   5.5019E-04  0.0835   0.0000E+00  0.0000
   1.3800E+02   1.3900E+02   4.7286E-04  0.0924   0.0000E+00  0.0000
   1.3900E+02   1.4000E+02   4.5077E-04  0.0927   0.0000E+00  0.0000
   1.4000E+02   1.4100E+02   4.8241E-04  0.0899   0.0000E+00  0.0000
   1.4100E+02   1.4200E+02   5.3675E-04  0.0844   0.0000E+00  0.0000
   1.4200E+02   1.4300E+02   4.8626E-04  0.0894   0.0000E+00  0.0000
   1.4300E+02   1.4400E+02   5.0002E-04  0.0864   0.0000E+00  0.0000
   1.4400E+02   1.4500E+02   4.1125E-04  0.0961   0.0000E+00  0.0000
   1.4500E+02   1.4600E+02   4.3780E-04  0.0940   0.0000E+00  0.0000
   1.4600E+02   1.4700E+02   4.5124E-04  0.0924   0.0000E+00  0.0000
   1.4700E+02   1.4800E+02   4.7783E-04  0.0897   0.0000E+00  0.0000
   1.4800E+02   1.4900E+02   3.2974E-04  0.1079   0.0000E+00  0.0000
   1.4900E+02   1.5000E+02   3.6495E-04  0.1017   0.0000E+00  0.0000
   1.5000E+02   1.5100E+02   4.0404E-04  0.0977   0.0000E+00  0.0000
   1.5100E+02   1.5200E+02   4.2043E-04  0.0950   0.0000E+00  0.0000
   1.5200E+02   1.5300E+02   4.1208E-04  0.0964   0.0000E+00  0.0000
   1.5300E+02   1.5400E+02   4.2433E-04  0.0942   0.0000E+00  0.0000
   1.5400E+02   1.5500E+02   3.0346E-04  0.1108   0.0000E+00  0.0000
   1.5500E+02   1.5600E+02   4.9633E-04  0.0868   0.0000E+00  0.0000
   1.5600E+02   1.5700E+02   3.5763E-04  0.1018   0.0000E+00  0.0000
   1.5700E+02   1.5800E+02   3.0292E-04  0.1116   0.0000E+00  0.0000
   1.5800E+02   1.5900E+02   3.2962E-04  0.1082   0.0000E+00  0.0000
   1.5900E+02   1.6000E+02   3.0952E-04  0.1102   0.0000E+00  0.0000
   1.6000E+02   1.6100E+02   2.2488E-04  0.1302   0.0000E+00  0.0000
   1.6100E+02   1.6200E+02   3.1290E-04  0.1105   0.0000E+00  0.0000
   1.6200E+02   1.6300E+02   2.9625E-04  0.1112   0.0000E+00  0.0000
   1.6300E+02   1.6400E+02   4.2281E-04  0.0937   0.0000E+00  0.0000
   1.6400E+02   1.6500E+02   3.3248E-04  0.1071   0.0000E+00  0.0000
   1.6500E+02   1.6600E+02   3.4721E-04  0.1048   0.0000E+00  0.0000
   1.6600E+02   1.6700E+02   2.6490E-04  0.1192   0.0000E+00  0.0000
   1.6700E+02   1.6800E+02   2.5311E-04  0.1223   0.0000E+00  0.0000
   1.6800E+02   1.6900E+02   2.9907E-04  0.1129   0.0000E+00  0.0000
   1.6900E+02   1.7000E+02   2.9529E-04  0.1112   0.0000E+00  0.0000
   1.7000E+02   1.7100E+02   2.0894E-04  0.1327   0.0000E+00  0.0000
   1.7100E+02   1.7200E+02   3.1510E-04  0.1080   0.0000E+00  0.0000
   1.7200E+02   1.7300E+02   2.4371E-04  0.1257   0.0000E+00  0.0000
   1.7300E+02   1.7400E+02   2.4608E-04  0.1214   0.0000E+00  0.0000
   1.7400E+02   1.7500E+02   2.5189E-04  0.1205   0.0000E+00  0.0000
   1.7500E+02   1.7600E+02   2.9498E-04  0.1113   0.0000E+00  0.0000
   1.7600E+02   1.7700E+02   1.5346E-04  0.1569   0.0000E+00  0.0000
   1.7700E+02   1.7800E+02   3.5198E-04  0.1016   0.0000E+00  0.0000
   1.7800E+02   1.7900E+02   2.3561E-04  0.1242   0.0000E+00  0.0000
   1.7900E+02   1.8000E+02   2.0659E-04  0.1341   0.0000E+00  0.0000
   1.8000E+02   1.8100E+02   2.4154E-04  0.1235   0.0000E+00  0.0000
   1.8100E+02   1.8200E+02   2.0779E-04  0.1327   0.0000E+00  0.0000
   1.8200E+02   1.8300E+02   2.1132E-04  0.1315   0.0000E+00  0.0000
   1.8300E+02   1.8400E+02   2.2559E-04  0.1272   0.0000E+00  0.0000
   1.8400E+02   1.8500E+02   2.2833E-04  0.1273   0.0000E+00  0.0000
   1.8500E+02   1.8600E+02   1.9735E-04  0.1378   0.0000E+00  0.0000
   1.8600E+02   1.8700E+02   2.2929E-04  0.1262   0.0000E+00  0.0000
   1.8700E+02   1.8800E+02   1.7777E-04  0.1430   0.0000E+00  0.0000
   1.8800E+02   1.8900E+02   1.9900E-04  0.1350   0.0000E+00  0.0000
   1.8900E+02   1.9000E+02   1.1233E-04  0.1798   0.0000E+00  0.0000
   1.9000E+02   1.9100E+02   1.4378E-04  0.1606   0.0000E+00  0.0000
   1.9100E+02   1.9200E+02   1.3310E-04  0.1671   0.0000E+00  0.0000
   1.9200E+02   1.9300E+02   1.3013E-04  0.1668   0.0000E+00  0.0000
   1.9300E+02   1.9400E+02   1.3766E-04  0.1625   0.0000E+00  0.0000
   1.9400E+02   1.9500E+02   1.4507E-04  0.1583   0.0000E+00  0.0000
   1.9500E+02   1.9600E+02   1.7245E-04  0.1444   0.0000E+00  0.0000
   1.9600E+02   1.9700E+02   1.4455E-04  0.1584   0.0000E+00  0.0000
   1.9700E+02   1.9800E+02   1.2250E-04  0.1740   0.0000E+00  0.0000
   1.9800E+02   1.9900E+02   1.0881E-04  0.1828   0.0000E+00  0.0000
   1.9900E+02   2.0000E+02   1.4433E-04  0.1582   0.0000E+00  0.0000
   2.0000E+02   2.0100E+02   1.4472E-04  0.1584   0.0000E+00  0.0000
   2.0100E+02   2.0200E+02   1.1798E-04  0.1774   0.0000E+00  0.0000
   2.0200E+02   2.0300E+02   9.2382E-05  0.2008   0.0000E+00  0.0000
   2.0300E+02   2.0400E+02   1.3327E-04  0.1645   0.0000E+00  0.0000
   2.0400E+02   2.0500E+02   9.6127E-05  0.1976   0.0000E+00  0.0000
   2.0500E+02   2.0600E+02   1.7924E-04  0.1414   0.0000E+00  0.0000
   2.0600E+02   2.0700E+02   1.0479E-04  0.1858   0.0000E+00  0.0000
   2.0700E+02   2.0800E+02   3.2600E-05  0.3334   0.0000E+00  0.0000
   2.0800E+02   2.0900E+02   1.1593E-04  0.1768   0.0000E+00  0.0000
   2.0900E+02   2.1000E+02   4.7986E-05  0.2778   0.0000E+00  0.0000
   2.1000E+02   2.1100E+02   1.3557E-04  0.1622   0.0000E+00  0.0000
   2.1100E+02   2.1200E+02   1.3989E-04  0.1603   0.0000E+00  0.0000
   2.1200E+02   2.1300E+02   1.1544E-04  0.1769   0.0000E+00  0.0000
   2.1300E+02   2.1400E+02   1.4136E-04  0.1604   0.0000E+00  0.0000
   2.1400E+02   2.1500E+02   1.1135E-04  0.1797   0.0000E+00  0.0000
   2.1500E+02   2.1600E+02   9.0131E-05  0.2001   0.0000E+00  0.0000
   2.1600E+02   2.1700E+02   3.5861E-05  0.3163   0.0000E+00  0.0000
   2.1700E+02   2.1800E+02   9.1365E-05  0.1967   0.0000E+00  0.0000
   2.1800E+02   2.1900E+02   1.6456E-04  0.1475   0.0000E+00  0.0000
   2.1900E+02   2.2000E+02   1.2546E-04  0.1691   0.0000E+00  0.0000
   2.2000E+02   2.2100E+02   8.6394E-05  0.2042   0.0000E+00  0.0000
   2.2100E+02   2.2200E+02   4.6231E-05  0.2774   0.0000E+00  0.0000
   2.2200E+02   2.2300E+02   6.8397E-05  0.2295   0.0000E+00  0.0000
   2.2300E+02   2.2400E+02   1.2003E-04  0.1746   0.0000E+00  0.0000
   2.2400E+02   2.2500E+02   9.0225E-05  0.2004   0.0000E+00  0.0000
   2.2500E+02   2.2600E+02   7.4840E-05  0.2182   0.0000E+00  0.0000
   2.2600E+02   2.2700E+02   5.6973E-05  0.2500   0.0000E+00  0.0000
   2.2700E+02   2.2800E+02   7.6125E-06  0.7071   0.0000E+00  0.0000
   2.2800E+02   2.2900E+02   5.8237E-05  0.2501   0.0000E+00  0.0000
   2.2900E+02   2.3000E+02   9.2285E-05  0.2009   0.0000E+00  0.0000
   2.3000E+02   2.3100E+02   1.0843E-04  0.1827   0.0000E+00  0.0000
   2.3100E+02   2.3200E+02   6.8084E-05  0.2295   0.0000E+00  0.0000
   2.3200E+02   2.3300E+02   4.6981E-05  0.2776   0.0000E+00  0.0000
   2.3300E+02   2.3400E+02   5.7866E-05  0.2502   0.0000E+00  0.0000
   2.3400E+02   2.3500E+02   4.2661E-05  0.2887   0.0000E+00  0.0000
   2.3500E+02   2.3600E+02   6.7635E-05  0.2295   0.0000E+00  0.0000
   2.3600E+02   2.3700E+02   2.9277E-05  0.3539   0.0000E+00  0.0000
   2.3700E+02   2.3800E+02   3.5557E-05  0.3163   0.0000E+00  0.0000
   2.3800E+02   2.3900E+02   3.2410E-05  0.3336   0.0000E+00  0.0000
   2.3900E+02   2.4000E+02   5.7568E-05  0.2502   0.0000E+00  0.0000
   2.4000E+02   2.4100E+02   7.4564E-05  0.2182   0.0000E+00  0.0000
   2.4100E+02   2.4200E+02   4.5993E-05  0.2774   0.0000E+00  0.0000
   2.4200E+02   2.4300E+02   4.9568E-05  0.2673   0.0000E+00  0.0000
   2.4300E+02   2.4400E+02   3.9715E-05  0.3016   0.0000E+00  0.0000
   2.4400E+02   2.4500E+02   6.4306E-05  0.2357   0.0000E+00  0.0000
   2.4500E+02   2.4600E+02   4.2595E-05  0.2887   0.0000E+00  0.0000
   2.4600E+02   2.4700E+02   2.5869E-05  0.3794   0.0000E+00  0.0000
   2.4700E+02   2.4800E+02   1.4164E-05  0.5000   0.0000E+00  0.0000
   2.4800E+02   2.4900E+02   3.9154E-05  0.3015   0.0000E+00  0.0000
   2.4900E+02   2.5000E+02   1.4191E-05  0.5000   0.0000E+00  0.0000

#   sum over                 4.7685E-02           1.3746E-03

'no. =  1,  reg  =      4'
msuc: {\huge [t-track] in region mesh}
msdr: {\it plotted by \ANGEL \version}
msdl: {\it calculated by \PHITS  3.26}
wt: s(0.7)
\vspace{-3}
   vol  &=&   1.0000E+00 [cm^3]
e:
 
# Information for Restart Calculation
# This calculation was newly started
# istdev =  2 # 1:Batch variance, 2:History variance
# resc2  = 1.41900000000000000E+07 # Total source weight or Total source weight / maxcas
# resc3  = 1.41900000000000000E+07 # Total history number or Total batch number
# maxcas =       10000 # History / Batch, only used for istdev=1
# bitrseed = 0101100110101110010100011000110101101001101110000011110101001111 # bit data of rseed
