[ T-Track ]
    title = [t-track] in region mesh
     mesh =  reg            # mesh type is region-wise
      reg = 4
   e-type =    1            # e-mesh is given by the below data
       ne =    250          # number of e-mesh points
#    data = ( e(i), i = 1, ne + 1 )
            0.00000E+00  1.00000E+00  2.00000E+00  3.00000E+00  4.00000E+00
            5.00000E+00  6.00000E+00  7.00000E+00  8.00000E+00  9.00000E+00
            1.00000E+01  1.10000E+01  1.20000E+01  1.30000E+01  1.40000E+01
            1.50000E+01  1.60000E+01  1.70000E+01  1.80000E+01  1.90000E+01
            2.00000E+01  2.10000E+01  2.20000E+01  2.30000E+01  2.40000E+01
            2.50000E+01  2.60000E+01  2.70000E+01  2.80000E+01  2.90000E+01
            3.00000E+01  3.10000E+01  3.20000E+01  3.30000E+01  3.40000E+01
            3.50000E+01  3.60000E+01  3.70000E+01  3.80000E+01  3.90000E+01
            4.00000E+01  4.10000E+01  4.20000E+01  4.30000E+01  4.40000E+01
            4.50000E+01  4.60000E+01  4.70000E+01  4.80000E+01  4.90000E+01
            5.00000E+01  5.10000E+01  5.20000E+01  5.30000E+01  5.40000E+01
            5.50000E+01  5.60000E+01  5.70000E+01  5.80000E+01  5.90000E+01
            6.00000E+01  6.10000E+01  6.20000E+01  6.30000E+01  6.40000E+01
            6.50000E+01  6.60000E+01  6.70000E+01  6.80000E+01  6.90000E+01
            7.00000E+01  7.10000E+01  7.20000E+01  7.30000E+01  7.40000E+01
            7.50000E+01  7.60000E+01  7.70000E+01  7.80000E+01  7.90000E+01
            8.00000E+01  8.10000E+01  8.20000E+01  8.30000E+01  8.40000E+01
            8.50000E+01  8.60000E+01  8.70000E+01  8.80000E+01  8.90000E+01
            9.00000E+01  9.10000E+01  9.20000E+01  9.30000E+01  9.40000E+01
            9.50000E+01  9.60000E+01  9.70000E+01  9.80000E+01  9.90000E+01
            1.00000E+02  1.01000E+02  1.02000E+02  1.03000E+02  1.04000E+02
            1.05000E+02  1.06000E+02  1.07000E+02  1.08000E+02  1.09000E+02
            1.10000E+02  1.11000E+02  1.12000E+02  1.13000E+02  1.14000E+02
            1.15000E+02  1.16000E+02  1.17000E+02  1.18000E+02  1.19000E+02
            1.20000E+02  1.21000E+02  1.22000E+02  1.23000E+02  1.24000E+02
            1.25000E+02  1.26000E+02  1.27000E+02  1.28000E+02  1.29000E+02
            1.30000E+02  1.31000E+02  1.32000E+02  1.33000E+02  1.34000E+02
            1.35000E+02  1.36000E+02  1.37000E+02  1.38000E+02  1.39000E+02
            1.40000E+02  1.41000E+02  1.42000E+02  1.43000E+02  1.44000E+02
            1.45000E+02  1.46000E+02  1.47000E+02  1.48000E+02  1.49000E+02
            1.50000E+02  1.51000E+02  1.52000E+02  1.53000E+02  1.54000E+02
            1.55000E+02  1.56000E+02  1.57000E+02  1.58000E+02  1.59000E+02
            1.60000E+02  1.61000E+02  1.62000E+02  1.63000E+02  1.64000E+02
            1.65000E+02  1.66000E+02  1.67000E+02  1.68000E+02  1.69000E+02
            1.70000E+02  1.71000E+02  1.72000E+02  1.73000E+02  1.74000E+02
            1.75000E+02  1.76000E+02  1.77000E+02  1.78000E+02  1.79000E+02
            1.80000E+02  1.81000E+02  1.82000E+02  1.83000E+02  1.84000E+02
            1.85000E+02  1.86000E+02  1.87000E+02  1.88000E+02  1.89000E+02
            1.90000E+02  1.91000E+02  1.92000E+02  1.93000E+02  1.94000E+02
            1.95000E+02  1.96000E+02  1.97000E+02  1.98000E+02  1.99000E+02
            2.00000E+02  2.01000E+02  2.02000E+02  2.03000E+02  2.04000E+02
            2.05000E+02  2.06000E+02  2.07000E+02  2.08000E+02  2.09000E+02
            2.10000E+02  2.11000E+02  2.12000E+02  2.13000E+02  2.14000E+02
            2.15000E+02  2.16000E+02  2.17000E+02  2.18000E+02  2.19000E+02
            2.20000E+02  2.21000E+02  2.22000E+02  2.23000E+02  2.24000E+02
            2.25000E+02  2.26000E+02  2.27000E+02  2.28000E+02  2.29000E+02
            2.30000E+02  2.31000E+02  2.32000E+02  2.33000E+02  2.34000E+02
            2.35000E+02  2.36000E+02  2.37000E+02  2.38000E+02  2.39000E+02
            2.40000E+02  2.41000E+02  2.42000E+02  2.43000E+02  2.44000E+02
            2.45000E+02  2.46000E+02  2.47000E+02  2.48000E+02  2.49000E+02
            2.50000E+02
     unit =    2            # unit is [1/cm^2/(MeV/n)/source]
 material =  all            # (D=all) number of specific material
     axis =     eng            # axis of output
     file = neutral_particles_shield1_HE.out  # file name of output for the above axis
     part =  neutron    photon   
# kf/name :  2112       22       
#    used :        main (  %)        temp (  %)       total (  %)
#  memory :         257 (  0)           0 (  0)         257 (  0)

#------------------------------------------------------------------------------
#newpage:
#   no. =  1   reg =      4

x: Energy [MeV/n]
y: Flux [1/cm^2/(MeV/n)/source]      
p: xlin ylog afac(0.8) form(0.9)
h: n            x            y(neutron ),hh0l   n y(photon  ),hh0dr  n 
#  e-lower      e-upper      neutron     r.err    photon      r.err 
   0.0000E+00   1.0000E+00   1.0688E+01  0.0005   1.5678E-01  0.0055
   1.0000E+00   2.0000E+00   1.2476E-01  0.0051   3.1918E-02  0.0105
   2.0000E+00   3.0000E+00   2.0674E-02  0.0127   1.9133E-02  0.0132
   3.0000E+00   4.0000E+00   9.1709E-03  0.0190   1.1312E-02  0.0169
   4.0000E+00   5.0000E+00   5.5375E-03  0.0238   8.9144E-03  0.0188
   5.0000E+00   6.0000E+00   4.0752E-03  0.0279   6.8364E-03  0.0214
   6.0000E+00   7.0000E+00   2.9222E-03  0.0325   7.6009E-03  0.0201
   7.0000E+00   8.0000E+00   2.4815E-03  0.0349   1.5559E-02  0.0139
   8.0000E+00   9.0000E+00   2.0779E-03  0.0385   1.2245E-03  0.0504
   9.0000E+00   1.0000E+01   1.8795E-03  0.0400   1.7980E-03  0.0420
   1.0000E+01   1.1000E+01   1.8566E-03  0.0405   9.3192E-05  0.1847
   1.1000E+01   1.2000E+01   1.6980E-03  0.0421   1.7358E-05  0.4116
   1.2000E+01   1.3000E+01   1.6419E-03  0.0426   0.0000E+00  0.0000
   1.3000E+01   1.4000E+01   1.6494E-03  0.0422   0.0000E+00  0.0000
   1.4000E+01   1.5000E+01   1.6351E-03  0.0430   0.0000E+00  0.0000
   1.5000E+01   1.6000E+01   1.5198E-03  0.0441   0.0000E+00  0.0000
   1.6000E+01   1.7000E+01   1.4347E-03  0.0454   0.0000E+00  0.0000
   1.7000E+01   1.8000E+01   1.3219E-03  0.0472   0.0000E+00  0.0000
   1.8000E+01   1.9000E+01   1.5036E-03  0.0439   0.0000E+00  0.0000
   1.9000E+01   2.0000E+01   1.3609E-03  0.0467   0.0000E+00  0.0000
   2.0000E+01   2.1000E+01   1.3376E-03  0.0464   0.0000E+00  0.0000
   2.1000E+01   2.2000E+01   1.4291E-03  0.0448   0.0000E+00  0.0000
   2.2000E+01   2.3000E+01   1.2240E-03  0.0476   0.0000E+00  0.0000
   2.3000E+01   2.4000E+01   1.3369E-03  0.0460   0.0000E+00  0.0000
   2.4000E+01   2.5000E+01   1.2039E-03  0.0486   0.0000E+00  0.0000
   2.5000E+01   2.6000E+01   1.1862E-03  0.0483   0.0000E+00  0.0000
   2.6000E+01   2.7000E+01   1.2827E-03  0.0466   0.0000E+00  0.0000
   2.7000E+01   2.8000E+01   1.2293E-03  0.0475   0.0000E+00  0.0000
   2.8000E+01   2.9000E+01   1.1592E-03  0.0490   0.0000E+00  0.0000
   2.9000E+01   3.0000E+01   1.1243E-03  0.0497   0.0000E+00  0.0000
   3.0000E+01   3.1000E+01   1.1700E-03  0.0490   0.0000E+00  0.0000
   3.1000E+01   3.2000E+01   1.0974E-03  0.0505   0.0000E+00  0.0000
   3.2000E+01   3.3000E+01   1.0932E-03  0.0509   0.0000E+00  0.0000
   3.3000E+01   3.4000E+01   1.0083E-03  0.0519   0.0000E+00  0.0000
   3.4000E+01   3.5000E+01   1.1248E-03  0.0499   0.0000E+00  0.0000
   3.5000E+01   3.6000E+01   1.1646E-03  0.0491   0.0000E+00  0.0000
   3.6000E+01   3.7000E+01   1.1151E-03  0.0496   0.0000E+00  0.0000
   3.7000E+01   3.8000E+01   9.9405E-04  0.0523   0.0000E+00  0.0000
   3.8000E+01   3.9000E+01   9.9241E-04  0.0529   0.0000E+00  0.0000
   3.9000E+01   4.0000E+01   9.3428E-04  0.0543   0.0000E+00  0.0000
   4.0000E+01   4.1000E+01   9.4648E-04  0.0534   0.0000E+00  0.0000
   4.1000E+01   4.2000E+01   9.4745E-04  0.0543   0.0000E+00  0.0000
   4.2000E+01   4.3000E+01   9.6032E-04  0.0538   0.0000E+00  0.0000
   4.3000E+01   4.4000E+01   9.4832E-04  0.0529   0.0000E+00  0.0000
   4.4000E+01   4.5000E+01   8.8042E-04  0.0550   0.0000E+00  0.0000
   4.5000E+01   4.6000E+01   9.7773E-04  0.0525   0.0000E+00  0.0000
   4.6000E+01   4.7000E+01   9.5770E-04  0.0527   0.0000E+00  0.0000
   4.7000E+01   4.8000E+01   9.7397E-04  0.0525   0.0000E+00  0.0000
   4.8000E+01   4.9000E+01   8.3962E-04  0.0561   0.0000E+00  0.0000
   4.9000E+01   5.0000E+01   9.5132E-04  0.0529   0.0000E+00  0.0000
   5.0000E+01   5.1000E+01   8.9463E-04  0.0552   0.0000E+00  0.0000
   5.1000E+01   5.2000E+01   9.3265E-04  0.0536   0.0000E+00  0.0000
   5.2000E+01   5.3000E+01   9.8677E-04  0.0518   0.0000E+00  0.0000
   5.3000E+01   5.4000E+01   9.7378E-04  0.0513   0.0000E+00  0.0000
   5.4000E+01   5.5000E+01   9.8758E-04  0.0520   0.0000E+00  0.0000
   5.5000E+01   5.6000E+01   9.5185E-04  0.0517   0.0000E+00  0.0000
   5.6000E+01   5.7000E+01   9.0650E-04  0.0538   0.0000E+00  0.0000
   5.7000E+01   5.8000E+01   9.2295E-04  0.0534   0.0000E+00  0.0000
   5.8000E+01   5.9000E+01   8.6610E-04  0.0542   0.0000E+00  0.0000
   5.9000E+01   6.0000E+01   8.8846E-04  0.0530   0.0000E+00  0.0000
   6.0000E+01   6.1000E+01   8.5498E-04  0.0542   0.0000E+00  0.0000
   6.1000E+01   6.2000E+01   8.2954E-04  0.0554   0.0000E+00  0.0000
   6.2000E+01   6.3000E+01   9.0217E-04  0.0526   0.0000E+00  0.0000
   6.3000E+01   6.4000E+01   8.6389E-04  0.0536   0.0000E+00  0.0000
   6.4000E+01   6.5000E+01   8.4953E-04  0.0552   0.0000E+00  0.0000
   6.5000E+01   6.6000E+01   8.4163E-04  0.0545   0.0000E+00  0.0000
   6.6000E+01   6.7000E+01   8.4567E-04  0.0542   0.0000E+00  0.0000
   6.7000E+01   6.8000E+01   7.8312E-04  0.0560   0.0000E+00  0.0000
   6.8000E+01   6.9000E+01   7.4052E-04  0.0573   0.0000E+00  0.0000
   6.9000E+01   7.0000E+01   9.6187E-04  0.0506   0.0000E+00  0.0000
   7.0000E+01   7.1000E+01   8.2108E-04  0.0546   0.0000E+00  0.0000
   7.1000E+01   7.2000E+01   8.2319E-04  0.0541   0.0000E+00  0.0000
   7.2000E+01   7.3000E+01   8.4409E-04  0.0538   0.0000E+00  0.0000
   7.3000E+01   7.4000E+01   7.5096E-04  0.0572   0.0000E+00  0.0000
   7.4000E+01   7.5000E+01   8.2008E-04  0.0548   0.0000E+00  0.0000
   7.5000E+01   7.6000E+01   7.6261E-04  0.0566   0.0000E+00  0.0000
   7.6000E+01   7.7000E+01   7.3969E-04  0.0574   0.0000E+00  0.0000
   7.7000E+01   7.8000E+01   8.2622E-04  0.0545   0.0000E+00  0.0000
   7.8000E+01   7.9000E+01   7.9773E-04  0.0553   0.0000E+00  0.0000
   7.9000E+01   8.0000E+01   7.8713E-04  0.0553   0.0000E+00  0.0000
   8.0000E+01   8.1000E+01   7.6999E-04  0.0554   0.0000E+00  0.0000
   8.1000E+01   8.2000E+01   7.3429E-04  0.0562   0.0000E+00  0.0000
   8.2000E+01   8.3000E+01   6.5738E-04  0.0602   0.0000E+00  0.0000
   8.3000E+01   8.4000E+01   7.6062E-04  0.0562   0.0000E+00  0.0000
   8.4000E+01   8.5000E+01   7.2534E-04  0.0570   0.0000E+00  0.0000
   8.5000E+01   8.6000E+01   7.2771E-04  0.0574   0.0000E+00  0.0000
   8.6000E+01   8.7000E+01   7.0019E-04  0.0582   0.0000E+00  0.0000
   8.7000E+01   8.8000E+01   6.8920E-04  0.0590   0.0000E+00  0.0000
   8.8000E+01   8.9000E+01   7.0627E-04  0.0580   0.0000E+00  0.0000
   8.9000E+01   9.0000E+01   7.2737E-04  0.0567   0.0000E+00  0.0000
   9.0000E+01   9.1000E+01   6.1728E-04  0.0611   0.0000E+00  0.0000
   9.1000E+01   9.2000E+01   7.1418E-04  0.0569   0.0000E+00  0.0000
   9.2000E+01   9.3000E+01   7.3362E-04  0.0563   0.0000E+00  0.0000
   9.3000E+01   9.4000E+01   6.9657E-04  0.0576   0.0000E+00  0.0000
   9.4000E+01   9.5000E+01   6.5312E-04  0.0595   0.0000E+00  0.0000
   9.5000E+01   9.6000E+01   6.8026E-04  0.0581   0.0000E+00  0.0000
   9.6000E+01   9.7000E+01   6.4146E-04  0.0593   0.0000E+00  0.0000
   9.7000E+01   9.8000E+01   6.0536E-04  0.0617   0.0000E+00  0.0000
   9.8000E+01   9.9000E+01   5.8061E-04  0.0620   0.0000E+00  0.0000
   9.9000E+01   1.0000E+02   5.7105E-04  0.0631   0.0000E+00  0.0000
   1.0000E+02   1.0100E+02   5.9295E-04  0.0636   0.0000E+00  0.0000
   1.0100E+02   1.0200E+02   5.4196E-04  0.0649   0.0000E+00  0.0000
   1.0200E+02   1.0300E+02   5.7741E-04  0.0624   0.0000E+00  0.0000
   1.0300E+02   1.0400E+02   6.1327E-04  0.0610   0.0000E+00  0.0000
   1.0400E+02   1.0500E+02   5.3279E-04  0.0645   0.0000E+00  0.0000
   1.0500E+02   1.0600E+02   4.9834E-04  0.0669   0.0000E+00  0.0000
   1.0600E+02   1.0700E+02   6.2628E-04  0.0599   0.0000E+00  0.0000
   1.0700E+02   1.0800E+02   6.0219E-04  0.0617   0.0000E+00  0.0000
   1.0800E+02   1.0900E+02   5.7024E-04  0.0627   0.0000E+00  0.0000
   1.0900E+02   1.1000E+02   5.0585E-04  0.0667   0.0000E+00  0.0000
   1.1000E+02   1.1100E+02   4.9241E-04  0.0691   0.0000E+00  0.0000
   1.1100E+02   1.1200E+02   4.5525E-04  0.0693   0.0000E+00  0.0000
   1.1200E+02   1.1300E+02   4.5913E-04  0.0694   0.0000E+00  0.0000
   1.1300E+02   1.1400E+02   4.9442E-04  0.0671   0.0000E+00  0.0000
   1.1400E+02   1.1500E+02   4.9506E-04  0.0675   0.0000E+00  0.0000
   1.1500E+02   1.1600E+02   5.0033E-04  0.0666   0.0000E+00  0.0000
   1.1600E+02   1.1700E+02   4.4489E-04  0.0699   0.0000E+00  0.0000
   1.1700E+02   1.1800E+02   4.4480E-04  0.0703   0.0000E+00  0.0000
   1.1800E+02   1.1900E+02   4.9579E-04  0.0666   0.0000E+00  0.0000
   1.1900E+02   1.2000E+02   4.6517E-04  0.0685   0.0000E+00  0.0000
   1.2000E+02   1.2100E+02   4.2238E-04  0.0711   0.0000E+00  0.0000
   1.2100E+02   1.2200E+02   4.5139E-04  0.0701   0.0000E+00  0.0000
   1.2200E+02   1.2300E+02   4.1091E-04  0.0728   0.0000E+00  0.0000
   1.2300E+02   1.2400E+02   4.0649E-04  0.0727   0.0000E+00  0.0000
   1.2400E+02   1.2500E+02   3.7178E-04  0.0780   0.0000E+00  0.0000
   1.2500E+02   1.2600E+02   3.7595E-04  0.0768   0.0000E+00  0.0000
   1.2600E+02   1.2700E+02   3.9979E-04  0.0744   0.0000E+00  0.0000
   1.2700E+02   1.2800E+02   4.1496E-04  0.0725   0.0000E+00  0.0000
   1.2800E+02   1.2900E+02   3.4282E-04  0.0796   0.0000E+00  0.0000
   1.2900E+02   1.3000E+02   3.1108E-04  0.0831   0.0000E+00  0.0000
   1.3000E+02   1.3100E+02   3.3129E-04  0.0805   0.0000E+00  0.0000
   1.3100E+02   1.3200E+02   3.4243E-04  0.0797   0.0000E+00  0.0000
   1.3200E+02   1.3300E+02   3.8008E-04  0.0761   0.0000E+00  0.0000
   1.3300E+02   1.3400E+02   3.1268E-04  0.0825   0.0000E+00  0.0000
   1.3400E+02   1.3500E+02   3.6065E-04  0.0775   0.0000E+00  0.0000
   1.3500E+02   1.3600E+02   3.2705E-04  0.0813   0.0000E+00  0.0000
   1.3600E+02   1.3700E+02   3.1960E-04  0.0814   0.0000E+00  0.0000
   1.3700E+02   1.3800E+02   3.2415E-04  0.0816   0.0000E+00  0.0000
   1.3800E+02   1.3900E+02   2.6297E-04  0.0906   0.0000E+00  0.0000
   1.3900E+02   1.4000E+02   3.1261E-04  0.0827   0.0000E+00  0.0000
   1.4000E+02   1.4100E+02   3.0545E-04  0.0840   0.0000E+00  0.0000
   1.4100E+02   1.4200E+02   2.9506E-04  0.0847   0.0000E+00  0.0000
   1.4200E+02   1.4300E+02   2.9310E-04  0.0851   0.0000E+00  0.0000
   1.4300E+02   1.4400E+02   3.4432E-04  0.0788   0.0000E+00  0.0000
   1.4400E+02   1.4500E+02   3.1122E-04  0.0827   0.0000E+00  0.0000
   1.4500E+02   1.4600E+02   2.3645E-04  0.0945   0.0000E+00  0.0000
   1.4600E+02   1.4700E+02   2.8865E-04  0.0859   0.0000E+00  0.0000
   1.4700E+02   1.4800E+02   2.5511E-04  0.0909   0.0000E+00  0.0000
   1.4800E+02   1.4900E+02   2.3860E-04  0.0948   0.0000E+00  0.0000
   1.4900E+02   1.5000E+02   2.7599E-04  0.0888   0.0000E+00  0.0000
   1.5000E+02   1.5100E+02   2.2668E-04  0.0974   0.0000E+00  0.0000
   1.5100E+02   1.5200E+02   2.1106E-04  0.0993   0.0000E+00  0.0000
   1.5200E+02   1.5300E+02   2.4057E-04  0.0937   0.0000E+00  0.0000
   1.5300E+02   1.5400E+02   2.4337E-04  0.0928   0.0000E+00  0.0000
   1.5400E+02   1.5500E+02   2.3711E-04  0.0945   0.0000E+00  0.0000
   1.5500E+02   1.5600E+02   3.1040E-04  0.0819   0.0000E+00  0.0000
   1.5600E+02   1.5700E+02   2.2643E-04  0.0957   0.0000E+00  0.0000
   1.5700E+02   1.5800E+02   1.8622E-04  0.1073   0.0000E+00  0.0000
   1.5800E+02   1.5900E+02   1.9915E-04  0.1023   0.0000E+00  0.0000
   1.5900E+02   1.6000E+02   2.0065E-04  0.1020   0.0000E+00  0.0000
   1.6000E+02   1.6100E+02   2.2104E-04  0.0982   0.0000E+00  0.0000
   1.6100E+02   1.6200E+02   1.7397E-04  0.1087   0.0000E+00  0.0000
   1.6200E+02   1.6300E+02   2.2401E-04  0.0966   0.0000E+00  0.0000
   1.6300E+02   1.6400E+02   1.9943E-04  0.1024   0.0000E+00  0.0000
   1.6400E+02   1.6500E+02   1.7887E-04  0.1075   0.0000E+00  0.0000
   1.6500E+02   1.6600E+02   1.6831E-04  0.1116   0.0000E+00  0.0000
   1.6600E+02   1.6700E+02   1.6520E-04  0.1122   0.0000E+00  0.0000
   1.6700E+02   1.6800E+02   1.7482E-04  0.1087   0.0000E+00  0.0000
   1.6800E+02   1.6900E+02   1.6892E-04  0.1106   0.0000E+00  0.0000
   1.6900E+02   1.7000E+02   1.4957E-04  0.1182   0.0000E+00  0.0000
   1.7000E+02   1.7100E+02   1.3905E-04  0.1246   0.0000E+00  0.0000
   1.7100E+02   1.7200E+02   1.8820E-04  0.1045   0.0000E+00  0.0000
   1.7200E+02   1.7300E+02   1.4796E-04  0.1181   0.0000E+00  0.0000
   1.7300E+02   1.7400E+02   1.0652E-04  0.1407   0.0000E+00  0.0000
   1.7400E+02   1.7500E+02   1.4872E-04  0.1171   0.0000E+00  0.0000
   1.7500E+02   1.7600E+02   1.2851E-04  0.1262   0.0000E+00  0.0000
   1.7600E+02   1.7700E+02   1.1556E-04  0.1338   0.0000E+00  0.0000
   1.7700E+02   1.7800E+02   1.9171E-04  0.1033   0.0000E+00  0.0000
   1.7800E+02   1.7900E+02   1.4532E-04  0.1201   0.0000E+00  0.0000
   1.7900E+02   1.8000E+02   1.5047E-04  0.1174   0.0000E+00  0.0000
   1.8000E+02   1.8100E+02   1.4809E-04  0.1189   0.0000E+00  0.0000
   1.8100E+02   1.8200E+02   1.3774E-04  0.1224   0.0000E+00  0.0000
   1.8200E+02   1.8300E+02   1.4502E-04  0.1189   0.0000E+00  0.0000
   1.8300E+02   1.8400E+02   1.2393E-04  0.1282   0.0000E+00  0.0000
   1.8400E+02   1.8500E+02   1.5370E-04  0.1166   0.0000E+00  0.0000
   1.8500E+02   1.8600E+02   1.5452E-04  0.1149   0.0000E+00  0.0000
   1.8600E+02   1.8700E+02   1.1599E-04  0.1326   0.0000E+00  0.0000
   1.8700E+02   1.8800E+02   1.1510E-04  0.1340   0.0000E+00  0.0000
   1.8800E+02   1.8900E+02   1.2338E-04  0.1281   0.0000E+00  0.0000
   1.8900E+02   1.9000E+02   1.1909E-04  0.1303   0.0000E+00  0.0000
   1.9000E+02   1.9100E+02   9.4537E-05  0.1478   0.0000E+00  0.0000
   1.9100E+02   1.9200E+02   9.4085E-05  0.1459   0.0000E+00  0.0000
   1.9200E+02   1.9300E+02   1.0063E-04  0.1435   0.0000E+00  0.0000
   1.9300E+02   1.9400E+02   1.0754E-04  0.1375   0.0000E+00  0.0000
   1.9400E+02   1.9500E+02   9.6141E-05  0.1462   0.0000E+00  0.0000
   1.9500E+02   1.9600E+02   9.6604E-05  0.1444   0.0000E+00  0.0000
   1.9600E+02   1.9700E+02   1.0900E-04  0.1379   0.0000E+00  0.0000
   1.9700E+02   1.9800E+02   6.8787E-05  0.1716   0.0000E+00  0.0000
   1.9800E+02   1.9900E+02   9.0874E-05  0.1492   0.0000E+00  0.0000
   1.9900E+02   2.0000E+02   1.0146E-04  0.1416   0.0000E+00  0.0000
   2.0000E+02   2.0100E+02   6.9171E-05  0.1716   0.0000E+00  0.0000
   2.0100E+02   2.0200E+02   8.0809E-05  0.1582   0.0000E+00  0.0000
   2.0200E+02   2.0300E+02   5.2366E-05  0.1962   0.0000E+00  0.0000
   2.0300E+02   2.0400E+02   7.2900E-05  0.1648   0.0000E+00  0.0000
   2.0400E+02   2.0500E+02   4.8112E-05  0.2042   0.0000E+00  0.0000
   2.0500E+02   2.0600E+02   7.8786E-05  0.1602   0.0000E+00  0.0000
   2.0600E+02   2.0700E+02   6.2619E-05  0.1797   0.0000E+00  0.0000
   2.0700E+02   2.0800E+02   6.0091E-05  0.1826   0.0000E+00  0.0000
   2.0800E+02   2.0900E+02   4.6263E-05  0.2086   0.0000E+00  0.0000
   2.0900E+02   2.1000E+02   7.4717E-05  0.1645   0.0000E+00  0.0000
   2.1000E+02   2.1100E+02   7.6891E-05  0.1624   0.0000E+00  0.0000
   2.1100E+02   2.1200E+02   6.0944E-05  0.1835   0.0000E+00  0.0000
   2.1200E+02   2.1300E+02   6.4579E-05  0.1768   0.0000E+00  0.0000
   2.1300E+02   2.1400E+02   4.7985E-05  0.2042   0.0000E+00  0.0000
   2.1400E+02   2.1500E+02   8.0647E-05  0.1620   0.0000E+00  0.0000
   2.1500E+02   2.1600E+02   3.4079E-05  0.2426   0.0000E+00  0.0000
   2.1600E+02   2.1700E+02   2.2171E-05  0.3017   0.0000E+00  0.0000
   2.1700E+02   2.1800E+02   6.2373E-05  0.1797   0.0000E+00  0.0000
   2.1800E+02   2.1900E+02   5.7038E-05  0.1894   0.0000E+00  0.0000
   2.1900E+02   2.2000E+02   7.9007E-05  0.1603   0.0000E+00  0.0000
   2.2000E+02   2.2100E+02   6.4118E-05  0.1768   0.0000E+00  0.0000
   2.2100E+02   2.2200E+02   5.3542E-05  0.1969   0.0000E+00  0.0000
   2.2200E+02   2.2300E+02   6.2396E-05  0.1797   0.0000E+00  0.0000
   2.2300E+02   2.2400E+02   4.6339E-05  0.2086   0.0000E+00  0.0000
   2.2400E+02   2.2500E+02   7.0444E-05  0.1729   0.0000E+00  0.0000
   2.2500E+02   2.2600E+02   4.1868E-05  0.2182   0.0000E+00  0.0000
   2.2600E+02   2.2700E+02   4.2336E-05  0.2183   0.0000E+00  0.0000
   2.2700E+02   2.2800E+02   2.6828E-05  0.2786   0.0000E+00  0.0000
   2.2800E+02   2.2900E+02   3.9883E-05  0.2236   0.0000E+00  0.0000
   2.2900E+02   2.3000E+02   4.4644E-05  0.2133   0.0000E+00  0.0000
   2.3000E+02   2.3100E+02   3.7785E-05  0.2294   0.0000E+00  0.0000
   2.3100E+02   2.3200E+02   2.0022E-05  0.3163   0.0000E+00  0.0000
   2.3200E+02   2.3300E+02   2.2148E-05  0.3018   0.0000E+00  0.0000
   2.3300E+02   2.3400E+02   1.9998E-05  0.3163   0.0000E+00  0.0000
   2.3400E+02   2.3500E+02   5.0173E-05  0.2001   0.0000E+00  0.0000
   2.3500E+02   2.3600E+02   2.3822E-05  0.2887   0.0000E+00  0.0000
   2.3600E+02   2.3700E+02   2.7817E-05  0.2673   0.0000E+00  0.0000
   2.3700E+02   2.3800E+02   2.5814E-05  0.2774   0.0000E+00  0.0000
   2.3800E+02   2.3900E+02   4.3006E-05  0.2198   0.0000E+00  0.0000
   2.3900E+02   2.4000E+02   3.8193E-05  0.2295   0.0000E+00  0.0000
   2.4000E+02   2.4100E+02   2.0103E-05  0.3163   0.0000E+00  0.0000
   2.4100E+02   2.4200E+02   3.1979E-05  0.2500   0.0000E+00  0.0000
   2.4200E+02   2.4300E+02   2.7834E-05  0.2673   0.0000E+00  0.0000
   2.4300E+02   2.4400E+02   4.2573E-05  0.2186   0.0000E+00  0.0000
   2.4400E+02   2.4500E+02   2.8404E-05  0.2675   0.0000E+00  0.0000
   2.4500E+02   2.4600E+02   1.8055E-05  0.3334   0.0000E+00  0.0000
   2.4600E+02   2.4700E+02   7.9271E-06  0.5000   0.0000E+00  0.0000
   2.4700E+02   2.4800E+02   1.9838E-05  0.3162   0.0000E+00  0.0000
   2.4800E+02   2.4900E+02   2.1826E-05  0.3015   0.0000E+00  0.0000
   2.4900E+02   2.5000E+02   0.0000E+00  0.0000   0.0000E+00  0.0000

#   sum over                 4.3918E-02           1.0447E-03

'no. =  1,  reg  =      4'
msuc: {\huge [t-track] in region mesh}
msdr: {\it plotted by \ANGEL \version}
msdl: {\it calculated by \PHITS  3.26}
wt: s(0.7)
\vspace{-3}
   vol  &=&   1.0000E+00 [cm^3]
e:
 
# Information for Restart Calculation
# This calculation was newly started
# istdev =  2 # 1:Batch variance, 2:History variance
# resc2  = 2.53500050000000000E+07 # Total source weight or Total source weight / maxcas
# resc3  = 2.53500000000000000E+07 # Total history number or Total batch number
# maxcas =       10000 # History / Batch, only used for istdev=1
# bitrseed = 1010011000111111111000101011000111111010001000010110110110010101 # bit data of rseed
