[ T-Track ]
    title = [t-track] in region mesh
     mesh =  reg            # mesh type is region-wise
      reg = 4
   e-type =    1            # e-mesh is given by the below data
       ne =    250          # number of e-mesh points
#    data = ( e(i), i = 1, ne + 1 )
            0.00000E+00  1.00000E+00  2.00000E+00  3.00000E+00  4.00000E+00
            5.00000E+00  6.00000E+00  7.00000E+00  8.00000E+00  9.00000E+00
            1.00000E+01  1.10000E+01  1.20000E+01  1.30000E+01  1.40000E+01
            1.50000E+01  1.60000E+01  1.70000E+01  1.80000E+01  1.90000E+01
            2.00000E+01  2.10000E+01  2.20000E+01  2.30000E+01  2.40000E+01
            2.50000E+01  2.60000E+01  2.70000E+01  2.80000E+01  2.90000E+01
            3.00000E+01  3.10000E+01  3.20000E+01  3.30000E+01  3.40000E+01
            3.50000E+01  3.60000E+01  3.70000E+01  3.80000E+01  3.90000E+01
            4.00000E+01  4.10000E+01  4.20000E+01  4.30000E+01  4.40000E+01
            4.50000E+01  4.60000E+01  4.70000E+01  4.80000E+01  4.90000E+01
            5.00000E+01  5.10000E+01  5.20000E+01  5.30000E+01  5.40000E+01
            5.50000E+01  5.60000E+01  5.70000E+01  5.80000E+01  5.90000E+01
            6.00000E+01  6.10000E+01  6.20000E+01  6.30000E+01  6.40000E+01
            6.50000E+01  6.60000E+01  6.70000E+01  6.80000E+01  6.90000E+01
            7.00000E+01  7.10000E+01  7.20000E+01  7.30000E+01  7.40000E+01
            7.50000E+01  7.60000E+01  7.70000E+01  7.80000E+01  7.90000E+01
            8.00000E+01  8.10000E+01  8.20000E+01  8.30000E+01  8.40000E+01
            8.50000E+01  8.60000E+01  8.70000E+01  8.80000E+01  8.90000E+01
            9.00000E+01  9.10000E+01  9.20000E+01  9.30000E+01  9.40000E+01
            9.50000E+01  9.60000E+01  9.70000E+01  9.80000E+01  9.90000E+01
            1.00000E+02  1.01000E+02  1.02000E+02  1.03000E+02  1.04000E+02
            1.05000E+02  1.06000E+02  1.07000E+02  1.08000E+02  1.09000E+02
            1.10000E+02  1.11000E+02  1.12000E+02  1.13000E+02  1.14000E+02
            1.15000E+02  1.16000E+02  1.17000E+02  1.18000E+02  1.19000E+02
            1.20000E+02  1.21000E+02  1.22000E+02  1.23000E+02  1.24000E+02
            1.25000E+02  1.26000E+02  1.27000E+02  1.28000E+02  1.29000E+02
            1.30000E+02  1.31000E+02  1.32000E+02  1.33000E+02  1.34000E+02
            1.35000E+02  1.36000E+02  1.37000E+02  1.38000E+02  1.39000E+02
            1.40000E+02  1.41000E+02  1.42000E+02  1.43000E+02  1.44000E+02
            1.45000E+02  1.46000E+02  1.47000E+02  1.48000E+02  1.49000E+02
            1.50000E+02  1.51000E+02  1.52000E+02  1.53000E+02  1.54000E+02
            1.55000E+02  1.56000E+02  1.57000E+02  1.58000E+02  1.59000E+02
            1.60000E+02  1.61000E+02  1.62000E+02  1.63000E+02  1.64000E+02
            1.65000E+02  1.66000E+02  1.67000E+02  1.68000E+02  1.69000E+02
            1.70000E+02  1.71000E+02  1.72000E+02  1.73000E+02  1.74000E+02
            1.75000E+02  1.76000E+02  1.77000E+02  1.78000E+02  1.79000E+02
            1.80000E+02  1.81000E+02  1.82000E+02  1.83000E+02  1.84000E+02
            1.85000E+02  1.86000E+02  1.87000E+02  1.88000E+02  1.89000E+02
            1.90000E+02  1.91000E+02  1.92000E+02  1.93000E+02  1.94000E+02
            1.95000E+02  1.96000E+02  1.97000E+02  1.98000E+02  1.99000E+02
            2.00000E+02  2.01000E+02  2.02000E+02  2.03000E+02  2.04000E+02
            2.05000E+02  2.06000E+02  2.07000E+02  2.08000E+02  2.09000E+02
            2.10000E+02  2.11000E+02  2.12000E+02  2.13000E+02  2.14000E+02
            2.15000E+02  2.16000E+02  2.17000E+02  2.18000E+02  2.19000E+02
            2.20000E+02  2.21000E+02  2.22000E+02  2.23000E+02  2.24000E+02
            2.25000E+02  2.26000E+02  2.27000E+02  2.28000E+02  2.29000E+02
            2.30000E+02  2.31000E+02  2.32000E+02  2.33000E+02  2.34000E+02
            2.35000E+02  2.36000E+02  2.37000E+02  2.38000E+02  2.39000E+02
            2.40000E+02  2.41000E+02  2.42000E+02  2.43000E+02  2.44000E+02
            2.45000E+02  2.46000E+02  2.47000E+02  2.48000E+02  2.49000E+02
            2.50000E+02
     unit =    2            # unit is [1/cm^2/(MeV/n)/source]
 material =  all            # (D=all) number of specific material
     axis =     eng            # axis of output
     file = neutral_particles_shield1_HE.out  # file name of output for the above axis
     part =  neutron    photon   
# kf/name :  2112       22       
#    used :        main (  %)        temp (  %)       total (  %)
#  memory :         257 (  0)           0 (  0)         257 (  0)

#------------------------------------------------------------------------------
#newpage:
#   no. =  1   reg =      4

x: Energy [MeV/n]
y: Flux [1/cm^2/(MeV/n)/source]      
p: xlin ylog afac(0.8) form(0.9)
h: n            x            y(neutron ),hh0l   n y(photon  ),hh0dr  n 
#  e-lower      e-upper      neutron     r.err    photon      r.err 
   0.0000E+00   1.0000E+00   6.5231E+00  0.0008   7.8866E-02  0.0087
   1.0000E+00   2.0000E+00   3.3823E-02  0.0115   1.6108E-02  0.0166
   2.0000E+00   3.0000E+00   6.2824E-03  0.0267   9.2341E-03  0.0215
   3.0000E+00   4.0000E+00   2.9507E-03  0.0386   6.4154E-03  0.0254
   4.0000E+00   5.0000E+00   1.8863E-03  0.0467   5.4820E-03  0.0276
   5.0000E+00   6.0000E+00   1.4060E-03  0.0556   4.0386E-03  0.0320
   6.0000E+00   7.0000E+00   9.4390E-04  0.0671   5.1092E-03  0.0281
   7.0000E+00   8.0000E+00   8.6803E-04  0.0703   1.2906E-02  0.0175
   8.0000E+00   9.0000E+00   7.0837E-04  0.0746   6.6289E-04  0.0801
   9.0000E+00   1.0000E+01   5.8816E-04  0.0834   1.1495E-03  0.0579
   1.0000E+01   1.1000E+01   5.0314E-04  0.0897   3.9705E-05  0.2954
   1.1000E+01   1.2000E+01   4.7662E-04  0.0888   4.7753E-06  1.0000
   1.2000E+01   1.3000E+01   4.8952E-04  0.0903   0.0000E+00  0.0000
   1.3000E+01   1.4000E+01   5.2884E-04  0.0843   0.0000E+00  0.0000
   1.4000E+01   1.5000E+01   5.0212E-04  0.0899   0.0000E+00  0.0000
   1.5000E+01   1.6000E+01   4.1490E-04  0.0974   0.0000E+00  0.0000
   1.6000E+01   1.7000E+01   4.6993E-04  0.0915   0.0000E+00  0.0000
   1.7000E+01   1.8000E+01   4.9581E-04  0.0893   0.0000E+00  0.0000
   1.8000E+01   1.9000E+01   3.7895E-04  0.1008   0.0000E+00  0.0000
   1.9000E+01   2.0000E+01   3.8430E-04  0.1020   0.0000E+00  0.0000
   2.0000E+01   2.1000E+01   4.0980E-04  0.0957   0.0000E+00  0.0000
   2.1000E+01   2.2000E+01   4.2723E-04  0.0970   0.0000E+00  0.0000
   2.2000E+01   2.3000E+01   3.8756E-04  0.0974   0.0000E+00  0.0000
   2.3000E+01   2.4000E+01   4.0917E-04  0.0945   0.0000E+00  0.0000
   2.4000E+01   2.5000E+01   3.8739E-04  0.0993   0.0000E+00  0.0000
   2.5000E+01   2.6000E+01   3.8140E-04  0.1005   0.0000E+00  0.0000
   2.6000E+01   2.7000E+01   3.4466E-04  0.1057   0.0000E+00  0.0000
   2.7000E+01   2.8000E+01   4.2546E-04  0.0925   0.0000E+00  0.0000
   2.8000E+01   2.9000E+01   3.9469E-04  0.0979   0.0000E+00  0.0000
   2.9000E+01   3.0000E+01   3.2254E-04  0.1133   0.0000E+00  0.0000
   3.0000E+01   3.1000E+01   3.7282E-04  0.0988   0.0000E+00  0.0000
   3.1000E+01   3.2000E+01   3.6638E-04  0.1023   0.0000E+00  0.0000
   3.2000E+01   3.3000E+01   3.5524E-04  0.1041   0.0000E+00  0.0000
   3.3000E+01   3.4000E+01   4.0092E-04  0.0964   0.0000E+00  0.0000
   3.4000E+01   3.5000E+01   2.9744E-04  0.1134   0.0000E+00  0.0000
   3.5000E+01   3.6000E+01   3.2784E-04  0.1074   0.0000E+00  0.0000
   3.6000E+01   3.7000E+01   3.3020E-04  0.1038   0.0000E+00  0.0000
   3.7000E+01   3.8000E+01   3.2409E-04  0.1080   0.0000E+00  0.0000
   3.8000E+01   3.9000E+01   2.9976E-04  0.1117   0.0000E+00  0.0000
   3.9000E+01   4.0000E+01   2.8059E-04  0.1127   0.0000E+00  0.0000
   4.0000E+01   4.1000E+01   2.9280E-04  0.1138   0.0000E+00  0.0000
   4.1000E+01   4.2000E+01   2.6652E-04  0.1194   0.0000E+00  0.0000
   4.2000E+01   4.3000E+01   2.7015E-04  0.1140   0.0000E+00  0.0000
   4.3000E+01   4.4000E+01   2.7722E-04  0.1146   0.0000E+00  0.0000
   4.4000E+01   4.5000E+01   3.3045E-04  0.1058   0.0000E+00  0.0000
   4.5000E+01   4.6000E+01   2.4955E-04  0.1177   0.0000E+00  0.0000
   4.6000E+01   4.7000E+01   2.8254E-04  0.1157   0.0000E+00  0.0000
   4.7000E+01   4.8000E+01   3.3494E-04  0.1025   0.0000E+00  0.0000
   4.8000E+01   4.9000E+01   2.8100E-04  0.1127   0.0000E+00  0.0000
   4.9000E+01   5.0000E+01   3.1613E-04  0.1047   0.0000E+00  0.0000
   5.0000E+01   5.1000E+01   3.1983E-04  0.1048   0.0000E+00  0.0000
   5.1000E+01   5.2000E+01   2.6589E-04  0.1152   0.0000E+00  0.0000
   5.2000E+01   5.3000E+01   3.2303E-04  0.1054   0.0000E+00  0.0000
   5.3000E+01   5.4000E+01   2.8961E-04  0.1101   0.0000E+00  0.0000
   5.4000E+01   5.5000E+01   3.0507E-04  0.1083   0.0000E+00  0.0000
   5.5000E+01   5.6000E+01   2.6425E-04  0.1153   0.0000E+00  0.0000
   5.6000E+01   5.7000E+01   2.7611E-04  0.1120   0.0000E+00  0.0000
   5.7000E+01   5.8000E+01   2.6856E-04  0.1138   0.0000E+00  0.0000
   5.8000E+01   5.9000E+01   3.0541E-04  0.1073   0.0000E+00  0.0000
   5.9000E+01   6.0000E+01   2.8273E-04  0.1120   0.0000E+00  0.0000
   6.0000E+01   6.1000E+01   3.4300E-04  0.1004   0.0000E+00  0.0000
   6.1000E+01   6.2000E+01   2.9884E-04  0.1093   0.0000E+00  0.0000
   6.2000E+01   6.3000E+01   2.6436E-04  0.1114   0.0000E+00  0.0000
   6.3000E+01   6.4000E+01   2.9131E-04  0.1055   0.0000E+00  0.0000
   6.4000E+01   6.5000E+01   2.6710E-04  0.1134   0.0000E+00  0.0000
   6.5000E+01   6.6000E+01   2.5834E-04  0.1163   0.0000E+00  0.0000
   6.6000E+01   6.7000E+01   2.9082E-04  0.1080   0.0000E+00  0.0000
   6.7000E+01   6.8000E+01   2.4671E-04  0.1189   0.0000E+00  0.0000
   6.8000E+01   6.9000E+01   2.7829E-04  0.1089   0.0000E+00  0.0000
   6.9000E+01   7.0000E+01   3.5353E-04  0.0955   0.0000E+00  0.0000
   7.0000E+01   7.1000E+01   2.5214E-04  0.1132   0.0000E+00  0.0000
   7.1000E+01   7.2000E+01   2.4976E-04  0.1148   0.0000E+00  0.0000
   7.2000E+01   7.3000E+01   2.3951E-04  0.1164   0.0000E+00  0.0000
   7.3000E+01   7.4000E+01   2.5518E-04  0.1154   0.0000E+00  0.0000
   7.4000E+01   7.5000E+01   2.6349E-04  0.1098   0.0000E+00  0.0000
   7.5000E+01   7.6000E+01   2.2570E-04  0.1218   0.0000E+00  0.0000
   7.6000E+01   7.7000E+01   2.2898E-04  0.1201   0.0000E+00  0.0000
   7.7000E+01   7.8000E+01   2.5697E-04  0.1149   0.0000E+00  0.0000
   7.8000E+01   7.9000E+01   2.7483E-04  0.1141   0.0000E+00  0.0000
   7.9000E+01   8.0000E+01   1.9607E-04  0.1239   0.0000E+00  0.0000
   8.0000E+01   8.1000E+01   2.8086E-04  0.1082   0.0000E+00  0.0000
   8.1000E+01   8.2000E+01   2.3087E-04  0.1209   0.0000E+00  0.0000
   8.2000E+01   8.3000E+01   2.1346E-04  0.1247   0.0000E+00  0.0000
   8.3000E+01   8.4000E+01   2.2918E-04  0.1164   0.0000E+00  0.0000
   8.4000E+01   8.5000E+01   3.3031E-04  0.0992   0.0000E+00  0.0000
   8.5000E+01   8.6000E+01   2.2803E-04  0.1179   0.0000E+00  0.0000
   8.6000E+01   8.7000E+01   1.9644E-04  0.1293   0.0000E+00  0.0000
   8.7000E+01   8.8000E+01   2.5766E-04  0.1133   0.0000E+00  0.0000
   8.8000E+01   8.9000E+01   2.9013E-04  0.1040   0.0000E+00  0.0000
   8.9000E+01   9.0000E+01   2.1586E-04  0.1200   0.0000E+00  0.0000
   9.0000E+01   9.1000E+01   2.5614E-04  0.1106   0.0000E+00  0.0000
   9.1000E+01   9.2000E+01   2.6430E-04  0.1088   0.0000E+00  0.0000
   9.2000E+01   9.3000E+01   2.6406E-04  0.1080   0.0000E+00  0.0000
   9.3000E+01   9.4000E+01   2.7912E-04  0.1066   0.0000E+00  0.0000
   9.4000E+01   9.5000E+01   2.4748E-04  0.1121   0.0000E+00  0.0000
   9.5000E+01   9.6000E+01   2.7436E-04  0.1045   0.0000E+00  0.0000
   9.6000E+01   9.7000E+01   1.8941E-04  0.1294   0.0000E+00  0.0000
   9.7000E+01   9.8000E+01   2.2881E-04  0.1168   0.0000E+00  0.0000
   9.8000E+01   9.9000E+01   1.8221E-04  0.1293   0.0000E+00  0.0000
   9.9000E+01   1.0000E+02   1.9744E-04  0.1250   0.0000E+00  0.0000
   1.0000E+02   1.0100E+02   1.6357E-04  0.1357   0.0000E+00  0.0000
   1.0100E+02   1.0200E+02   2.0477E-04  0.1237   0.0000E+00  0.0000
   1.0200E+02   1.0300E+02   2.2441E-04  0.1177   0.0000E+00  0.0000
   1.0300E+02   1.0400E+02   2.1692E-04  0.1182   0.0000E+00  0.0000
   1.0400E+02   1.0500E+02   1.4662E-04  0.1448   0.0000E+00  0.0000
   1.0500E+02   1.0600E+02   1.9126E-04  0.1248   0.0000E+00  0.0000
   1.0600E+02   1.0700E+02   2.3255E-04  0.1175   0.0000E+00  0.0000
   1.0700E+02   1.0800E+02   2.3767E-04  0.1150   0.0000E+00  0.0000
   1.0800E+02   1.0900E+02   2.2214E-04  0.1181   0.0000E+00  0.0000
   1.0900E+02   1.1000E+02   1.5441E-04  0.1379   0.0000E+00  0.0000
   1.1000E+02   1.1100E+02   1.8854E-04  0.1261   0.0000E+00  0.0000
   1.1100E+02   1.1200E+02   1.5479E-04  0.1416   0.0000E+00  0.0000
   1.1200E+02   1.1300E+02   1.8503E-04  0.1256   0.0000E+00  0.0000
   1.1300E+02   1.1400E+02   1.9509E-04  0.1245   0.0000E+00  0.0000
   1.1400E+02   1.1500E+02   1.6919E-04  0.1323   0.0000E+00  0.0000
   1.1500E+02   1.1600E+02   2.1437E-04  0.1190   0.0000E+00  0.0000
   1.1600E+02   1.1700E+02   2.0189E-04  0.1236   0.0000E+00  0.0000
   1.1700E+02   1.1800E+02   1.8225E-04  0.1286   0.0000E+00  0.0000
   1.1800E+02   1.1900E+02   1.4720E-04  0.1404   0.0000E+00  0.0000
   1.1900E+02   1.2000E+02   1.9251E-04  0.1230   0.0000E+00  0.0000
   1.2000E+02   1.2100E+02   1.5612E-04  0.1370   0.0000E+00  0.0000
   1.2100E+02   1.2200E+02   1.9601E-04  0.1242   0.0000E+00  0.0000
   1.2200E+02   1.2300E+02   1.6145E-04  0.1361   0.0000E+00  0.0000
   1.2300E+02   1.2400E+02   1.3269E-04  0.1488   0.0000E+00  0.0000
   1.2400E+02   1.2500E+02   1.4656E-04  0.1422   0.0000E+00  0.0000
   1.2500E+02   1.2600E+02   1.5566E-04  0.1356   0.0000E+00  0.0000
   1.2600E+02   1.2700E+02   1.3745E-04  0.1485   0.0000E+00  0.0000
   1.2700E+02   1.2800E+02   1.5661E-04  0.1408   0.0000E+00  0.0000
   1.2800E+02   1.2900E+02   1.3866E-04  0.1435   0.0000E+00  0.0000
   1.2900E+02   1.3000E+02   9.2839E-05  0.1824   0.0000E+00  0.0000
   1.3000E+02   1.3100E+02   1.2542E-04  0.1551   0.0000E+00  0.0000
   1.3100E+02   1.3200E+02   1.2812E-04  0.1548   0.0000E+00  0.0000
   1.3200E+02   1.3300E+02   1.4603E-04  0.1408   0.0000E+00  0.0000
   1.3300E+02   1.3400E+02   1.1386E-04  0.1588   0.0000E+00  0.0000
   1.3400E+02   1.3500E+02   1.8307E-04  0.1266   0.0000E+00  0.0000
   1.3500E+02   1.3600E+02   1.1781E-04  0.1571   0.0000E+00  0.0000
   1.3600E+02   1.3700E+02   1.3248E-04  0.1464   0.0000E+00  0.0000
   1.3700E+02   1.3800E+02   1.3170E-04  0.1510   0.0000E+00  0.0000
   1.3800E+02   1.3900E+02   9.0624E-05  0.1777   0.0000E+00  0.0000
   1.3900E+02   1.4000E+02   1.0716E-04  0.1633   0.0000E+00  0.0000
   1.4000E+02   1.4100E+02   1.1994E-04  0.1542   0.0000E+00  0.0000
   1.4100E+02   1.4200E+02   1.3169E-04  0.1487   0.0000E+00  0.0000
   1.4200E+02   1.4300E+02   1.2174E-04  0.1535   0.0000E+00  0.0000
   1.4300E+02   1.4400E+02   1.2126E-04  0.1537   0.0000E+00  0.0000
   1.4400E+02   1.4500E+02   1.2294E-04  0.1512   0.0000E+00  0.0000
   1.4500E+02   1.4600E+02   1.1391E-04  0.1566   0.0000E+00  0.0000
   1.4600E+02   1.4700E+02   8.1893E-05  0.1871   0.0000E+00  0.0000
   1.4700E+02   1.4800E+02   1.1847E-04  0.1574   0.0000E+00  0.0000
   1.4800E+02   1.4900E+02   1.1317E-04  0.1625   0.0000E+00  0.0000
   1.4900E+02   1.5000E+02   1.0398E-04  0.1651   0.0000E+00  0.0000
   1.5000E+02   1.5100E+02   1.0001E-04  0.1741   0.0000E+00  0.0000
   1.5100E+02   1.5200E+02   6.7729E-05  0.2046   0.0000E+00  0.0000
   1.5200E+02   1.5300E+02   9.6763E-05  0.1734   0.0000E+00  0.0000
   1.5300E+02   1.5400E+02   7.3743E-05  0.1971   0.0000E+00  0.0000
   1.5400E+02   1.5500E+02   7.8375E-05  0.1898   0.0000E+00  0.0000
   1.5500E+02   1.5600E+02   1.0595E-04  0.1627   0.0000E+00  0.0000
   1.5600E+02   1.5700E+02   8.8784E-05  0.1813   0.0000E+00  0.0000
   1.5700E+02   1.5800E+02   7.8078E-05  0.1945   0.0000E+00  0.0000
   1.5800E+02   1.5900E+02   6.2753E-05  0.2145   0.0000E+00  0.0000
   1.5900E+02   1.6000E+02   8.0272E-05  0.1859   0.0000E+00  0.0000
   1.6000E+02   1.6100E+02   9.5683E-05  0.1692   0.0000E+00  0.0000
   1.6100E+02   1.6200E+02   6.5313E-05  0.2097   0.0000E+00  0.0000
   1.6200E+02   1.6300E+02   1.0953E-04  0.1609   0.0000E+00  0.0000
   1.6300E+02   1.6400E+02   6.9829E-05  0.2010   0.0000E+00  0.0000
   1.6400E+02   1.6500E+02   8.4280E-05  0.1832   0.0000E+00  0.0000
   1.6500E+02   1.6600E+02   7.2621E-05  0.1965   0.0000E+00  0.0000
   1.6600E+02   1.6700E+02   5.4640E-05  0.2308   0.0000E+00  0.0000
   1.6700E+02   1.6800E+02   6.2175E-05  0.2087   0.0000E+00  0.0000
   1.6800E+02   1.6900E+02   5.0400E-05  0.2367   0.0000E+00  0.0000
   1.6900E+02   1.7000E+02   6.1592E-05  0.2137   0.0000E+00  0.0000
   1.7000E+02   1.7100E+02   4.4261E-05  0.2504   0.0000E+00  0.0000
   1.7100E+02   1.7200E+02   8.5622E-05  0.1800   0.0000E+00  0.0000
   1.7200E+02   1.7300E+02   6.4219E-05  0.2090   0.0000E+00  0.0000
   1.7300E+02   1.7400E+02   5.9826E-05  0.2133   0.0000E+00  0.0000
   1.7400E+02   1.7500E+02   4.2278E-05  0.2587   0.0000E+00  0.0000
   1.7500E+02   1.7600E+02   3.0389E-05  0.3019   0.0000E+00  0.0000
   1.7600E+02   1.7700E+02   3.8778E-05  0.2676   0.0000E+00  0.0000
   1.7700E+02   1.7800E+02   7.3840E-05  0.1927   0.0000E+00  0.0000
   1.7800E+02   1.7900E+02   4.4145E-05  0.2504   0.0000E+00  0.0000
   1.7900E+02   1.8000E+02   4.1858E-05  0.2592   0.0000E+00  0.0000
   1.8000E+02   1.8100E+02   4.8786E-05  0.2359   0.0000E+00  0.0000
   1.8100E+02   1.8200E+02   6.3490E-05  0.2089   0.0000E+00  0.0000
   1.8200E+02   1.8300E+02   6.8401E-05  0.2003   0.0000E+00  0.0000
   1.8300E+02   1.8400E+02   3.0066E-05  0.3021   0.0000E+00  0.0000
   1.8400E+02   1.8500E+02   4.6349E-05  0.2428   0.0000E+00  0.0000
   1.8500E+02   1.8600E+02   6.7905E-05  0.1997   0.0000E+00  0.0000
   1.8600E+02   1.8700E+02   4.5412E-05  0.2543   0.0000E+00  0.0000
   1.8700E+02   1.8800E+02   4.4937E-05  0.2510   0.0000E+00  0.0000
   1.8800E+02   1.8900E+02   3.7543E-05  0.2674   0.0000E+00  0.0000
   1.8900E+02   1.9000E+02   4.3862E-05  0.2505   0.0000E+00  0.0000
   1.9000E+02   1.9100E+02   3.8427E-05  0.2678   0.0000E+00  0.0000
   1.9100E+02   1.9200E+02   4.0098E-05  0.2582   0.0000E+00  0.0000
   1.9200E+02   1.9300E+02   4.0353E-05  0.2583   0.0000E+00  0.0000
   1.9300E+02   1.9400E+02   3.6226E-05  0.2778   0.0000E+00  0.0000
   1.9400E+02   1.9500E+02   2.4649E-05  0.3336   0.0000E+00  0.0000
   1.9500E+02   1.9600E+02   3.6522E-05  0.2790   0.0000E+00  0.0000
   1.9600E+02   1.9700E+02   4.6305E-05  0.2429   0.0000E+00  0.0000
   1.9700E+02   1.9800E+02   2.1932E-05  0.3536   0.0000E+00  0.0000
   1.9800E+02   1.9900E+02   4.2976E-05  0.2501   0.0000E+00  0.0000
   1.9900E+02   2.0000E+02   4.3595E-05  0.2503   0.0000E+00  0.0000
   2.0000E+02   2.0100E+02   3.0143E-05  0.3018   0.0000E+00  0.0000
   2.0100E+02   2.0200E+02   3.5176E-05  0.2774   0.0000E+00  0.0000
   2.0200E+02   2.0300E+02   1.8868E-05  0.3781   0.0000E+00  0.0000
   2.0300E+02   2.0400E+02   3.1256E-05  0.3084   0.0000E+00  0.0000
   2.0400E+02   2.0500E+02   3.5650E-05  0.2776   0.0000E+00  0.0000
   2.0500E+02   2.0600E+02   1.6018E-05  0.4084   0.0000E+00  0.0000
   2.0600E+02   2.0700E+02   2.6701E-05  0.3162   0.0000E+00  0.0000
   2.0700E+02   2.0800E+02   1.8789E-05  0.3780   0.0000E+00  0.0000
   2.0800E+02   2.0900E+02   1.3589E-05  0.4474   0.0000E+00  0.0000
   2.0900E+02   2.1000E+02   1.5931E-05  0.4083   0.0000E+00  0.0000
   2.1000E+02   2.1100E+02   3.8224E-05  0.2677   0.0000E+00  0.0000
   2.1100E+02   2.1200E+02   3.2330E-05  0.2888   0.0000E+00  0.0000
   2.1200E+02   2.1300E+02   1.3476E-05  0.4473   0.0000E+00  0.0000
   2.1300E+02   2.1400E+02   1.8560E-05  0.3780   0.0000E+00  0.0000
   2.1400E+02   2.1500E+02   3.2203E-05  0.2888   0.0000E+00  0.0000
   2.1500E+02   2.1600E+02   1.0675E-05  0.5000   0.0000E+00  0.0000
   2.1600E+02   2.1700E+02   5.5871E-06  0.7079   0.0000E+00  0.0000
   2.1700E+02   2.1800E+02   2.6909E-05  0.3163   0.0000E+00  0.0000
   2.1800E+02   2.1900E+02   2.4330E-05  0.3336   0.0000E+00  0.0000
   2.1900E+02   2.2000E+02   2.4010E-05  0.3334   0.0000E+00  0.0000
   2.2000E+02   2.2100E+02   1.3340E-05  0.4472   0.0000E+00  0.0000
   2.2100E+02   2.2200E+02   2.1709E-05  0.3537   0.0000E+00  0.0000
   2.2200E+02   2.2300E+02   2.4456E-05  0.3335   0.0000E+00  0.0000
   2.2300E+02   2.2400E+02   1.9955E-05  0.3796   0.0000E+00  0.0000
   2.2400E+02   2.2500E+02   1.6114E-05  0.4084   0.0000E+00  0.0000
   2.2500E+02   2.2600E+02   8.0014E-06  0.5774   0.0000E+00  0.0000
   2.2600E+02   2.2700E+02   5.3119E-06  0.7071   0.0000E+00  0.0000
   2.2700E+02   2.2800E+02   1.1580E-05  0.5030   0.0000E+00  0.0000
   2.2800E+02   2.2900E+02   1.8931E-05  0.3781   0.0000E+00  0.0000
   2.2900E+02   2.3000E+02   1.6275E-05  0.4083   0.0000E+00  0.0000
   2.3000E+02   2.3100E+02   2.3980E-05  0.3334   0.0000E+00  0.0000
   2.3100E+02   2.3200E+02   8.1074E-06  0.5774   0.0000E+00  0.0000
   2.3200E+02   2.3300E+02   5.2799E-06  0.7071   0.0000E+00  0.0000
   2.3300E+02   2.3400E+02   8.0009E-06  0.5774   0.0000E+00  0.0000
   2.3400E+02   2.3500E+02   2.1256E-05  0.3536   0.0000E+00  0.0000
   2.3500E+02   2.3600E+02   5.3417E-06  0.7072   0.0000E+00  0.0000
   2.3600E+02   2.3700E+02   7.9611E-06  0.5774   0.0000E+00  0.0000
   2.3700E+02   2.3800E+02   1.8503E-05  0.3780   0.0000E+00  0.0000
   2.3800E+02   2.3900E+02   5.2777E-06  0.7071   0.0000E+00  0.0000
   2.3900E+02   2.4000E+02   1.0581E-05  0.5000   0.0000E+00  0.0000
   2.4000E+02   2.4100E+02   1.3349E-05  0.4473   0.0000E+00  0.0000
   2.4100E+02   2.4200E+02   2.6765E-05  0.3163   0.0000E+00  0.0000
   2.4200E+02   2.4300E+02   1.3347E-05  0.4473   0.0000E+00  0.0000
   2.4300E+02   2.4400E+02   1.5985E-05  0.4083   0.0000E+00  0.0000
   2.4400E+02   2.4500E+02   5.4625E-06  0.7071   0.0000E+00  0.0000
   2.4500E+02   2.4600E+02   2.6330E-06  1.0000   0.0000E+00  0.0000
   2.4600E+02   2.4700E+02   2.6332E-06  1.0000   0.0000E+00  0.0000
   2.4700E+02   2.4800E+02   5.3265E-06  0.7072   0.0000E+00  0.0000
   2.4800E+02   2.4900E+02   5.3541E-06  0.7071   0.0000E+00  0.0000
   2.4900E+02   2.5000E+02   0.0000E+00  0.0000   0.0000E+00  0.0000

#   sum over                 2.6448E-02           5.6006E-04

'no. =  1,  reg  =      4'
msuc: {\huge [t-track] in region mesh}
msdr: {\it plotted by \ANGEL \version}
msdl: {\it calculated by \PHITS  3.26}
wt: s(0.7)
\vspace{-3}
   vol  &=&   1.0000E+00 [cm^3]
e:
 
# Information for Restart Calculation
# This calculation was newly started
# istdev =  2 # 1:Batch variance, 2:History variance
# resc2  = 1.89900020000000000E+07 # Total source weight or Total source weight / maxcas
# resc3  = 1.89900000000000000E+07 # Total history number or Total batch number
# maxcas =       10000 # History / Batch, only used for istdev=1
# bitrseed = 1100111110100000000001111110000101011111100010111100101010001111 # bit data of rseed
