[ T-Track ]
    title = [t-track] in region mesh
     mesh =  reg            # mesh type is region-wise
      reg = 4
   e-type =    1            # e-mesh is given by the below data
       ne =    250          # number of e-mesh points
#    data = ( e(i), i = 1, ne + 1 )
            0.00000E+00  1.00000E+00  2.00000E+00  3.00000E+00  4.00000E+00
            5.00000E+00  6.00000E+00  7.00000E+00  8.00000E+00  9.00000E+00
            1.00000E+01  1.10000E+01  1.20000E+01  1.30000E+01  1.40000E+01
            1.50000E+01  1.60000E+01  1.70000E+01  1.80000E+01  1.90000E+01
            2.00000E+01  2.10000E+01  2.20000E+01  2.30000E+01  2.40000E+01
            2.50000E+01  2.60000E+01  2.70000E+01  2.80000E+01  2.90000E+01
            3.00000E+01  3.10000E+01  3.20000E+01  3.30000E+01  3.40000E+01
            3.50000E+01  3.60000E+01  3.70000E+01  3.80000E+01  3.90000E+01
            4.00000E+01  4.10000E+01  4.20000E+01  4.30000E+01  4.40000E+01
            4.50000E+01  4.60000E+01  4.70000E+01  4.80000E+01  4.90000E+01
            5.00000E+01  5.10000E+01  5.20000E+01  5.30000E+01  5.40000E+01
            5.50000E+01  5.60000E+01  5.70000E+01  5.80000E+01  5.90000E+01
            6.00000E+01  6.10000E+01  6.20000E+01  6.30000E+01  6.40000E+01
            6.50000E+01  6.60000E+01  6.70000E+01  6.80000E+01  6.90000E+01
            7.00000E+01  7.10000E+01  7.20000E+01  7.30000E+01  7.40000E+01
            7.50000E+01  7.60000E+01  7.70000E+01  7.80000E+01  7.90000E+01
            8.00000E+01  8.10000E+01  8.20000E+01  8.30000E+01  8.40000E+01
            8.50000E+01  8.60000E+01  8.70000E+01  8.80000E+01  8.90000E+01
            9.00000E+01  9.10000E+01  9.20000E+01  9.30000E+01  9.40000E+01
            9.50000E+01  9.60000E+01  9.70000E+01  9.80000E+01  9.90000E+01
            1.00000E+02  1.01000E+02  1.02000E+02  1.03000E+02  1.04000E+02
            1.05000E+02  1.06000E+02  1.07000E+02  1.08000E+02  1.09000E+02
            1.10000E+02  1.11000E+02  1.12000E+02  1.13000E+02  1.14000E+02
            1.15000E+02  1.16000E+02  1.17000E+02  1.18000E+02  1.19000E+02
            1.20000E+02  1.21000E+02  1.22000E+02  1.23000E+02  1.24000E+02
            1.25000E+02  1.26000E+02  1.27000E+02  1.28000E+02  1.29000E+02
            1.30000E+02  1.31000E+02  1.32000E+02  1.33000E+02  1.34000E+02
            1.35000E+02  1.36000E+02  1.37000E+02  1.38000E+02  1.39000E+02
            1.40000E+02  1.41000E+02  1.42000E+02  1.43000E+02  1.44000E+02
            1.45000E+02  1.46000E+02  1.47000E+02  1.48000E+02  1.49000E+02
            1.50000E+02  1.51000E+02  1.52000E+02  1.53000E+02  1.54000E+02
            1.55000E+02  1.56000E+02  1.57000E+02  1.58000E+02  1.59000E+02
            1.60000E+02  1.61000E+02  1.62000E+02  1.63000E+02  1.64000E+02
            1.65000E+02  1.66000E+02  1.67000E+02  1.68000E+02  1.69000E+02
            1.70000E+02  1.71000E+02  1.72000E+02  1.73000E+02  1.74000E+02
            1.75000E+02  1.76000E+02  1.77000E+02  1.78000E+02  1.79000E+02
            1.80000E+02  1.81000E+02  1.82000E+02  1.83000E+02  1.84000E+02
            1.85000E+02  1.86000E+02  1.87000E+02  1.88000E+02  1.89000E+02
            1.90000E+02  1.91000E+02  1.92000E+02  1.93000E+02  1.94000E+02
            1.95000E+02  1.96000E+02  1.97000E+02  1.98000E+02  1.99000E+02
            2.00000E+02  2.01000E+02  2.02000E+02  2.03000E+02  2.04000E+02
            2.05000E+02  2.06000E+02  2.07000E+02  2.08000E+02  2.09000E+02
            2.10000E+02  2.11000E+02  2.12000E+02  2.13000E+02  2.14000E+02
            2.15000E+02  2.16000E+02  2.17000E+02  2.18000E+02  2.19000E+02
            2.20000E+02  2.21000E+02  2.22000E+02  2.23000E+02  2.24000E+02
            2.25000E+02  2.26000E+02  2.27000E+02  2.28000E+02  2.29000E+02
            2.30000E+02  2.31000E+02  2.32000E+02  2.33000E+02  2.34000E+02
            2.35000E+02  2.36000E+02  2.37000E+02  2.38000E+02  2.39000E+02
            2.40000E+02  2.41000E+02  2.42000E+02  2.43000E+02  2.44000E+02
            2.45000E+02  2.46000E+02  2.47000E+02  2.48000E+02  2.49000E+02
            2.50000E+02
     unit =    2            # unit is [1/cm^2/(MeV/n)/source]
 material =  all            # (D=all) number of specific material
     axis =     eng            # axis of output
     file = neutral_particles_shield1_HE.out  # file name of output for the above axis
     part =  neutron    photon   
# kf/name :  2112       22       
#    used :        main (  %)        temp (  %)       total (  %)
#  memory :         257 (  0)           0 (  0)         257 (  0)

#------------------------------------------------------------------------------
#newpage:
#   no. =  1   reg =      4

x: Energy [MeV/n]
y: Flux [1/cm^2/(MeV/n)/source]      
p: xlin ylog afac(0.8) form(0.9)
h: n            x            y(neutron ),hh0l   n y(photon  ),hh0dr  n 
#  e-lower      e-upper      neutron     r.err    photon      r.err 
   0.0000E+00   1.0000E+00   1.9818E+01  0.0003   8.3175E-01  0.0021
   1.0000E+00   2.0000E+00   1.3429E+00  0.0013   1.4489E-01  0.0044
   2.0000E+00   3.0000E+00   2.2072E-01  0.0033   8.4828E-02  0.0056
   3.0000E+00   4.0000E+00   8.7082E-02  0.0053   5.1421E-02  0.0071
   4.0000E+00   5.0000E+00   5.0182E-02  0.0069   2.8281E-02  0.0095
   5.0000E+00   6.0000E+00   3.5197E-02  0.0082   2.2492E-02  0.0106
   6.0000E+00   7.0000E+00   2.5803E-02  0.0095   1.5230E-02  0.0129
   7.0000E+00   8.0000E+00   2.0520E-02  0.0106   1.6355E-02  0.0123
   8.0000E+00   9.0000E+00   1.7704E-02  0.0114   4.7247E-03  0.0231
   9.0000E+00   1.0000E+01   1.5846E-02  0.0119   3.0589E-03  0.0285
   1.0000E+01   1.1000E+01   1.4590E-02  0.0124   3.4805E-04  0.0854
   1.1000E+01   1.2000E+01   1.3437E-02  0.0128   1.1194E-04  0.1573
   1.2000E+01   1.3000E+01   1.2933E-02  0.0131   1.9362E-05  0.3267
   1.3000E+01   1.4000E+01   1.2474E-02  0.0133   9.6116E-06  0.5134
   1.4000E+01   1.5000E+01   1.1978E-02  0.0136   8.5752E-06  0.5116
   1.5000E+01   1.6000E+01   1.1128E-02  0.0141   0.0000E+00  0.0000
   1.6000E+01   1.7000E+01   1.0524E-02  0.0144   0.0000E+00  0.0000
   1.7000E+01   1.8000E+01   9.8667E-03  0.0149   0.0000E+00  0.0000
   1.8000E+01   1.9000E+01   9.6268E-03  0.0150   3.0455E-06  1.0000
   1.9000E+01   2.0000E+01   8.9314E-03  0.0155   0.0000E+00  0.0000
   2.0000E+01   2.1000E+01   9.7335E-03  0.0148   0.0000E+00  0.0000
   2.1000E+01   2.2000E+01   9.3261E-03  0.0151   0.0000E+00  0.0000
   2.2000E+01   2.3000E+01   8.8226E-03  0.0155   0.0000E+00  0.0000
   2.3000E+01   2.4000E+01   8.7970E-03  0.0156   0.0000E+00  0.0000
   2.4000E+01   2.5000E+01   8.5228E-03  0.0157   0.0000E+00  0.0000
   2.5000E+01   2.6000E+01   8.1756E-03  0.0161   0.0000E+00  0.0000
   2.6000E+01   2.7000E+01   8.0740E-03  0.0162   0.0000E+00  0.0000
   2.7000E+01   2.8000E+01   7.8438E-03  0.0164   0.0000E+00  0.0000
   2.8000E+01   2.9000E+01   7.8601E-03  0.0164   0.0000E+00  0.0000
   2.9000E+01   3.0000E+01   7.4768E-03  0.0167   0.0000E+00  0.0000
   3.0000E+01   3.1000E+01   7.5451E-03  0.0168   0.0000E+00  0.0000
   3.1000E+01   3.2000E+01   7.2632E-03  0.0170   0.0000E+00  0.0000
   3.2000E+01   3.3000E+01   7.0300E-03  0.0172   0.0000E+00  0.0000
   3.3000E+01   3.4000E+01   6.8072E-03  0.0174   0.0000E+00  0.0000
   3.4000E+01   3.5000E+01   6.7268E-03  0.0175   0.0000E+00  0.0000
   3.5000E+01   3.6000E+01   6.6524E-03  0.0176   0.0000E+00  0.0000
   3.6000E+01   3.7000E+01   6.5253E-03  0.0178   0.0000E+00  0.0000
   3.7000E+01   3.8000E+01   6.4121E-03  0.0179   0.0000E+00  0.0000
   3.8000E+01   3.9000E+01   6.2180E-03  0.0181   0.0000E+00  0.0000
   3.9000E+01   4.0000E+01   6.1738E-03  0.0182   0.0000E+00  0.0000
   4.0000E+01   4.1000E+01   6.1179E-03  0.0183   0.0000E+00  0.0000
   4.1000E+01   4.2000E+01   5.9851E-03  0.0185   0.0000E+00  0.0000
   4.2000E+01   4.3000E+01   6.0738E-03  0.0182   0.0000E+00  0.0000
   4.3000E+01   4.4000E+01   5.9447E-03  0.0184   0.0000E+00  0.0000
   4.4000E+01   4.5000E+01   5.7347E-03  0.0188   1.7809E-06  1.0000
   4.5000E+01   4.6000E+01   5.5968E-03  0.0189   0.0000E+00  0.0000
   4.6000E+01   4.7000E+01   5.8267E-03  0.0184   0.0000E+00  0.0000
   4.7000E+01   4.8000E+01   5.7343E-03  0.0186   0.0000E+00  0.0000
   4.8000E+01   4.9000E+01   5.4951E-03  0.0189   0.0000E+00  0.0000
   4.9000E+01   5.0000E+01   5.3590E-03  0.0192   0.0000E+00  0.0000
   5.0000E+01   5.1000E+01   5.6657E-03  0.0188   0.0000E+00  0.0000
   5.1000E+01   5.2000E+01   5.5996E-03  0.0187   0.0000E+00  0.0000
   5.2000E+01   5.3000E+01   5.5590E-03  0.0188   0.0000E+00  0.0000
   5.3000E+01   5.4000E+01   5.4853E-03  0.0188   0.0000E+00  0.0000
   5.4000E+01   5.5000E+01   5.4362E-03  0.0188   0.0000E+00  0.0000
   5.5000E+01   5.6000E+01   5.4607E-03  0.0187   0.0000E+00  0.0000
   5.6000E+01   5.7000E+01   5.2375E-03  0.0193   0.0000E+00  0.0000
   5.7000E+01   5.8000E+01   5.1050E-03  0.0194   0.0000E+00  0.0000
   5.8000E+01   5.9000E+01   5.0574E-03  0.0194   0.0000E+00  0.0000
   5.9000E+01   6.0000E+01   5.0823E-03  0.0194   0.0000E+00  0.0000
   6.0000E+01   6.1000E+01   4.8958E-03  0.0196   0.0000E+00  0.0000
   6.1000E+01   6.2000E+01   4.9470E-03  0.0195   0.0000E+00  0.0000
   6.2000E+01   6.3000E+01   4.9574E-03  0.0194   0.0000E+00  0.0000
   6.3000E+01   6.4000E+01   4.6095E-03  0.0201   0.0000E+00  0.0000
   6.4000E+01   6.5000E+01   4.6077E-03  0.0201   0.0000E+00  0.0000
   6.5000E+01   6.6000E+01   4.5187E-03  0.0203   0.0000E+00  0.0000
   6.6000E+01   6.7000E+01   4.2336E-03  0.0211   0.0000E+00  0.0000
   6.7000E+01   6.8000E+01   4.5382E-03  0.0203   0.0000E+00  0.0000
   6.8000E+01   6.9000E+01   4.3598E-03  0.0205   0.0000E+00  0.0000
   6.9000E+01   7.0000E+01   4.4335E-03  0.0203   0.0000E+00  0.0000
   7.0000E+01   7.1000E+01   4.4783E-03  0.0203   0.0000E+00  0.0000
   7.1000E+01   7.2000E+01   4.4258E-03  0.0202   0.0000E+00  0.0000
   7.2000E+01   7.3000E+01   4.2477E-03  0.0206   0.0000E+00  0.0000
   7.3000E+01   7.4000E+01   3.9609E-03  0.0214   0.0000E+00  0.0000
   7.4000E+01   7.5000E+01   3.8847E-03  0.0216   0.0000E+00  0.0000
   7.5000E+01   7.6000E+01   4.0254E-03  0.0213   0.0000E+00  0.0000
   7.6000E+01   7.7000E+01   4.0216E-03  0.0212   0.0000E+00  0.0000
   7.7000E+01   7.8000E+01   4.1186E-03  0.0209   0.0000E+00  0.0000
   7.8000E+01   7.9000E+01   4.0281E-03  0.0212   0.0000E+00  0.0000
   7.9000E+01   8.0000E+01   3.8718E-03  0.0216   0.0000E+00  0.0000
   8.0000E+01   8.1000E+01   3.6536E-03  0.0221   0.0000E+00  0.0000
   8.1000E+01   8.2000E+01   3.6542E-03  0.0222   0.0000E+00  0.0000
   8.2000E+01   8.3000E+01   3.5107E-03  0.0226   0.0000E+00  0.0000
   8.3000E+01   8.4000E+01   3.4974E-03  0.0226   0.0000E+00  0.0000
   8.4000E+01   8.5000E+01   3.4983E-03  0.0226   0.0000E+00  0.0000
   8.5000E+01   8.6000E+01   3.4512E-03  0.0226   0.0000E+00  0.0000
   8.6000E+01   8.7000E+01   3.7278E-03  0.0217   0.0000E+00  0.0000
   8.7000E+01   8.8000E+01   3.3504E-03  0.0228   0.0000E+00  0.0000
   8.8000E+01   8.9000E+01   3.2334E-03  0.0233   0.0000E+00  0.0000
   8.9000E+01   9.0000E+01   3.0484E-03  0.0240   0.0000E+00  0.0000
   9.0000E+01   9.1000E+01   3.1232E-03  0.0238   0.0000E+00  0.0000
   9.1000E+01   9.2000E+01   3.1650E-03  0.0236   0.0000E+00  0.0000
   9.2000E+01   9.3000E+01   3.1675E-03  0.0235   0.0000E+00  0.0000
   9.3000E+01   9.4000E+01   3.1141E-03  0.0235   0.0000E+00  0.0000
   9.4000E+01   9.5000E+01   3.0805E-03  0.0238   0.0000E+00  0.0000
   9.5000E+01   9.6000E+01   3.1065E-03  0.0236   0.0000E+00  0.0000
   9.6000E+01   9.7000E+01   3.0727E-03  0.0236   0.0000E+00  0.0000
   9.7000E+01   9.8000E+01   2.9002E-03  0.0243   0.0000E+00  0.0000
   9.8000E+01   9.9000E+01   2.8007E-03  0.0248   0.0000E+00  0.0000
   9.9000E+01   1.0000E+02   2.7293E-03  0.0251   0.0000E+00  0.0000
   1.0000E+02   1.0100E+02   2.3601E-03  0.0271   0.0000E+00  0.0000
   1.0100E+02   1.0200E+02   2.2237E-03  0.0277   0.0000E+00  0.0000
   1.0200E+02   1.0300E+02   2.4815E-03  0.0264   0.0000E+00  0.0000
   1.0300E+02   1.0400E+02   2.4583E-03  0.0264   0.0000E+00  0.0000
   1.0400E+02   1.0500E+02   2.4048E-03  0.0266   0.0000E+00  0.0000
   1.0500E+02   1.0600E+02   2.3149E-03  0.0272   0.0000E+00  0.0000
   1.0600E+02   1.0700E+02   2.4530E-03  0.0264   0.0000E+00  0.0000
   1.0700E+02   1.0800E+02   2.6317E-03  0.0255   0.0000E+00  0.0000
   1.0800E+02   1.0900E+02   2.4000E-03  0.0265   0.0000E+00  0.0000
   1.0900E+02   1.1000E+02   2.3533E-03  0.0270   0.0000E+00  0.0000
   1.1000E+02   1.1100E+02   2.0918E-03  0.0287   0.0000E+00  0.0000
   1.1100E+02   1.1200E+02   2.0392E-03  0.0289   0.0000E+00  0.0000
   1.1200E+02   1.1300E+02   2.0281E-03  0.0288   0.0000E+00  0.0000
   1.1300E+02   1.1400E+02   2.1697E-03  0.0281   0.0000E+00  0.0000
   1.1400E+02   1.1500E+02   2.0786E-03  0.0286   0.0000E+00  0.0000
   1.1500E+02   1.1600E+02   2.0451E-03  0.0286   0.0000E+00  0.0000
   1.1600E+02   1.1700E+02   1.9440E-03  0.0293   0.0000E+00  0.0000
   1.1700E+02   1.1800E+02   1.9888E-03  0.0291   0.0000E+00  0.0000
   1.1800E+02   1.1900E+02   2.0289E-03  0.0286   0.0000E+00  0.0000
   1.1900E+02   1.2000E+02   2.0811E-03  0.0283   0.0000E+00  0.0000
   1.2000E+02   1.2100E+02   2.0191E-03  0.0288   0.0000E+00  0.0000
   1.2100E+02   1.2200E+02   1.8539E-03  0.0300   0.0000E+00  0.0000
   1.2200E+02   1.2300E+02   1.8376E-03  0.0301   0.0000E+00  0.0000
   1.2300E+02   1.2400E+02   1.7950E-03  0.0304   2.0968E-06  1.0000
   1.2400E+02   1.2500E+02   1.5216E-03  0.0333   0.0000E+00  0.0000
   1.2500E+02   1.2600E+02   1.5574E-03  0.0328   0.0000E+00  0.0000
   1.2600E+02   1.2700E+02   1.6334E-03  0.0318   0.0000E+00  0.0000
   1.2700E+02   1.2800E+02   1.5854E-03  0.0323   0.0000E+00  0.0000
   1.2800E+02   1.2900E+02   1.5310E-03  0.0330   0.0000E+00  0.0000
   1.2900E+02   1.3000E+02   1.5515E-03  0.0328   0.0000E+00  0.0000
   1.3000E+02   1.3100E+02   1.5090E-03  0.0330   0.0000E+00  0.0000
   1.3100E+02   1.3200E+02   1.5082E-03  0.0332   0.0000E+00  0.0000
   1.3200E+02   1.3300E+02   1.5587E-03  0.0326   0.0000E+00  0.0000
   1.3300E+02   1.3400E+02   1.4458E-03  0.0337   0.0000E+00  0.0000
   1.3400E+02   1.3500E+02   1.3940E-03  0.0343   0.0000E+00  0.0000
   1.3500E+02   1.3600E+02   1.4522E-03  0.0335   0.0000E+00  0.0000
   1.3600E+02   1.3700E+02   1.3529E-03  0.0346   0.0000E+00  0.0000
   1.3700E+02   1.3800E+02   1.3362E-03  0.0351   0.0000E+00  0.0000
   1.3800E+02   1.3900E+02   1.2008E-03  0.0370   0.0000E+00  0.0000
   1.3900E+02   1.4000E+02   1.2474E-03  0.0366   0.0000E+00  0.0000
   1.4000E+02   1.4100E+02   1.2142E-03  0.0368   0.0000E+00  0.0000
   1.4100E+02   1.4200E+02   1.2117E-03  0.0367   0.0000E+00  0.0000
   1.4200E+02   1.4300E+02   1.2218E-03  0.0365   0.0000E+00  0.0000
   1.4300E+02   1.4400E+02   1.3548E-03  0.0347   0.0000E+00  0.0000
   1.4400E+02   1.4500E+02   1.2256E-03  0.0366   0.0000E+00  0.0000
   1.4500E+02   1.4600E+02   1.1545E-03  0.0374   0.0000E+00  0.0000
   1.4600E+02   1.4700E+02   1.1269E-03  0.0379   0.0000E+00  0.0000
   1.4700E+02   1.4800E+02   1.1844E-03  0.0370   0.0000E+00  0.0000
   1.4800E+02   1.4900E+02   1.0204E-03  0.0398   0.0000E+00  0.0000
   1.4900E+02   1.5000E+02   1.1419E-03  0.0378   0.0000E+00  0.0000
   1.5000E+02   1.5100E+02   1.1093E-03  0.0382   0.0000E+00  0.0000
   1.5100E+02   1.5200E+02   1.0618E-03  0.0391   0.0000E+00  0.0000
   1.5200E+02   1.5300E+02   1.0685E-03  0.0389   0.0000E+00  0.0000
   1.5300E+02   1.5400E+02   1.1477E-03  0.0374   0.0000E+00  0.0000
   1.5400E+02   1.5500E+02   1.0458E-03  0.0393   0.0000E+00  0.0000
   1.5500E+02   1.5600E+02   1.1076E-03  0.0382   0.0000E+00  0.0000
   1.5600E+02   1.5700E+02   9.4539E-04  0.0413   0.0000E+00  0.0000
   1.5700E+02   1.5800E+02   7.1474E-04  0.0475   0.0000E+00  0.0000
   1.5800E+02   1.5900E+02   8.7107E-04  0.0430   0.0000E+00  0.0000
   1.5900E+02   1.6000E+02   8.7370E-04  0.0429   0.0000E+00  0.0000
   1.6000E+02   1.6100E+02   7.9028E-04  0.0451   0.0000E+00  0.0000
   1.6100E+02   1.6200E+02   7.5627E-04  0.0464   0.0000E+00  0.0000
   1.6200E+02   1.6300E+02   9.1903E-04  0.0416   0.0000E+00  0.0000
   1.6300E+02   1.6400E+02   8.7122E-04  0.0429   0.0000E+00  0.0000
   1.6400E+02   1.6500E+02   8.1510E-04  0.0446   0.0000E+00  0.0000
   1.6500E+02   1.6600E+02   7.9494E-04  0.0449   0.0000E+00  0.0000
   1.6600E+02   1.6700E+02   7.9514E-04  0.0449   0.0000E+00  0.0000
   1.6700E+02   1.6800E+02   7.5389E-04  0.0462   0.0000E+00  0.0000
   1.6800E+02   1.6900E+02   7.4546E-04  0.0464   0.0000E+00  0.0000
   1.6900E+02   1.7000E+02   6.9698E-04  0.0481   0.0000E+00  0.0000
   1.7000E+02   1.7100E+02   6.3678E-04  0.0503   0.0000E+00  0.0000
   1.7100E+02   1.7200E+02   6.8219E-04  0.0483   0.0000E+00  0.0000
   1.7200E+02   1.7300E+02   6.3995E-04  0.0500   0.0000E+00  0.0000
   1.7300E+02   1.7400E+02   5.7414E-04  0.0528   0.0000E+00  0.0000
   1.7400E+02   1.7500E+02   6.7075E-04  0.0489   0.0000E+00  0.0000
   1.7500E+02   1.7600E+02   6.4616E-04  0.0496   0.0000E+00  0.0000
   1.7600E+02   1.7700E+02   5.3861E-04  0.0546   0.0000E+00  0.0000
   1.7700E+02   1.7800E+02   6.0309E-04  0.0515   0.0000E+00  0.0000
   1.7800E+02   1.7900E+02   6.0588E-04  0.0516   0.0000E+00  0.0000
   1.7900E+02   1.8000E+02   6.3289E-04  0.0501   0.0000E+00  0.0000
   1.8000E+02   1.8100E+02   6.1431E-04  0.0509   0.0000E+00  0.0000
   1.8100E+02   1.8200E+02   5.3893E-04  0.0544   0.0000E+00  0.0000
   1.8200E+02   1.8300E+02   5.1751E-04  0.0556   0.0000E+00  0.0000
   1.8300E+02   1.8400E+02   6.1379E-04  0.0510   0.0000E+00  0.0000
   1.8400E+02   1.8500E+02   6.0070E-04  0.0514   0.0000E+00  0.0000
   1.8500E+02   1.8600E+02   6.6889E-04  0.0488   0.0000E+00  0.0000
   1.8600E+02   1.8700E+02   5.9465E-04  0.0517   0.0000E+00  0.0000
   1.8700E+02   1.8800E+02   4.9325E-04  0.0567   0.0000E+00  0.0000
   1.8800E+02   1.8900E+02   4.8037E-04  0.0575   0.0000E+00  0.0000
   1.8900E+02   1.9000E+02   4.4883E-04  0.0594   0.0000E+00  0.0000
   1.9000E+02   1.9100E+02   4.4141E-04  0.0599   0.0000E+00  0.0000
   1.9100E+02   1.9200E+02   4.0227E-04  0.0627   0.0000E+00  0.0000
   1.9200E+02   1.9300E+02   4.2413E-04  0.0611   0.0000E+00  0.0000
   1.9300E+02   1.9400E+02   4.3543E-04  0.0602   0.0000E+00  0.0000
   1.9400E+02   1.9500E+02   4.0705E-04  0.0625   0.0000E+00  0.0000
   1.9500E+02   1.9600E+02   4.2196E-04  0.0613   0.0000E+00  0.0000
   1.9600E+02   1.9700E+02   3.8744E-04  0.0638   0.0000E+00  0.0000
   1.9700E+02   1.9800E+02   3.0712E-04  0.0723   0.0000E+00  0.0000
   1.9800E+02   1.9900E+02   3.8056E-04  0.0645   0.0000E+00  0.0000
   1.9900E+02   2.0000E+02   4.2014E-04  0.0612   0.0000E+00  0.0000
   2.0000E+02   2.0100E+02   3.5214E-04  0.0671   0.0000E+00  0.0000
   2.0100E+02   2.0200E+02   2.6993E-04  0.0769   0.0000E+00  0.0000
   2.0200E+02   2.0300E+02   3.2624E-04  0.0695   0.0000E+00  0.0000
   2.0300E+02   2.0400E+02   3.3187E-04  0.0689   0.0000E+00  0.0000
   2.0400E+02   2.0500E+02   2.3805E-04  0.0814   0.0000E+00  0.0000
   2.0500E+02   2.0600E+02   2.8970E-04  0.0738   0.0000E+00  0.0000
   2.0600E+02   2.0700E+02   2.4242E-04  0.0809   0.0000E+00  0.0000
   2.0700E+02   2.0800E+02   2.1635E-04  0.0860   0.0000E+00  0.0000
   2.0800E+02   2.0900E+02   2.4634E-04  0.0802   0.0000E+00  0.0000
   2.0900E+02   2.1000E+02   2.5644E-04  0.0786   0.0000E+00  0.0000
   2.1000E+02   2.1100E+02   3.8790E-04  0.0641   0.0000E+00  0.0000
   2.1100E+02   2.1200E+02   3.0675E-04  0.0717   0.0000E+00  0.0000
   2.1200E+02   2.1300E+02   2.9570E-04  0.0730   0.0000E+00  0.0000
   2.1300E+02   2.1400E+02   3.1869E-04  0.0702   0.0000E+00  0.0000
   2.1400E+02   2.1500E+02   2.9859E-04  0.0726   0.0000E+00  0.0000
   2.1500E+02   2.1600E+02   1.9482E-04  0.0898   0.0000E+00  0.0000
   2.1600E+02   2.1700E+02   1.6574E-04  0.0977   0.0000E+00  0.0000
   2.1700E+02   2.1800E+02   2.8137E-04  0.0748   0.0000E+00  0.0000
   2.1800E+02   2.1900E+02   3.2727E-04  0.0694   0.0000E+00  0.0000
   2.1900E+02   2.2000E+02   3.6838E-04  0.0653   0.0000E+00  0.0000
   2.2000E+02   2.2100E+02   2.6641E-04  0.0767   0.0000E+00  0.0000
   2.2100E+02   2.2200E+02   2.0169E-04  0.0885   0.0000E+00  0.0000
   2.2200E+02   2.2300E+02   1.9659E-04  0.0895   0.0000E+00  0.0000
   2.2300E+02   2.2400E+02   2.0972E-04  0.0864   0.0000E+00  0.0000
   2.2400E+02   2.2500E+02   2.3626E-04  0.0814   0.0000E+00  0.0000
   2.2500E+02   2.2600E+02   1.8981E-04  0.0909   0.0000E+00  0.0000
   2.2600E+02   2.2700E+02   1.1618E-04  0.1163   0.0000E+00  0.0000
   2.2700E+02   2.2800E+02   8.1985E-05  0.1387   0.0000E+00  0.0000
   2.2800E+02   2.2900E+02   1.4571E-04  0.1037   0.0000E+00  0.0000
   2.2900E+02   2.3000E+02   2.1817E-04  0.0848   0.0000E+00  0.0000
   2.3000E+02   2.3100E+02   2.2369E-04  0.0836   0.0000E+00  0.0000
   2.3100E+02   2.3200E+02   1.6762E-04  0.0967   0.0000E+00  0.0000
   2.3200E+02   2.3300E+02   1.2535E-04  0.1118   0.0000E+00  0.0000
   2.3300E+02   2.3400E+02   1.1415E-04  0.1170   0.0000E+00  0.0000
   2.3400E+02   2.3500E+02   1.6785E-04  0.0967   0.0000E+00  0.0000
   2.3500E+02   2.3600E+02   1.7092E-04  0.0958   0.0000E+00  0.0000
   2.3600E+02   2.3700E+02   1.3300E-04  0.1085   0.0000E+00  0.0000
   2.3700E+02   2.3800E+02   1.2386E-04  0.1126   0.0000E+00  0.0000
   2.3800E+02   2.3900E+02   1.8033E-04  0.0933   0.0000E+00  0.0000
   2.3900E+02   2.4000E+02   1.6422E-04  0.0976   0.0000E+00  0.0000
   2.4000E+02   2.4100E+02   1.6736E-04  0.0967   0.0000E+00  0.0000
   2.4100E+02   2.4200E+02   1.4846E-04  0.1026   0.0000E+00  0.0000
   2.4200E+02   2.4300E+02   1.2347E-04  0.1125   0.0000E+00  0.0000
   2.4300E+02   2.4400E+02   1.8167E-04  0.0929   0.0000E+00  0.0000
   2.4400E+02   2.4500E+02   1.8738E-04  0.0913   0.0000E+00  0.0000
   2.4500E+02   2.4600E+02   1.5311E-04  0.1010   0.0000E+00  0.0000
   2.4600E+02   2.4700E+02   9.8333E-05  0.1260   0.0000E+00  0.0000
   2.4700E+02   2.4800E+02   9.0458E-05  0.1313   0.0000E+00  0.0000
   2.4800E+02   2.4900E+02   8.7503E-05  0.1336   0.0000E+00  0.0000
   2.4900E+02   2.5000E+02   0.0000E+00  0.0000   0.0000E+00  0.0000

#   sum over                 8.9187E-02           4.8141E-03

'no. =  1,  reg  =      4'
msuc: {\huge [t-track] in region mesh}
msdr: {\it plotted by \ANGEL \version}
msdl: {\it calculated by \PHITS  3.26}
wt: s(0.7)
\vspace{-3}
   vol  &=&   1.0000E+00 [cm^3]
e:
 
# Information for Restart Calculation
# This calculation was newly started
# istdev =  2 # 1:Batch variance, 2:History variance
# resc2  = 3.21900030000000000E+07 # Total source weight or Total source weight / maxcas
# resc3  = 3.21900000000000000E+07 # Total history number or Total batch number
# maxcas =       10000 # History / Batch, only used for istdev=1
# bitrseed = 1100011001010101011000100110011101100111100110001101011111100100 # bit data of rseed
