[ T-Track ]
    title = [t-track] in region mesh
     mesh =  reg            # mesh type is region-wise
      reg = 4
   e-type =    3            # e-mesh is log given by emin, emax and ne
     emin =  1.0000000E-03  # minimum value of e-mesh points
     emax =   1.000000      # maximum value of e-mesh points
#    edel =  6.9077553E-02  # mesh width of e-mesh points
       ne =    100          # number of e-mesh points
#    data = ( e(i), i = 1, ne + 1 )
#           1.00000E-03  1.07152E-03  1.14815E-03  1.23027E-03  1.31826E-03
#           1.41254E-03  1.51356E-03  1.62181E-03  1.73780E-03  1.86209E-03
#           1.99526E-03  2.13796E-03  2.29087E-03  2.45471E-03  2.63027E-03
#           2.81838E-03  3.01995E-03  3.23594E-03  3.46737E-03  3.71535E-03
#           3.98107E-03  4.26580E-03  4.57088E-03  4.89779E-03  5.24807E-03
#           5.62341E-03  6.02560E-03  6.45654E-03  6.91831E-03  7.41310E-03
#           7.94328E-03  8.51138E-03  9.12011E-03  9.77237E-03  1.04713E-02
#           1.12202E-02  1.20226E-02  1.28825E-02  1.38038E-02  1.47911E-02
#           1.58489E-02  1.69824E-02  1.81970E-02  1.94984E-02  2.08930E-02
#           2.23872E-02  2.39883E-02  2.57040E-02  2.75423E-02  2.95121E-02
#           3.16228E-02  3.38844E-02  3.63078E-02  3.89045E-02  4.16869E-02
#           4.46684E-02  4.78630E-02  5.12861E-02  5.49541E-02  5.88844E-02
#           6.30957E-02  6.76083E-02  7.24436E-02  7.76247E-02  8.31764E-02
#           8.91251E-02  9.54993E-02  1.02329E-01  1.09648E-01  1.17490E-01
#           1.25893E-01  1.34896E-01  1.44544E-01  1.54882E-01  1.65959E-01
#           1.77828E-01  1.90546E-01  2.04174E-01  2.18776E-01  2.34423E-01
#           2.51189E-01  2.69153E-01  2.88403E-01  3.09030E-01  3.31131E-01
#           3.54813E-01  3.80189E-01  4.07380E-01  4.36516E-01  4.67735E-01
#           5.01187E-01  5.37032E-01  5.75440E-01  6.16595E-01  6.60693E-01
#           7.07946E-01  7.58578E-01  8.12831E-01  8.70964E-01  9.33254E-01
#           1.00000E+00
     unit =    2            # unit is [1/cm^2/(MeV/n)/source]
 material =  all            # (D=all) number of specific material
     axis =     eng            # axis of output
     file = neutral_particles_shield1_LE.out  # file name of output for the above axis
     part =  neutron    photon   
# kf/name :  2112       22       
#    used :        main (  %)        temp (  %)       total (  %)
#  memory :         107 (  0)           0 (  0)         107 (  0)

#------------------------------------------------------------------------------
#newpage:
#   no. =  1   reg =      4

x: Energy [MeV/n]
y: Flux [1/cm^2/(MeV/n)/source]      
p: xlog ylog afac(0.8) form(0.9)
h: n            x            y(neutron ),hh0l   n y(photon  ),hh0dr  n 
#  e-lower      e-upper      neutron     r.err    photon      r.err 
   1.0000E-03   1.0715E-03   7.7457E+01  0.0258   2.7193E-04  0.6333
   1.0715E-03   1.1482E-03   7.2395E+01  0.0258   1.6473E-03  0.5693
   1.1482E-03   1.2303E-03   6.5930E+01  0.0262   1.2913E-03  0.4820
   1.2303E-03   1.3183E-03   5.9863E+01  0.0264   5.4002E-04  0.6454
   1.3183E-03   1.4125E-03   5.8281E+01  0.0261   1.8227E-03  0.4976
   1.4125E-03   1.5136E-03   5.3605E+01  0.0263   1.7829E-03  0.4005
   1.5136E-03   1.6218E-03   5.0052E+01  0.0263   6.3269E-03  0.4084
   1.6218E-03   1.7378E-03   4.6656E+01  0.0262   2.6999E-03  0.4672
   1.7378E-03   1.8621E-03   4.4185E+01  0.0260   2.4519E-03  0.4914
   1.8621E-03   1.9953E-03   4.3822E+01  0.0254   2.8569E-03  0.6256
   1.9953E-03   2.1380E-03   3.6561E+01  0.0264   4.0290E-03  0.4967
   2.1380E-03   2.2909E-03   3.6759E+01  0.0257   4.7465E-03  0.4939
   2.2909E-03   2.4547E-03   3.3577E+01  0.0259   7.2926E-03  0.3508
   2.4547E-03   2.6303E-03   3.2352E+01  0.0257   8.7681E-03  0.3520
   2.6303E-03   2.8184E-03   2.4569E+01  0.0285   1.1051E-02  0.3712
   2.8184E-03   3.0200E-03   2.1359E+01  0.0297   6.6026E-02  0.1788
   3.0200E-03   3.2359E-03   2.3817E+01  0.0269   3.4822E-02  0.3107
   3.2359E-03   3.4674E-03   2.4586E+01  0.0255   8.5747E-03  0.5182
   3.4674E-03   3.7154E-03   2.1349E+01  0.0264   1.7427E-02  0.4022
   3.7154E-03   3.9811E-03   2.1659E+01  0.0255   9.0742E-03  0.5169
   3.9811E-03   4.2658E-03   2.0031E+01  0.0256   2.3786E-03  0.4328
   4.2658E-03   4.5709E-03   1.8187E+01  0.0256   1.4089E-02  0.4611
   4.5709E-03   4.8978E-03   1.7004E+01  0.0257   2.6324E-02  0.3568
   4.8978E-03   5.2481E-03   1.6624E+01  0.0252   1.0855E-02  0.4485
   5.2481E-03   5.6234E-03   1.5580E+01  0.0253   2.9350E-02  0.3359
   5.6234E-03   6.0256E-03   1.3980E+01  0.0256   2.3611E-02  0.3560
   6.0256E-03   6.4565E-03   1.3438E+01  0.0253   1.5335E-02  0.4969
   6.4565E-03   6.9183E-03   1.2769E+01  0.0253   3.4852E-02  0.3570
   6.9183E-03   7.4131E-03   1.1862E+01  0.0250   3.8799E-02  0.3654
   7.4131E-03   7.9433E-03   1.0751E+01  0.0256   1.7593E-02  0.4901
   7.9433E-03   8.5114E-03   1.0014E+01  0.0255   2.9207E-02  0.3570
   8.5114E-03   9.1201E-03   9.6493E+00  0.0252   3.7960E-02  0.5091
   9.1201E-03   9.7724E-03   8.9927E+00  0.0251   2.2427E-02  0.5145
   9.7724E-03   1.0471E-02   8.7222E+00  0.0246   4.8931E-02  0.3222
   1.0471E-02   1.1220E-02   8.3276E+00  0.0244   5.5786E-02  0.2643
   1.1220E-02   1.2023E-02   7.4111E+00  0.0251   5.7274E-02  0.2753
   1.2023E-02   1.2882E-02   7.2382E+00  0.0245   7.2274E-02  0.2598
   1.2882E-02   1.3804E-02   6.8092E+00  0.0242   7.3717E-02  0.2219
   1.3804E-02   1.4791E-02   6.4935E+00  0.0241   9.2767E-02  0.2060
   1.4791E-02   1.5849E-02   5.8808E+00  0.0243   7.1690E-02  0.2120
   1.5849E-02   1.6982E-02   5.4246E+00  0.0246   7.2134E-02  0.1952
   1.6982E-02   1.8197E-02   5.3060E+00  0.0240   1.0088E-01  0.1701
   1.8197E-02   1.9498E-02   4.9027E+00  0.0241   1.0040E-01  0.1663
   1.9498E-02   2.0893E-02   4.7091E+00  0.0239   9.7567E-02  0.1549
   2.0893E-02   2.2387E-02   4.3640E+00  0.0239   1.2633E-01  0.1325
   2.2387E-02   2.3988E-02   4.1777E+00  0.0235   1.8420E-01  0.1182
   2.3988E-02   2.5704E-02   3.9483E+00  0.0233   1.7819E-01  0.1140
   2.5704E-02   2.7542E-02   3.6764E+00  0.0233   2.4344E-01  0.0919
   2.7542E-02   2.9512E-02   3.4837E+00  0.0233   2.4104E-01  0.0887
   2.9512E-02   3.1623E-02   3.3938E+00  0.0229   7.9284E-01  0.0482
   3.1623E-02   3.3884E-02   3.0775E+00  0.0230   3.1796E-01  0.0727
   3.3884E-02   3.6308E-02   2.9643E+00  0.0227   4.5659E-01  0.0587
   3.6308E-02   3.8905E-02   2.6957E+00  0.0228   7.1737E-01  0.0445
   3.8905E-02   4.1687E-02   2.5155E+00  0.0231   1.2149E+00  0.0333
   4.1687E-02   4.4668E-02   2.4786E+00  0.0225   2.0845E+00  0.0247
   4.4668E-02   4.7863E-02   2.4852E+00  0.0216   3.2896E+00  0.0190
   4.7863E-02   5.1286E-02   2.3956E+00  0.0214   5.0769E+00  0.0147
   5.1286E-02   5.4954E-02   2.2942E+00  0.0211   7.3644E+00  0.0118
   5.4954E-02   5.8884E-02   1.6381E+00  0.0241   9.5931E+00  0.0100
   5.8884E-02   6.3096E-02   1.9167E+00  0.0215   1.2031E+01  0.0086
   6.3096E-02   6.7608E-02   1.8267E+00  0.0213   1.4123E+01  0.0077
   6.7608E-02   7.2444E-02   1.7858E+00  0.0207   1.6231E+01  0.0069
   7.2444E-02   7.7625E-02   1.6753E+00  0.0207   1.7408E+01  0.0065
   7.7625E-02   8.3176E-02   1.6431E+00  0.0202   1.8350E+01  0.0061
   8.3176E-02   8.9125E-02   1.5104E+00  0.0203   1.8858E+01  0.0058
   8.9125E-02   9.5499E-02   1.5121E+00  0.0197   1.9143E+01  0.0056
   9.5499E-02   1.0233E-01   1.4337E+00  0.0194   1.8351E+01  0.0055
   1.0233E-01   1.0965E-01   1.3888E+00  0.0192   1.7730E+01  0.0054
   1.0965E-01   1.1749E-01   1.3364E+00  0.0188   1.6920E+01  0.0053
   1.1749E-01   1.2589E-01   1.2605E+00  0.0187   1.6199E+01  0.0053
   1.2589E-01   1.3490E-01   1.2652E+00  0.0181   1.5246E+01  0.0052
   1.3490E-01   1.4454E-01   1.2190E+00  0.0177   1.4102E+01  0.0053
   1.4454E-01   1.5488E-01   1.1828E+00  0.0175   1.3116E+01  0.0053
   1.5488E-01   1.6596E-01   1.1458E+00  0.0171   1.2125E+01  0.0053
   1.6596E-01   1.7783E-01   1.0031E+00  0.0178   1.1273E+01  0.0053
   1.7783E-01   1.9055E-01   8.4755E-01  0.0186   1.0260E+01  0.0054
   1.9055E-01   2.0417E-01   7.7999E-01  0.0188   9.4474E+00  0.0054
   2.0417E-01   2.1878E-01   8.0200E-01  0.0180   8.7660E+00  0.0054
   2.1878E-01   2.3442E-01   8.1877E-01  0.0171   8.2970E+00  0.0054
   2.3442E-01   2.5119E-01   8.0708E-01  0.0165   7.7941E+00  0.0054
   2.5119E-01   2.6915E-01   8.0648E-01  0.0161   7.3275E+00  0.0054
   2.6915E-01   2.8840E-01   8.2483E-01  0.0154   6.8070E+00  0.0054
   2.8840E-01   3.0903E-01   7.7618E-01  0.0153   6.2022E+00  0.0054
   3.0903E-01   3.3113E-01   7.3809E-01  0.0152   5.9111E+00  0.0054
   3.3113E-01   3.5481E-01   7.0200E-01  0.0150   5.4564E+00  0.0054
   3.5481E-01   3.8019E-01   6.2558E-01  0.0154   5.0594E+00  0.0054
   3.8019E-01   4.0738E-01   5.3068E-01  0.0161   4.6655E+00  0.0054
   4.0738E-01   4.3652E-01   3.7902E-01  0.0183   4.3574E+00  0.0054
   4.3652E-01   4.6774E-01   4.3408E-01  0.0165   4.1058E+00  0.0053
   4.6774E-01   5.0119E-01   6.7667E-01  0.0128   4.0355E+00  0.0052
   5.0119E-01   5.3703E-01   7.4188E-01  0.0118   5.8183E+00  0.0042
   5.3703E-01   5.7544E-01   6.8603E-01  0.0119   2.7767E+00  0.0058
   5.7544E-01   6.1660E-01   7.0629E-01  0.0113   2.6301E+00  0.0058
   6.1660E-01   6.6069E-01   6.9770E-01  0.0109   2.4020E+00  0.0058
   6.6069E-01   7.0795E-01   6.8693E-01  0.0106   2.2111E+00  0.0058
   7.0795E-01   7.5858E-01   6.8094E-01  0.0103   2.1324E+00  0.0058
   7.5858E-01   8.1283E-01   6.4413E-01  0.0102   2.1512E+00  0.0055
   8.1283E-01   8.7096E-01   5.0017E-01  0.0113   1.9996E+00  0.0055
   8.7096E-01   9.3325E-01   4.1128E-01  0.0120   1.7630E+00  0.0057
   9.3325E-01   1.0000E+00   2.8599E-01  0.0139   1.6144E+00  0.0058

#   sum over                 1.0269E+00           5.0714E+00

'no. =  1,  reg  =      4'
msuc: {\huge [t-track] in region mesh}
msdr: {\it plotted by \ANGEL \version}
msdl: {\it calculated by \PHITS  3.26}
wt: s(0.7)
\vspace{-3}
   vol  &=&   1.0000E+00 [cm^3]
e:
 
# Information for Restart Calculation
# This calculation was newly started
# istdev =  2 # 1:Batch variance, 2:History variance
# resc2  = 2.15200000000000000E+07 # Total source weight or Total source weight / maxcas
# resc3  = 2.15200000000000000E+07 # Total history number or Total batch number
# maxcas =       10000 # History / Batch, only used for istdev=1
# bitrseed = 1111110101111110111100000010001001101100010011001011000100101001 # bit data of rseed
