[ T-Track ]
    title = [t-track] in region mesh
     mesh =  reg            # mesh type is region-wise
      reg = 4
   e-type =    3            # e-mesh is log given by emin, emax and ne
     emin =  1.0000000E-03  # minimum value of e-mesh points
     emax =   1.000000      # maximum value of e-mesh points
#    edel =  6.9077553E-02  # mesh width of e-mesh points
       ne =    100          # number of e-mesh points
#    data = ( e(i), i = 1, ne + 1 )
#           1.00000E-03  1.07152E-03  1.14815E-03  1.23027E-03  1.31826E-03
#           1.41254E-03  1.51356E-03  1.62181E-03  1.73780E-03  1.86209E-03
#           1.99526E-03  2.13796E-03  2.29087E-03  2.45471E-03  2.63027E-03
#           2.81838E-03  3.01995E-03  3.23594E-03  3.46737E-03  3.71535E-03
#           3.98107E-03  4.26580E-03  4.57088E-03  4.89779E-03  5.24807E-03
#           5.62341E-03  6.02560E-03  6.45654E-03  6.91831E-03  7.41310E-03
#           7.94328E-03  8.51138E-03  9.12011E-03  9.77237E-03  1.04713E-02
#           1.12202E-02  1.20226E-02  1.28825E-02  1.38038E-02  1.47911E-02
#           1.58489E-02  1.69824E-02  1.81970E-02  1.94984E-02  2.08930E-02
#           2.23872E-02  2.39883E-02  2.57040E-02  2.75423E-02  2.95121E-02
#           3.16228E-02  3.38844E-02  3.63078E-02  3.89045E-02  4.16869E-02
#           4.46684E-02  4.78630E-02  5.12861E-02  5.49541E-02  5.88844E-02
#           6.30957E-02  6.76083E-02  7.24436E-02  7.76247E-02  8.31764E-02
#           8.91251E-02  9.54993E-02  1.02329E-01  1.09648E-01  1.17490E-01
#           1.25893E-01  1.34896E-01  1.44544E-01  1.54882E-01  1.65959E-01
#           1.77828E-01  1.90546E-01  2.04174E-01  2.18776E-01  2.34423E-01
#           2.51189E-01  2.69153E-01  2.88403E-01  3.09030E-01  3.31131E-01
#           3.54813E-01  3.80189E-01  4.07380E-01  4.36516E-01  4.67735E-01
#           5.01187E-01  5.37032E-01  5.75440E-01  6.16595E-01  6.60693E-01
#           7.07946E-01  7.58578E-01  8.12831E-01  8.70964E-01  9.33254E-01
#           1.00000E+00
     unit =    2            # unit is [1/cm^2/(MeV/n)/source]
 material =  all            # (D=all) number of specific material
     axis =     eng            # axis of output
     file = neutral_particles_shield1_LE.out  # file name of output for the above axis
     part =  neutron    photon   
# kf/name :  2112       22       
#    used :        main (  %)        temp (  %)       total (  %)
#  memory :         107 (  0)           0 (  0)         107 (  0)

#------------------------------------------------------------------------------
#newpage:
#   no. =  1   reg =      4

x: Energy [MeV/n]
y: Flux [1/cm^2/(MeV/n)/source]      
p: xlog ylog afac(0.8) form(0.9)
h: n            x            y(neutron ),hh0l   n y(photon  ),hh0dr  n 
#  e-lower      e-upper      neutron     r.err    photon      r.err 
   1.0000E-03   1.0715E-03   6.3235E-01  0.3149   0.0000E+00  0.0000
   1.0715E-03   1.1482E-03   8.8497E-01  0.2439   2.5153E-05  1.0000
   1.1482E-03   1.2303E-03   7.0498E-01  0.2811   0.0000E+00  0.0000
   1.2303E-03   1.3183E-03   6.4031E-01  0.2578   0.0000E+00  0.0000
   1.3183E-03   1.4125E-03   6.1896E-01  0.2652   0.0000E+00  0.0000
   1.4125E-03   1.5136E-03   6.7925E-01  0.2450   0.0000E+00  0.0000
   1.5136E-03   1.6218E-03   7.6851E-01  0.2360   0.0000E+00  0.0000
   1.6218E-03   1.7378E-03   6.0421E-01  0.2389   0.0000E+00  0.0000
   1.7378E-03   1.8621E-03   4.0833E-01  0.2895   0.0000E+00  0.0000
   1.8621E-03   1.9953E-03   4.2534E-01  0.2966   0.0000E+00  0.0000
   1.9953E-03   2.1380E-03   3.1431E-01  0.2969   0.0000E+00  0.0000
   2.1380E-03   2.2909E-03   3.7987E-01  0.2550   0.0000E+00  0.0000
   2.2909E-03   2.4547E-03   3.9902E-01  0.2510   0.0000E+00  0.0000
   2.4547E-03   2.6303E-03   2.8380E-01  0.3037   0.0000E+00  0.0000
   2.6303E-03   2.8184E-03   4.1278E-01  0.2210   1.0670E-04  1.0000
   2.8184E-03   3.0200E-03   1.4733E-01  0.3527   0.0000E+00  0.0000
   3.0200E-03   3.2359E-03   1.9355E-01  0.2840   0.0000E+00  0.0000
   3.2359E-03   3.4674E-03   1.9385E-01  0.3285   0.0000E+00  0.0000
   3.4674E-03   3.7154E-03   3.0826E-01  0.2318   1.5632E-04  1.0000
   3.7154E-03   3.9811E-03   2.4156E-01  0.2409   0.0000E+00  0.0000
   3.9811E-03   4.2658E-03   2.5341E-01  0.2450   0.0000E+00  0.0000
   4.2658E-03   4.5709E-03   2.2103E-01  0.2672   0.0000E+00  0.0000
   4.5709E-03   4.8978E-03   1.8930E-01  0.2711   0.0000E+00  0.0000
   4.8978E-03   5.2481E-03   2.0514E-01  0.2440   0.0000E+00  0.0000
   5.2481E-03   5.6234E-03   1.3560E-01  0.2670   0.0000E+00  0.0000
   5.6234E-03   6.0256E-03   1.4799E-01  0.2413   0.0000E+00  0.0000
   6.0256E-03   6.4565E-03   1.6749E-01  0.2594   0.0000E+00  0.0000
   6.4565E-03   6.9183E-03   1.3395E-01  0.2683   0.0000E+00  0.0000
   6.9183E-03   7.4131E-03   1.7668E-01  0.2365   0.0000E+00  0.0000
   7.4131E-03   7.9433E-03   9.2001E-02  0.2832   0.0000E+00  0.0000
   7.9433E-03   8.5114E-03   1.0794E-01  0.2523   2.5788E-03  1.0000
   8.5114E-03   9.1201E-03   9.6504E-02  0.2511   4.2718E-03  1.0000
   9.1201E-03   9.7724E-03   1.3500E-01  0.2396   0.0000E+00  0.0000
   9.7724E-03   1.0471E-02   7.8879E-02  0.2563   6.9935E-03  1.0000
   1.0471E-02   1.1220E-02   6.6414E-02  0.2943   0.0000E+00  0.0000
   1.1220E-02   1.2023E-02   1.1569E-01  0.2131   0.0000E+00  0.0000
   1.2023E-02   1.2882E-02   8.5180E-02  0.2396   0.0000E+00  0.0000
   1.2882E-02   1.3804E-02   9.1157E-02  0.2130   5.0448E-03  0.7639
   1.3804E-02   1.4791E-02   7.5926E-02  0.2266   0.0000E+00  0.0000
   1.4791E-02   1.5849E-02   9.8021E-02  0.1938   2.1711E-03  1.0000
   1.5849E-02   1.6982E-02   4.1714E-02  0.2983   2.5483E-03  1.0000
   1.6982E-02   1.8197E-02   5.4918E-02  0.2438   2.2152E-03  1.0000
   1.8197E-02   1.9498E-02   6.5921E-02  0.2170   3.5078E-03  1.0000
   1.9498E-02   2.0893E-02   6.2464E-02  0.2335   5.7868E-03  0.7190
   2.0893E-02   2.2387E-02   7.7423E-02  0.1903   1.9475E-03  1.0000
   2.2387E-02   2.3988E-02   6.9233E-02  0.2056   2.7788E-03  0.7413
   2.3988E-02   2.5704E-02   4.9253E-02  0.2296   3.5487E-03  0.7105
   2.5704E-02   2.7542E-02   4.0783E-02  0.2365   1.0145E-02  0.4505
   2.7542E-02   2.9512E-02   4.4304E-02  0.2115   1.4955E-03  1.0000
   2.9512E-02   3.1623E-02   3.7029E-02  0.2244   1.1357E-02  0.3860
   3.1623E-02   3.3884E-02   4.0869E-02  0.2139   9.4769E-03  0.4316
   3.3884E-02   3.6308E-02   4.1791E-02  0.2086   1.5832E-02  0.3658
   3.6308E-02   3.8905E-02   4.4909E-02  0.1970   2.3108E-02  0.2680
   3.8905E-02   4.1687E-02   3.2008E-02  0.1986   3.3682E-02  0.2207
   4.1687E-02   4.4668E-02   3.4761E-02  0.1936   5.4067E-02  0.1699
   4.4668E-02   4.7863E-02   3.5623E-02  0.1944   7.7304E-02  0.1352
   4.7863E-02   5.1286E-02   1.8144E-02  0.2757   1.0591E-01  0.1093
   5.1286E-02   5.4954E-02   2.4017E-02  0.2227   1.5939E-01  0.0882
   5.4954E-02   5.8884E-02   2.6094E-02  0.2158   1.9050E-01  0.0757
   5.8884E-02   6.3096E-02   2.6606E-02  0.2055   2.6476E-01  0.0626
   6.3096E-02   6.7608E-02   1.8747E-02  0.2162   2.7694E-01  0.0582
   6.7608E-02   7.2444E-02   2.7491E-02  0.1759   3.3170E-01  0.0529
   7.2444E-02   7.7625E-02   1.8398E-02  0.2128   3.6499E-01  0.0477
   7.7625E-02   8.3176E-02   2.4424E-02  0.1825   3.8292E-01  0.0456
   8.3176E-02   8.9125E-02   2.1485E-02  0.1783   3.6463E-01  0.0444
   8.9125E-02   9.5499E-02   1.7395E-02  0.1913   4.0670E-01  0.0410
   9.5499E-02   1.0233E-01   2.1801E-02  0.1668   3.8076E-01  0.0406
   1.0233E-01   1.0965E-01   1.9332E-02  0.1790   3.5997E-01  0.0404
   1.0965E-01   1.1749E-01   1.6869E-02  0.1741   3.4482E-01  0.0394
   1.1749E-01   1.2589E-01   1.6475E-02  0.1754   3.1884E-01  0.0399
   1.2589E-01   1.3490E-01   1.7857E-02  0.1602   3.1944E-01  0.0382
   1.3490E-01   1.4454E-01   1.6133E-02  0.1636   2.6581E-01  0.0410
   1.4454E-01   1.5488E-01   1.4366E-02  0.1787   2.5042E-01  0.0405
   1.5488E-01   1.6596E-01   1.3770E-02  0.1717   2.3534E-01  0.0405
   1.6596E-01   1.7783E-01   1.7045E-02  0.1444   2.1455E-01  0.0408
   1.7783E-01   1.9055E-01   9.5905E-03  0.1826   2.0647E-01  0.0407
   1.9055E-01   2.0417E-01   1.0456E-02  0.1816   1.9649E-01  0.0400
   2.0417E-01   2.1878E-01   1.1154E-02  0.1694   1.6807E-01  0.0425
   2.1878E-01   2.3442E-01   6.7095E-03  0.1923   1.6538E-01  0.0414
   2.3442E-01   2.5119E-01   1.2395E-02  0.1461   1.4974E-01  0.0411
   2.5119E-01   2.6915E-01   1.1516E-02  0.1392   1.4809E-01  0.0406
   2.6915E-01   2.8840E-01   1.0001E-02  0.1451   1.3926E-01  0.0401
   2.8840E-01   3.0903E-01   1.1346E-02  0.1332   1.2191E-01  0.0414
   3.0903E-01   3.3113E-01   8.9194E-03  0.1473   1.1195E-01  0.0421
   3.3113E-01   3.5481E-01   8.8073E-03  0.1409   1.0548E-01  0.0417
   3.5481E-01   3.8019E-01   7.5190E-03  0.1447   1.0237E-01  0.0410
   3.8019E-01   4.0738E-01   8.3718E-03  0.1371   9.1617E-02  0.0415
   4.0738E-01   4.3652E-01   5.6163E-03  0.1585   8.8160E-02  0.0408
   4.3652E-01   4.6774E-01   6.5241E-03  0.1451   8.4329E-02  0.0400
   4.6774E-01   5.0119E-01   8.7624E-03  0.1225   7.4456E-02  0.0413
   5.0119E-01   5.3703E-01   1.0057E-02  0.1060   1.1627E-01  0.0318
   5.3703E-01   5.7544E-01   6.9592E-03  0.1258   6.2058E-02  0.0419
   5.7544E-01   6.1660E-01   1.0046E-02  0.1002   5.5275E-02  0.0427
   6.1660E-01   6.6069E-01   9.4594E-03  0.1030   4.7721E-02  0.0437
   6.6069E-01   7.0795E-01   9.4513E-03  0.0986   4.8727E-02  0.0418
   7.0795E-01   7.5858E-01   8.6340E-03  0.0970   4.1953E-02  0.0440
   7.5858E-01   8.1283E-01   9.1920E-03  0.0939   4.0975E-02  0.0425
   8.1283E-01   8.7096E-01   7.9799E-03  0.0973   4.4419E-02  0.0398
   8.7096E-01   9.3325E-01   6.7307E-03  0.1049   3.5416E-02  0.0428
   9.3325E-01   1.0000E+00   4.3422E-03  0.1186   3.7334E-02  0.0399

#   sum over                 1.3337E-02           1.0239E-01

'no. =  1,  reg  =      4'
msuc: {\huge [t-track] in region mesh}
msdr: {\it plotted by \ANGEL \version}
msdl: {\it calculated by \PHITS  3.26}
wt: s(0.7)
\vspace{-3}
   vol  &=&   1.0000E+00 [cm^3]
e:
 
# Information for Restart Calculation
# This calculation was newly started
# istdev =  2 # 1:Batch variance, 2:History variance
# resc2  = 1.86200030000000000E+07 # Total source weight or Total source weight / maxcas
# resc3  = 1.86200000000000000E+07 # Total history number or Total batch number
# maxcas =       10000 # History / Batch, only used for istdev=1
# bitrseed = 1010001010110010001100100110110100100101101001011001110010111000 # bit data of rseed
