[ T-Track ]
    title = [t-track] in region mesh
     mesh =  reg            # mesh type is region-wise
      reg = 4
   e-type =    3            # e-mesh is log given by emin, emax and ne
     emin =  1.0000000E-03  # minimum value of e-mesh points
     emax =   1.000000      # maximum value of e-mesh points
#    edel =  6.9077553E-02  # mesh width of e-mesh points
       ne =    100          # number of e-mesh points
#    data = ( e(i), i = 1, ne + 1 )
#           1.00000E-03  1.07152E-03  1.14815E-03  1.23027E-03  1.31826E-03
#           1.41254E-03  1.51356E-03  1.62181E-03  1.73780E-03  1.86209E-03
#           1.99526E-03  2.13796E-03  2.29087E-03  2.45471E-03  2.63027E-03
#           2.81838E-03  3.01995E-03  3.23594E-03  3.46737E-03  3.71535E-03
#           3.98107E-03  4.26580E-03  4.57088E-03  4.89779E-03  5.24807E-03
#           5.62341E-03  6.02560E-03  6.45654E-03  6.91831E-03  7.41310E-03
#           7.94328E-03  8.51138E-03  9.12011E-03  9.77237E-03  1.04713E-02
#           1.12202E-02  1.20226E-02  1.28825E-02  1.38038E-02  1.47911E-02
#           1.58489E-02  1.69824E-02  1.81970E-02  1.94984E-02  2.08930E-02
#           2.23872E-02  2.39883E-02  2.57040E-02  2.75423E-02  2.95121E-02
#           3.16228E-02  3.38844E-02  3.63078E-02  3.89045E-02  4.16869E-02
#           4.46684E-02  4.78630E-02  5.12861E-02  5.49541E-02  5.88844E-02
#           6.30957E-02  6.76083E-02  7.24436E-02  7.76247E-02  8.31764E-02
#           8.91251E-02  9.54993E-02  1.02329E-01  1.09648E-01  1.17490E-01
#           1.25893E-01  1.34896E-01  1.44544E-01  1.54882E-01  1.65959E-01
#           1.77828E-01  1.90546E-01  2.04174E-01  2.18776E-01  2.34423E-01
#           2.51189E-01  2.69153E-01  2.88403E-01  3.09030E-01  3.31131E-01
#           3.54813E-01  3.80189E-01  4.07380E-01  4.36516E-01  4.67735E-01
#           5.01187E-01  5.37032E-01  5.75440E-01  6.16595E-01  6.60693E-01
#           7.07946E-01  7.58578E-01  8.12831E-01  8.70964E-01  9.33254E-01
#           1.00000E+00
     unit =    2            # unit is [1/cm^2/(MeV/n)/source]
 material =  all            # (D=all) number of specific material
     axis =     eng            # axis of output
     file = neutral_particles_shield1_LE.out  # file name of output for the above axis
     part =  neutron    photon   
# kf/name :  2112       22       
#    used :        main (  %)        temp (  %)       total (  %)
#  memory :         107 (  0)           0 (  0)         107 (  0)

#------------------------------------------------------------------------------
#newpage:
#   no. =  1   reg =      4

x: Energy [MeV/n]
y: Flux [1/cm^2/(MeV/n)/source]      
p: xlog ylog afac(0.8) form(0.9)
h: n            x            y(neutron ),hh0l   n y(photon  ),hh0dr  n 
#  e-lower      e-upper      neutron     r.err    photon      r.err 
   1.0000E-03   1.0715E-03   3.2933E+00  0.1220   0.0000E+00  0.0000
   1.0715E-03   1.1482E-03   3.3338E+00  0.1164   0.0000E+00  0.0000
   1.1482E-03   1.2303E-03   1.7962E+00  0.1496   3.0929E-04  1.0000
   1.2303E-03   1.3183E-03   2.0171E+00  0.1361   0.0000E+00  0.0000
   1.3183E-03   1.4125E-03   2.2992E+00  0.1269   0.0000E+00  0.0000
   1.4125E-03   1.5136E-03   2.3592E+00  0.1191   0.0000E+00  0.0000
   1.5136E-03   1.6218E-03   2.3755E+00  0.1195   0.0000E+00  0.0000
   1.6218E-03   1.7378E-03   1.4667E+00  0.1423   0.0000E+00  0.0000
   1.7378E-03   1.8621E-03   1.9156E+00  0.1239   0.0000E+00  0.0000
   1.8621E-03   1.9953E-03   1.2839E+00  0.1432   1.3777E-03  0.7450
   1.9953E-03   2.1380E-03   1.5922E+00  0.1224   2.5716E-03  0.9335
   2.1380E-03   2.2909E-03   1.5010E+00  0.1230   7.0884E-05  1.0000
   2.2909E-03   2.4547E-03   1.0718E+00  0.1381   1.5305E-03  1.0000
   2.4547E-03   2.6303E-03   9.3961E-01  0.1430   5.1666E-04  1.0000
   2.6303E-03   2.8184E-03   1.1028E+00  0.1315   0.0000E+00  0.0000
   2.8184E-03   3.0200E-03   9.9992E-01  0.1325   3.6891E-03  0.6569
   3.0200E-03   3.2359E-03   7.7245E-01  0.1381   1.3543E-03  1.0000
   3.2359E-03   3.4674E-03   1.0895E+00  0.1183   0.0000E+00  0.0000
   3.4674E-03   3.7154E-03   8.4745E-01  0.1254   1.7202E-03  0.9843
   3.7154E-03   3.9811E-03   8.7131E-01  0.1250   2.0263E-03  1.0000
   3.9811E-03   4.2658E-03   7.5415E-01  0.1272   0.0000E+00  0.0000
   4.2658E-03   4.5709E-03   7.7529E-01  0.1245   0.0000E+00  0.0000
   4.5709E-03   4.8978E-03   5.0109E-01  0.1446   7.9383E-04  0.8345
   4.8978E-03   5.2481E-03   6.0061E-01  0.1307   4.8852E-03  0.6822
   5.2481E-03   5.6234E-03   3.8260E-01  0.1543   6.0620E-03  0.9642
   5.6234E-03   6.0256E-03   5.4433E-01  0.1276   0.0000E+00  0.0000
   6.0256E-03   6.4565E-03   4.7003E-01  0.1308   2.8343E-04  1.0000
   6.4565E-03   6.9183E-03   4.2923E-01  0.1328   1.0555E-02  1.0000
   6.9183E-03   7.4131E-03   4.5488E-01  0.1254   0.0000E+00  0.0000
   7.4131E-03   7.9433E-03   4.0416E-01  0.1293   2.6885E-03  1.0000
   7.9433E-03   8.5114E-03   4.5461E-01  0.1210   0.0000E+00  0.0000
   8.5114E-03   9.1201E-03   4.3958E-01  0.1193   0.0000E+00  0.0000
   9.1201E-03   9.7724E-03   3.6591E-01  0.1257   0.0000E+00  0.0000
   9.7724E-03   1.0471E-02   2.7123E-01  0.1364   0.0000E+00  0.0000
   1.0471E-02   1.1220E-02   3.0576E-01  0.1209   3.1637E-03  1.0000
   1.1220E-02   1.2023E-02   3.0258E-01  0.1188   5.1528E-03  0.7794
   1.2023E-02   1.2882E-02   2.5088E-01  0.1232   3.2413E-03  1.0000
   1.2882E-02   1.3804E-02   3.2263E-01  0.1077   5.7028E-03  0.7164
   1.3804E-02   1.4791E-02   2.7588E-01  0.1130   4.2395E-03  0.7118
   1.4791E-02   1.5849E-02   2.2911E-01  0.1239   2.1167E-03  1.0000
   1.5849E-02   1.6982E-02   2.1196E-01  0.1177   9.5413E-04  1.0000
   1.6982E-02   1.8197E-02   1.9669E-01  0.1201   7.2876E-03  0.5048
   1.8197E-02   1.9498E-02   2.3159E-01  0.1090   3.8309E-03  1.0000
   1.9498E-02   2.0893E-02   1.6412E-01  0.1237   5.8935E-03  0.5779
   2.0893E-02   2.2387E-02   1.9267E-01  0.1088   2.1760E-02  0.3504
   2.2387E-02   2.3988E-02   2.0273E-01  0.1035   1.0958E-02  0.4653
   2.3988E-02   2.5704E-02   1.6761E-01  0.1100   7.3299E-03  0.5259
   2.5704E-02   2.7542E-02   1.6770E-01  0.1039   1.6462E-02  0.3506
   2.7542E-02   2.9512E-02   1.4827E-01  0.1106   2.1809E-02  0.2685
   2.9512E-02   3.1623E-02   1.6074E-01  0.1014   7.6981E-02  0.1426
   3.1623E-02   3.3884E-02   1.0564E-01  0.1183   3.6326E-02  0.2007
   3.3884E-02   3.6308E-02   1.3132E-01  0.1061   4.1542E-02  0.1828
   3.6308E-02   3.8905E-02   1.1741E-01  0.1072   7.5338E-02  0.1360
   3.8905E-02   4.1687E-02   1.0719E-01  0.1083   1.0554E-01  0.1081
   4.1687E-02   4.4668E-02   1.0694E-01  0.1027   1.9504E-01  0.0785
   4.4668E-02   4.7863E-02   6.7634E-02  0.1223   2.8483E-01  0.0621
   4.7863E-02   5.1286E-02   1.1399E-01  0.0966   4.1227E-01  0.0499
   5.1286E-02   5.4954E-02   1.0022E-01  0.0984   6.1903E-01  0.0396
   5.4954E-02   5.8884E-02   7.4166E-02  0.1119   8.3725E-01  0.0332
   5.8884E-02   6.3096E-02   6.8753E-02  0.1073   1.0322E+00  0.0288
   6.3096E-02   6.7608E-02   7.1550E-02  0.1009   1.1869E+00  0.0257
   6.7608E-02   7.2444E-02   6.8250E-02  0.0992   1.3572E+00  0.0232
   7.2444E-02   7.7625E-02   6.3451E-02  0.1048   1.5135E+00  0.0213
   7.7625E-02   8.3176E-02   5.9400E-02  0.1001   1.5421E+00  0.0203
   8.3176E-02   8.9125E-02   6.7650E-02  0.0906   1.6068E+00  0.0192
   8.9125E-02   9.5499E-02   6.0606E-02  0.0929   1.6224E+00  0.0184
   9.5499E-02   1.0233E-01   6.0419E-02  0.0939   1.5634E+00  0.0181
   1.0233E-01   1.0965E-01   6.1023E-02  0.0868   1.4915E+00  0.0180
   1.0965E-01   1.1749E-01   5.5339E-02  0.0886   1.4895E+00  0.0173
   1.1749E-01   1.2589E-01   6.4358E-02  0.0815   1.3819E+00  0.0174
   1.2589E-01   1.3490E-01   4.7894E-02  0.0925   1.2636E+00  0.0176
   1.3490E-01   1.4454E-01   5.1720E-02  0.0839   1.1969E+00  0.0175
   1.4454E-01   1.5488E-01   4.1657E-02  0.0909   1.0613E+00  0.0179
   1.5488E-01   1.6596E-01   5.2815E-02  0.0776   9.8784E-01  0.0180
   1.6596E-01   1.7783E-01   4.1501E-02  0.0840   9.3400E-01  0.0180
   1.7783E-01   1.9055E-01   4.1882E-02  0.0830   8.7044E-01  0.0180
   1.9055E-01   2.0417E-01   3.3964E-02  0.0863   7.9306E-01  0.0181
   2.0417E-01   2.1878E-01   2.8839E-02  0.0905   7.4728E-01  0.0181
   2.1878E-01   2.3442E-01   3.6740E-02  0.0794   6.8599E-01  0.0183
   2.3442E-01   2.5119E-01   3.1874E-02  0.0826   6.2249E-01  0.0183
   2.5119E-01   2.6915E-01   3.6963E-02  0.0729   5.9409E-01  0.0182
   2.6915E-01   2.8840E-01   4.2295E-02  0.0676   5.5188E-01  0.0184
   2.8840E-01   3.0903E-01   3.7126E-02  0.0686   5.0493E-01  0.0185
   3.0903E-01   3.3113E-01   3.6917E-02  0.0663   4.7380E-01  0.0184
   3.3113E-01   3.5481E-01   2.6667E-02  0.0745   4.5019E-01  0.0182
   3.5481E-01   3.8019E-01   2.4974E-02  0.0741   4.2216E-01  0.0182
   3.8019E-01   4.0738E-01   2.2155E-02  0.0767   3.9531E-01  0.0179
   4.0738E-01   4.3652E-01   1.4001E-02  0.0933   3.7105E-01  0.0179
   4.3652E-01   4.6774E-01   2.3391E-02  0.0687   3.5516E-01  0.0176
   4.6774E-01   5.0119E-01   3.0264E-02  0.0585   3.3269E-01  0.0175
   5.0119E-01   5.3703E-01   3.3658E-02  0.0541   4.9690E-01  0.0140
   5.3703E-01   5.7544E-01   2.8186E-02  0.0563   2.4511E-01  0.0188
   5.7544E-01   6.1660E-01   3.1671E-02  0.0524   2.3952E-01  0.0184
   6.1660E-01   6.6069E-01   3.2298E-02  0.0504   2.1843E-01  0.0186
   6.6069E-01   7.0795E-01   2.6938E-02  0.0520   2.0172E-01  0.0185
   7.0795E-01   7.5858E-01   3.0554E-02  0.0473   1.9228E-01  0.0183
   7.5858E-01   8.1283E-01   3.1169E-02  0.0459   1.8473E-01  0.0179
   8.1283E-01   8.7096E-01   2.2633E-02  0.0508   1.8595E-01  0.0173
   8.7096E-01   9.3325E-01   1.8531E-02  0.0552   1.5405E-01  0.0183
   9.3325E-01   1.0000E+00   1.6601E-02  0.0561   1.5136E-01  0.0178

#   sum over                 4.3665E-02           4.3111E-01

'no. =  1,  reg  =      4'
msuc: {\huge [t-track] in region mesh}
msdr: {\it plotted by \ANGEL \version}
msdl: {\it calculated by \PHITS  3.26}
wt: s(0.7)
\vspace{-3}
   vol  &=&   1.0000E+00 [cm^3]
e:
 
# Information for Restart Calculation
# This calculation was newly started
# istdev =  2 # 1:Batch variance, 2:History variance
# resc2  = 2.28300100000000000E+07 # Total source weight or Total source weight / maxcas
# resc3  = 2.28300000000000000E+07 # Total history number or Total batch number
# maxcas =       10000 # History / Batch, only used for istdev=1
# bitrseed = 1011111101100001101111101010001100100010001000101111100100010001 # bit data of rseed
