[ T-Track ]
    title = [t-track] in region mesh
     mesh =  reg            # mesh type is region-wise
      reg = 4
   e-type =    3            # e-mesh is log given by emin, emax and ne
     emin =  1.0000000E-03  # minimum value of e-mesh points
     emax =   1.000000      # maximum value of e-mesh points
#    edel =  6.9077553E-02  # mesh width of e-mesh points
       ne =    100          # number of e-mesh points
#    data = ( e(i), i = 1, ne + 1 )
#           1.00000E-03  1.07152E-03  1.14815E-03  1.23027E-03  1.31826E-03
#           1.41254E-03  1.51356E-03  1.62181E-03  1.73780E-03  1.86209E-03
#           1.99526E-03  2.13796E-03  2.29087E-03  2.45471E-03  2.63027E-03
#           2.81838E-03  3.01995E-03  3.23594E-03  3.46737E-03  3.71535E-03
#           3.98107E-03  4.26580E-03  4.57088E-03  4.89779E-03  5.24807E-03
#           5.62341E-03  6.02560E-03  6.45654E-03  6.91831E-03  7.41310E-03
#           7.94328E-03  8.51138E-03  9.12011E-03  9.77237E-03  1.04713E-02
#           1.12202E-02  1.20226E-02  1.28825E-02  1.38038E-02  1.47911E-02
#           1.58489E-02  1.69824E-02  1.81970E-02  1.94984E-02  2.08930E-02
#           2.23872E-02  2.39883E-02  2.57040E-02  2.75423E-02  2.95121E-02
#           3.16228E-02  3.38844E-02  3.63078E-02  3.89045E-02  4.16869E-02
#           4.46684E-02  4.78630E-02  5.12861E-02  5.49541E-02  5.88844E-02
#           6.30957E-02  6.76083E-02  7.24436E-02  7.76247E-02  8.31764E-02
#           8.91251E-02  9.54993E-02  1.02329E-01  1.09648E-01  1.17490E-01
#           1.25893E-01  1.34896E-01  1.44544E-01  1.54882E-01  1.65959E-01
#           1.77828E-01  1.90546E-01  2.04174E-01  2.18776E-01  2.34423E-01
#           2.51189E-01  2.69153E-01  2.88403E-01  3.09030E-01  3.31131E-01
#           3.54813E-01  3.80189E-01  4.07380E-01  4.36516E-01  4.67735E-01
#           5.01187E-01  5.37032E-01  5.75440E-01  6.16595E-01  6.60693E-01
#           7.07946E-01  7.58578E-01  8.12831E-01  8.70964E-01  9.33254E-01
#           1.00000E+00
     unit =    2            # unit is [1/cm^2/(MeV/n)/source]
 material =  all            # (D=all) number of specific material
     axis =     eng            # axis of output
     file = neutral_particles_shield1_LE.out  # file name of output for the above axis
     part =  neutron    photon   
# kf/name :  2112       22       
#    used :        main (  %)        temp (  %)       total (  %)
#  memory :         107 (  0)           0 (  0)         107 (  0)

#------------------------------------------------------------------------------
#newpage:
#   no. =  1   reg =      4

x: Energy [MeV/n]
y: Flux [1/cm^2/(MeV/n)/source]      
p: xlog ylog afac(0.8) form(0.9)
h: n            x            y(neutron ),hh0l   n y(photon  ),hh0dr  n 
#  e-lower      e-upper      neutron     r.err    photon      r.err 
   1.0000E-03   1.0715E-03   6.9184E+01  0.0289   0.0000E+00  0.0000
   1.0715E-03   1.1482E-03   6.5549E+01  0.0284   0.0000E+00  0.0000
   1.1482E-03   1.2303E-03   6.6691E+01  0.0273   0.0000E+00  0.0000
   1.2303E-03   1.3183E-03   7.1919E+01  0.0254   0.0000E+00  0.0000
   1.3183E-03   1.4125E-03   6.8735E+01  0.0252   0.0000E+00  0.0000
   1.4125E-03   1.5136E-03   6.7338E+01  0.0244   0.0000E+00  0.0000
   1.5136E-03   1.6218E-03   6.3167E+01  0.0243   0.0000E+00  0.0000
   1.6218E-03   1.7378E-03   6.0333E+01  0.0243   5.5405E-04  1.0000
   1.7378E-03   1.8621E-03   6.2545E+01  0.0233   0.0000E+00  0.0000
   1.8621E-03   1.9953E-03   5.9669E+01  0.0229   1.7714E-04  1.0000
   1.9953E-03   2.1380E-03   5.8299E+01  0.0224   0.0000E+00  0.0000
   2.1380E-03   2.2909E-03   5.7161E+01  0.0217   0.0000E+00  0.0000
   2.2909E-03   2.4547E-03   5.1897E+01  0.0220   2.1392E-03  0.7772
   2.4547E-03   2.6303E-03   5.2682E+01  0.0210   0.0000E+00  0.0000
   2.6303E-03   2.8184E-03   5.4284E+01  0.0201   0.0000E+00  0.0000
   2.8184E-03   3.0200E-03   5.1366E+01  0.0200   2.0682E-04  1.0000
   3.0200E-03   3.2359E-03   4.7896E+01  0.0198   0.0000E+00  0.0000
   3.2359E-03   3.4674E-03   4.7749E+01  0.0194   0.0000E+00  0.0000
   3.4674E-03   3.7154E-03   4.4736E+01  0.0192   0.0000E+00  0.0000
   3.7154E-03   3.9811E-03   3.1424E+01  0.0223   3.7876E-04  1.0000
   3.9811E-03   4.2658E-03   3.2613E+01  0.0210   0.0000E+00  0.0000
   4.2658E-03   4.5709E-03   3.9803E+01  0.0184   0.0000E+00  0.0000
   4.5709E-03   4.8978E-03   4.1038E+01  0.0175   0.0000E+00  0.0000
   4.8978E-03   5.2481E-03   3.8470E+01  0.0173   0.0000E+00  0.0000
   5.2481E-03   5.6234E-03   3.4350E+01  0.0178   0.0000E+00  0.0000
   5.6234E-03   6.0256E-03   2.5172E+01  0.0199   4.9146E-03  1.0000
   6.0256E-03   6.4565E-03   1.0488E+01  0.0303   1.4214E-02  0.6817
   6.4565E-03   6.9183E-03   1.3335E+01  0.0260   0.0000E+00  0.0000
   6.9183E-03   7.4131E-03   8.3677E+00  0.0313   0.0000E+00  0.0000
   7.4131E-03   7.9433E-03   3.7346E+00  0.0456   0.0000E+00  0.0000
   7.9433E-03   8.5114E-03   4.7798E+00  0.0396   0.0000E+00  0.0000
   8.5114E-03   9.1201E-03   9.0407E+00  0.0277   0.0000E+00  0.0000
   9.1201E-03   9.7724E-03   1.2974E+01  0.0223   0.0000E+00  0.0000
   9.7724E-03   1.0471E-02   1.4199E+01  0.0205   5.5791E-03  1.0000
   1.0471E-02   1.1220E-02   1.4879E+01  0.0194   0.0000E+00  0.0000
   1.1220E-02   1.2023E-02   1.6677E+01  0.0175   0.0000E+00  0.0000
   1.2023E-02   1.2882E-02   1.7823E+01  0.0163   0.0000E+00  0.0000
   1.2882E-02   1.3804E-02   1.9519E+01  0.0151   0.0000E+00  0.0000
   1.3804E-02   1.4791E-02   2.1745E+01  0.0139   2.8892E-02  0.3551
   1.4791E-02   1.5849E-02   2.4617E+01  0.0125   2.7252E-03  1.0000
   1.5849E-02   1.6982E-02   2.7974E+01  0.0114   0.0000E+00  0.0000
   1.6982E-02   1.8197E-02   3.3805E+01  0.0101   2.4205E-03  1.0000
   1.8197E-02   1.9498E-02   4.2597E+01  0.0087   0.0000E+00  0.0000
   1.9498E-02   2.0893E-02   5.4416E+01  0.0074   0.0000E+00  0.0000
   2.0893E-02   2.2387E-02   8.4632E+01  0.0057   0.0000E+00  0.0000
   2.2387E-02   2.3988E-02   2.1943E+02  0.0033   0.0000E+00  0.0000
   2.3988E-02   2.5704E-02   4.0875E+02  0.0023   0.0000E+00  0.0000
   2.5704E-02   2.7542E-02   1.2151E+01  0.0133   0.0000E+00  0.0000
   2.7542E-02   2.9512E-02   3.7068E-01  0.0764   1.6386E-03  1.0000
   2.9512E-02   3.1623E-02   1.4737E+00  0.0365   1.2528E-03  1.0000
   3.1623E-02   3.3884E-02   3.0044E+00  0.0249   0.0000E+00  0.0000
   3.3884E-02   3.6308E-02   4.3119E+00  0.0201   1.1299E-03  1.0000
   3.6308E-02   3.8905E-02   5.5492E+00  0.0168   3.7171E-03  0.7218
   3.8905E-02   4.1687E-02   6.2297E+00  0.0154   1.2216E-03  1.0000
   4.1687E-02   4.4668E-02   7.3873E+00  0.0137   9.4872E-04  1.0000
   4.4668E-02   4.7863E-02   8.4096E+00  0.0124   2.0356E-03  0.7126
   4.7863E-02   5.1286E-02   9.7704E+00  0.0111   1.4393E-03  0.9537
   5.1286E-02   5.4954E-02   5.9588E+00  0.0137   1.2423E-03  0.7324
   5.4954E-02   5.8884E-02   1.0005E+01  0.0102   4.0488E-03  0.5004
   5.8884E-02   6.3096E-02   1.0880E+01  0.0095   5.0844E-03  0.4170
   6.3096E-02   6.7608E-02   1.5529E+01  0.0077   3.2798E-03  0.5016
   6.7608E-02   7.2444E-02   2.3621E+01  0.0059   9.7421E-03  0.3254
   7.2444E-02   7.7625E-02   7.7623E+00  0.0102   1.3407E-02  0.2359
   7.7625E-02   8.3176E-02   4.7604E+01  0.0038   1.8717E-02  0.1988
   8.3176E-02   8.9125E-02   2.0776E+00  0.0185   2.6679E-02  0.1594
   8.9125E-02   9.5499E-02   5.3255E+00  0.0111   3.2943E-02  0.1457
   9.5499E-02   1.0233E-01   6.9405E+00  0.0094   6.8443E-02  0.0990
   1.0233E-01   1.0965E-01   9.1896E+00  0.0078   5.9820E-02  0.0993
   1.0965E-01   1.1749E-01   1.1236E+01  0.0069   8.1770E-02  0.0856
   1.1749E-01   1.2589E-01   1.6272E+01  0.0055   1.0098E-01  0.0705
   1.2589E-01   1.3490E-01   2.2263E+01  0.0044   1.0645E-01  0.0663
   1.3490E-01   1.4454E-01   3.2550E+01  0.0034   1.1655E-01  0.0620
   1.4454E-01   1.5488E-01   3.8209E+00  0.0103   1.2368E-01  0.0580
   1.5488E-01   1.6596E-01   1.0118E+01  0.0060   1.4046E-01  0.0515
   1.6596E-01   1.7783E-01   1.8115E+01  0.0042   1.5155E-01  0.0488
   1.7783E-01   1.9055E-01   1.5633E+01  0.0044   1.5347E-01  0.0476
   1.9055E-01   2.0417E-01   2.0972E+00  0.0122   1.5636E-01  0.0457
   2.0417E-01   2.1878E-01   7.1401E+00  0.0062   1.6185E-01  0.0437
   2.1878E-01   2.3442E-01   8.2421E+00  0.0055   1.4544E-01  0.0433
   2.3442E-01   2.5119E-01   6.5683E+00  0.0061   1.3669E-01  0.0429
   2.5119E-01   2.6915E-01   7.9660E+00  0.0053   1.4729E-01  0.0406
   2.6915E-01   2.8840E-01   1.2055E+01  0.0040   1.3225E-01  0.0408
   2.8840E-01   3.0903E-01   1.4331E+01  0.0036   1.2640E-01  0.0403
   3.0903E-01   3.3113E-01   1.2631E+01  0.0036   1.1769E-01  0.0405
   3.3113E-01   3.5481E-01   9.3326E+00  0.0041   1.4528E-01  0.0351
   3.5481E-01   3.8019E-01   6.8494E+00  0.0046   1.1565E-01  0.0381
   3.8019E-01   4.0738E-01   6.9805E-01  0.0147   9.4693E-02  0.0403
   4.0738E-01   4.3652E-01   9.5748E-01  0.0121   1.0164E-01  0.0378
   4.3652E-01   4.6774E-01   1.8368E+00  0.0083   8.3606E-02  0.0397
   4.6774E-01   5.0119E-01   2.2566E+00  0.0071   8.5368E-02  0.0384
   5.0119E-01   5.3703E-01   1.2275E+00  0.0096   2.1003E-01  0.0237
   5.3703E-01   5.7544E-01   1.5980E+00  0.0081   5.7336E-02  0.0439
   5.7544E-01   6.1660E-01   2.6707E+00  0.0059   4.7070E-02  0.0463
   6.1660E-01   6.6069E-01   2.8491E+00  0.0054   4.3360E-02  0.0454
   6.6069E-01   7.0795E-01   8.7166E-01  0.0094   4.3034E-02  0.0450
   7.0795E-01   7.5858E-01   1.9675E-01  0.0200   3.9390E-02  0.0457
   7.5858E-01   8.1283E-01   1.2787E-01  0.0247   4.3052E-02  0.0425
   8.1283E-01   8.7096E-01   2.1219E-01  0.0180   1.0416E-01  0.0275
   8.7096E-01   9.3325E-01   1.8665E-01  0.0184   4.2400E-02  0.0394
   9.3325E-01   1.0000E+00   1.9515E-01  0.0168   2.3906E-02  0.0510

#   sum over                 6.3217E+00           7.8945E-02

'no. =  1,  reg  =      4'
msuc: {\huge [t-track] in region mesh}
msdr: {\it plotted by \ANGEL \version}
msdl: {\it calculated by \PHITS  3.26}
wt: s(0.7)
\vspace{-3}
   vol  &=&   1.0000E+00 [cm^3]
e:
 
# Information for Restart Calculation
# This calculation was newly started
# istdev =  2 # 1:Batch variance, 2:History variance
# resc2  = 1.89900020000000000E+07 # Total source weight or Total source weight / maxcas
# resc3  = 1.89900000000000000E+07 # Total history number or Total batch number
# maxcas =       10000 # History / Batch, only used for istdev=1
# bitrseed = 1100111110100000000001111110000101011111100010111100101010001111 # bit data of rseed
