[ T-Track ]
    title = [t-track] in region mesh
     mesh =  reg            # mesh type is region-wise
      reg = 4
   e-type =    3            # e-mesh is log given by emin, emax and ne
     emin =  1.0000000E-03  # minimum value of e-mesh points
     emax =   1.000000      # maximum value of e-mesh points
#    edel =  6.9077553E-02  # mesh width of e-mesh points
       ne =    100          # number of e-mesh points
#    data = ( e(i), i = 1, ne + 1 )
#           1.00000E-03  1.07152E-03  1.14815E-03  1.23027E-03  1.31826E-03
#           1.41254E-03  1.51356E-03  1.62181E-03  1.73780E-03  1.86209E-03
#           1.99526E-03  2.13796E-03  2.29087E-03  2.45471E-03  2.63027E-03
#           2.81838E-03  3.01995E-03  3.23594E-03  3.46737E-03  3.71535E-03
#           3.98107E-03  4.26580E-03  4.57088E-03  4.89779E-03  5.24807E-03
#           5.62341E-03  6.02560E-03  6.45654E-03  6.91831E-03  7.41310E-03
#           7.94328E-03  8.51138E-03  9.12011E-03  9.77237E-03  1.04713E-02
#           1.12202E-02  1.20226E-02  1.28825E-02  1.38038E-02  1.47911E-02
#           1.58489E-02  1.69824E-02  1.81970E-02  1.94984E-02  2.08930E-02
#           2.23872E-02  2.39883E-02  2.57040E-02  2.75423E-02  2.95121E-02
#           3.16228E-02  3.38844E-02  3.63078E-02  3.89045E-02  4.16869E-02
#           4.46684E-02  4.78630E-02  5.12861E-02  5.49541E-02  5.88844E-02
#           6.30957E-02  6.76083E-02  7.24436E-02  7.76247E-02  8.31764E-02
#           8.91251E-02  9.54993E-02  1.02329E-01  1.09648E-01  1.17490E-01
#           1.25893E-01  1.34896E-01  1.44544E-01  1.54882E-01  1.65959E-01
#           1.77828E-01  1.90546E-01  2.04174E-01  2.18776E-01  2.34423E-01
#           2.51189E-01  2.69153E-01  2.88403E-01  3.09030E-01  3.31131E-01
#           3.54813E-01  3.80189E-01  4.07380E-01  4.36516E-01  4.67735E-01
#           5.01187E-01  5.37032E-01  5.75440E-01  6.16595E-01  6.60693E-01
#           7.07946E-01  7.58578E-01  8.12831E-01  8.70964E-01  9.33254E-01
#           1.00000E+00
     unit =    2            # unit is [1/cm^2/(MeV/n)/source]
 material =  all            # (D=all) number of specific material
     axis =     eng            # axis of output
     file = neutral_particles_shield1_LE.out  # file name of output for the above axis
     part =  neutron    photon   
# kf/name :  2112       22       
#    used :        main (  %)        temp (  %)       total (  %)
#  memory :         107 (  0)           0 (  0)         107 (  0)

#------------------------------------------------------------------------------
#newpage:
#   no. =  1   reg =      4

x: Energy [MeV/n]
y: Flux [1/cm^2/(MeV/n)/source]      
p: xlog ylog afac(0.8) form(0.9)
h: n            x            y(neutron ),hh0l   n y(photon  ),hh0dr  n 
#  e-lower      e-upper      neutron     r.err    photon      r.err 
   1.0000E-03   1.0715E-03   7.8212E+01  0.0234   0.0000E+00  0.0000
   1.0715E-03   1.1482E-03   7.5937E+01  0.0231   9.5489E-05  1.0000
   1.1482E-03   1.2303E-03   8.0334E+01  0.0219   0.0000E+00  0.0000
   1.2303E-03   1.3183E-03   7.7273E+01  0.0212   4.4769E-04  0.7400
   1.3183E-03   1.4125E-03   7.5343E+01  0.0209   0.0000E+00  0.0000
   1.4125E-03   1.5136E-03   7.5143E+01  0.0201   0.0000E+00  0.0000
   1.5136E-03   1.6218E-03   7.3075E+01  0.0198   2.3772E-04  1.0000
   1.6218E-03   1.7378E-03   7.0025E+01  0.0196   0.0000E+00  0.0000
   1.7378E-03   1.8621E-03   7.0675E+01  0.0189   0.0000E+00  0.0000
   1.8621E-03   1.9953E-03   6.9705E+01  0.0183   0.0000E+00  0.0000
   1.9953E-03   2.1380E-03   6.6722E+01  0.0180   0.0000E+00  0.0000
   2.1380E-03   2.2909E-03   6.3510E+01  0.0179   0.0000E+00  0.0000
   2.2909E-03   2.4547E-03   6.3423E+01  0.0173   1.9293E-03  1.0000
   2.4547E-03   2.6303E-03   6.1884E+01  0.0169   0.0000E+00  0.0000
   2.6303E-03   2.8184E-03   6.1144E+01  0.0164   1.0285E-03  1.0000
   2.8184E-03   3.0200E-03   5.7910E+01  0.0163   0.0000E+00  0.0000
   3.0200E-03   3.2359E-03   5.7051E+01  0.0158   0.0000E+00  0.0000
   3.2359E-03   3.4674E-03   5.5966E+01  0.0155   0.0000E+00  0.0000
   3.4674E-03   3.7154E-03   5.2098E+01  0.0154   0.0000E+00  0.0000
   3.7154E-03   3.9811E-03   3.6331E+01  0.0180   0.0000E+00  0.0000
   3.9811E-03   4.2658E-03   3.8637E+01  0.0169   0.0000E+00  0.0000
   4.2658E-03   4.5709E-03   4.7303E+01  0.0147   0.0000E+00  0.0000
   4.5709E-03   4.8978E-03   4.6682E+01  0.0142   0.0000E+00  0.0000
   4.8978E-03   5.2481E-03   4.5009E+01  0.0140   0.0000E+00  0.0000
   5.2481E-03   5.6234E-03   3.8838E+01  0.0145   0.0000E+00  0.0000
   5.6234E-03   6.0256E-03   2.8093E+01  0.0163   0.0000E+00  0.0000
   6.0256E-03   6.4565E-03   1.2800E+01  0.0236   3.4231E-02  0.4145
   6.4565E-03   6.9183E-03   1.5052E+01  0.0212   0.0000E+00  0.0000
   6.9183E-03   7.4131E-03   1.0185E+01  0.0248   5.5407E-03  0.7076
   7.4131E-03   7.9433E-03   4.4109E+00  0.0363   0.0000E+00  0.0000
   7.9433E-03   8.5114E-03   5.4245E+00  0.0318   0.0000E+00  0.0000
   8.5114E-03   9.1201E-03   1.0275E+01  0.0224   0.0000E+00  0.0000
   9.1201E-03   9.7724E-03   1.4814E+01  0.0180   0.0000E+00  0.0000
   9.7724E-03   1.0471E-02   1.6906E+01  0.0162   0.0000E+00  0.0000
   1.0471E-02   1.1220E-02   1.6522E+01  0.0158   3.3252E-03  1.0000
   1.1220E-02   1.2023E-02   1.8038E+01  0.0147   0.0000E+00  0.0000
   1.2023E-02   1.2882E-02   2.0307E+01  0.0133   0.0000E+00  0.0000
   1.2882E-02   1.3804E-02   2.2456E+01  0.0122   1.7826E-03  1.0000
   1.3804E-02   1.4791E-02   2.4392E+01  0.0113   1.4423E-02  0.3974
   1.4791E-02   1.5849E-02   2.7973E+01  0.0102   0.0000E+00  0.0000
   1.5849E-02   1.6982E-02   3.1867E+01  0.0092   0.0000E+00  0.0000
   1.6982E-02   1.8197E-02   3.8610E+01  0.0081   0.0000E+00  0.0000
   1.8197E-02   1.9498E-02   4.9543E+01  0.0070   0.0000E+00  0.0000
   1.9498E-02   2.0893E-02   6.2707E+01  0.0060   1.6111E-03  1.0000
   2.0893E-02   2.2387E-02   9.6833E+01  0.0046   1.8718E-03  1.0000
   2.2387E-02   2.3988E-02   2.5075E+02  0.0027   0.0000E+00  0.0000
   2.3988E-02   2.5704E-02   4.9356E+02  0.0018   1.3164E-03  1.0000
   2.5704E-02   2.7542E-02   1.7675E+01  0.0096   0.0000E+00  0.0000
   2.7542E-02   2.9512E-02   6.0509E-01  0.0527   1.0289E-03  1.0000
   2.9512E-02   3.1623E-02   2.1317E+00  0.0264   1.8941E-03  1.0000
   3.1623E-02   3.3884E-02   4.3751E+00  0.0178   0.0000E+00  0.0000
   3.3884E-02   3.6308E-02   6.4031E+00  0.0143   9.9105E-04  1.0000
   3.6308E-02   3.8905E-02   8.4056E+00  0.0119   2.3508E-03  0.7201
   3.8905E-02   4.1687E-02   9.1605E+00  0.0110   1.4762E-03  1.0000
   4.1687E-02   4.4668E-02   1.0631E+01  0.0099   3.0665E-03  0.5053
   4.4668E-02   4.7863E-02   1.2416E+01  0.0088   1.0560E-03  0.8502
   4.7863E-02   5.1286E-02   1.4524E+01  0.0079   8.7928E-03  0.3342
   5.1286E-02   5.4954E-02   9.1740E+00  0.0096   1.2415E-02  0.2698
   5.4954E-02   5.8884E-02   1.4892E+01  0.0073   4.4872E-03  0.4476
   5.8884E-02   6.3096E-02   1.5717E+01  0.0069   8.8002E-03  0.3144
   6.3096E-02   6.7608E-02   2.2799E+01  0.0055   1.7079E-02  0.2218
   6.7608E-02   7.2444E-02   3.4898E+01  0.0042   1.4323E-02  0.1895
   7.2444E-02   7.7625E-02   1.1715E+01  0.0072   2.4291E-02  0.1598
   7.7625E-02   8.3176E-02   6.6406E+01  0.0028   3.7331E-02  0.1220
   8.3176E-02   8.9125E-02   3.1711E+00  0.0130   4.3207E-02  0.1096
   8.9125E-02   9.5499E-02   8.2923E+00  0.0077   6.3865E-02  0.0874
   9.5499E-02   1.0233E-01   1.1013E+01  0.0064   9.0186E-02  0.0737
   1.0233E-01   1.0965E-01   1.4409E+01  0.0054   1.1283E-01  0.0623
   1.0965E-01   1.1749E-01   1.7764E+01  0.0047   1.4967E-01  0.0530
   1.1749E-01   1.2589E-01   2.5446E+01  0.0038   2.0170E-01  0.0434
   1.2589E-01   1.3490E-01   3.4437E+01  0.0031   2.2099E-01  0.0410
   1.3490E-01   1.4454E-01   4.8161E+01  0.0025   2.2908E-01  0.0387
   1.4454E-01   1.5488E-01   6.4828E+00  0.0069   2.4269E-01  0.0360
   1.5488E-01   1.6596E-01   1.7355E+01  0.0040   2.9244E-01  0.0319
   1.6596E-01   1.7783E-01   2.8286E+01  0.0029   2.8762E-01  0.0310
   1.7783E-01   1.9055E-01   2.7086E+01  0.0029   2.9293E-01  0.0298
   1.9055E-01   2.0417E-01   3.7214E+00  0.0079   3.0676E-01  0.0281
   2.0417E-01   2.1878E-01   1.2785E+01  0.0040   3.1346E-01  0.0269
   2.1878E-01   2.3442E-01   1.4115E+01  0.0037   2.9360E-01  0.0268
   2.3442E-01   2.5119E-01   1.2198E+01  0.0039   2.7764E-01  0.0265
   2.5119E-01   2.6915E-01   1.5001E+01  0.0034   2.6712E-01  0.0258
   2.6915E-01   2.8840E-01   2.1274E+01  0.0027   2.6323E-01  0.0253
   2.8840E-01   3.0903E-01   2.7958E+01  0.0023   2.4464E-01  0.0253
   3.0903E-01   3.3113E-01   2.2487E+01  0.0024   2.2906E-01  0.0254
   3.3113E-01   3.5481E-01   1.9791E+01  0.0025   2.6347E-01  0.0226
   3.5481E-01   3.8019E-01   1.4955E+01  0.0027   2.0623E-01  0.0246
   3.8019E-01   4.0738E-01   1.8481E+00  0.0079   1.8295E-01  0.0253
   4.0738E-01   4.3652E-01   2.5124E+00  0.0065   1.8997E-01  0.0242
   4.3652E-01   4.6774E-01   4.6365E+00  0.0045   1.6261E-01  0.0249
   4.6774E-01   5.0119E-01   5.4937E+00  0.0040   1.5778E-01  0.0246
   5.0119E-01   5.3703E-01   3.3917E+00  0.0050   3.3772E-01  0.0164
   5.3703E-01   5.7544E-01   4.4475E+00  0.0042   1.0969E-01  0.0276
   5.7544E-01   6.1660E-01   7.3561E+00  0.0031   1.0388E-01  0.0271
   6.1660E-01   6.6069E-01   7.6056E+00  0.0029   9.3839E-02  0.0276
   6.6069E-01   7.0795E-01   2.7867E+00  0.0046   9.2948E-02  0.0264
   7.0795E-01   7.5858E-01   7.6259E-01  0.0088   8.5539E-02  0.0270
   7.5858E-01   8.1283E-01   4.9623E-01  0.0108   8.7865E-02  0.0258
   8.1283E-01   8.7096E-01   7.9207E-01  0.0080   3.0430E-01  0.0140
   8.7096E-01   9.3325E-01   7.0960E-01  0.0082   7.3497E-02  0.0263
   9.3325E-01   1.0000E+00   6.8304E-01  0.0078   4.8324E-02  0.0314

#   sum over                 1.0465E+01           1.5694E-01

'no. =  1,  reg  =      4'
msuc: {\huge [t-track] in region mesh}
msdr: {\it plotted by \ANGEL \version}
msdl: {\it calculated by \PHITS  3.26}
wt: s(0.7)
\vspace{-3}
   vol  &=&   1.0000E+00 [cm^3]
e:
 
# Information for Restart Calculation
# This calculation was newly started
# istdev =  2 # 1:Batch variance, 2:History variance
# resc2  = 2.53500050000000000E+07 # Total source weight or Total source weight / maxcas
# resc3  = 2.53500000000000000E+07 # Total history number or Total batch number
# maxcas =       10000 # History / Batch, only used for istdev=1
# bitrseed = 1010011000111111111000101011000111111010001000010110110110010101 # bit data of rseed
