[ T-Track ]
    title = [t-track] in region mesh
     mesh =  reg            # mesh type is region-wise
      reg = 4
   e-type =    3            # e-mesh is log given by emin, emax and ne
     emin =  1.0000000E-03  # minimum value of e-mesh points
     emax =   1.000000      # maximum value of e-mesh points
#    edel =  6.9077553E-02  # mesh width of e-mesh points
       ne =    100          # number of e-mesh points
#    data = ( e(i), i = 1, ne + 1 )
#           1.00000E-03  1.07152E-03  1.14815E-03  1.23027E-03  1.31826E-03
#           1.41254E-03  1.51356E-03  1.62181E-03  1.73780E-03  1.86209E-03
#           1.99526E-03  2.13796E-03  2.29087E-03  2.45471E-03  2.63027E-03
#           2.81838E-03  3.01995E-03  3.23594E-03  3.46737E-03  3.71535E-03
#           3.98107E-03  4.26580E-03  4.57088E-03  4.89779E-03  5.24807E-03
#           5.62341E-03  6.02560E-03  6.45654E-03  6.91831E-03  7.41310E-03
#           7.94328E-03  8.51138E-03  9.12011E-03  9.77237E-03  1.04713E-02
#           1.12202E-02  1.20226E-02  1.28825E-02  1.38038E-02  1.47911E-02
#           1.58489E-02  1.69824E-02  1.81970E-02  1.94984E-02  2.08930E-02
#           2.23872E-02  2.39883E-02  2.57040E-02  2.75423E-02  2.95121E-02
#           3.16228E-02  3.38844E-02  3.63078E-02  3.89045E-02  4.16869E-02
#           4.46684E-02  4.78630E-02  5.12861E-02  5.49541E-02  5.88844E-02
#           6.30957E-02  6.76083E-02  7.24436E-02  7.76247E-02  8.31764E-02
#           8.91251E-02  9.54993E-02  1.02329E-01  1.09648E-01  1.17490E-01
#           1.25893E-01  1.34896E-01  1.44544E-01  1.54882E-01  1.65959E-01
#           1.77828E-01  1.90546E-01  2.04174E-01  2.18776E-01  2.34423E-01
#           2.51189E-01  2.69153E-01  2.88403E-01  3.09030E-01  3.31131E-01
#           3.54813E-01  3.80189E-01  4.07380E-01  4.36516E-01  4.67735E-01
#           5.01187E-01  5.37032E-01  5.75440E-01  6.16595E-01  6.60693E-01
#           7.07946E-01  7.58578E-01  8.12831E-01  8.70964E-01  9.33254E-01
#           1.00000E+00
     unit =    2            # unit is [1/cm^2/(MeV/n)/source]
 material =  all            # (D=all) number of specific material
     axis =     eng            # axis of output
     file = neutral_particles_shield1_LE.out  # file name of output for the above axis
     part =  neutron    photon   
# kf/name :  2112       22       
#    used :        main (  %)        temp (  %)       total (  %)
#  memory :         107 (  0)           0 (  0)         107 (  0)

#------------------------------------------------------------------------------
#newpage:
#   no. =  1   reg =      4

x: Energy [MeV/n]
y: Flux [1/cm^2/(MeV/n)/source]      
p: xlog ylog afac(0.8) form(0.9)
h: n            x            y(neutron ),hh0l   n y(photon  ),hh0dr  n 
#  e-lower      e-upper      neutron     r.err    photon      r.err 
   1.0000E-03   1.0715E-03   6.0695E+01  0.0239   0.0000E+00  0.0000
   1.0715E-03   1.1482E-03   5.7174E+01  0.0238   3.3848E-04  0.9007
   1.1482E-03   1.2303E-03   5.9761E+01  0.0226   0.0000E+00  0.0000
   1.2303E-03   1.3183E-03   6.0632E+01  0.0215   5.1348E-04  1.0000
   1.3183E-03   1.4125E-03   6.1123E+01  0.0207   0.0000E+00  0.0000
   1.4125E-03   1.5136E-03   5.7358E+01  0.0207   1.4963E-04  1.0000
   1.5136E-03   1.6218E-03   5.8898E+01  0.0198   3.0151E-04  1.0000
   1.6218E-03   1.7378E-03   5.6061E+01  0.0195   1.2617E-04  1.0000
   1.7378E-03   1.8621E-03   5.5704E+01  0.0189   1.3748E-04  1.0000
   1.8621E-03   1.9953E-03   5.5053E+01  0.0184   3.4629E-04  1.0000
   1.9953E-03   2.1380E-03   5.2072E+01  0.0182   0.0000E+00  0.0000
   2.1380E-03   2.2909E-03   4.9832E+01  0.0181   7.6646E-04  0.5293
   2.2909E-03   2.4547E-03   5.2019E+01  0.0171   7.3019E-04  1.0000
   2.4547E-03   2.6303E-03   4.9360E+01  0.0170   0.0000E+00  0.0000
   2.6303E-03   2.8184E-03   4.9148E+01  0.0163   1.3092E-03  0.6824
   2.8184E-03   3.0200E-03   4.8770E+01  0.0159   2.7131E-03  0.4351
   3.0200E-03   3.2359E-03   4.6538E+01  0.0158   4.7488E-03  0.6990
   3.2359E-03   3.4674E-03   4.4825E+01  0.0154   1.7471E-05  1.0000
   3.4674E-03   3.7154E-03   4.2066E+01  0.0154   2.4305E-03  0.9486
   3.7154E-03   3.9811E-03   3.0502E+01  0.0176   0.0000E+00  0.0000
   3.9811E-03   4.2658E-03   3.1661E+01  0.0167   0.0000E+00  0.0000
   4.2658E-03   4.5709E-03   3.8058E+01  0.0146   2.9485E-03  1.0000
   4.5709E-03   4.8978E-03   3.8347E+01  0.0140   5.1983E-03  1.0000
   4.8978E-03   5.2481E-03   3.7003E+01  0.0138   0.0000E+00  0.0000
   5.2481E-03   5.6234E-03   3.3303E+01  0.0140   3.9638E-04  0.7071
   5.6234E-03   6.0256E-03   2.3818E+01  0.0160   0.0000E+00  0.0000
   6.0256E-03   6.4565E-03   1.1337E+01  0.0227   4.4462E-02  0.2921
   6.4565E-03   6.9183E-03   1.2762E+01  0.0205   3.3336E-03  0.6912
   6.9183E-03   7.4131E-03   8.3042E+00  0.0244   1.3606E-02  0.4912
   7.4131E-03   7.9433E-03   3.6571E+00  0.0355   8.5673E-03  0.6300
   7.9433E-03   8.5114E-03   4.4921E+00  0.0313   2.4360E-03  0.8761
   8.5114E-03   9.1201E-03   8.4206E+00  0.0221   9.2256E-04  0.7120
   9.1201E-03   9.7724E-03   1.2100E+01  0.0178   0.0000E+00  0.0000
   9.7724E-03   1.0471E-02   1.3203E+01  0.0165   0.0000E+00  0.0000
   1.0471E-02   1.1220E-02   1.2270E+01  0.0164   0.0000E+00  0.0000
   1.1220E-02   1.2023E-02   1.3321E+01  0.0152   2.9230E-03  1.0000
   1.2023E-02   1.2882E-02   1.4130E+01  0.0142   9.4438E-03  0.5796
   1.2882E-02   1.3804E-02   1.5077E+01  0.0133   1.0166E-03  0.9950
   1.3804E-02   1.4791E-02   1.6262E+01  0.0124   2.8284E-02  0.2731
   1.4791E-02   1.5849E-02   1.8191E+01  0.0114   5.5860E-03  0.6020
   1.5849E-02   1.6982E-02   2.0341E+01  0.0103   5.7175E-04  1.0000
   1.6982E-02   1.8197E-02   2.4602E+01  0.0091   7.0307E-03  0.5219
   1.8197E-02   1.9498E-02   3.1590E+01  0.0078   3.2491E-03  0.5664
   1.9498E-02   2.0893E-02   4.0805E+01  0.0066   1.1854E-02  0.3956
   2.0893E-02   2.2387E-02   6.2013E+01  0.0051   2.2930E-03  0.6072
   2.2387E-02   2.3988E-02   1.6117E+02  0.0031   8.5681E-03  0.4656
   2.3988E-02   2.5704E-02   3.7491E+02  0.0019   1.1334E-02  0.3649
   2.5704E-02   2.7542E-02   2.2870E+01  0.0075   1.4410E-02  0.3213
   2.7542E-02   2.9512E-02   7.8322E-01  0.0404   7.4955E-03  0.3850
   2.9512E-02   3.1623E-02   2.8721E+00  0.0204   7.6737E-03  0.3746
   3.1623E-02   3.3884E-02   5.8016E+00  0.0138   6.9231E-03  0.3701
   3.3884E-02   3.6308E-02   8.5718E+00  0.0109   1.1707E-02  0.3019
   3.6308E-02   3.8905E-02   1.1026E+01  0.0094   8.4973E-03  0.3158
   3.8905E-02   4.1687E-02   1.2066E+01  0.0086   2.7088E-03  0.5012
   4.1687E-02   4.4668E-02   1.3688E+01  0.0078   1.4888E-02  0.2402
   4.4668E-02   4.7863E-02   1.6129E+01  0.0069   2.0037E-02  0.2004
   4.7863E-02   5.1286E-02   1.8438E+01  0.0062   1.7052E-02  0.2115
   5.1286E-02   5.4954E-02   1.2034E+01  0.0075   3.8068E-02  0.1402
   5.4954E-02   5.8884E-02   1.9396E+01  0.0057   3.4633E-02  0.1379
   5.8884E-02   6.3096E-02   2.0309E+01  0.0054   3.3638E-02  0.1360
   6.3096E-02   6.7608E-02   2.9140E+01  0.0043   4.5385E-02  0.1117
   6.7608E-02   7.2444E-02   4.4440E+01  0.0034   6.1599E-02  0.0934
   7.2444E-02   7.7625E-02   1.5082E+01  0.0056   9.9936E-02  0.0707
   7.7625E-02   8.3176E-02   7.2461E+01  0.0024   1.4624E-01  0.0562
   8.3176E-02   8.9125E-02   4.7014E+00  0.0095   2.0356E-01  0.0463
   8.9125E-02   9.5499E-02   1.1826E+01  0.0058   3.2159E-01  0.0356
   9.5499E-02   1.0233E-01   1.5404E+01  0.0049   4.2315E-01  0.0300
   1.0233E-01   1.0965E-01   2.0102E+01  0.0041   5.5819E-01  0.0252
   1.0965E-01   1.1749E-01   2.4416E+01  0.0036   7.2110E-01  0.0213
   1.1749E-01   1.2589E-01   3.4624E+01  0.0029   9.1451E-01  0.0184
   1.2589E-01   1.3490E-01   4.5633E+01  0.0024   1.0854E+00  0.0162
   1.3490E-01   1.4454E-01   5.7421E+01  0.0021   1.1242E+00  0.0155
   1.4454E-01   1.5488E-01   1.0481E+01  0.0048   1.2178E+00  0.0143
   1.5488E-01   1.6596E-01   2.7632E+01  0.0028   1.3516E+00  0.0132
   1.6596E-01   1.7783E-01   3.8140E+01  0.0023   1.3322E+00  0.0128
   1.7783E-01   1.9055E-01   4.3356E+01  0.0021   1.3977E+00  0.0121
   1.9055E-01   2.0417E-01   7.0378E+00  0.0051   1.4517E+00  0.0115
   2.0417E-01   2.1878E-01   2.2577E+01  0.0027   1.4877E+00  0.0110
   2.1878E-01   2.3442E-01   2.1988E+01  0.0027   1.4307E+00  0.0108
   2.3442E-01   2.5119E-01   2.2264E+01  0.0026   1.3663E+00  0.0107
   2.5119E-01   2.6915E-01   2.7074E+01  0.0022   1.3421E+00  0.0104
   2.6915E-01   2.8840E-01   3.3491E+01  0.0019   1.2715E+00  0.0102
   2.8840E-01   3.0903E-01   5.2377E+01  0.0015   1.2006E+00  0.0102
   3.0903E-01   3.3113E-01   3.8658E+01  0.0017   1.1046E+00  0.0102
   3.3113E-01   3.5481E-01   4.5195E+01  0.0015   1.2157E+00  0.0094
   3.5481E-01   3.8019E-01   3.7045E+01  0.0016   1.0240E+00  0.0099
   3.8019E-01   4.0738E-01   6.5930E+00  0.0037   9.0638E-01  0.0101
   4.0738E-01   4.3652E-01   8.9947E+00  0.0031   9.1665E-01  0.0097
   4.3652E-01   4.6774E-01   1.5372E+01  0.0022   8.1380E-01  0.0100
   4.6774E-01   5.0119E-01   1.7011E+01  0.0021   7.7056E-01  0.0099
   5.0119E-01   5.3703E-01   1.2848E+01  0.0023   1.2312E+00  0.0076
   5.3703E-01   5.7544E-01   1.7007E+01  0.0019   6.1604E-01  0.0103
   5.7544E-01   6.1660E-01   2.6951E+01  0.0015   5.8588E-01  0.0102
   6.1660E-01   6.6069E-01   3.0074E+01  0.0013   5.5831E-01  0.0101
   6.6069E-01   7.0795E-01   1.4880E+01  0.0018   5.5280E-01  0.0098
   7.0795E-01   7.5858E-01   6.2666E+00  0.0027   4.9990E-01  0.0100
   7.5858E-01   8.1283E-01   4.2712E+00  0.0033   5.1198E-01  0.0095
   8.1283E-01   8.7096E-01   6.4495E+00  0.0025   2.6869E+00  0.0041
   8.7096E-01   9.3325E-01   6.1302E+00  0.0025   2.5824E-01  0.0126
   9.3325E-01   1.0000E+00   5.3907E+00  0.0025   2.0703E-01  0.0135

#   sum over                 1.9686E+01           8.3259E-01

'no. =  1,  reg  =      4'
msuc: {\huge [t-track] in region mesh}
msdr: {\it plotted by \ANGEL \version}
msdl: {\it calculated by \PHITS  3.26}
wt: s(0.7)
\vspace{-3}
   vol  &=&   1.0000E+00 [cm^3]
e:
 
# Information for Restart Calculation
# This calculation was newly started
# istdev =  2 # 1:Batch variance, 2:History variance
# resc2  = 3.21900030000000000E+07 # Total source weight or Total source weight / maxcas
# resc3  = 3.21900000000000000E+07 # Total history number or Total batch number
# maxcas =       10000 # History / Batch, only used for istdev=1
# bitrseed = 1100011001010101011000100110011101100111100110001101011111100100 # bit data of rseed
