[ T-Track ]
    title = [t-track] in region mesh
     mesh =  reg            # mesh type is region-wise
      reg = 4
   e-type =    1            # e-mesh is given by the below data
       ne =    250          # number of e-mesh points
#    data = ( e(i), i = 1, ne + 1 )
            0.00000E+00  1.00000E+00  2.00000E+00  3.00000E+00  4.00000E+00
            5.00000E+00  6.00000E+00  7.00000E+00  8.00000E+00  9.00000E+00
            1.00000E+01  1.10000E+01  1.20000E+01  1.30000E+01  1.40000E+01
            1.50000E+01  1.60000E+01  1.70000E+01  1.80000E+01  1.90000E+01
            2.00000E+01  2.10000E+01  2.20000E+01  2.30000E+01  2.40000E+01
            2.50000E+01  2.60000E+01  2.70000E+01  2.80000E+01  2.90000E+01
            3.00000E+01  3.10000E+01  3.20000E+01  3.30000E+01  3.40000E+01
            3.50000E+01  3.60000E+01  3.70000E+01  3.80000E+01  3.90000E+01
            4.00000E+01  4.10000E+01  4.20000E+01  4.30000E+01  4.40000E+01
            4.50000E+01  4.60000E+01  4.70000E+01  4.80000E+01  4.90000E+01
            5.00000E+01  5.10000E+01  5.20000E+01  5.30000E+01  5.40000E+01
            5.50000E+01  5.60000E+01  5.70000E+01  5.80000E+01  5.90000E+01
            6.00000E+01  6.10000E+01  6.20000E+01  6.30000E+01  6.40000E+01
            6.50000E+01  6.60000E+01  6.70000E+01  6.80000E+01  6.90000E+01
            7.00000E+01  7.10000E+01  7.20000E+01  7.30000E+01  7.40000E+01
            7.50000E+01  7.60000E+01  7.70000E+01  7.80000E+01  7.90000E+01
            8.00000E+01  8.10000E+01  8.20000E+01  8.30000E+01  8.40000E+01
            8.50000E+01  8.60000E+01  8.70000E+01  8.80000E+01  8.90000E+01
            9.00000E+01  9.10000E+01  9.20000E+01  9.30000E+01  9.40000E+01
            9.50000E+01  9.60000E+01  9.70000E+01  9.80000E+01  9.90000E+01
            1.00000E+02  1.01000E+02  1.02000E+02  1.03000E+02  1.04000E+02
            1.05000E+02  1.06000E+02  1.07000E+02  1.08000E+02  1.09000E+02
            1.10000E+02  1.11000E+02  1.12000E+02  1.13000E+02  1.14000E+02
            1.15000E+02  1.16000E+02  1.17000E+02  1.18000E+02  1.19000E+02
            1.20000E+02  1.21000E+02  1.22000E+02  1.23000E+02  1.24000E+02
            1.25000E+02  1.26000E+02  1.27000E+02  1.28000E+02  1.29000E+02
            1.30000E+02  1.31000E+02  1.32000E+02  1.33000E+02  1.34000E+02
            1.35000E+02  1.36000E+02  1.37000E+02  1.38000E+02  1.39000E+02
            1.40000E+02  1.41000E+02  1.42000E+02  1.43000E+02  1.44000E+02
            1.45000E+02  1.46000E+02  1.47000E+02  1.48000E+02  1.49000E+02
            1.50000E+02  1.51000E+02  1.52000E+02  1.53000E+02  1.54000E+02
            1.55000E+02  1.56000E+02  1.57000E+02  1.58000E+02  1.59000E+02
            1.60000E+02  1.61000E+02  1.62000E+02  1.63000E+02  1.64000E+02
            1.65000E+02  1.66000E+02  1.67000E+02  1.68000E+02  1.69000E+02
            1.70000E+02  1.71000E+02  1.72000E+02  1.73000E+02  1.74000E+02
            1.75000E+02  1.76000E+02  1.77000E+02  1.78000E+02  1.79000E+02
            1.80000E+02  1.81000E+02  1.82000E+02  1.83000E+02  1.84000E+02
            1.85000E+02  1.86000E+02  1.87000E+02  1.88000E+02  1.89000E+02
            1.90000E+02  1.91000E+02  1.92000E+02  1.93000E+02  1.94000E+02
            1.95000E+02  1.96000E+02  1.97000E+02  1.98000E+02  1.99000E+02
            2.00000E+02  2.01000E+02  2.02000E+02  2.03000E+02  2.04000E+02
            2.05000E+02  2.06000E+02  2.07000E+02  2.08000E+02  2.09000E+02
            2.10000E+02  2.11000E+02  2.12000E+02  2.13000E+02  2.14000E+02
            2.15000E+02  2.16000E+02  2.17000E+02  2.18000E+02  2.19000E+02
            2.20000E+02  2.21000E+02  2.22000E+02  2.23000E+02  2.24000E+02
            2.25000E+02  2.26000E+02  2.27000E+02  2.28000E+02  2.29000E+02
            2.30000E+02  2.31000E+02  2.32000E+02  2.33000E+02  2.34000E+02
            2.35000E+02  2.36000E+02  2.37000E+02  2.38000E+02  2.39000E+02
            2.40000E+02  2.41000E+02  2.42000E+02  2.43000E+02  2.44000E+02
            2.45000E+02  2.46000E+02  2.47000E+02  2.48000E+02  2.49000E+02
            2.50000E+02
     unit =    2            # unit is [1/cm^2/(MeV/n)/source]
 material =  all            # (D=all) number of specific material
     axis =     eng            # axis of output
     file = neutral_particles_shield1_HE.out  # file name of output for the above axis
     part =  neutron    photon   
# kf/name :  2112       22       
#    used :        main (  %)        temp (  %)       total (  %)
#  memory :         257 (  0)           0 (  0)         257 (  0)

#------------------------------------------------------------------------------
#newpage:
#   no. =  1   reg =      4

x: Energy [MeV/n]
y: Flux [1/cm^2/(MeV/n)/source]      
p: xlin ylog afac(0.8) form(0.9)
h: n            x            y(neutron ),hh0l   n y(photon  ),hh0dr  n 
#  e-lower      e-upper      neutron     r.err    photon      r.err 
   0.0000E+00   1.0000E+00   2.5342E+01  0.0004   3.0509E-03  0.0611
   1.0000E+00   2.0000E+00   1.0694E+01  0.0007   2.5225E-03  0.0687
   2.0000E+00   3.0000E+00   4.9389E+00  0.0011   3.7549E-03  0.0537
   3.0000E+00   4.0000E+00   2.4072E+00  0.0017   1.8441E-03  0.0799
   4.0000E+00   5.0000E+00   1.3092E+00  0.0023   1.0814E-03  0.0991
   5.0000E+00   6.0000E+00   7.9026E-01  0.0030   1.3542E-03  0.0909
   6.0000E+00   7.0000E+00   5.2495E-01  0.0037   1.6150E-03  0.0810
   7.0000E+00   8.0000E+00   3.8179E-01  0.0043   3.8654E-04  0.1733
   8.0000E+00   9.0000E+00   2.9327E-01  0.0049   5.9379E-05  0.4137
   9.0000E+00   1.0000E+01   2.3107E-01  0.0056   1.9281E-05  0.5255
   1.0000E+01   1.1000E+01   1.8761E-01  0.0062   0.0000E+00  0.0000
   1.1000E+01   1.2000E+01   1.5898E-01  0.0067   0.0000E+00  0.0000
   1.2000E+01   1.3000E+01   1.3867E-01  0.0072   0.0000E+00  0.0000
   1.3000E+01   1.4000E+01   1.1844E-01  0.0078   0.0000E+00  0.0000
   1.4000E+01   1.5000E+01   1.0175E-01  0.0084   0.0000E+00  0.0000
   1.5000E+01   1.6000E+01   9.2018E-02  0.0088   0.0000E+00  0.0000
   1.6000E+01   1.7000E+01   8.4277E-02  0.0092   0.0000E+00  0.0000
   1.7000E+01   1.8000E+01   7.7134E-02  0.0096   0.0000E+00  0.0000
   1.8000E+01   1.9000E+01   7.0143E-02  0.0101   0.0000E+00  0.0000
   1.9000E+01   2.0000E+01   6.3513E-02  0.0106   0.0000E+00  0.0000
   2.0000E+01   2.1000E+01   5.9592E-02  0.0109   0.0000E+00  0.0000
   2.1000E+01   2.2000E+01   5.3059E-02  0.0116   0.0000E+00  0.0000
   2.2000E+01   2.3000E+01   5.1668E-02  0.0118   0.0000E+00  0.0000
   2.3000E+01   2.4000E+01   5.0141E-02  0.0119   0.0000E+00  0.0000
   2.4000E+01   2.5000E+01   4.9355E-02  0.0120   0.0000E+00  0.0000
   2.5000E+01   2.6000E+01   4.6224E-02  0.0124   0.0000E+00  0.0000
   2.6000E+01   2.7000E+01   4.2551E-02  0.0130   0.0000E+00  0.0000
   2.7000E+01   2.8000E+01   4.1096E-02  0.0132   0.0000E+00  0.0000
   2.8000E+01   2.9000E+01   4.0014E-02  0.0134   0.0000E+00  0.0000
   2.9000E+01   3.0000E+01   3.7423E-02  0.0138   0.0000E+00  0.0000
   3.0000E+01   3.1000E+01   3.8095E-02  0.0137   0.0000E+00  0.0000
   3.1000E+01   3.2000E+01   3.6280E-02  0.0140   0.0000E+00  0.0000
   3.2000E+01   3.3000E+01   3.5622E-02  0.0142   0.0000E+00  0.0000
   3.3000E+01   3.4000E+01   3.4535E-02  0.0144   0.0000E+00  0.0000
   3.4000E+01   3.5000E+01   3.4673E-02  0.0143   0.0000E+00  0.0000
   3.5000E+01   3.6000E+01   3.3094E-02  0.0147   0.0000E+00  0.0000
   3.6000E+01   3.7000E+01   3.0805E-02  0.0152   0.0000E+00  0.0000
   3.7000E+01   3.8000E+01   2.9768E-02  0.0155   0.0000E+00  0.0000
   3.8000E+01   3.9000E+01   2.9364E-02  0.0156   0.0000E+00  0.0000
   3.9000E+01   4.0000E+01   2.9319E-02  0.0156   0.0000E+00  0.0000
   4.0000E+01   4.1000E+01   2.8346E-02  0.0159   0.0000E+00  0.0000
   4.1000E+01   4.2000E+01   2.8951E-02  0.0157   0.0000E+00  0.0000
   4.2000E+01   4.3000E+01   2.8796E-02  0.0157   0.0000E+00  0.0000
   4.3000E+01   4.4000E+01   2.8228E-02  0.0159   0.0000E+00  0.0000
   4.4000E+01   4.5000E+01   2.6364E-02  0.0165   0.0000E+00  0.0000
   4.5000E+01   4.6000E+01   2.5470E-02  0.0167   0.0000E+00  0.0000
   4.6000E+01   4.7000E+01   2.5601E-02  0.0167   0.0000E+00  0.0000
   4.7000E+01   4.8000E+01   2.5392E-02  0.0168   0.0000E+00  0.0000
   4.8000E+01   4.9000E+01   2.5244E-02  0.0168   0.0000E+00  0.0000
   4.9000E+01   5.0000E+01   2.3161E-02  0.0176   0.0000E+00  0.0000
   5.0000E+01   5.1000E+01   2.5012E-02  0.0169   0.0000E+00  0.0000
   5.1000E+01   5.2000E+01   2.5322E-02  0.0168   0.0000E+00  0.0000
   5.2000E+01   5.3000E+01   2.5607E-02  0.0167   0.0000E+00  0.0000
   5.3000E+01   5.4000E+01   2.5385E-02  0.0168   0.0000E+00  0.0000
   5.4000E+01   5.5000E+01   2.5204E-02  0.0168   0.0000E+00  0.0000
   5.5000E+01   5.6000E+01   2.4325E-02  0.0171   0.0000E+00  0.0000
   5.6000E+01   5.7000E+01   2.2413E-02  0.0178   0.0000E+00  0.0000
   5.7000E+01   5.8000E+01   2.3055E-02  0.0176   0.0000E+00  0.0000
   5.8000E+01   5.9000E+01   2.2427E-02  0.0178   0.0000E+00  0.0000
   5.9000E+01   6.0000E+01   2.0698E-02  0.0186   0.0000E+00  0.0000
   6.0000E+01   6.1000E+01   2.1510E-02  0.0182   0.0000E+00  0.0000
   6.1000E+01   6.2000E+01   2.0808E-02  0.0185   0.0000E+00  0.0000
   6.2000E+01   6.3000E+01   2.0497E-02  0.0187   0.0000E+00  0.0000
   6.3000E+01   6.4000E+01   1.9672E-02  0.0191   0.0000E+00  0.0000
   6.4000E+01   6.5000E+01   1.9024E-02  0.0194   0.0000E+00  0.0000
   6.5000E+01   6.6000E+01   1.9013E-02  0.0194   0.0000E+00  0.0000
   6.6000E+01   6.7000E+01   1.8375E-02  0.0197   0.0000E+00  0.0000
   6.7000E+01   6.8000E+01   1.7865E-02  0.0200   0.0000E+00  0.0000
   6.8000E+01   6.9000E+01   1.8523E-02  0.0196   0.0000E+00  0.0000
   6.9000E+01   7.0000E+01   1.7814E-02  0.0200   0.0000E+00  0.0000
   7.0000E+01   7.1000E+01   1.7762E-02  0.0201   0.0000E+00  0.0000
   7.1000E+01   7.2000E+01   1.8275E-02  0.0198   0.0000E+00  0.0000
   7.2000E+01   7.3000E+01   1.7003E-02  0.0205   0.0000E+00  0.0000
   7.3000E+01   7.4000E+01   1.6100E-02  0.0211   0.0000E+00  0.0000
   7.4000E+01   7.5000E+01   1.5628E-02  0.0214   0.0000E+00  0.0000
   7.5000E+01   7.6000E+01   1.5238E-02  0.0216   0.0000E+00  0.0000
   7.6000E+01   7.7000E+01   1.5464E-02  0.0215   0.0000E+00  0.0000
   7.7000E+01   7.8000E+01   1.6616E-02  0.0207   0.0000E+00  0.0000
   7.8000E+01   7.9000E+01   1.6198E-02  0.0210   0.0000E+00  0.0000
   7.9000E+01   8.0000E+01   1.5119E-02  0.0217   0.0000E+00  0.0000
   8.0000E+01   8.1000E+01   1.4005E-02  0.0226   0.0000E+00  0.0000
   8.1000E+01   8.2000E+01   1.3444E-02  0.0231   0.0000E+00  0.0000
   8.2000E+01   8.3000E+01   1.4052E-02  0.0225   0.0000E+00  0.0000
   8.3000E+01   8.4000E+01   1.3417E-02  0.0231   0.0000E+00  0.0000
   8.4000E+01   8.5000E+01   1.2725E-02  0.0237   0.0000E+00  0.0000
   8.5000E+01   8.6000E+01   1.3434E-02  0.0231   0.0000E+00  0.0000
   8.6000E+01   8.7000E+01   1.4866E-02  0.0219   0.0000E+00  0.0000
   8.7000E+01   8.8000E+01   1.3989E-02  0.0226   0.0000E+00  0.0000
   8.8000E+01   8.9000E+01   1.2149E-02  0.0242   0.0000E+00  0.0000
   8.9000E+01   9.0000E+01   1.1746E-02  0.0247   0.0000E+00  0.0000
   9.0000E+01   9.1000E+01   1.1914E-02  0.0245   0.0000E+00  0.0000
   9.1000E+01   9.2000E+01   1.1790E-02  0.0246   0.0000E+00  0.0000
   9.2000E+01   9.3000E+01   1.1813E-02  0.0246   0.0000E+00  0.0000
   9.3000E+01   9.4000E+01   1.2237E-02  0.0242   0.0000E+00  0.0000
   9.4000E+01   9.5000E+01   1.1761E-02  0.0246   0.0000E+00  0.0000
   9.5000E+01   9.6000E+01   1.1574E-02  0.0248   0.0000E+00  0.0000
   9.6000E+01   9.7000E+01   1.2361E-02  0.0240   0.0000E+00  0.0000
   9.7000E+01   9.8000E+01   1.1497E-02  0.0249   0.0000E+00  0.0000
   9.8000E+01   9.9000E+01   1.0502E-02  0.0261   0.0000E+00  0.0000
   9.9000E+01   1.0000E+02   1.0463E-02  0.0261   0.0000E+00  0.0000
   1.0000E+02   1.0100E+02   9.2609E-03  0.0278   0.0000E+00  0.0000
   1.0100E+02   1.0200E+02   8.0316E-03  0.0298   0.0000E+00  0.0000
   1.0200E+02   1.0300E+02   9.2472E-03  0.0278   0.0000E+00  0.0000
   1.0300E+02   1.0400E+02   9.4892E-03  0.0274   0.0000E+00  0.0000
   1.0400E+02   1.0500E+02   8.7987E-03  0.0285   0.0000E+00  0.0000
   1.0500E+02   1.0600E+02   8.1993E-03  0.0295   0.0000E+00  0.0000
   1.0600E+02   1.0700E+02   9.3354E-03  0.0277   0.0000E+00  0.0000
   1.0700E+02   1.0800E+02   9.2781E-03  0.0277   0.0000E+00  0.0000
   1.0800E+02   1.0900E+02   9.1286E-03  0.0280   0.0000E+00  0.0000
   1.0900E+02   1.1000E+02   8.5475E-03  0.0289   0.0000E+00  0.0000
   1.1000E+02   1.1100E+02   7.8716E-03  0.0301   0.0000E+00  0.0000
   1.1100E+02   1.1200E+02   7.1504E-03  0.0316   0.0000E+00  0.0000
   1.1200E+02   1.1300E+02   7.4635E-03  0.0309   0.0000E+00  0.0000
   1.1300E+02   1.1400E+02   7.9589E-03  0.0300   0.0000E+00  0.0000
   1.1400E+02   1.1500E+02   7.6156E-03  0.0306   0.0000E+00  0.0000
   1.1500E+02   1.1600E+02   7.3072E-03  0.0313   0.0000E+00  0.0000
   1.1600E+02   1.1700E+02   7.3082E-03  0.0313   0.0000E+00  0.0000
   1.1700E+02   1.1800E+02   7.6929E-03  0.0305   0.0000E+00  0.0000
   1.1800E+02   1.1900E+02   8.2131E-03  0.0295   0.0000E+00  0.0000
   1.1900E+02   1.2000E+02   7.8357E-03  0.0302   0.0000E+00  0.0000
   1.2000E+02   1.2100E+02   7.1141E-03  0.0317   0.0000E+00  0.0000
   1.2100E+02   1.2200E+02   7.1073E-03  0.0317   0.0000E+00  0.0000
   1.2200E+02   1.2300E+02   6.6501E-03  0.0328   0.0000E+00  0.0000
   1.2300E+02   1.2400E+02   6.3228E-03  0.0336   0.0000E+00  0.0000
   1.2400E+02   1.2500E+02   5.5524E-03  0.0359   0.0000E+00  0.0000
   1.2500E+02   1.2600E+02   5.4929E-03  0.0361   0.0000E+00  0.0000
   1.2600E+02   1.2700E+02   6.0049E-03  0.0345   0.0000E+00  0.0000
   1.2700E+02   1.2800E+02   6.0954E-03  0.0342   0.0000E+00  0.0000
   1.2800E+02   1.2900E+02   6.0721E-03  0.0343   0.0000E+00  0.0000
   1.2900E+02   1.3000E+02   5.3974E-03  0.0364   0.0000E+00  0.0000
   1.3000E+02   1.3100E+02   5.6913E-03  0.0354   0.0000E+00  0.0000
   1.3100E+02   1.3200E+02   5.9072E-03  0.0348   0.0000E+00  0.0000
   1.3200E+02   1.3300E+02   5.6461E-03  0.0356   0.0000E+00  0.0000
   1.3300E+02   1.3400E+02   5.8741E-03  0.0349   0.0000E+00  0.0000
   1.3400E+02   1.3500E+02   5.4572E-03  0.0362   0.0000E+00  0.0000
   1.3500E+02   1.3600E+02   5.3786E-03  0.0364   0.0000E+00  0.0000
   1.3600E+02   1.3700E+02   5.2643E-03  0.0368   0.0000E+00  0.0000
   1.3700E+02   1.3800E+02   4.9786E-03  0.0379   0.0000E+00  0.0000
   1.3800E+02   1.3900E+02   4.6571E-03  0.0392   0.0000E+00  0.0000
   1.3900E+02   1.4000E+02   4.0625E-03  0.0419   0.0000E+00  0.0000
   1.4000E+02   1.4100E+02   4.1571E-03  0.0414   0.0000E+00  0.0000
   1.4100E+02   1.4200E+02   4.2786E-03  0.0409   0.0000E+00  0.0000
   1.4200E+02   1.4300E+02   4.5714E-03  0.0395   0.0000E+00  0.0000
   1.4300E+02   1.4400E+02   4.8000E-03  0.0386   0.0000E+00  0.0000
   1.4400E+02   1.4500E+02   4.5119E-03  0.0398   0.0000E+00  0.0000
   1.4500E+02   1.4600E+02   4.1857E-03  0.0413   0.0000E+00  0.0000
   1.4600E+02   1.4700E+02   4.5000E-03  0.0398   0.0000E+00  0.0000
   1.4700E+02   1.4800E+02   4.3505E-03  0.0405   0.0000E+00  0.0000
   1.4800E+02   1.4900E+02   3.8237E-03  0.0432   0.0000E+00  0.0000
   1.4900E+02   1.5000E+02   3.9500E-03  0.0425   0.0000E+00  0.0000
   1.5000E+02   1.5100E+02   4.3714E-03  0.0404   0.0000E+00  0.0000
   1.5100E+02   1.5200E+02   4.0286E-03  0.0421   0.0000E+00  0.0000
   1.5200E+02   1.5300E+02   4.0003E-03  0.0423   0.0000E+00  0.0000
   1.5300E+02   1.5400E+02   4.3288E-03  0.0406   0.0000E+00  0.0000
   1.5400E+02   1.5500E+02   4.0714E-03  0.0419   0.0000E+00  0.0000
   1.5500E+02   1.5600E+02   4.1286E-03  0.0416   0.0000E+00  0.0000
   1.5600E+02   1.5700E+02   3.6129E-03  0.0445   0.0000E+00  0.0000
   1.5700E+02   1.5800E+02   2.8374E-03  0.0502   0.0000E+00  0.0000
   1.5800E+02   1.5900E+02   2.9429E-03  0.0493   0.0000E+00  0.0000
   1.5900E+02   1.6000E+02   3.1571E-03  0.0476   0.0000E+00  0.0000
   1.6000E+02   1.6100E+02   2.7214E-03  0.0512   0.0000E+00  0.0000
   1.6100E+02   1.6200E+02   2.5214E-03  0.0532   0.0000E+00  0.0000
   1.6200E+02   1.6300E+02   3.2647E-03  0.0468   0.0000E+00  0.0000
   1.6300E+02   1.6400E+02   3.1357E-03  0.0477   0.0000E+00  0.0000
   1.6400E+02   1.6500E+02   3.0286E-03  0.0486   0.0000E+00  0.0000
   1.6500E+02   1.6600E+02   3.0857E-03  0.0481   0.0000E+00  0.0000
   1.6600E+02   1.6700E+02   2.8214E-03  0.0503   0.0000E+00  0.0000
   1.6700E+02   1.6800E+02   2.9894E-03  0.0489   0.0000E+00  0.0000
   1.6800E+02   1.6900E+02   2.9179E-03  0.0495   0.0000E+00  0.0000
   1.6900E+02   1.7000E+02   2.7071E-03  0.0514   0.0000E+00  0.0000
   1.7000E+02   1.7100E+02   2.3786E-03  0.0548   0.0000E+00  0.0000
   1.7100E+02   1.7200E+02   2.9214E-03  0.0494   0.0000E+00  0.0000
   1.7200E+02   1.7300E+02   2.6500E-03  0.0519   0.0000E+00  0.0000
   1.7300E+02   1.7400E+02   2.4786E-03  0.0537   0.0000E+00  0.0000
   1.7400E+02   1.7500E+02   3.0357E-03  0.0485   0.0000E+00  0.0000
   1.7500E+02   1.7600E+02   2.3286E-03  0.0554   0.0000E+00  0.0000
   1.7600E+02   1.7700E+02   2.0071E-03  0.0597   0.0000E+00  0.0000
   1.7700E+02   1.7800E+02   2.4071E-03  0.0545   0.0000E+00  0.0000
   1.7800E+02   1.7900E+02   2.3429E-03  0.0552   0.0000E+00  0.0000
   1.7900E+02   1.8000E+02   2.3929E-03  0.0546   0.0000E+00  0.0000
   1.8000E+02   1.8100E+02   2.4857E-03  0.0536   0.0000E+00  0.0000
   1.8100E+02   1.8200E+02   2.1643E-03  0.0574   0.0000E+00  0.0000
   1.8200E+02   1.8300E+02   2.1429E-03  0.0577   0.0000E+00  0.0000
   1.8300E+02   1.8400E+02   2.3071E-03  0.0556   0.0000E+00  0.0000
   1.8400E+02   1.8500E+02   2.1814E-03  0.0572   0.0000E+00  0.0000
   1.8500E+02   1.8600E+02   2.5289E-03  0.0531   0.0000E+00  0.0000
   1.8600E+02   1.8700E+02   2.1944E-03  0.0570   0.0000E+00  0.0000
   1.8700E+02   1.8800E+02   1.9645E-03  0.0603   0.0000E+00  0.0000
   1.8800E+02   1.8900E+02   2.0429E-03  0.0591   0.0000E+00  0.0000
   1.8900E+02   1.9000E+02   1.5143E-03  0.0687   0.0000E+00  0.0000
   1.9000E+02   1.9100E+02   1.5143E-03  0.0687   0.0000E+00  0.0000
   1.9100E+02   1.9200E+02   1.5571E-03  0.0677   0.0000E+00  0.0000
   1.9200E+02   1.9300E+02   1.7786E-03  0.0634   0.0000E+00  0.0000
   1.9300E+02   1.9400E+02   1.5857E-03  0.0671   0.0000E+00  0.0000
   1.9400E+02   1.9500E+02   1.8286E-03  0.0625   0.0000E+00  0.0000
   1.9500E+02   1.9600E+02   1.8714E-03  0.0618   0.0000E+00  0.0000
   1.9600E+02   1.9700E+02   1.6217E-03  0.0664   0.0000E+00  0.0000
   1.9700E+02   1.9800E+02   1.1429E-03  0.0791   0.0000E+00  0.0000
   1.9800E+02   1.9900E+02   1.6321E-03  0.0661   0.0000E+00  0.0000
   1.9900E+02   2.0000E+02   1.9786E-03  0.0601   0.0000E+00  0.0000
   2.0000E+02   2.0100E+02   1.4643E-03  0.0698   0.0000E+00  0.0000
   2.0100E+02   2.0200E+02   1.2643E-03  0.0752   0.0000E+00  0.0000
   2.0200E+02   2.0300E+02   1.0429E-03  0.0828   0.0000E+00  0.0000
   2.0300E+02   2.0400E+02   1.1214E-03  0.0798   0.0000E+00  0.0000
   2.0400E+02   2.0500E+02   1.0714E-03  0.0816   0.0000E+00  0.0000
   2.0500E+02   2.0600E+02   1.1571E-03  0.0786   0.0000E+00  0.0000
   2.0600E+02   2.0700E+02   1.0286E-03  0.0833   0.0000E+00  0.0000
   2.0700E+02   2.0800E+02   9.1866E-04  0.0881   0.0000E+00  0.0000
   2.0800E+02   2.0900E+02   1.1571E-03  0.0786   0.0000E+00  0.0000
   2.0900E+02   2.1000E+02   9.1429E-04  0.0884   0.0000E+00  0.0000
   2.1000E+02   2.1100E+02   1.2214E-03  0.0765   0.0000E+00  0.0000
   2.1100E+02   2.1200E+02   1.3786E-03  0.0720   0.0000E+00  0.0000
   2.1200E+02   2.1300E+02   1.4214E-03  0.0709   0.0000E+00  0.0000
   2.1300E+02   2.1400E+02   1.4071E-03  0.0712   0.0000E+00  0.0000
   2.1400E+02   2.1500E+02   1.3714E-03  0.0722   0.0000E+00  0.0000
   2.1500E+02   2.1600E+02   9.2143E-04  0.0880   0.0000E+00  0.0000
   2.1600E+02   2.1700E+02   5.7143E-04  0.1118   0.0000E+00  0.0000
   2.1700E+02   2.1800E+02   9.2857E-04  0.0877   0.0000E+00  0.0000
   2.1800E+02   2.1900E+02   1.5714E-03  0.0674   0.0000E+00  0.0000
   2.1900E+02   2.2000E+02   1.4357E-03  0.0705   0.0000E+00  0.0000
   2.2000E+02   2.2100E+02   1.2429E-03  0.0758   0.0000E+00  0.0000
   2.2100E+02   2.2200E+02   7.4286E-04  0.0981   0.0000E+00  0.0000
   2.2200E+02   2.2300E+02   8.4286E-04  0.0921   0.0000E+00  0.0000
   2.2300E+02   2.2400E+02   1.0857E-03  0.0811   0.0000E+00  0.0000
   2.2400E+02   2.2500E+02   1.0541E-03  0.0822   0.0000E+00  0.0000
   2.2500E+02   2.2600E+02   8.1780E-04  0.0934   0.0000E+00  0.0000
   2.2600E+02   2.2700E+02   5.0714E-04  0.1187   0.0000E+00  0.0000
   2.2700E+02   2.2800E+02   2.8571E-04  0.1581   0.0000E+00  0.0000
   2.2800E+02   2.2900E+02   7.3571E-04  0.0985   0.0000E+00  0.0000
   2.2900E+02   2.3000E+02   7.8571E-04  0.0953   0.0000E+00  0.0000
   2.3000E+02   2.3100E+02   8.1111E-04  0.0937   0.0000E+00  0.0000
   2.3100E+02   2.3200E+02   6.7143E-04  0.1031   0.0000E+00  0.0000
   2.3200E+02   2.3300E+02   5.3571E-04  0.1155   0.0000E+00  0.0000
   2.3300E+02   2.3400E+02   5.0714E-04  0.1187   0.0000E+00  0.0000
   2.3400E+02   2.3500E+02   6.9286E-04  0.1015   0.0000E+00  0.0000
   2.3500E+02   2.3600E+02   7.1429E-04  0.1000   0.0000E+00  0.0000
   2.3600E+02   2.3700E+02   6.5000E-04  0.1048   0.0000E+00  0.0000
   2.3700E+02   2.3800E+02   5.0000E-04  0.1195   0.0000E+00  0.0000
   2.3800E+02   2.3900E+02   6.3571E-04  0.1060   0.0000E+00  0.0000
   2.3900E+02   2.4000E+02   8.1429E-04  0.0937   0.0000E+00  0.0000
   2.4000E+02   2.4100E+02   6.7143E-04  0.1031   0.0000E+00  0.0000
   2.4100E+02   2.4200E+02   6.2857E-04  0.1066   0.0000E+00  0.0000
   2.4200E+02   2.4300E+02   5.7143E-04  0.1118   0.0000E+00  0.0000
   2.4300E+02   2.4400E+02   7.2145E-04  0.0995   0.0000E+00  0.0000
   2.4400E+02   2.4500E+02   9.5714E-04  0.0864   0.0000E+00  0.0000
   2.4500E+02   2.4600E+02   6.1429E-04  0.1078   0.0000E+00  0.0000
   2.4600E+02   2.4700E+02   4.8571E-04  0.1213   0.0000E+00  0.0000
   2.4700E+02   2.4800E+02   3.3571E-04  0.1459   0.0000E+00  0.0000
   2.4800E+02   2.4900E+02   5.7857E-04  0.1111   0.0000E+00  0.0000
   2.4900E+02   2.5000E+02   0.0000E+00  0.0000   0.0000E+00  0.0000

#   sum over                 2.0166E-01           6.2753E-05

'no. =  1,  reg  =      4'
msuc: {\huge [t-track] in region mesh}
msdr: {\it plotted by \ANGEL \version}
msdl: {\it calculated by \PHITS  3.26}
wt: s(0.7)
\vspace{-3}
   vol  &=&   1.0000E+00 [cm^3]
e:
 
# Information for Restart Calculation
# This calculation was newly started
# istdev =  2 # 1:Batch variance, 2:History variance
# resc2  = 7.00000000000000000E+06 # Total source weight or Total source weight / maxcas
# resc3  = 7.00000000000000000E+06 # Total history number or Total batch number
# maxcas =       10000 # History / Batch, only used for istdev=1
# bitrseed = 0100111111000000011001011010011101000100001010010101101101110111 # bit data of rseed
